.............FF.............
======================================================================
FAIL: test_schemas_validate_library_schema (tests.test_schemas.Test.test_schemas_validate_library_schema)
Test validation of a library schema (score_1.0.0).
----------------------------------------------------------------------
Traceback (most recent call last):
  File "H:\Repos\hed-web\tests\test_schemas.py", line 223, in test_schemas_validate_library_schema
    self.assertFalse(results["data"], "score_1.0.0 library schema should be valid")
AssertionError: "score_1.0.0\nSchema Section: HedSectionKey.Attributes\n\tSource tag: SIUnit\n\t\tSCHEMA_ATTRIBUTE_INVALID: Attribute 'inLibrary' used by 'SIUnit' was not defined in the schema, or was used outside of it's defined class.\n\tSource tag: SIUnitModifier\n\t\tSCHEMA_ATTRIBUTE_INVALID: Attribute 'inLibrary' used by 'SIUnitModifier' was not defined in the schema, or was used outside of it's defined class.\n\tSource tag: SIUnitSymbolModifier\n\t\tSCHEMA_ATTRIBUTE_INVALID: Attribute 'inLibrary' used by 'SIUnitSymbolModifier' was not defined in the schema, or was used outside of it's defined class.\n\tSource tag: allowedCharacter\n\t\tSCHEMA_ATTRIBUTE_INVALID: Attribute 'inLibrary' used by 'allowedCharacter' was not defined in the schema, or was used outside of it's defined class.\n\tSource tag: conversionFactor\n\t\tSCHEMA_ATTRIBUTE_INVALID: Attribute 'inLibrary' used by 'conversionFactor' was not defined in the schema, or was used outside of it's defined class.\n\tSource tag: defaultUnits\n\t\tSCHEMA_ATTRIBUTE_INVALID: Attribute 'inLibrary' used by 'defaultUnits' was not defined in the schema, or was used outside of it's defined class.\n\tSource tag: extensionAllowed\n\t\tSCHEMA_ATTRIBUTE_INVALID: Attribute 'inLibrary' used by 'extensionAllowed' was not defined in the schema, or was used outside of it's defined class.\n\tSource tag: recommended\n\t\tSCHEMA_ATTRIBUTE_INVALID: Attribute 'inLibrary' used by 'recommended' was not defined in the schema, or was used outside of it's defined class.\n\tSource tag: relatedTag\n\t\tSCHEMA_ATTRIBUTE_INVALID: Attribute 'inLibrary' used by 'relatedTag' was not defined in the schema, or was used outside of it's defined class.\n\tSource tag: requireChild\n\t\tSCHEMA_ATTRIBUTE_INVALID: Attribute 'inLibrary' used by 'requireChild' was not defined in the schema, or was used outside of it's defined class.\n\tSource tag: required\n\t\tSCHEMA_ATTRIBUTE_INVALID: Attribute 'inLibrary' used by 'required' was not defined in the schema, or was used outside of it's defined class.\n\tSource tag: suggestedTag\n\t\tSCHEMA_ATTRIBUTE_INVALID: Attribute 'inLibrary' used by 'suggestedTag' was not defined in the schema, or was used outside of it's defined class.\n\tSource tag: tagGroup\n\t\tSCHEMA_ATTRIBUTE_INVALID: Attribute 'inLibrary' used by 'tagGroup' was not defined in the schema, or was used outside of it's defined class.\n\tSource tag: takesValue\n\t\tSCHEMA_ATTRIBUTE_INVALID: Attribute 'inLibrary' used by 'takesValue' was not defined in the schema, or was used outside of it's defined class.\n\tSource tag: topLevelTagGroup\n\t\tSCHEMA_ATTRIBUTE_INVALID: Attribute 'inLibrary' used by 'topLevelTagGroup' was not defined in the schema, or was used outside of it's defined class.\n\tSource tag: unique\n\t\tSCHEMA_ATTRIBUTE_INVALID: Attribute 'inLibrary' used by 'unique' was not defined in the schema, or was used outside of it's defined class.\n\tSource tag: unitClass\n\t\tSCHEMA_ATTRIBUTE_INVALID: Attribute 'inLibrary' used by 'unitClass' was not defined in the schema, or was used outside of it's defined class.\n\tSource tag: unitPrefix\n\t\tSCHEMA_ATTRIBUTE_INVALID: Attribute 'inLibrary' used by 'unitPrefix' was not defined in the schema, or was used outside of it's defined class.\n\tSource tag: unitSymbol\n\t\tSCHEMA_ATTRIBUTE_INVALID: Attribute 'inLibrary' used by 'unitSymbol' was not defined in the schema, or was used outside of it's defined class.\n\tSource tag: valueClass\n\t\tSCHEMA_ATTRIBUTE_INVALID: Attribute 'inLibrary' used by 'valueClass' was not defined in the schema, or was used outside of it's defined class.\nSchema Section: HedSectionKey.Properties\n\tSource tag: boolProperty\n\t\tSCHEMA_ATTRIBUTE_INVALID: Attribute 'inLibrary' used by 'boolProperty' was not defined in the schema, or was used outside of it's defined class.\n\tSource tag: unitClassProperty\n\t\tSCHEMA_ATTRIBUTE_INVALID: Attribute 'inLibrary' used by 'unitClassProperty' was not defined in the schema, or was used outside of it's defined class.\n\tSource tag: unitModifierProperty\n\t\tSCHEMA_ATTRIBUTE_INVALID: Attribute 'inLibrary' used by 'unitModifierProperty' was not defined in the schema, or was used outside of it's defined class.\n\tSource tag: unitProperty\n\t\tSCHEMA_ATTRIBUTE_INVALID: Attribute 'inLibrary' used by 'unitProperty' was not defined in the schema, or was used outside of it's defined class.\n\tSource tag: valueClassProperty\n\t\tSCHEMA_ATTRIBUTE_INVALID: Attribute 'inLibrary' used by 'valueClassProperty' was not defined in the schema, or was used outside of it's defined class.\nSchema Section: HedSectionKey.Tags\n\tSource tag: Artifact\n\t\tSCHEMA_ATTRIBUTE_INVALID: Attribute 'inLibrary' used by 'Artifact' was not defined in the schema, or was used outside of it's defined class.\n\tSource tag: Artifact/Biological-artifact\n\t\tSCHEMA_ATTRIBUTE_INVALID: Attribute 'inLibrary' used by 'Artifact/Biological-artifact' was not defined in the schema, or was used outside of it's defined class.\n\tSource tag: Artifact/Biological-artifact/Chewing-artifact\n\t\tSCHEMA_ATTRIBUTE_INVALID: Attribute 'inLibrary' used by 'Artifact/Biological-artifact/Chewing-artifact' was not defined in the schema, or was used outside of it's defined class.\n\tSource tag: Artifact/Biological-artifact/ECG-artifact\n\t\tSCHEMA_ATTRIBUTE_INVALID: Attribute 'inLibrary' used by 'Artifact/Biological-artifact/ECG-artifact' was not defined in the schema, or was used outside of it's defined class.\n\tSource tag: Artifact/Biological-artifact/EMG-artifact\n\t\tSCHEMA_ATTRIBUTE_INVALID: Attribute 'inLibrary' used by 'Artifact/Biological-artifact/EMG-artifact' was not defined in the schema, or was used outside of it's defined class.\n\tSource tag: Artifact/Biological-artifact/Eye-blink-artifact\n\t\tSCHEMA_ATTRIBUTE_INVALID: Attribute 'inLibrary' used by 'Artifact/Biological-artifact/Eye-blink-artifact' was not defined in the schema, or was used outside of it's defined class.\n\tSource tag: Artifact/Biological-artifact/Eye-movement-horizontal-artifact\n\t\tSCHEMA_ATTRIBUTE_INVALID: Attribute 'inLibrary' used by 'Artifact/Biological-artifact/Eye-movement-horizontal-artifact' was not defined in the schema, or was used outside of it's defined class.\n\tSource tag: Artifact/Biological-artifact/Eye-movement-vertical-artifact\n\t\tSCHEMA_ATTRIBUTE_INVALID: Attribute 'inLibrary' used by 'Artifact/Biological-artifact/Eye-movement-vertical-artifact' was not defined in the schema, or was used outside of it's defined class.\n\tSource tag: Artifact/Biological-artifact/Glossokinetic-artifact\n\t\tSCHEMA_ATTRIBUTE_INVALID: Attribute 'inLibrary' used by 'Artifact/Biological-artifact/Glossokinetic-artifact' was not defined in the schema, or was used outside of it's defined class.\n\tSource tag: Artifact/Biological-artifact/Movement-artifact\n\t\tSCHEMA_ATTRIBUTE_INVALID: Attribute 'inLibrary' used by 'Artifact/Biological-artifact/Movement-artifact' was not defined in the schema, or was used outside of it's defined class.\n\tSource tag: Artifact/Biological-artifact/Nystagmus-artifact\n\t\tSCHEMA_ATTRIBUTE_INVALID: Attribute 'inLibrary' used by 'Artifact/Biological-artifact/Nystagmus-artifact' was not defined in the schema, or was used outside of it's defined class.\n\tSource tag: Artifact/Biological-artifact/Pulse-artifact\n\t\tSCHEMA_ATTRIBUTE_INVALID: Attribute 'inLibrary' used by 'Artifact/Biological-artifact/Pulse-artifact' was not defined in the schema, or was used outside of it's defined class.\n\tSource tag: Artifact/Biological-artifact/Respiration-artifact\n\t\tSCHEMA_ATTRIBUTE_INVALID: Attribute 'inLibrary' used by 'Artifact/Biological-artifact/Respiration-artifact' was not defined in the schema, or was used outside of it's defined class.\n\tSource tag: Artifact/Biological-artifact/Rocking-patting-artifact\n\t\tSCHEMA_ATTRIBUTE_INVALID: Attribute 'inLibrary' used by 'Artifact/Biological-artifact/Rocking-patting-artifact' was not defined in the schema, or was used outside of it's defined class.\n\tSource tag: Artifact/Biological-artifact/Slow-eye-movement-artifact\n\t\tSCHEMA_ATTRIBUTE_INVALID: Attribute 'inLibrary' used by 'Artifact/Biological-artifact/Slow-eye-movement-artifact' was not defined in the schema, or was used outside of it's defined class.\n\tSource tag: Artifact/Biological-artifact/Sucking-artifact\n\t\tSCHEMA_ATTRIBUTE_INVALID: Attribute 'inLibrary' used by 'Artifact/Biological-artifact/Sucking-artifact' was not defined in the schema, or was used outside of it's defined class.\n\tSource tag: Artifact/Biological-artifact/Sweat-artifact\n\t\tSCHEMA_ATTRIBUTE_INVALID: Attribute 'inLibrary' used by 'Artifact/Biological-artifact/Sweat-artifact' was not defined in the schema, or was used outside of it's defined class.\n\tSource tag: Artifact/Non-biological-artifact\n\t\tSCHEMA_ATTRIBUTE_INVALID: Attribute 'inLibrary' used by 'Artifact/Non-biological-artifact' was not defined in the schema, or was used outside of it's defined class.\n\tSource tag: Artifact/Non-biological-artifact/Artificial-ventilation-artifact\n\t\tSCHEMA_ATTRIBUTE_INVALID: Attribute 'inLibrary' used by 'Artifact/Non-biological-artifact/Artificial-ventilation-artifact' was not defined in the schema, or was used outside of it's defined class.\n\tSource tag: Artifact/Non-biological-artifact/Dialysis-artifact\n\t\tSCHEMA_ATTRIBUTE_INVALID: Attribute 'inLibrary' used by 'Artifact/Non-biological-artifact/Dialysis-artifact' was not defined in the schema, or was used outside of it's defined class.\n\tSource tag: Artifact/Non-biological-artifact/Electrode-pops-artifact\n\t\tSCHEMA_ATTRIBUTE_INVALID: Attribute 'inLibrary' used by 'Artifact/Non-biological-artifact/Electrode-pops-artifact' was not defined in the schema, or was used outside of it's defined class.\n\tSource tag: Artifact/Non-biological-artifact/Induction-artifact\n\t\tSCHEMA_ATTRIBUTE_INVALID: Attribute 'inLibrary' used by 'Artifact/Non-biological-artifact/Induction-artifact' was not defined in the schema, or was used outside of it's defined class.\n\tSource tag: Artifact/Non-biological-artifact/Power-supply-artifact\n\t\tSCHEMA_ATTRIBUTE_INVALID: Attribute 'inLibrary' used by 'Artifact/Non-biological-artifact/Power-supply-artifact' was not defined in the schema, or was used outside of it's defined class.\n\tSource tag: Artifact/Non-biological-artifact/Salt-bridge-artifact\n\t\tSCHEMA_ATTRIBUTE_INVALID: Attribute 'inLibrary' used by 'Artifact/Non-biological-artifact/Salt-bridge-artifact' was not defined in the schema, or was used outside of it's defined class.\n\tSource tag: Artifact/Other-artifact\n\t\tSCHEMA_ATTRIBUTE_INVALID: Attribute 'inLibrary' used by 'Artifact/Other-artifact' was not defined in the schema, or was used outside of it's defined class.\n\tSource tag: Artifact/Other-artifact/#\n\t\tSCHEMA_ATTRIBUTE_INVALID: Attribute 'inLibrary' used by 'Artifact/Other-artifact/#' was not defined in the schema, or was used outside of it's defined class.\n\tSource tag: Background-activity\n\t\tSCHEMA_ATTRIBUTE_INVALID: Attribute 'inLibrary' used by 'Background-activity' was not defined in the schema, or was used outside of it's defined class.\n\tSource tag: Background-activity/Background-activity-special-feature\n\t\tSCHEMA_ATTRIBUTE_INVALID: Attribute 'inLibrary' used by 'Background-activity/Background-activity-special-feature' was not defined in the schema, or was used outside of it's defined class.\n\tSource tag: Background-activity/Background-activity-special-feature/Background-activity-suppression\n\t\tSCHEMA_ATTRIBUTE_INVALID: Attribute 'inLibrary' used by 'Background-activity/Background-activity-special-feature/Background-activity-suppression' was not defined in the schema, or was used outside of it's defined class.\n\tSource tag: Background-activity/Background-activity-special-feature/Background-burst-attenuation\n\t\tSCHEMA_ATTRIBUTE_INVALID: Attribute 'inLibrary' used by 'Background-activity/Background-activity-special-feature/Background-burst-attenuation' was not defined in the schema, or was used outside of it's defined class.\n\tSource tag: Background-activity/Background-activity-special-feature/Background-burst-suppression\n\t\tSCHEMA_ATTRIBUTE_INVALID: Attribute 'inLibrary' used by 'Background-activity/Background-activity-special-feature/Background-burst-suppression' was not defined in the schema, or was used outside of it's defined class.\n\tSource tag: Background-activity/Background-activity-special-feature/Continuous-background-activity\n\t\tSCHEMA_ATTRIBUTE_INVALID: Attribute 'inLibrary' used by 'Background-activity/Background-activity-special-feature/Continuous-background-activity' was not defined in the schema, or was used outside of it's defined class.\n\tSource tag: Background-activity/Background-activity-special-feature/Discontinuous-background-activity\n\t\tSCHEMA_ATTRIBUTE_INVALID: Attribute 'inLibrary' used by 'Background-activity/Background-activity-special-feature/Discontinuous-background-activity' was not defined in the schema, or was used outside of it's defined class.\n\tSource tag: Background-activity/Background-activity-special-feature/Electrocerebral-inactivity\n\t\tSCHEMA_ATTRIBUTE_INVALID: Attribute 'inLibrary' used by 'Background-activity/Background-activity-special-feature/Electrocerebral-inactivity' was not defined in the schema, or was used outside of it's defined class.\n\tSource tag: Background-activity/Background-activity-special-feature/Nearly-continuous-background-activity\n\t\tSCHEMA_ATTRIBUTE_INVALID: Attribute 'inLibrary' used by 'Background-activity/Background-activity-special-feature/Nearly-continuous-background-activity' was not defined in the schema, or was used outside of it's defined class.\n\tSource tag: Background-activity/Mu-rhythm\n\t\tSCHEMA_ATTRIBUTE_INVALID: Attribute 'inLibrary' used by 'Background-activity/Mu-rhythm' was not defined in the schema, or was used outside of it's defined class.\n\tSource tag: Background-activity/Other-organized-rhythm\n\t\tSCHEMA_ATTRIBUTE_INVALID: Attribute 'inLibrary' used by 'Background-activity/Other-organized-rhythm' was not defined in the schema, or was used outside of it's defined class.\n\tSource tag: Background-activity/Other-organized-rhythm/#\n\t\tSCHEMA_ATTRIBUTE_INVALID: Attribute 'inLibrary' used by 'Background-activity/Other-organized-rhythm/#' was not defined in the schema, or was used outside of it's defined class.\n\tSource tag: Background-activity/Posterior-dominant-rhythm\n\t\tSCHEMA_ATTRIBUTE_INVALID: Attribute 'inLibrary' used by 'Background-activity/Posterior-dominant-rhythm' was not defined in the schema, or was used outside of it's defined class.\n\tSource tag: Critically-ill-patients-patterns\n\t\tSCHEMA_ATTRIBUTE_INVALID: Attribute 'inLibrary' used by 'Critically-ill-patients-patterns' was not defined in the schema, or was used outside of it's defined class.\n\tSource tag: Critically-ill-patients-patterns/Critically-ill-patients-periodic-discharges\n\t\tSCHEMA_ATTRIBUTE_INVALID: Attribute 'inLibrary' used by 'Critically-ill-patients-patterns/Critically-ill-patients-periodic-discharges' was not defined in the schema, or was used outside of it's defined class.\n\tSource tag: Critically-ill-patients-patterns/Rhythmic-delta-activity\n\t\tSCHEMA_ATTRIBUTE_INVALID: Attribute 'inLibrary' used by 'Critically-ill-patients-patterns/Rhythmic-delta-activity' was not defined in the schema, or was used outside of it's defined class.\n\tSource tag: Critically-ill-patients-patterns/Spike-or-sharp-and-wave\n\t\tSCHEMA_ATTRIBUTE_INVALID: Attribute 'inLibrary' used by 'Critically-ill-patients-patterns/Spike-or-sharp-and-wave' was not defined in the schema, or was used outside of it's defined class.\n\tSource tag: Episode\n\t\tSCHEMA_ATTRIBUTE_INVALID: Attribute 'inLibrary' used by 'Episode' was not defined in the schema, or was used outside of it's defined class.\n\tSource tag: Episode/Cataplexy\n\t\tSCHEMA_ATTRIBUTE_INVALID: Attribute 'inLibrary' used by 'Episode/Cataplexy' was not defined in the schema, or was used outside of it's defined class.\n\tSource tag: Episode/Electrographic-seizure\n\t\tSCHEMA_ATTRIBUTE_INVALID: Attribute 'inLibrary' used by 'Episode/Electrographic-seizure' was not defined in the schema, or was used outside of it's defined class.\n\tSource tag: Episode/Epileptic-seizure\n\t\tSCHEMA_ATTRIBUTE_INVALID: Attribute 'inLibrary' used by 'Episode/Epileptic-seizure' was not defined in the schema, or was used outside of it's defined class.\n\tSource tag: Episode/Epileptic-seizure/Focal-onset-epileptic-seizure\n\t\tSCHEMA_ATTRIBUTE_INVALID: Attribute 'inLibrary' used by 'Episode/Epileptic-seizure/Focal-onset-epileptic-seizure' was not defined in the schema, or was used outside of it's defined class.\n\tSource tag: Episode/Epileptic-seizure/Focal-onset-epileptic-seizure/Aware-focal-onset-epileptic-seizure\n\t\tSCHEMA_ATTRIBUTE_INVALID: Attribute 'inLibrary' used by 'Episode/Epileptic-seizure/Focal-onset-epileptic-seizure/Aware-focal-onset-epileptic-seizure' was not defined in the schema, or was used outside of it's defined class.\n\tSource tag: Episode/Epileptic-seizure/Focal-onset-epileptic-seizure/Awareness-unknown-focal-onset-epileptic-seizure\n\t\tSCHEMA_ATTRIBUTE_INVALID: Attribute 'inLibrary' used by 'Episode/Epileptic-seizure/Focal-onset-epileptic-seizure/Awareness-unknown-focal-onset-epileptic-seizure' was not defined in the schema, or was used outside of it's defined class.\n\tSource tag: Episode/Epileptic-seizure/Focal-onset-epileptic-seizure/Focal-to-bilateral-tonic-clonic-focal-onset-epileptic-seizure\n\t\tSCHEMA_ATTRIBUTE_INVALID: Attribute 'inLibrary' used by 'Episode/Epileptic-seizure/Focal-onset-epileptic-seizure/Focal-to-bilateral-tonic-clonic-focal-onset-epileptic-seizure' was not defined in the schema, or was used outside of it's defined class.\n\tSource tag: Episode/Epileptic-seizure/Focal-onset-epileptic-seizure/Impaired-awareness-focal-onset-epileptic-seizure\n\t\tSCHEMA_ATTRIBUTE_INVALID: Attribute 'inLibrary' used by 'Episode/Epileptic-seizure/Focal-onset-epileptic-seizure/Impaired-awareness-focal-onset-epileptic-seizure' was not defined in the schema, or was used outside of it's defined class.\n\tSource tag: Episode/Epileptic-seizure/Generalized-onset-epileptic-seizure\n\t\tSCHEMA_ATTRIBUTE_INVALID: Attribute 'inLibrary' used by 'Episode/Epileptic-seizure/Generalized-onset-epileptic-seizure' was not defined in the schema, or was used outside of it's defined class.\n\tSource tag: Episode/Epileptic-seizure/Unclassified-epileptic-seizure\n\t\tSCHEMA_ATTRIBUTE_INVALID: Attribute 'inLibrary' used by 'Episode/Epileptic-seizure/Unclassified-epileptic-seizure' was not defined in the schema, or was used outside of it's defined class.\n\tSource tag: Episode/Epileptic-seizure/Unknown-onset-epileptic-seizure\n\t\tSCHEMA_ATTRIBUTE_INVALID: Attribute 'inLibrary' used by 'Episode/Epileptic-seizure/Unknown-onset-epileptic-seizure' was not defined in the schema, or was used outside of it's defined class.\n\tSource tag: Episode/Other-episode\n\t\tSCHEMA_ATTRIBUTE_INVALID: Attribute 'inLibrary' used by 'Episode/Other-episode' was not defined in the schema, or was used outside of it's defined class.\n\tSource tag: Episode/Other-episode/#\n\t\tSCHEMA_ATTRIBUTE_INVALID: Attribute 'inLibrary' used by 'Episode/Other-episode/#' was not defined in the schema, or was used outside of it's defined class.\n\tSource tag: Episode/Paroxysmal-motor-event\n\t\tSCHEMA_ATTRIBUTE_INVALID: Attribute 'inLibrary' used by 'Episode/Paroxysmal-motor-event' was not defined in the schema, or was used outside of it's defined class.\n\tSource tag: Episode/Pediatric-episode\n\t\tSCHEMA_ATTRIBUTE_INVALID: Attribute 'inLibrary' used by 'Episode/Pediatric-episode' was not defined in the schema, or was used outside of it's defined class.\n\tSource tag: Episode/Pediatric-episode/Hyperekplexia\n\t\tSCHEMA_ATTRIBUTE_INVALID: Attribute 'inLibrary' used by 'Episode/Pediatric-episode/Hyperekplexia' was not defined in the schema, or was used outside of it's defined class.\n\tSource tag: Episode/Pediatric-episode/Jactatio-capitis-nocturna\n\t\tSCHEMA_ATTRIBUTE_INVALID: Attribute 'inLibrary' used by 'Episode/Pediatric-episode/Jactatio-capitis-nocturna' was not defined in the schema, or was used outside of it's defined class.\n\tSource tag: Episode/Pediatric-episode/Pavor-nocturnus\n\t\tSCHEMA_ATTRIBUTE_INVALID: Attribute 'inLibrary' used by 'Episode/Pediatric-episode/Pavor-nocturnus' was not defined in the schema, or was used outside of it's defined class.\n\tSource tag: Episode/Pediatric-episode/Pediatric-stereotypical-behavior-episode\n\t\tSCHEMA_ATTRIBUTE_INVALID: Attribute 'inLibrary' used by 'Episode/Pediatric-episode/Pediatric-stereotypical-behavior-episode' was not defined in the schema, or was used outside of it's defined class.\n\tSource tag: Episode/Seizure-PNES\n\t\tSCHEMA_ATTRIBUTE_INVALID: Attribute 'inLibrary' used by 'Episode/Seizure-PNES' was not defined in the schema, or was used outside of it's defined class.\n\tSource tag: Episode/Sleep-related-episode\n\t\tSCHEMA_ATTRIBUTE_INVALID: Attribute 'inLibrary' used by 'Episode/Sleep-related-episode' was not defined in the schema, or was used outside of it's defined class.\n\tSource tag: Episode/Sleep-related-episode/Benign-sleep-myoclonus\n\t\tSCHEMA_ATTRIBUTE_INVALID: Attribute 'inLibrary' used by 'Episode/Sleep-related-episode/Benign-sleep-myoclonus' was not defined in the schema, or was used outside of it's defined class.\n\tSource tag: Episode/Sleep-related-episode/Confusional-awakening\n\t\tSCHEMA_ATTRIBUTE_INVALID: Attribute 'inLibrary' used by 'Episode/Sleep-related-episode/Confusional-awakening' was not defined in the schema, or was used outside of it's defined class.\n\tSource tag: Episode/Sleep-related-episode/REM-sleep-behavioral-disorder\n\t\tSCHEMA_ATTRIBUTE_INVALID: Attribute 'inLibrary' used by 'Episode/Sleep-related-episode/REM-sleep-behavioral-disorder' was not defined in the schema, or was used outside of it's defined class.\n\tSource tag: Episode/Sleep-related-episode/Sleep-periodic-limb-movement\n\t\tSCHEMA_ATTRIBUTE_INVALID: Attribute 'inLibrary' used by 'Episode/Sleep-related-episode/Sleep-periodic-limb-movement' was not defined in the schema, or was used outside of it's defined class.\n\tSource tag: Episode/Sleep-related-episode/Sleep-related-arousal\n\t\tSCHEMA_ATTRIBUTE_INVALID: Attribute 'inLibrary' used by 'Episode/Sleep-related-episode/Sleep-related-arousal' was not defined in the schema, or was used outside of it's defined class.\n\tSource tag: Episode/Sleep-related-episode/Sleep-walking\n\t\tSCHEMA_ATTRIBUTE_INVALID: Attribute 'inLibrary' used by 'Episode/Sleep-related-episode/Sleep-walking' was not defined in the schema, or was used outside of it's defined class.\n\tSource tag: Episode/Subtle-seizure\n\t\tSCHEMA_ATTRIBUTE_INVALID: Attribute 'inLibrary' used by 'Episode/Subtle-seizure' was not defined in the schema, or was used outside of it's defined class.\n\tSource tag: Episode/Syncope\n\t\tSCHEMA_ATTRIBUTE_INVALID: Attribute 'inLibrary' used by 'Episode/Syncope' was not defined in the schema, or was used outside of it's defined class.\n\tSource tag: Finding-property\n\t\tSCHEMA_ATTRIBUTE_INVALID: Attribute 'inLibrary' used by 'Finding-property' was not defined in the schema, or was used outside of it's defined class.\n\tSource tag: Finding-property/Episode-property\n\t\tSCHEMA_ATTRIBUTE_INVALID: Attribute 'inLibrary' used by 'Finding-property/Episode-property' was not defined in the schema, or was used outside of it's defined class.\n\tSource tag: Finding-property/Episode-property/Episode-phase\n\t\tSCHEMA_ATTRIBUTE_INVALID: Attribute 'inLibrary' used by 'Finding-property/Episode-property/Episode-phase' was not defined in the schema, or was used outside of it's defined class.\n\tSource tag: Finding-property/Episode-property/Episode-phase/Episode-phase-initial\n\t\tSCHEMA_ATTRIBUTE_INVALID: Attribute 'inLibrary' used by 'Finding-property/Episode-property/Episode-phase/Episode-phase-initial' was not defined in the schema, or was used outside of it's defined class.\n\tSource tag: Finding-property/Episode-property/Episode-phase/Episode-phase-postictal\n\t\tSCHEMA_ATTRIBUTE_INVALID: Attribute 'inLibrary' used by 'Finding-property/Episode-property/Episode-phase/Episode-phase-postictal' was not defined in the schema, or was used outside of it's defined class.\n\tSource tag: Finding-property/Episode-property/Episode-phase/Episode-phase-subsequent\n\t\tSCHEMA_ATTRIBUTE_INVALID: Attribute 'inLibrary' used by 'Finding-property/Episode-property/Episode-phase/Episode-phase-subsequent' was not defined in the schema, or was used outside of it's defined class.\n\tSource tag: Finding-property/Episode-property/Episode-time-context-property\n\t\tSCHEMA_ATTRIBUTE_INVALID: Attribute 'inLibrary' used by 'Finding-property/Episode-property/Episode-time-context-property' was not defined in the schema, or was used outside of it's defined class.\n\tSource tag: Finding-property/Episode-property/Episode-time-context-property/Clinical-EEG-temporal-relationship\n\t\tSCHEMA_ATTRIBUTE_INVALID: Attribute 'inLibrary' used by 'Finding-property/Episode-property/Episode-time-context-property/Clinical-EEG-temporal-relationship' was not defined in the schema, or was used outside of it's defined class.\n\tSource tag: Finding-property/Episode-property/Episode-time-context-property/Clinical-EEG-temporal-relationship/Clinical-EEG-temporal-relationship-notes\n\t\tSCHEMA_ATTRIBUTE_INVALID: Attribute 'inLibrary' used by 'Finding-property/Episode-property/Episode-time-context-property/Clinical-EEG-temporal-relationship/Clinical-EEG-temporal-relationship-notes' was not defined in the schema, or was used outside of it's defined class.\n\tSource tag: Finding-property/Episode-property/Episode-time-context-property/Clinical-EEG-temporal-relationship/Clinical-EEG-temporal-relationship-notes/#\n\t\tSCHEMA_ATTRIBUTE_INVALID: Attribute 'inLibrary' used by 'Finding-property/Episode-property/Episode-time-context-property/Clinical-EEG-temporal-relationship/Clinical-EEG-temporal-relationship-notes/#' was not defined in the schema, or was used outside of it's defined class.\n\tSource tag: Finding-property/Episode-property/Episode-time-context-property/Clinical-EEG-temporal-relationship/Clinical-start-followed-EEG\n\t\tSCHEMA_ATTRIBUTE_INVALID: Attribute 'inLibrary' used by 'Finding-property/Episode-property/Episode-time-context-property/Clinical-EEG-temporal-relationship/Clinical-start-followed-EEG' was not defined in the schema, or was used outside of it's defined class.\n\tSource tag: Finding-property/Episode-property/Episode-time-context-property/Clinical-EEG-temporal-relationship/Clinical-start-followed-EEG/#\n\t\tSCHEMA_ATTRIBUTE_INVALID: Attribute 'inLibrary' used by 'Finding-property/Episode-property/Episode-time-context-property/Clinical-EEG-temporal-relationship/Clinical-start-followed-EEG/#' was not defined in the schema, or was used outside of it's defined class.\n\tSource tag: Finding-property/Episode-property/Episode-time-context-property/Clinical-EEG-temporal-relationship/EEG-start-followed-clinical\n\t\tSCHEMA_ATTRIBUTE_INVALID: Attribute 'inLibrary' used by 'Finding-property/Episode-property/Episode-time-context-property/Clinical-EEG-temporal-relationship/EEG-start-followed-clinical' was not defined in the schema, or was used outside of it's defined class.\n\tSource tag: Finding-property/Episode-property/Episode-time-context-property/Clinical-EEG-temporal-relationship/EEG-start-followed-clinical/#\n\t\tSCHEMA_ATTRIBUTE_INVALID: Attribute 'inLibrary' used by 'Finding-property/Episode-property/Episode-time-context-property/Clinical-EEG-temporal-relationship/EEG-start-followed-clinical/#' was not defined in the schema, or was used outside of it's defined class.\n\tSource tag: Finding-property/Episode-property/Episode-time-context-property/Clinical-EEG-temporal-relationship/Simultaneous-start-clinical-EEG\n\t\tSCHEMA_ATTRIBUTE_INVALID: Attribute 'inLibrary' used by 'Finding-property/Episode-property/Episode-time-context-property/Clinical-EEG-temporal-relationship/Simultaneous-start-clinical-EEG' was not defined in the schema, or was used outside of it's defined class.\n\tSource tag: Finding-property/Episode-property/Episode-time-context-property/Episode-appearance\n\t\tSCHEMA_ATTRIBUTE_INVALID: Attribute 'inLibrary' used by 'Finding-property/Episode-property/Episode-time-context-property/Episode-appearance' was not defined in the schema, or was used outside of it's defined class.\n\tSource tag: Finding-property/Episode-property/Episode-time-context-property/Episode-appearance/Episode-appearance-interactive\n\t\tSCHEMA_ATTRIBUTE_INVALID: Attribute 'inLibrary' used by 'Finding-property/Episode-property/Episode-time-context-property/Episode-appearance/Episode-appearance-interactive' was not defined in the schema, or was used outside of it's defined class.\n\tSource tag: Finding-property/Episode-property/Episode-time-context-property/Episode-appearance/Episode-appearance-interactive/#\n\t\tSCHEMA_ATTRIBUTE_INVALID: Attribute 'inLibrary' used by 'Finding-property/Episode-property/Episode-time-context-property/Episode-appearance/Episode-appearance-interactive/#' was not defined in the schema, or was used outside of it's defined class.\n\tSource tag: Finding-property/Episode-property/Episode-time-context-property/Episode-appearance/Episode-appearance-spontaneous\n\t\tSCHEMA_ATTRIBUTE_INVALID: Attribute 'inLibrary' used by 'Finding-property/Episode-property/Episode-time-context-property/Episode-appearance/Episode-appearance-spontaneous' was not defined in the schema, or was used outside of it's defined class.\n\tSource tag: Finding-property/Episode-property/Episode-time-context-property/Episode-appearance/Episode-appearance-spontaneous/#\n\t\tSCHEMA_ATTRIBUTE_INVALID: Attribute 'inLibrary' used by 'Finding-property/Episode-property/Episode-time-context-property/Episode-appearance/Episode-appearance-spontaneous/#' was not defined in the schema, or was used outside of it's defined class.\n\tSource tag: Finding-property/Episode-property/Episode-time-context-property/Episode-awareness\n\t\tSCHEMA_ATTRIBUTE_INVALID: Attribute 'inLibrary' used by 'Finding-property/Episode-property/Episode-time-context-property/Episode-awareness' was not defined in the schema, or was used outside of it's defined class.\n\tSource tag: Finding-property/Episode-property/Episode-time-context-property/Episode-awareness/#\n\t\tSCHEMA_ATTRIBUTE_INVALID: Attribute 'inLibrary' used by 'Finding-property/Episode-property/Episode-time-context-property/Episode-awareness/#' was not defined in the schema, or was used outside of it's defined class.\n\tSource tag: Finding-property/Episode-property/Episode-time-context-property/Episode-consciousness\n\t\tSCHEMA_ATTRIBUTE_INVALID: Attribute 'inLibrary' used by 'Finding-property/Episode-property/Episode-time-context-property/Episode-consciousness' was not defined in the schema, or was used outside of it's defined class.\n\tSource tag: Finding-property/Episode-property/Episode-time-context-property/Episode-consciousness/Episode-consciousness-affected\n\t\tSCHEMA_ATTRIBUTE_INVALID: Attribute 'inLibrary' used by 'Finding-property/Episode-property/Episode-time-context-property/Episode-consciousness/Episode-consciousness-affected' was not defined in the schema, or was used outside of it's defined class.\n\tSource tag: Finding-property/Episode-property/Episode-time-context-property/Episode-consciousness/Episode-consciousness-affected/#\n\t\tSCHEMA_ATTRIBUTE_INVALID: Attribute 'inLibrary' used by 'Finding-property/Episode-property/Episode-time-context-property/Episode-consciousness/Episode-consciousness-affected/#' was not defined in the schema, or was used outside of it's defined class.\n\tSource tag: Finding-property/Episode-property/Episode-time-context-property/Episode-consciousness/Episode-consciousness-mildly-affected\n\t\tSCHEMA_ATTRIBUTE_INVALID: Attribute 'inLibrary' used by 'Finding-property/Episode-property/Episode-time-context-property/Episode-consciousness/Episode-consciousness-mildly-affected' was not defined in the schema, or was used outside of it's defined class.\n\tSource tag: Finding-property/Episode-property/Episode-time-context-property/Episode-consciousness/Episode-consciousness-mildly-affected/#\n\t\tSCHEMA_ATTRIBUTE_INVALID: Attribute 'inLibrary' used by 'Finding-property/Episode-property/Episode-time-context-property/Episode-consciousness/Episode-consciousness-mildly-affected/#' was not defined in the schema, or was used outside of it's defined class.\n\tSource tag: Finding-property/Episode-property/Episode-time-context-property/Episode-consciousness/Episode-consciousness-not-affected\n\t\tSCHEMA_ATTRIBUTE_INVALID: Attribute 'inLibrary' used by 'Finding-property/Episode-property/Episode-time-context-property/Episode-consciousness/Episode-consciousness-not-affected' was not defined in the schema, or was used outside of it's defined class.\n\tSource tag: Finding-property/Episode-property/Episode-time-context-property/Episode-consciousness/Episode-consciousness-not-affected/#\n\t\tSCHEMA_ATTRIBUTE_INVALID: Attribute 'inLibrary' used by 'Finding-property/Episode-property/Episode-time-context-property/Episode-consciousness/Episode-consciousness-not-affected/#' was not defined in the schema, or was used outside of it's defined class.\n\tSource tag: Finding-property/Episode-property/Episode-time-context-property/Episode-consciousness/Episode-consciousness-not-tested\n\t\tSCHEMA_ATTRIBUTE_INVALID: Attribute 'inLibrary' used by 'Finding-property/Episode-property/Episode-time-context-property/Episode-consciousness/Episode-consciousness-not-tested' was not defined in the schema, or was used outside of it's defined class.\n\tSource tag: Finding-property/Episode-property/Episode-time-context-property/Episode-consciousness/Episode-consciousness-not-tested/#\n\t\tSCHEMA_ATTRIBUTE_INVALID: Attribute 'inLibrary' used by 'Finding-property/Episode-property/Episode-time-context-property/Episode-consciousness/Episode-consciousness-not-tested/#' was not defined in the schema, or was used outside of it's defined class.\n\tSource tag: Finding-property/Episode-property/Episode-time-context-property/Episode-event-count\n\t\tSCHEMA_ATTRIBUTE_INVALID: Attribute 'inLibrary' used by 'Finding-property/Episode-property/Episode-time-context-property/Episode-event-count' was not defined in the schema, or was used outside of it's defined class.\n\tSource tag: Finding-property/Episode-property/Episode-time-context-property/Episode-event-count/#\n\t\tSCHEMA_ATTRIBUTE_INVALID: Attribute 'inLibrary' used by 'Finding-property/Episode-property/Episode-time-context-property/Episode-event-count/#' was not defined in the schema, or was used outside of it's defined class.\n\tSource tag: Finding-property/Episode-property/Episode-time-context-property/Episode-postictal-phase\n\t\tSCHEMA_ATTRIBUTE_INVALID: Attribute 'inLibrary' used by 'Finding-property/Episode-property/Episode-time-context-property/Episode-postictal-phase' was not defined in the schema, or was used outside of it's defined class.\n\tSource tag: Finding-property/Episode-property/Episode-time-context-property/Episode-postictal-phase/#\n\t\tSCHEMA_ATTRIBUTE_INVALID: Attribute 'inLibrary' used by 'Finding-property/Episode-property/Episode-time-context-property/Episode-postictal-phase/#' was not defined in the schema, or was used outside of it's defined class.\n\tSource tag: Finding-property/Episode-property/Episode-time-context-property/Episode-prodrome\n\t\tSCHEMA_ATTRIBUTE_INVALID: Attribute 'inLibrary' used by 'Finding-property/Episode-property/Episode-time-context-property/Episode-prodrome' was not defined in the schema, or was used outside of it's defined class.\n\tSource tag: Finding-property/Episode-property/Episode-time-context-property/Episode-prodrome/#\n\t\tSCHEMA_ATTRIBUTE_INVALID: Attribute 'inLibrary' used by 'Finding-property/Episode-property/Episode-time-context-property/Episode-prodrome/#' was not defined in the schema, or was used outside of it's defined class.\n\tSource tag: Finding-property/Episode-property/Episode-time-context-property/Episode-responsiveness\n\t\tSCHEMA_ATTRIBUTE_INVALID: Attribute 'inLibrary' used by 'Finding-property/Episode-property/Episode-time-context-property/Episode-responsiveness' was not defined in the schema, or was used outside of it's defined class.\n\tSource tag: Finding-property/Episode-property/Episode-time-context-property/Episode-responsiveness/Episode-responsiveness-affected\n\t\tSCHEMA_ATTRIBUTE_INVALID: Attribute 'inLibrary' used by 'Finding-property/Episode-property/Episode-time-context-property/Episode-responsiveness/Episode-responsiveness-affected' was not defined in the schema, or was used outside of it's defined class.\n\tSource tag: Finding-property/Episode-property/Episode-time-context-property/Episode-responsiveness/Episode-responsiveness-affected/#\n\t\tSCHEMA_ATTRIBUTE_INVALID: Attribute 'inLibrary' used by 'Finding-property/Episode-property/Episode-time-context-property/Episode-responsiveness/Episode-responsiveness-affected/#' was not defined in the schema, or was used outside of it's defined class.\n\tSource tag: Finding-property/Episode-property/Episode-time-context-property/Episode-responsiveness/Episode-responsiveness-preserved\n\t\tSCHEMA_ATTRIBUTE_INVALID: Attribute 'inLibrary' used by 'Finding-property/Episode-property/Episode-time-context-property/Episode-responsiveness/Episode-responsiveness-preserved' was not defined in the schema, or was used outside of it's defined class.\n\tSource tag: Finding-property/Episode-property/Episode-time-context-property/Episode-responsiveness/Episode-responsiveness-preserved/#\n\t\tSCHEMA_ATTRIBUTE_INVALID: Attribute 'inLibrary' used by 'Finding-property/Episode-property/Episode-time-context-property/Episode-responsiveness/Episode-responsiveness-preserved/#' was not defined in the schema, or was used outside of it's defined class.\n\tSource tag: Finding-property/Episode-property/Episode-time-context-property/Episode-tongue-biting\n\t\tSCHEMA_ATTRIBUTE_INVALID: Attribute 'inLibrary' used by 'Finding-property/Episode-property/Episode-time-context-property/Episode-tongue-biting' was not defined in the schema, or was used outside of it's defined class.\n\tSource tag: Finding-property/Episode-property/Episode-time-context-property/Episode-tongue-biting/#\n\t\tSCHEMA_ATTRIBUTE_INVALID: Attribute 'inLibrary' used by 'Finding-property/Episode-property/Episode-time-context-property/Episode-tongue-biting/#' was not defined in the schema, or was used outside of it's defined class.\n\tSource tag: Finding-property/Episode-property/Episode-time-context-property/Seizure-dynamics\n\t\tSCHEMA_ATTRIBUTE_INVALID: Attribute 'inLibrary' used by 'Finding-property/Episode-property/Episode-time-context-property/Seizure-dynamics' was not defined in the schema, or was used outside of it's defined class.\n\tSource tag: Finding-property/Episode-property/Episode-time-context-property/Seizure-dynamics/Seizure-dynamics-evolution-frequency\n\t\tSCHEMA_ATTRIBUTE_INVALID: Attribute 'inLibrary' used by 'Finding-property/Episode-property/Episode-time-context-property/Seizure-dynamics/Seizure-dynamics-evolution-frequency' was not defined in the schema, or was used outside of it's defined class.\n\tSource tag: Finding-property/Episode-property/Episode-time-context-property/Seizure-dynamics/Seizure-dynamics-evolution-frequency/#\n\t\tSCHEMA_ATTRIBUTE_INVALID: Attribute 'inLibrary' used by 'Finding-property/Episode-property/Episode-time-context-property/Seizure-dynamics/Seizure-dynamics-evolution-frequency/#' was not defined in the schema, or was used outside of it's defined class.\n\tSource tag: Finding-property/Episode-property/Episode-time-context-property/Seizure-dynamics/Seizure-dynamics-evolution-location\n\t\tSCHEMA_ATTRIBUTE_INVALID: Attribute 'inLibrary' used by 'Finding-property/Episode-property/Episode-time-context-property/Seizure-dynamics/Seizure-dynamics-evolution-location' was not defined in the schema, or was used outside of it's defined class.\n\tSource tag: Finding-property/Episode-property/Episode-time-context-property/Seizure-dynamics/Seizure-dynamics-evolution-location/#\n\t\tSCHEMA_ATTRIBUTE_INVALID: Attribute 'inLibrary' used by 'Finding-property/Episode-property/Episode-time-context-property/Seizure-dynamics/Seizure-dynamics-evolution-location/#' was not defined in the schema, or was used outside of it's defined class.\n\tSource tag: Finding-property/Episode-property/Episode-time-context-property/Seizure-dynamics/Seizure-dynamics-evolution-morphology\n\t\tSCHEMA_ATTRIBUTE_INVALID: Attribute 'inLibrary' used by 'Finding-property/Episode-property/Episode-time-context-property/Seizure-dynamics/Seizure-dynamics-evolution-morphology' was not defined in the schema, or was used outside of it's defined class.\n\tSource tag: Finding-property/Episode-property/Episode-time-context-property/Seizure-dynamics/Seizure-dynamics-evolution-morphology/#\n\t\tSCHEMA_ATTRIBUTE_INVALID: Attribute 'inLibrary' used by 'Finding-property/Episode-property/Episode-time-context-property/Seizure-dynamics/Seizure-dynamics-evolution-morphology/#' was not defined in the schema, or was used outside of it's defined class.\n\tSource tag: Finding-property/Episode-property/Episode-time-context-property/Seizure-dynamics/Seizure-dynamics-not-possible-to-determine\n\t\tSCHEMA_ATTRIBUTE_INVALID: Attribute 'inLibrary' used by 'Finding-property/Episode-property/Episode-time-context-property/Seizure-dynamics/Seizure-dynamics-not-possible-to-determine' was not defined in the schema, or was used outside of it's defined class.\n\tSource tag: Finding-property/Episode-property/Episode-time-context-property/Seizure-dynamics/Seizure-dynamics-not-possible-to-determine/#\n\t\tSCHEMA_ATTRIBUTE_INVALID: Attribute 'inLibrary' used by 'Finding-property/Episode-property/Episode-time-context-property/Seizure-dynamics/Seizure-dynamics-not-possible-to-determine/#' was not defined in the schema, or was used outside of it's defined class.\n\tSource tag: Finding-property/Episode-property/Episode-time-context-property/State-episode-start\n\t\tSCHEMA_ATTRIBUTE_INVALID: Attribute 'inLibrary' used by 'Finding-property/Episode-property/Episode-time-context-property/State-episode-start' was not defined in the schema, or was used outside of it's defined class.\n\tSource tag: Finding-property/Episode-property/Episode-time-context-property/State-episode-start/Episode-start-from-awake\n\t\tSCHEMA_ATTRIBUTE_INVALID: Attribute 'inLibrary' used by 'Finding-property/Episode-property/Episode-time-context-property/State-episode-start/Episode-start-from-awake' was not defined in the schema, or was used outside of it's defined class.\n\tSource tag: Finding-property/Episode-property/Episode-time-context-property/State-episode-start/Episode-start-from-awake/#\n\t\tSCHEMA_ATTRIBUTE_INVALID: Attribute 'inLibrary' used by 'Finding-property/Episode-property/Episode-time-context-property/State-episode-start/Episode-start-from-awake/#' was not defined in the schema, or was used outside of it's defined class.\n\tSource tag: Finding-property/Episode-property/Episode-time-context-property/State-episode-start/Episode-start-from-sleep\n\t\tSCHEMA_ATTRIBUTE_INVALID: Attribute 'inLibrary' used by 'Finding-property/Episode-property/Episode-time-context-property/State-episode-start/Episode-start-from-sleep' was not defined in the schema, or was used outside of it's defined class.\n\tSource tag: Finding-property/Episode-property/Episode-time-context-property/State-episode-start/Episode-start-from-sleep/#\n\t\tSCHEMA_ATTRIBUTE_INVALID: Attribute 'inLibrary' used by 'Finding-property/Episode-property/Episode-time-context-property/State-episode-start/Episode-start-from-sleep/#' was not defined in the schema, or was used outside of it's defined class.\n\tSource tag: Finding-property/Episode-property/Ictal-EEG-patterns\n\t\tSCHEMA_ATTRIBUTE_INVALID: Attribute 'inLibrary' used by 'Finding-property/Episode-property/Ictal-EEG-patterns' was not defined in the schema, or was used outside of it's defined class.\n\tSource tag: Finding-property/Episode-property/Ictal-EEG-patterns/Ictal-EEG-activity\n\t\tSCHEMA_ATTRIBUTE_INVALID: Attribute 'inLibrary' used by 'Finding-property/Episode-property/Ictal-EEG-patterns/Ictal-EEG-activity' was not defined in the schema, or was used outside of it's defined class.\n\tSource tag: Finding-property/Episode-property/Ictal-EEG-patterns/Ictal-EEG-patterns-obscured-by-artifacts\n\t\tSCHEMA_ATTRIBUTE_INVALID: Attribute 'inLibrary' used by 'Finding-property/Episode-property/Ictal-EEG-patterns/Ictal-EEG-patterns-obscured-by-artifacts' was not defined in the schema, or was used outside of it's defined class.\n\tSource tag: Finding-property/Episode-property/Ictal-EEG-patterns/Ictal-EEG-patterns-obscured-by-artifacts/#\n\t\tSCHEMA_ATTRIBUTE_INVALID: Attribute 'inLibrary' used by 'Finding-property/Episode-property/Ictal-EEG-patterns/Ictal-EEG-patterns-obscured-by-artifacts/#' was not defined in the schema, or was used outside of it's defined class.\n\tSource tag: Finding-property/Episode-property/Ictal-EEG-patterns/Postictal-EEG-activity\n\t\tSCHEMA_ATTRIBUTE_INVALID: Attribute 'inLibrary' used by 'Finding-property/Episode-property/Ictal-EEG-patterns/Postictal-EEG-activity' was not defined in the schema, or was used outside of it's defined class.\n\tSource tag: Finding-property/Episode-property/Polygraphic-channel-relation-to-episode\n\t\tSCHEMA_ATTRIBUTE_INVALID: Attribute 'inLibrary' used by 'Finding-property/Episode-property/Polygraphic-channel-relation-to-episode' was not defined in the schema, or was used outside of it's defined class.\n\tSource tag: Finding-property/Episode-property/Polygraphic-channel-relation-to-episode/Polygraphic-channel-cause-to-episode\n\t\tSCHEMA_ATTRIBUTE_INVALID: Attribute 'inLibrary' used by 'Finding-property/Episode-property/Polygraphic-channel-relation-to-episode/Polygraphic-channel-cause-to-episode' was not defined in the schema, or was used outside of it's defined class.\n\tSource tag: Finding-property/Episode-property/Polygraphic-channel-relation-to-episode/Polygraphic-channel-consequence-of-episode\n\t\tSCHEMA_ATTRIBUTE_INVALID: Attribute 'inLibrary' used by 'Finding-property/Episode-property/Polygraphic-channel-relation-to-episode/Polygraphic-channel-consequence-of-episode' was not defined in the schema, or was used outside of it's defined class.\n\tSource tag: Finding-property/Episode-property/Postictal-semiology-manifestation\n\t\tSCHEMA_ATTRIBUTE_INVALID: Attribute 'inLibrary' used by 'Finding-property/Episode-property/Postictal-semiology-manifestation' was not defined in the schema, or was used outside of it's defined class.\n\tSource tag: Finding-property/Episode-property/Postictal-semiology-manifestation/Postictal-semiology-anterograde-amnesia\n\t\tSCHEMA_ATTRIBUTE_INVALID: Attribute 'inLibrary' used by 'Finding-property/Episode-property/Postictal-semiology-manifestation/Postictal-semiology-anterograde-amnesia' was not defined in the schema, or was used outside of it's defined class.\n\tSource tag: Finding-property/Episode-property/Postictal-semiology-manifestation/Postictal-semiology-aphasia-or-dysphasia\n\t\tSCHEMA_ATTRIBUTE_INVALID: Attribute 'inLibrary' used by 'Finding-property/Episode-property/Postictal-semiology-manifestation/Postictal-semiology-aphasia-or-dysphasia' was not defined in the schema, or was used outside of it's defined class.\n\tSource tag: Finding-property/Episode-property/Postictal-semiology-manifestation/Postictal-semiology-behavioral-change\n\t\tSCHEMA_ATTRIBUTE_INVALID: Attribute 'inLibrary' used by 'Finding-property/Episode-property/Postictal-semiology-manifestation/Postictal-semiology-behavioral-change' was not defined in the schema, or was used outside of it's defined class.\n\tSource tag: Finding-property/Episode-property/Postictal-semiology-manifestation/Postictal-semiology-dysphoria\n\t\tSCHEMA_ATTRIBUTE_INVALID: Attribute 'inLibrary' used by 'Finding-property/Episode-property/Postictal-semiology-manifestation/Postictal-semiology-dysphoria' was not defined in the schema, or was used outside of it's defined class.\n\tSource tag: Finding-property/Episode-property/Postictal-semiology-manifestation/Postictal-semiology-headache\n\t\tSCHEMA_ATTRIBUTE_INVALID: Attribute 'inLibrary' used by 'Finding-property/Episode-property/Postictal-semiology-manifestation/Postictal-semiology-headache' was not defined in the schema, or was used outside of it's defined class.\n\tSource tag: Finding-property/Episode-property/Postictal-semiology-manifestation/Postictal-semiology-hemianopia\n\t\tSCHEMA_ATTRIBUTE_INVALID: Attribute 'inLibrary' used by 'Finding-property/Episode-property/Postictal-semiology-manifestation/Postictal-semiology-hemianopia' was not defined in the schema, or was used outside of it's defined class.\n\tSource tag: Finding-property/Episode-property/Postictal-semiology-manifestation/Postictal-semiology-impaired-cognition\n\t\tSCHEMA_ATTRIBUTE_INVALID: Attribute 'inLibrary' used by 'Finding-property/Episode-property/Postictal-semiology-manifestation/Postictal-semiology-impaired-cognition' was not defined in the schema, or was used outside of it's defined class.\n\tSource tag: Finding-property/Episode-property/Postictal-semiology-manifestation/Postictal-semiology-nose-wiping\n\t\tSCHEMA_ATTRIBUTE_INVALID: Attribute 'inLibrary' used by 'Finding-property/Episode-property/Postictal-semiology-manifestation/Postictal-semiology-nose-wiping' was not defined in the schema, or was used outside of it's defined class.\n\tSource tag: Finding-property/Episode-property/Postictal-semiology-manifestation/Postictal-semiology-other-unilateral-motor-phenomena\n\t\tSCHEMA_ATTRIBUTE_INVALID: Attribute 'inLibrary' used by 'Finding-property/Episode-property/Postictal-semiology-manifestation/Postictal-semiology-other-unilateral-motor-phenomena' was not defined in the schema, or was used outside of it's defined class.\n\tSource tag: Finding-property/Episode-property/Postictal-semiology-manifestation/Postictal-semiology-other-unilateral-motor-phenomena/#\n\t\tSCHEMA_ATTRIBUTE_INVALID: Attribute 'inLibrary' used by 'Finding-property/Episode-property/Postictal-semiology-manifestation/Postictal-semiology-other-unilateral-motor-phenomena/#' was not defined in the schema, or was used outside of it's defined class.\n\tSource tag: Finding-property/Episode-property/Postictal-semiology-manifestation/Postictal-semiology-paresis\n\t\tSCHEMA_ATTRIBUTE_INVALID: Attribute 'inLibrary' used by 'Finding-property/Episode-property/Postictal-semiology-manifestation/Postictal-semiology-paresis' was not defined in the schema, or was used outside of it's defined class.\n\tSource tag: Finding-property/Episode-property/Postictal-semiology-manifestation/Postictal-semiology-quick-recovery-of-consciousness\n\t\tSCHEMA_ATTRIBUTE_INVALID: Attribute 'inLibrary' used by 'Finding-property/Episode-property/Postictal-semiology-manifestation/Postictal-semiology-quick-recovery-of-consciousness' was not defined in the schema, or was used outside of it's defined class.\n\tSource tag: Finding-property/Episode-property/Postictal-semiology-manifestation/Postictal-semiology-retrograde-amnesia\n\t\tSCHEMA_ATTRIBUTE_INVALID: Attribute 'inLibrary' used by 'Finding-property/Episode-property/Postictal-semiology-manifestation/Postictal-semiology-retrograde-amnesia' was not defined in the schema, or was used outside of it's defined class.\n\tSource tag: Finding-property/Episode-property/Postictal-semiology-manifestation/Postictal-semiology-sleep\n\t\tSCHEMA_ATTRIBUTE_INVALID: Attribute 'inLibrary' used by 'Finding-property/Episode-property/Postictal-semiology-manifestation/Postictal-semiology-sleep' was not defined in the schema, or was used outside of it's defined class.\n\tSource tag: Finding-property/Episode-property/Postictal-semiology-manifestation/Postictal-semiology-unconscious\n\t\tSCHEMA_ATTRIBUTE_INVALID: Attribute 'inLibrary' used by 'Finding-property/Episode-property/Postictal-semiology-manifestation/Postictal-semiology-unconscious' was not defined in the schema, or was used outside of it's defined class.\n\tSource tag: Finding-property/Episode-property/Postictal-semiology-manifestation/Postictal-semiology-unilateral-myoclonic-jerks\n\t\tSCHEMA_ATTRIBUTE_INVALID: Attribute 'inLibrary' used by 'Finding-property/Episode-property/Postictal-semiology-manifestation/Postictal-semiology-unilateral-myoclonic-jerks' was not defined in the schema, or was used outside of it's defined class.\n\tSource tag: Finding-property/Episode-property/Seizure-classification\n\t\tSCHEMA_ATTRIBUTE_INVALID: Attribute 'inLibrary' used by 'Finding-property/Episode-property/Seizure-classification' was not defined in the schema, or was used outside of it's defined class.\n\tSource tag: Finding-property/Episode-property/Seizure-classification/Absence-seizure\n\t\tSCHEMA_ATTRIBUTE_INVALID: Attribute 'inLibrary' used by 'Finding-property/Episode-property/Seizure-classification/Absence-seizure' was not defined in the schema, or was used outside of it's defined class.\n\tSource tag: Finding-property/Episode-property/Seizure-classification/Absence-seizure/Atypical-absence-seizure\n\t\tSCHEMA_ATTRIBUTE_INVALID: Attribute 'inLibrary' used by 'Finding-property/Episode-property/Seizure-classification/Absence-seizure/Atypical-absence-seizure' was not defined in the schema, or was used outside of it's defined class.\n\tSource tag: Finding-property/Episode-property/Seizure-classification/Absence-seizure/Eyelid-myoclonia-absence-seizure\n\t\tSCHEMA_ATTRIBUTE_INVALID: Attribute 'inLibrary' used by 'Finding-property/Episode-property/Seizure-classification/Absence-seizure/Eyelid-myoclonia-absence-seizure' was not defined in the schema, or was used outside of it's defined class.\n\tSource tag: Finding-property/Episode-property/Seizure-classification/Absence-seizure/Myoclonic-absence-seizure\n\t\tSCHEMA_ATTRIBUTE_INVALID: Attribute 'inLibrary' used by 'Finding-property/Episode-property/Seizure-classification/Absence-seizure/Myoclonic-absence-seizure' was not defined in the schema, or was used outside of it's defined class.\n\tSource tag: Finding-property/Episode-property/Seizure-classification/Absence-seizure/Typical-absence-seizure\n\t\tSCHEMA_ATTRIBUTE_INVALID: Attribute 'inLibrary' used by 'Finding-property/Episode-property/Seizure-classification/Absence-seizure/Typical-absence-seizure' was not defined in the schema, or was used outside of it's defined class.\n\tSource tag: Finding-property/Episode-property/Seizure-classification/Motor-onset-seizure\n\t\tSCHEMA_ATTRIBUTE_INVALID: Attribute 'inLibrary' used by 'Finding-property/Episode-property/Seizure-classification/Motor-onset-seizure' was not defined in the schema, or was used outside of it's defined class.\n\tSource tag: Finding-property/Episode-property/Seizure-classification/Motor-onset-seizure/Atonic-motor-onset-seizure\n\t\tSCHEMA_ATTRIBUTE_INVALID: Attribute 'inLibrary' used by 'Finding-property/Episode-property/Seizure-classification/Motor-onset-seizure/Atonic-motor-onset-seizure' was not defined in the schema, or was used outside of it's defined class.\n\tSource tag: Finding-property/Episode-property/Seizure-classification/Motor-onset-seizure/Automatism-motor-onset-seizure\n\t\tSCHEMA_ATTRIBUTE_INVALID: Attribute 'inLibrary' used by 'Finding-property/Episode-property/Seizure-classification/Motor-onset-seizure/Automatism-motor-onset-seizure' was not defined in the schema, or was used outside of it's defined class.\n\tSource tag: Finding-property/Episode-property/Seizure-classification/Motor-onset-seizure/Clonic-motor-onset-seizure\n\t\tSCHEMA_ATTRIBUTE_INVALID: Attribute 'inLibrary' used by 'Finding-property/Episode-property/Seizure-classification/Motor-onset-seizure/Clonic-motor-onset-seizure' was not defined in the schema, or was used outside of it's defined class.\n\tSource tag: Finding-property/Episode-property/Seizure-classification/Motor-onset-seizure/Epileptic-spasm-episode\n\t\tSCHEMA_ATTRIBUTE_INVALID: Attribute 'inLibrary' used by 'Finding-property/Episode-property/Seizure-classification/Motor-onset-seizure/Epileptic-spasm-episode' was not defined in the schema, or was used outside of it's defined class.\n\tSource tag: Finding-property/Episode-property/Seizure-classification/Motor-onset-seizure/Hyperkinetic-motor-onset-seizure\n\t\tSCHEMA_ATTRIBUTE_INVALID: Attribute 'inLibrary' used by 'Finding-property/Episode-property/Seizure-classification/Motor-onset-seizure/Hyperkinetic-motor-onset-seizure' was not defined in the schema, or was used outside of it's defined class.\n\tSource tag: Finding-property/Episode-property/Seizure-classification/Motor-onset-seizure/Myoclonic-atonic-motor-onset-seizure\n\t\tSCHEMA_ATTRIBUTE_INVALID: Attribute 'inLibrary' used by 'Finding-property/Episode-property/Seizure-classification/Motor-onset-seizure/Myoclonic-atonic-motor-onset-seizure' was not defined in the schema, or was used outside of it's defined class.\n\tSource tag: Finding-property/Episode-property/Seizure-classification/Motor-onset-seizure/Myoclonic-motor-onset-seizure\n\t\tSCHEMA_ATTRIBUTE_INVALID: Attribute 'inLibrary' used by 'Finding-property/Episode-property/Seizure-classification/Motor-onset-seizure/Myoclonic-motor-onset-seizure' was not defined in the schema, or was used outside of it's defined class.\n\tSource tag: Finding-property/Episode-property/Seizure-classification/Motor-onset-seizure/Myoclonic-tonic-clonic-motor-onset-seizure\n\t\tSCHEMA_ATTRIBUTE_INVALID: Attribute 'inLibrary' used by 'Finding-property/Episode-property/Seizure-classification/Motor-onset-seizure/Myoclonic-tonic-clonic-motor-onset-seizure' was not defined in the schema, or was used outside of it's defined class.\n\tSource tag: Finding-property/Episode-property/Seizure-classification/Motor-onset-seizure/Negative-myoclonic-motor-onset-seizure\n\t\tSCHEMA_ATTRIBUTE_INVALID: Attribute 'inLibrary' used by 'Finding-property/Episode-property/Seizure-classification/Motor-onset-seizure/Negative-myoclonic-motor-onset-seizure' was not defined in the schema, or was used outside of it's defined class.\n\tSource tag: Finding-property/Episode-property/Seizure-classification/Motor-onset-seizure/Tonic-clonic-motor-onset-seizure\n\t\tSCHEMA_ATTRIBUTE_INVALID: Attribute 'inLibrary' used by 'Finding-property/Episode-property/Seizure-classification/Motor-onset-seizure/Tonic-clonic-motor-onset-seizure' was not defined in the schema, or was used outside of it's defined class.\n\tSource tag: Finding-property/Episode-property/Seizure-classification/Motor-onset-seizure/Tonic-motor-onset-seizure\n\t\tSCHEMA_ATTRIBUTE_INVALID: Attribute 'inLibrary' used by 'Finding-property/Episode-property/Seizure-classification/Motor-onset-seizure/Tonic-motor-onset-seizure' was not defined in the schema, or was used outside of it's defined class.\n\tSource tag: Finding-property/Episode-property/Seizure-classification/Nonmotor-onset-seizure\n\t\tSCHEMA_ATTRIBUTE_INVALID: Attribute 'inLibrary' used by 'Finding-property/Episode-property/Seizure-classification/Nonmotor-onset-seizure' was not defined in the schema, or was used outside of it's defined class.\n\tSource tag: Finding-property/Episode-property/Seizure-classification/Nonmotor-onset-seizure/Autonomic-nonmotor-onset-seizure\n\t\tSCHEMA_ATTRIBUTE_INVALID: Attribute 'inLibrary' used by 'Finding-property/Episode-property/Seizure-classification/Nonmotor-onset-seizure/Autonomic-nonmotor-onset-seizure' was not defined in the schema, or was used outside of it's defined class.\n\tSource tag: Finding-property/Episode-property/Seizure-classification/Nonmotor-onset-seizure/Behavior-arrest-nonmotor-onset-seizure\n\t\tSCHEMA_ATTRIBUTE_INVALID: Attribute 'inLibrary' used by 'Finding-property/Episode-property/Seizure-classification/Nonmotor-onset-seizure/Behavior-arrest-nonmotor-onset-seizure' was not defined in the schema, or was used outside of it's defined class.\n\tSource tag: Finding-property/Episode-property/Seizure-classification/Nonmotor-onset-seizure/Cognitive-nonmotor-onset-seizure\n\t\tSCHEMA_ATTRIBUTE_INVALID: Attribute 'inLibrary' used by 'Finding-property/Episode-property/Seizure-classification/Nonmotor-onset-seizure/Cognitive-nonmotor-onset-seizure' was not defined in the schema, or was used outside of it's defined class.\n\tSource tag: Finding-property/Episode-property/Seizure-classification/Nonmotor-onset-seizure/Emotional-nonmotor-onset-seizure\n\t\tSCHEMA_ATTRIBUTE_INVALID: Attribute 'inLibrary' used by 'Finding-property/Episode-property/Seizure-classification/Nonmotor-onset-seizure/Emotional-nonmotor-onset-seizure' was not defined in the schema, or was used outside of it's defined class.\n\tSource tag: Finding-property/Episode-property/Seizure-classification/Nonmotor-onset-seizure/Sensory-nonmotor-onset-seizure\n\t\tSCHEMA_ATTRIBUTE_INVALID: Attribute 'inLibrary' used by 'Finding-property/Episode-property/Seizure-classification/Nonmotor-onset-seizure/Sensory-nonmotor-onset-seizure' was not defined in the schema, or was used outside of it's defined class.\n\tSource tag: Finding-property/Episode-property/Seizure-semiology-manifestation\n\t\tSCHEMA_ATTRIBUTE_INVALID: Attribute 'inLibrary' used by 'Finding-property/Episode-property/Seizure-semiology-manifestation' was not defined in the schema, or was used outside of it's defined class.\n\tSource tag: Finding-property/Episode-property/Seizure-semiology-manifestation/Semiology-manifestation-other\n\t\tSCHEMA_ATTRIBUTE_INVALID: Attribute 'inLibrary' used by 'Finding-property/Episode-property/Seizure-semiology-manifestation/Semiology-manifestation-other' was not defined in the schema, or was used outside of it's defined class.\n\tSource tag: Finding-property/Episode-property/Seizure-semiology-manifestation/Semiology-manifestation-other/#\n\t\tSCHEMA_ATTRIBUTE_INVALID: Attribute 'inLibrary' used by 'Finding-property/Episode-property/Seizure-semiology-manifestation/Semiology-manifestation-other/#' was not defined in the schema, or was used outside of it's defined class.\n\tSource tag: Finding-property/Episode-property/Seizure-semiology-manifestation/Semiology-motor-manifestation\n\t\tSCHEMA_ATTRIBUTE_INVALID: Attribute 'inLibrary' used by 'Finding-property/Episode-property/Seizure-semiology-manifestation/Semiology-motor-manifestation' was not defined in the schema, or was used outside of it's defined class.\n\tSource tag: Finding-property/Episode-property/Seizure-semiology-manifestation/Semiology-motor-manifestation/Semiology-elementary-motor\n\t\tSCHEMA_ATTRIBUTE_INVALID: Attribute 'inLibrary' used by 'Finding-property/Episode-property/Seizure-semiology-manifestation/Semiology-motor-manifestation/Semiology-elementary-motor' was not defined in the schema, or was used outside of it's defined class.\n\tSource tag: Finding-property/Episode-property/Seizure-semiology-manifestation/Semiology-motor-manifestation/Semiology-elementary-motor/Semiology-motor-astatic\n\t\tSCHEMA_ATTRIBUTE_INVALID: Attribute 'inLibrary' used by 'Finding-property/Episode-property/Seizure-semiology-manifestation/Semiology-motor-manifestation/Semiology-elementary-motor/Semiology-motor-astatic' was not defined in the schema, or was used outside of it's defined class.\n\tSource tag: Finding-property/Episode-property/Seizure-semiology-manifestation/Semiology-motor-manifestation/Semiology-elementary-motor/Semiology-motor-atonic\n\t\tSCHEMA_ATTRIBUTE_INVALID: Attribute 'inLibrary' used by 'Finding-property/Episode-property/Seizure-semiology-manifestation/Semiology-motor-manifestation/Semiology-elementary-motor/Semiology-motor-atonic' was not defined in the schema, or was used outside of it's defined class.\n\tSource tag: Finding-property/Episode-property/Seizure-semiology-manifestation/Semiology-motor-manifestation/Semiology-elementary-motor/Semiology-motor-clonic\n\t\tSCHEMA_ATTRIBUTE_INVALID: Attribute 'inLibrary' used by 'Finding-property/Episode-property/Seizure-semiology-manifestation/Semiology-motor-manifestation/Semiology-elementary-motor/Semiology-motor-clonic' was not defined in the schema, or was used outside of it's defined class.\n\tSource tag: Finding-property/Episode-property/Seizure-semiology-manifestation/Semiology-motor-manifestation/Semiology-elementary-motor/Semiology-motor-dystonic\n\t\tSCHEMA_ATTRIBUTE_INVALID: Attribute 'inLibrary' used by 'Finding-property/Episode-property/Seizure-semiology-manifestation/Semiology-motor-manifestation/Semiology-elementary-motor/Semiology-motor-dystonic' was not defined in the schema, or was used outside of it's defined class.\n\tSource tag: Finding-property/Episode-property/Seizure-semiology-manifestation/Semiology-motor-manifestation/Semiology-elementary-motor/Semiology-motor-epileptic-spasm\n\t\tSCHEMA_ATTRIBUTE_INVALID: Attribute 'inLibrary' used by 'Finding-property/Episode-property/Seizure-semiology-manifestation/Semiology-motor-manifestation/Semiology-elementary-motor/Semiology-motor-epileptic-spasm' was not defined in the schema, or was used outside of it's defined class.\n\tSource tag: Finding-property/Episode-property/Seizure-semiology-manifestation/Semiology-motor-manifestation/Semiology-elementary-motor/Semiology-motor-eye-blinking\n\t\tSCHEMA_ATTRIBUTE_INVALID: Attribute 'inLibrary' used by 'Finding-property/Episode-property/Seizure-semiology-manifestation/Semiology-motor-manifestation/Semiology-elementary-motor/Semiology-motor-eye-blinking' was not defined in the schema, or was used outside of it's defined class.\n\tSource tag: Finding-property/Episode-property/Seizure-semiology-manifestation/Semiology-motor-manifestation/Semiology-elementary-motor/Semiology-motor-jacksonian-march\n\t\tSCHEMA_ATTRIBUTE_INVALID: Attribute 'inLibrary' used by 'Finding-property/Episode-property/Seizure-semiology-manifestation/Semiology-motor-manifestation/Semiology-elementary-motor/Semiology-motor-jacksonian-march' was not defined in the schema, or was used outside of it's defined class.\n\tSource tag: Finding-property/Episode-property/Seizure-semiology-manifestation/Semiology-motor-manifestation/Semiology-elementary-motor/Semiology-motor-myoclonic\n\t\tSCHEMA_ATTRIBUTE_INVALID: Attribute 'inLibrary' used by 'Finding-property/Episode-property/Seizure-semiology-manifestation/Semiology-motor-manifestation/Semiology-elementary-motor/Semiology-motor-myoclonic' was not defined in the schema, or was used outside of it's defined class.\n\tSource tag: Finding-property/Episode-property/Seizure-semiology-manifestation/Semiology-motor-manifestation/Semiology-elementary-motor/Semiology-motor-negative-myoclonus\n\t\tSCHEMA_ATTRIBUTE_INVALID: Attribute 'inLibrary' used by 'Finding-property/Episode-property/Seizure-semiology-manifestation/Semiology-motor-manifestation/Semiology-elementary-motor/Semiology-motor-negative-myoclonus' was not defined in the schema, or was used outside of it's defined class.\n\tSource tag: Finding-property/Episode-property/Seizure-semiology-manifestation/Semiology-motor-manifestation/Semiology-elementary-motor/Semiology-motor-other-elementary-motor\n\t\tSCHEMA_ATTRIBUTE_INVALID: Attribute 'inLibrary' used by 'Finding-property/Episode-property/Seizure-semiology-manifestation/Semiology-motor-manifestation/Semiology-elementary-motor/Semiology-motor-other-elementary-motor' was not defined in the schema, or was used outside of it's defined class.\n\tSource tag: Finding-property/Episode-property/Seizure-semiology-manifestation/Semiology-motor-manifestation/Semiology-elementary-motor/Semiology-motor-other-elementary-motor/#\n\t\tSCHEMA_ATTRIBUTE_INVALID: Attribute 'inLibrary' used by 'Finding-property/Episode-property/Seizure-semiology-manifestation/Semiology-motor-manifestation/Semiology-elementary-motor/Semiology-motor-other-elementary-motor/#' was not defined in the schema, or was used outside of it's defined class.\n\tSource tag: Finding-property/Episode-property/Seizure-semiology-manifestation/Semiology-motor-manifestation/Semiology-elementary-motor/Semiology-motor-postural\n\t\tSCHEMA_ATTRIBUTE_INVALID: Attribute 'inLibrary' used by 'Finding-property/Episode-property/Seizure-semiology-manifestation/Semiology-motor-manifestation/Semiology-elementary-motor/Semiology-motor-postural' was not defined in the schema, or was used outside of it's defined class.\n\tSource tag: Finding-property/Episode-property/Seizure-semiology-manifestation/Semiology-motor-manifestation/Semiology-elementary-motor/Semiology-motor-tonic\n\t\tSCHEMA_ATTRIBUTE_INVALID: Attribute 'inLibrary' used by 'Finding-property/Episode-property/Seizure-semiology-manifestation/Semiology-motor-manifestation/Semiology-elementary-motor/Semiology-motor-tonic' was not defined in the schema, or was used outside of it's defined class.\n\tSource tag: Finding-property/Episode-property/Seizure-semiology-manifestation/Semiology-motor-manifestation/Semiology-elementary-motor/Semiology-motor-tonic-clonic\n\t\tSCHEMA_ATTRIBUTE_INVALID: Attribute 'inLibrary' used by 'Finding-property/Episode-property/Seizure-semiology-manifestation/Semiology-motor-manifestation/Semiology-elementary-motor/Semiology-motor-tonic-clonic' was not defined in the schema, or was used outside of it's defined class.\n\tSource tag: Finding-property/Episode-property/Seizure-semiology-manifestation/Semiology-motor-manifestation/Semiology-elementary-motor/Semiology-motor-tonic-clonic/Semiology-motor-tonic-clonic-with-figure-of-four-extension-left-elbow\n\t\tSCHEMA_ATTRIBUTE_INVALID: Attribute 'inLibrary' used by 'Finding-property/Episode-property/Seizure-semiology-manifestation/Semiology-motor-manifestation/Semiology-elementary-motor/Semiology-motor-tonic-clonic/Semiology-motor-tonic-clonic-with-figure-of-four-extension-left-elbow' was not defined in the schema, or was used outside of it's defined class.\n\tSource tag: Finding-property/Episode-property/Seizure-semiology-manifestation/Semiology-motor-manifestation/Semiology-elementary-motor/Semiology-motor-tonic-clonic/Semiology-motor-tonic-clonic-with-figure-of-four-extension-right-elbow\n\t\tSCHEMA_ATTRIBUTE_INVALID: Attribute 'inLibrary' used by 'Finding-property/Episode-property/Seizure-semiology-manifestation/Semiology-motor-manifestation/Semiology-elementary-motor/Semiology-motor-tonic-clonic/Semiology-motor-tonic-clonic-with-figure-of-four-extension-right-elbow' was not defined in the schema, or was used outside of it's defined class.\n\tSource tag: Finding-property/Episode-property/Seizure-semiology-manifestation/Semiology-motor-manifestation/Semiology-elementary-motor/Semiology-motor-tonic-clonic/Semiology-motor-tonic-clonic-without-figure-of-four\n\t\tSCHEMA_ATTRIBUTE_INVALID: Attribute 'inLibrary' used by 'Finding-property/Episode-property/Seizure-semiology-manifestation/Semiology-motor-manifestation/Semiology-elementary-motor/Semiology-motor-tonic-clonic/Semiology-motor-tonic-clonic-without-figure-of-four' was not defined in the schema, or was used outside of it's defined class.\n\tSource tag: Finding-property/Episode-property/Seizure-semiology-manifestation/Semiology-motor-manifestation/Semiology-elementary-motor/Semiology-motor-versive\n\t\tSCHEMA_ATTRIBUTE_INVALID: Attribute 'inLibrary' used by 'Finding-property/Episode-property/Seizure-semiology-manifestation/Semiology-motor-manifestation/Semiology-elementary-motor/Semiology-motor-versive' was not defined in the schema, or was used outside of it's defined class.\n\tSource tag: Finding-property/Episode-property/Seizure-semiology-manifestation/Semiology-motor-manifestation/Semiology-motor-automatisms\n\t\tSCHEMA_ATTRIBUTE_INVALID: Attribute 'inLibrary' used by 'Finding-property/Episode-property/Seizure-semiology-manifestation/Semiology-motor-manifestation/Semiology-motor-automatisms' was not defined in the schema, or was used outside of it's defined class.\n\tSource tag: Finding-property/Episode-property/Seizure-semiology-manifestation/Semiology-motor-manifestation/Semiology-motor-automatisms/Semiology-motor-automatisms-dacrystic\n\t\tSCHEMA_ATTRIBUTE_INVALID: Attribute 'inLibrary' used by 'Finding-property/Episode-property/Seizure-semiology-manifestation/Semiology-motor-manifestation/Semiology-motor-automatisms/Semiology-motor-automatisms-dacrystic' was not defined in the schema, or was used outside of it's defined class.\n\tSource tag: Finding-property/Episode-property/Seizure-semiology-manifestation/Semiology-motor-manifestation/Semiology-motor-automatisms/Semiology-motor-automatisms-dyspraxic\n\t\tSCHEMA_ATTRIBUTE_INVALID: Attribute 'inLibrary' used by 'Finding-property/Episode-property/Seizure-semiology-manifestation/Semiology-motor-manifestation/Semiology-motor-automatisms/Semiology-motor-automatisms-dyspraxic' was not defined in the schema, or was used outside of it's defined class.\n\tSource tag: Finding-property/Episode-property/Seizure-semiology-manifestation/Semiology-motor-manifestation/Semiology-motor-automatisms/Semiology-motor-automatisms-gelastic\n\t\tSCHEMA_ATTRIBUTE_INVALID: Attribute 'inLibrary' used by 'Finding-property/Episode-property/Seizure-semiology-manifestation/Semiology-motor-manifestation/Semiology-motor-automatisms/Semiology-motor-automatisms-gelastic' was not defined in the schema, or was used outside of it's defined class.\n\tSource tag: Finding-property/Episode-property/Seizure-semiology-manifestation/Semiology-motor-manifestation/Semiology-motor-automatisms/Semiology-motor-automatisms-gestural\n\t\tSCHEMA_ATTRIBUTE_INVALID: Attribute 'inLibrary' used by 'Finding-property/Episode-property/Seizure-semiology-manifestation/Semiology-motor-manifestation/Semiology-motor-automatisms/Semiology-motor-automatisms-gestural' was not defined in the schema, or was used outside of it's defined class.\n\tSource tag: Finding-property/Episode-property/Seizure-semiology-manifestation/Semiology-motor-manifestation/Semiology-motor-automatisms/Semiology-motor-automatisms-hypermotor\n\t\tSCHEMA_ATTRIBUTE_INVALID: Attribute 'inLibrary' used by 'Finding-property/Episode-property/Seizure-semiology-manifestation/Semiology-motor-manifestation/Semiology-motor-automatisms/Semiology-motor-automatisms-hypermotor' was not defined in the schema, or was used outside of it's defined class.\n\tSource tag: Finding-property/Episode-property/Seizure-semiology-manifestation/Semiology-motor-manifestation/Semiology-motor-automatisms/Semiology-motor-automatisms-hypokinetic\n\t\tSCHEMA_ATTRIBUTE_INVALID: Attribute 'inLibrary' used by 'Finding-property/Episode-property/Seizure-semiology-manifestation/Semiology-motor-manifestation/Semiology-motor-automatisms/Semiology-motor-automatisms-hypokinetic' was not defined in the schema, or was used outside of it's defined class.\n\tSource tag: Finding-property/Episode-property/Seizure-semiology-manifestation/Semiology-motor-manifestation/Semiology-motor-automatisms/Semiology-motor-automatisms-manual\n\t\tSCHEMA_ATTRIBUTE_INVALID: Attribute 'inLibrary' used by 'Finding-property/Episode-property/Seizure-semiology-manifestation/Semiology-motor-manifestation/Semiology-motor-automatisms/Semiology-motor-automatisms-manual' was not defined in the schema, or was used outside of it's defined class.\n\tSource tag: Finding-property/Episode-property/Seizure-semiology-manifestation/Semiology-motor-manifestation/Semiology-motor-automatisms/Semiology-motor-automatisms-mimetic\n\t\tSCHEMA_ATTRIBUTE_INVALID: Attribute 'inLibrary' used by 'Finding-property/Episode-property/Seizure-semiology-manifestation/Semiology-motor-manifestation/Semiology-motor-automatisms/Semiology-motor-automatisms-mimetic' was not defined in the schema, or was used outside of it's defined class.\n\tSource tag: Finding-property/Episode-property/Seizure-semiology-manifestation/Semiology-motor-manifestation/Semiology-motor-automatisms/Semiology-motor-automatisms-oroalimentary\n\t\tSCHEMA_ATTRIBUTE_INVALID: Attribute 'inLibrary' used by 'Finding-property/Episode-property/Seizure-semiology-manifestation/Semiology-motor-manifestation/Semiology-motor-automatisms/Semiology-motor-automatisms-oroalimentary' was not defined in the schema, or was used outside of it's defined class.\n\tSource tag: Finding-property/Episode-property/Seizure-semiology-manifestation/Semiology-motor-manifestation/Semiology-motor-automatisms/Semiology-motor-automatisms-pedal\n\t\tSCHEMA_ATTRIBUTE_INVALID: Attribute 'inLibrary' used by 'Finding-property/Episode-property/Seizure-semiology-manifestation/Semiology-motor-manifestation/Semiology-motor-automatisms/Semiology-motor-automatisms-pedal' was not defined in the schema, or was used outside of it's defined class.\n\tSource tag: Finding-property/Episode-property/Seizure-semiology-manifestation/Semiology-motor-manifestation/Semiology-motor-automatisms/Semiology-motor-other-automatisms\n\t\tSCHEMA_ATTRIBUTE_INVALID: Attribute 'inLibrary' used by 'Finding-property/Episode-property/Seizure-semiology-manifestation/Semiology-motor-manifestation/Semiology-motor-automatisms/Semiology-motor-other-automatisms' was not defined in the schema, or was used outside of it's defined class.\n\tSource tag: Finding-property/Episode-property/Seizure-semiology-manifestation/Semiology-motor-manifestation/Semiology-motor-automatisms/Semiology-motor-other-automatisms/#\n\t\tSCHEMA_ATTRIBUTE_INVALID: Attribute 'inLibrary' used by 'Finding-property/Episode-property/Seizure-semiology-manifestation/Semiology-motor-manifestation/Semiology-motor-automatisms/Semiology-motor-other-automatisms/#' was not defined in the schema, or was used outside of it's defined class.\n\tSource tag: Finding-property/Episode-property/Seizure-semiology-manifestation/Semiology-motor-manifestation/Semiology-motor-behavioral-arrest\n\t\tSCHEMA_ATTRIBUTE_INVALID: Attribute 'inLibrary' used by 'Finding-property/Episode-property/Seizure-semiology-manifestation/Semiology-motor-manifestation/Semiology-motor-behavioral-arrest' was not defined in the schema, or was used outside of it's defined class.\n\tSource tag: Finding-property/Episode-property/Seizure-semiology-manifestation/Semiology-non-motor-manifestation\n\t\tSCHEMA_ATTRIBUTE_INVALID: Attribute 'inLibrary' used by 'Finding-property/Episode-property/Seizure-semiology-manifestation/Semiology-non-motor-manifestation' was not defined in the schema, or was used outside of it's defined class.\n\tSource tag: Finding-property/Episode-property/Seizure-semiology-manifestation/Semiology-non-motor-manifestation/Semiology-autonomic\n\t\tSCHEMA_ATTRIBUTE_INVALID: Attribute 'inLibrary' used by 'Finding-property/Episode-property/Seizure-semiology-manifestation/Semiology-non-motor-manifestation/Semiology-autonomic' was not defined in the schema, or was used outside of it's defined class.\n\tSource tag: Finding-property/Episode-property/Seizure-semiology-manifestation/Semiology-non-motor-manifestation/Semiology-autonomic/Semiology-autonomic-cardiovascular\n\t\tSCHEMA_ATTRIBUTE_INVALID: Attribute 'inLibrary' used by 'Finding-property/Episode-property/Seizure-semiology-manifestation/Semiology-non-motor-manifestation/Semiology-autonomic/Semiology-autonomic-cardiovascular' was not defined in the schema, or was used outside of it's defined class.\n\tSource tag: Finding-property/Episode-property/Seizure-semiology-manifestation/Semiology-non-motor-manifestation/Semiology-autonomic/Semiology-autonomic-gastrointestinal\n\t\tSCHEMA_ATTRIBUTE_INVALID: Attribute 'inLibrary' used by 'Finding-property/Episode-property/Seizure-semiology-manifestation/Semiology-non-motor-manifestation/Semiology-autonomic/Semiology-autonomic-gastrointestinal' was not defined in the schema, or was used outside of it's defined class.\n\tSource tag: Finding-property/Episode-property/Seizure-semiology-manifestation/Semiology-non-motor-manifestation/Semiology-autonomic/Semiology-autonomic-genital\n\t\tSCHEMA_ATTRIBUTE_INVALID: Attribute 'inLibrary' used by 'Finding-property/Episode-property/Seizure-semiology-manifestation/Semiology-non-motor-manifestation/Semiology-autonomic/Semiology-autonomic-genital' was not defined in the schema, or was used outside of it's defined class.\n\tSource tag: Finding-property/Episode-property/Seizure-semiology-manifestation/Semiology-non-motor-manifestation/Semiology-autonomic/Semiology-autonomic-hypersalivation\n\t\tSCHEMA_ATTRIBUTE_INVALID: Attribute 'inLibrary' used by 'Finding-property/Episode-property/Seizure-semiology-manifestation/Semiology-non-motor-manifestation/Semiology-autonomic/Semiology-autonomic-hypersalivation' was not defined in the schema, or was used outside of it's defined class.\n\tSource tag: Finding-property/Episode-property/Seizure-semiology-manifestation/Semiology-non-motor-manifestation/Semiology-autonomic/Semiology-autonomic-other\n\t\tSCHEMA_ATTRIBUTE_INVALID: Attribute 'inLibrary' used by 'Finding-property/Episode-property/Seizure-semiology-manifestation/Semiology-non-motor-manifestation/Semiology-autonomic/Semiology-autonomic-other' was not defined in the schema, or was used outside of it's defined class.\n\tSource tag: Finding-property/Episode-property/Seizure-semiology-manifestation/Semiology-non-motor-manifestation/Semiology-autonomic/Semiology-autonomic-other/#\n\t\tSCHEMA_ATTRIBUTE_INVALID: Attribute 'inLibrary' used by 'Finding-property/Episode-property/Seizure-semiology-manifestation/Semiology-non-motor-manifestation/Semiology-autonomic/Semiology-autonomic-other/#' was not defined in the schema, or was used outside of it's defined class.\n\tSource tag: Finding-property/Episode-property/Seizure-semiology-manifestation/Semiology-non-motor-manifestation/Semiology-autonomic/Semiology-autonomic-pupillary\n\t\tSCHEMA_ATTRIBUTE_INVALID: Attribute 'inLibrary' used by 'Finding-property/Episode-property/Seizure-semiology-manifestation/Semiology-non-motor-manifestation/Semiology-autonomic/Semiology-autonomic-pupillary' was not defined in the schema, or was used outside of it's defined class.\n\tSource tag: Finding-property/Episode-property/Seizure-semiology-manifestation/Semiology-non-motor-manifestation/Semiology-autonomic/Semiology-autonomic-respiratory-apnoeic\n\t\tSCHEMA_ATTRIBUTE_INVALID: Attribute 'inLibrary' used by 'Finding-property/Episode-property/Seizure-semiology-manifestation/Semiology-non-motor-manifestation/Semiology-autonomic/Semiology-autonomic-respiratory-apnoeic' was not defined in the schema, or was used outside of it's defined class.\n\tSource tag: Finding-property/Episode-property/Seizure-semiology-manifestation/Semiology-non-motor-manifestation/Semiology-autonomic/Semiology-autonomic-sudomotor\n\t\tSCHEMA_ATTRIBUTE_INVALID: Attribute 'inLibrary' used by 'Finding-property/Episode-property/Seizure-semiology-manifestation/Semiology-non-motor-manifestation/Semiology-autonomic/Semiology-autonomic-sudomotor' was not defined in the schema, or was used outside of it's defined class.\n\tSource tag: Finding-property/Episode-property/Seizure-semiology-manifestation/Semiology-non-motor-manifestation/Semiology-autonomic/Semiology-autonomic-thermoregulatory\n\t\tSCHEMA_ATTRIBUTE_INVALID: Attribute 'inLibrary' used by 'Finding-property/Episode-property/Seizure-semiology-manifestation/Semiology-non-motor-manifestation/Semiology-autonomic/Semiology-autonomic-thermoregulatory' was not defined in the schema, or was used outside of it's defined class.\n\tSource tag: Finding-property/Episode-property/Seizure-semiology-manifestation/Semiology-non-motor-manifestation/Semiology-autonomic/Semiology-autonomic-urinary-incontinence\n\t\tSCHEMA_ATTRIBUTE_INVALID: Attribute 'inLibrary' used by 'Finding-property/Episode-property/Seizure-semiology-manifestation/Semiology-non-motor-manifestation/Semiology-autonomic/Semiology-autonomic-urinary-incontinence' was not defined in the schema, or was used outside of it's defined class.\n\tSource tag: Finding-property/Episode-property/Seizure-semiology-manifestation/Semiology-non-motor-manifestation/Semiology-autonomic/Semiology-autonomic-vasomotor\n\t\tSCHEMA_ATTRIBUTE_INVALID: Attribute 'inLibrary' used by 'Finding-property/Episode-property/Seizure-semiology-manifestation/Semiology-non-motor-manifestation/Semiology-autonomic/Semiology-autonomic-vasomotor' was not defined in the schema, or was used outside of it's defined class.\n\tSource tag: Finding-property/Episode-property/Seizure-semiology-manifestation/Semiology-non-motor-manifestation/Semiology-dyscognitive\n\t\tSCHEMA_ATTRIBUTE_INVALID: Attribute 'inLibrary' used by 'Finding-property/Episode-property/Seizure-semiology-manifestation/Semiology-non-motor-manifestation/Semiology-dyscognitive' was not defined in the schema, or was used outside of it's defined class.\n\tSource tag: Finding-property/Episode-property/Seizure-semiology-manifestation/Semiology-non-motor-manifestation/Semiology-experiential\n\t\tSCHEMA_ATTRIBUTE_INVALID: Attribute 'inLibrary' used by 'Finding-property/Episode-property/Seizure-semiology-manifestation/Semiology-non-motor-manifestation/Semiology-experiential' was not defined in the schema, or was used outside of it's defined class.\n\tSource tag: Finding-property/Episode-property/Seizure-semiology-manifestation/Semiology-non-motor-manifestation/Semiology-experiential/Semiology-experiential-affective-emotional\n\t\tSCHEMA_ATTRIBUTE_INVALID: Attribute 'inLibrary' used by 'Finding-property/Episode-property/Seizure-semiology-manifestation/Semiology-non-motor-manifestation/Semiology-experiential/Semiology-experiential-affective-emotional' was not defined in the schema, or was used outside of it's defined class.\n\tSource tag: Finding-property/Episode-property/Seizure-semiology-manifestation/Semiology-non-motor-manifestation/Semiology-experiential/Semiology-experiential-hallucinatory\n\t\tSCHEMA_ATTRIBUTE_INVALID: Attribute 'inLibrary' used by 'Finding-property/Episode-property/Seizure-semiology-manifestation/Semiology-non-motor-manifestation/Semiology-experiential/Semiology-experiential-hallucinatory' was not defined in the schema, or was used outside of it's defined class.\n\tSource tag: Finding-property/Episode-property/Seizure-semiology-manifestation/Semiology-non-motor-manifestation/Semiology-experiential/Semiology-experiential-illusory\n\t\tSCHEMA_ATTRIBUTE_INVALID: Attribute 'inLibrary' used by 'Finding-property/Episode-property/Seizure-semiology-manifestation/Semiology-non-motor-manifestation/Semiology-experiential/Semiology-experiential-illusory' was not defined in the schema, or was used outside of it's defined class.\n\tSource tag: Finding-property/Episode-property/Seizure-semiology-manifestation/Semiology-non-motor-manifestation/Semiology-experiential/Semiology-experiential-mnemonic\n\t\tSCHEMA_ATTRIBUTE_INVALID: Attribute 'inLibrary' used by 'Finding-property/Episode-property/Seizure-semiology-manifestation/Semiology-non-motor-manifestation/Semiology-experiential/Semiology-experiential-mnemonic' was not defined in the schema, or was used outside of it's defined class.\n\tSource tag: Finding-property/Episode-property/Seizure-semiology-manifestation/Semiology-non-motor-manifestation/Semiology-experiential/Semiology-experiential-mnemonic/Semiology-experiential-mnemonic-Deja-vu\n\t\tSCHEMA_ATTRIBUTE_INVALID: Attribute 'inLibrary' used by 'Finding-property/Episode-property/Seizure-semiology-manifestation/Semiology-non-motor-manifestation/Semiology-experiential/Semiology-experiential-mnemonic/Semiology-experiential-mnemonic-Deja-vu' was not defined in the schema, or was used outside of it's defined class.\n\tSource tag: Finding-property/Episode-property/Seizure-semiology-manifestation/Semiology-non-motor-manifestation/Semiology-experiential/Semiology-experiential-mnemonic/Semiology-experiential-mnemonic-Jamais-vu\n\t\tSCHEMA_ATTRIBUTE_INVALID: Attribute 'inLibrary' used by 'Finding-property/Episode-property/Seizure-semiology-manifestation/Semiology-non-motor-manifestation/Semiology-experiential/Semiology-experiential-mnemonic/Semiology-experiential-mnemonic-Jamais-vu' was not defined in the schema, or was used outside of it's defined class.\n\tSource tag: Finding-property/Episode-property/Seizure-semiology-manifestation/Semiology-non-motor-manifestation/Semiology-experiential/Semiology-experiential-other\n\t\tSCHEMA_ATTRIBUTE_INVALID: Attribute 'inLibrary' used by 'Finding-property/Episode-property/Seizure-semiology-manifestation/Semiology-non-motor-manifestation/Semiology-experiential/Semiology-experiential-other' was not defined in the schema, or was used outside of it's defined class.\n\tSource tag: Finding-property/Episode-property/Seizure-semiology-manifestation/Semiology-non-motor-manifestation/Semiology-experiential/Semiology-experiential-other/#\n\t\tSCHEMA_ATTRIBUTE_INVALID: Attribute 'inLibrary' used by 'Finding-property/Episode-property/Seizure-semiology-manifestation/Semiology-non-motor-manifestation/Semiology-experiential/Semiology-experiential-other/#' was not defined in the schema, or was used outside of it's defined class.\n\tSource tag: Finding-property/Episode-property/Seizure-semiology-manifestation/Semiology-non-motor-manifestation/Semiology-language-related\n\t\tSCHEMA_ATTRIBUTE_INVALID: Attribute 'inLibrary' used by 'Finding-property/Episode-property/Seizure-semiology-manifestation/Semiology-non-motor-manifestation/Semiology-language-related' was not defined in the schema, or was used outside of it's defined class.\n\tSource tag: Finding-property/Episode-property/Seizure-semiology-manifestation/Semiology-non-motor-manifestation/Semiology-language-related/Semiology-language-related-aphasia\n\t\tSCHEMA_ATTRIBUTE_INVALID: Attribute 'inLibrary' used by 'Finding-property/Episode-property/Seizure-semiology-manifestation/Semiology-non-motor-manifestation/Semiology-language-related/Semiology-language-related-aphasia' was not defined in the schema, or was used outside of it's defined class.\n\tSource tag: Finding-property/Episode-property/Seizure-semiology-manifestation/Semiology-non-motor-manifestation/Semiology-language-related/Semiology-language-related-dysphasia\n\t\tSCHEMA_ATTRIBUTE_INVALID: Attribute 'inLibrary' used by 'Finding-property/Episode-property/Seizure-semiology-manifestation/Semiology-non-motor-manifestation/Semiology-language-related/Semiology-language-related-dysphasia' was not defined in the schema, or was used outside of it's defined class.\n\tSource tag: Finding-property/Episode-property/Seizure-semiology-manifestation/Semiology-non-motor-manifestation/Semiology-language-related/Semiology-language-related-other\n\t\tSCHEMA_ATTRIBUTE_INVALID: Attribute 'inLibrary' used by 'Finding-property/Episode-property/Seizure-semiology-manifestation/Semiology-non-motor-manifestation/Semiology-language-related/Semiology-language-related-other' was not defined in the schema, or was used outside of it's defined class.\n\tSource tag: Finding-property/Episode-property/Seizure-semiology-manifestation/Semiology-non-motor-manifestation/Semiology-language-related/Semiology-language-related-other/#\n\t\tSCHEMA_ATTRIBUTE_INVALID: Attribute 'inLibrary' used by 'Finding-property/Episode-property/Seizure-semiology-manifestation/Semiology-non-motor-manifestation/Semiology-language-related/Semiology-language-related-other/#' was not defined in the schema, or was used outside of it's defined class.\n\tSource tag: Finding-property/Episode-property/Seizure-semiology-manifestation/Semiology-non-motor-manifestation/Semiology-language-related/Semiology-language-related-verbalization\n\t\tSCHEMA_ATTRIBUTE_INVALID: Attribute 'inLibrary' used by 'Finding-property/Episode-property/Seizure-semiology-manifestation/Semiology-non-motor-manifestation/Semiology-language-related/Semiology-language-related-verbalization' was not defined in the schema, or was used outside of it's defined class.\n\tSource tag: Finding-property/Episode-property/Seizure-semiology-manifestation/Semiology-non-motor-manifestation/Semiology-language-related/Semiology-language-related-vocalization\n\t\tSCHEMA_ATTRIBUTE_INVALID: Attribute 'inLibrary' used by 'Finding-property/Episode-property/Seizure-semiology-manifestation/Semiology-non-motor-manifestation/Semiology-language-related/Semiology-language-related-vocalization' was not defined in the schema, or was used outside of it's defined class.\n\tSource tag: Finding-property/Episode-property/Seizure-semiology-manifestation/Semiology-non-motor-manifestation/Semiology-sensory\n\t\tSCHEMA_ATTRIBUTE_INVALID: Attribute 'inLibrary' used by 'Finding-property/Episode-property/Seizure-semiology-manifestation/Semiology-non-motor-manifestation/Semiology-sensory' was not defined in the schema, or was used outside of it's defined class.\n\tSource tag: Finding-property/Episode-property/Seizure-semiology-manifestation/Semiology-non-motor-manifestation/Semiology-sensory/Semiology-sensory-auditory\n\t\tSCHEMA_ATTRIBUTE_INVALID: Attribute 'inLibrary' used by 'Finding-property/Episode-property/Seizure-semiology-manifestation/Semiology-non-motor-manifestation/Semiology-sensory/Semiology-sensory-auditory' was not defined in the schema, or was used outside of it's defined class.\n\tSource tag: Finding-property/Episode-property/Seizure-semiology-manifestation/Semiology-non-motor-manifestation/Semiology-sensory/Semiology-sensory-autonomic-sensation\n\t\tSCHEMA_ATTRIBUTE_INVALID: Attribute 'inLibrary' used by 'Finding-property/Episode-property/Seizure-semiology-manifestation/Semiology-non-motor-manifestation/Semiology-sensory/Semiology-sensory-autonomic-sensation' was not defined in the schema, or was used outside of it's defined class.\n\tSource tag: Finding-property/Episode-property/Seizure-semiology-manifestation/Semiology-non-motor-manifestation/Semiology-sensory/Semiology-sensory-epigastric\n\t\tSCHEMA_ATTRIBUTE_INVALID: Attribute 'inLibrary' used by 'Finding-property/Episode-property/Seizure-semiology-manifestation/Semiology-non-motor-manifestation/Semiology-sensory/Semiology-sensory-epigastric' was not defined in the schema, or was used outside of it's defined class.\n\tSource tag: Finding-property/Episode-property/Seizure-semiology-manifestation/Semiology-non-motor-manifestation/Semiology-sensory/Semiology-sensory-gustatory\n\t\tSCHEMA_ATTRIBUTE_INVALID: Attribute 'inLibrary' used by 'Finding-property/Episode-property/Seizure-semiology-manifestation/Semiology-non-motor-manifestation/Semiology-sensory/Semiology-sensory-gustatory' was not defined in the schema, or was used outside of it's defined class.\n\tSource tag: Finding-property/Episode-property/Seizure-semiology-manifestation/Semiology-non-motor-manifestation/Semiology-sensory/Semiology-sensory-headache\n\t\tSCHEMA_ATTRIBUTE_INVALID: Attribute 'inLibrary' used by 'Finding-property/Episode-property/Seizure-semiology-manifestation/Semiology-non-motor-manifestation/Semiology-sensory/Semiology-sensory-headache' was not defined in the schema, or was used outside of it's defined class.\n\tSource tag: Finding-property/Episode-property/Seizure-semiology-manifestation/Semiology-non-motor-manifestation/Semiology-sensory/Semiology-sensory-olfactory\n\t\tSCHEMA_ATTRIBUTE_INVALID: Attribute 'inLibrary' used by 'Finding-property/Episode-property/Seizure-semiology-manifestation/Semiology-non-motor-manifestation/Semiology-sensory/Semiology-sensory-olfactory' was not defined in the schema, or was used outside of it's defined class.\n\tSource tag: Finding-property/Episode-property/Seizure-semiology-manifestation/Semiology-non-motor-manifestation/Semiology-sensory/Semiology-sensory-other\n\t\tSCHEMA_ATTRIBUTE_INVALID: Attribute 'inLibrary' used by 'Finding-property/Episode-property/Seizure-semiology-manifestation/Semiology-non-motor-manifestation/Semiology-sensory/Semiology-sensory-other' was not defined in the schema, or was used outside of it's defined class.\n\tSource tag: Finding-property/Episode-property/Seizure-semiology-manifestation/Semiology-non-motor-manifestation/Semiology-sensory/Semiology-sensory-other/#\n\t\tSCHEMA_ATTRIBUTE_INVALID: Attribute 'inLibrary' used by 'Finding-property/Episode-property/Seizure-semiology-manifestation/Semiology-non-motor-manifestation/Semiology-sensory/Semiology-sensory-other/#' was not defined in the schema, or was used outside of it's defined class.\n\tSource tag: Finding-property/Episode-property/Seizure-semiology-manifestation/Semiology-non-motor-manifestation/Semiology-sensory/Semiology-sensory-painful\n\t\tSCHEMA_ATTRIBUTE_INVALID: Attribute 'inLibrary' used by 'Finding-property/Episode-property/Seizure-semiology-manifestation/Semiology-non-motor-manifestation/Semiology-sensory/Semiology-sensory-painful' was not defined in the schema, or was used outside of it's defined class.\n\tSource tag: Finding-property/Episode-property/Seizure-semiology-manifestation/Semiology-non-motor-manifestation/Semiology-sensory/Semiology-sensory-somatosensory\n\t\tSCHEMA_ATTRIBUTE_INVALID: Attribute 'inLibrary' used by 'Finding-property/Episode-property/Seizure-semiology-manifestation/Semiology-non-motor-manifestation/Semiology-sensory/Semiology-sensory-somatosensory' was not defined in the schema, or was used outside of it's defined class.\n\tSource tag: Finding-property/Episode-property/Seizure-semiology-manifestation/Semiology-non-motor-manifestation/Semiology-sensory/Semiology-sensory-visual\n\t\tSCHEMA_ATTRIBUTE_INVALID: Attribute 'inLibrary' used by 'Finding-property/Episode-property/Seizure-semiology-manifestation/Semiology-non-motor-manifestation/Semiology-sensory/Semiology-sensory-visual' was not defined in the schema, or was used outside of it's defined class.\n\tSource tag: Finding-property/Location-property\n\t\tSCHEMA_ATTRIBUTE_INVALID: Attribute 'inLibrary' used by 'Finding-property/Location-property' was not defined in the schema, or was used outside of it's defined class.\n\tSource tag: Finding-property/Location-property/Body-part-location\n\t\tSCHEMA_ATTRIBUTE_INVALID: Attribute 'inLibrary' used by 'Finding-property/Location-property/Body-part-location' was not defined in the schema, or was used outside of it's defined class.\n\tSource tag: Finding-property/Location-property/Body-part-location/Arm-location\n\t\tSCHEMA_ATTRIBUTE_INVALID: Attribute 'inLibrary' used by 'Finding-property/Location-property/Body-part-location/Arm-location' was not defined in the schema, or was used outside of it's defined class.\n\tSource tag: Finding-property/Location-property/Body-part-location/Arm-location/#\n\t\tSCHEMA_ATTRIBUTE_INVALID: Attribute 'inLibrary' used by 'Finding-property/Location-property/Body-part-location/Arm-location/#' was not defined in the schema, or was used outside of it's defined class.\n\tSource tag: Finding-property/Location-property/Body-part-location/Eyelid-location\n\t\tSCHEMA_ATTRIBUTE_INVALID: Attribute 'inLibrary' used by 'Finding-property/Location-property/Body-part-location/Eyelid-location' was not defined in the schema, or was used outside of it's defined class.\n\tSource tag: Finding-property/Location-property/Body-part-location/Eyelid-location/#\n\t\tSCHEMA_ATTRIBUTE_INVALID: Attribute 'inLibrary' used by 'Finding-property/Location-property/Body-part-location/Eyelid-location/#' was not defined in the schema, or was used outside of it's defined class.\n\tSource tag: Finding-property/Location-property/Body-part-location/Face-location\n\t\tSCHEMA_ATTRIBUTE_INVALID: Attribute 'inLibrary' used by 'Finding-property/Location-property/Body-part-location/Face-location' was not defined in the schema, or was used outside of it's defined class.\n\tSource tag: Finding-property/Location-property/Body-part-location/Face-location/#\n\t\tSCHEMA_ATTRIBUTE_INVALID: Attribute 'inLibrary' used by 'Finding-property/Location-property/Body-part-location/Face-location/#' was not defined in the schema, or was used outside of it's defined class.\n\tSource tag: Finding-property/Location-property/Body-part-location/Hemi-location\n\t\tSCHEMA_ATTRIBUTE_INVALID: Attribute 'inLibrary' used by 'Finding-property/Location-property/Body-part-location/Hemi-location' was not defined in the schema, or was used outside of it's defined class.\n\tSource tag: Finding-property/Location-property/Body-part-location/Hemi-location/#\n\t\tSCHEMA_ATTRIBUTE_INVALID: Attribute 'inLibrary' used by 'Finding-property/Location-property/Body-part-location/Hemi-location/#' was not defined in the schema, or was used outside of it's defined class.\n\tSource tag: Finding-property/Location-property/Body-part-location/Leg-location\n\t\tSCHEMA_ATTRIBUTE_INVALID: Attribute 'inLibrary' used by 'Finding-property/Location-property/Body-part-location/Leg-location' was not defined in the schema, or was used outside of it's defined class.\n\tSource tag: Finding-property/Location-property/Body-part-location/Leg-location/#\n\t\tSCHEMA_ATTRIBUTE_INVALID: Attribute 'inLibrary' used by 'Finding-property/Location-property/Body-part-location/Leg-location/#' was not defined in the schema, or was used outside of it's defined class.\n\tSource tag: Finding-property/Location-property/Body-part-location/Trunk-location\n\t\tSCHEMA_ATTRIBUTE_INVALID: Attribute 'inLibrary' used by 'Finding-property/Location-property/Body-part-location/Trunk-location' was not defined in the schema, or was used outside of it's defined class.\n\tSource tag: Finding-property/Location-property/Body-part-location/Trunk-location/#\n\t\tSCHEMA_ATTRIBUTE_INVALID: Attribute 'inLibrary' used by 'Finding-property/Location-property/Body-part-location/Trunk-location/#' was not defined in the schema, or was used outside of it's defined class.\n\tSource tag: Finding-property/Location-property/Body-part-location/Visceral-location\n\t\tSCHEMA_ATTRIBUTE_INVALID: Attribute 'inLibrary' used by 'Finding-property/Location-property/Body-part-location/Visceral-location' was not defined in the schema, or was used outside of it's defined class.\n\tSource tag: Finding-property/Location-property/Body-part-location/Visceral-location/#\n\t\tSCHEMA_ATTRIBUTE_INVALID: Attribute 'inLibrary' used by 'Finding-property/Location-property/Body-part-location/Visceral-location/#' was not defined in the schema, or was used outside of it's defined class.\n\tSource tag: Finding-property/Location-property/Brain-centricity\n\t\tSCHEMA_ATTRIBUTE_INVALID: Attribute 'inLibrary' used by 'Finding-property/Location-property/Brain-centricity' was not defined in the schema, or was used outside of it's defined class.\n\tSource tag: Finding-property/Location-property/Brain-centricity/Brain-centricity-axial\n\t\tSCHEMA_ATTRIBUTE_INVALID: Attribute 'inLibrary' used by 'Finding-property/Location-property/Brain-centricity/Brain-centricity-axial' was not defined in the schema, or was used outside of it's defined class.\n\tSource tag: Finding-property/Location-property/Brain-centricity/Brain-centricity-axial/#\n\t\tSCHEMA_ATTRIBUTE_INVALID: Attribute 'inLibrary' used by 'Finding-property/Location-property/Brain-centricity/Brain-centricity-axial/#' was not defined in the schema, or was used outside of it's defined class.\n\tSource tag: Finding-property/Location-property/Brain-centricity/Brain-centricity-distal-limb\n\t\tSCHEMA_ATTRIBUTE_INVALID: Attribute 'inLibrary' used by 'Finding-property/Location-property/Brain-centricity/Brain-centricity-distal-limb' was not defined in the schema, or was used outside of it's defined class.\n\tSource tag: Finding-property/Location-property/Brain-centricity/Brain-centricity-distal-limb/#\n\t\tSCHEMA_ATTRIBUTE_INVALID: Attribute 'inLibrary' used by 'Finding-property/Location-property/Brain-centricity/Brain-centricity-distal-limb/#' was not defined in the schema, or was used outside of it's defined class.\n\tSource tag: Finding-property/Location-property/Brain-centricity/Brain-centricity-proximal-limb\n\t\tSCHEMA_ATTRIBUTE_INVALID: Attribute 'inLibrary' used by 'Finding-property/Location-property/Brain-centricity/Brain-centricity-proximal-limb' was not defined in the schema, or was used outside of it's defined class.\n\tSource tag: Finding-property/Location-property/Brain-centricity/Brain-centricity-proximal-limb/#\n\t\tSCHEMA_ATTRIBUTE_INVALID: Attribute 'inLibrary' used by 'Finding-property/Location-property/Brain-centricity/Brain-centricity-proximal-limb/#' was not defined in the schema, or was used outside of it's defined class.\n\tSource tag: Finding-property/Location-property/Brain-laterality\n\t\tSCHEMA_ATTRIBUTE_INVALID: Attribute 'inLibrary' used by 'Finding-property/Location-property/Brain-laterality' was not defined in the schema, or was used outside of it's defined class.\n\tSource tag: Finding-property/Location-property/Brain-laterality/Brain-laterality-diffuse-asynchronous\n\t\tSCHEMA_ATTRIBUTE_INVALID: Attribute 'inLibrary' used by 'Finding-property/Location-property/Brain-laterality/Brain-laterality-diffuse-asynchronous' was not defined in the schema, or was used outside of it's defined class.\n\tSource tag: Finding-property/Location-property/Brain-laterality/Brain-laterality-diffuse-asynchronous/#\n\t\tSCHEMA_ATTRIBUTE_INVALID: Attribute 'inLibrary' used by 'Finding-property/Location-property/Brain-laterality/Brain-laterality-diffuse-asynchronous/#' was not defined in the schema, or was used outside of it's defined class.\n\tSource tag: Finding-property/Location-property/Brain-laterality/Brain-laterality-left\n\t\tSCHEMA_ATTRIBUTE_INVALID: Attribute 'inLibrary' used by 'Finding-property/Location-property/Brain-laterality/Brain-laterality-left' was not defined in the schema, or was used outside of it's defined class.\n\tSource tag: Finding-property/Location-property/Brain-laterality/Brain-laterality-left-greater-right\n\t\tSCHEMA_ATTRIBUTE_INVALID: Attribute 'inLibrary' used by 'Finding-property/Location-property/Brain-laterality/Brain-laterality-left-greater-right' was not defined in the schema, or was used outside of it's defined class.\n\tSource tag: Finding-property/Location-property/Brain-laterality/Brain-laterality-left-greater-right/#\n\t\tSCHEMA_ATTRIBUTE_INVALID: Attribute 'inLibrary' used by 'Finding-property/Location-property/Brain-laterality/Brain-laterality-left-greater-right/#' was not defined in the schema, or was used outside of it's defined class.\n\tSource tag: Finding-property/Location-property/Brain-laterality/Brain-laterality-left/#\n\t\tSCHEMA_ATTRIBUTE_INVALID: Attribute 'inLibrary' used by 'Finding-property/Location-property/Brain-laterality/Brain-laterality-left/#' was not defined in the schema, or was used outside of it's defined class.\n\tSource tag: Finding-property/Location-property/Brain-laterality/Brain-laterality-midline\n\t\tSCHEMA_ATTRIBUTE_INVALID: Attribute 'inLibrary' used by 'Finding-property/Location-property/Brain-laterality/Brain-laterality-midline' was not defined in the schema, or was used outside of it's defined class.\n\tSource tag: Finding-property/Location-property/Brain-laterality/Brain-laterality-midline/#\n\t\tSCHEMA_ATTRIBUTE_INVALID: Attribute 'inLibrary' used by 'Finding-property/Location-property/Brain-laterality/Brain-laterality-midline/#' was not defined in the schema, or was used outside of it's defined class.\n\tSource tag: Finding-property/Location-property/Brain-laterality/Brain-laterality-right\n\t\tSCHEMA_ATTRIBUTE_INVALID: Attribute 'inLibrary' used by 'Finding-property/Location-property/Brain-laterality/Brain-laterality-right' was not defined in the schema, or was used outside of it's defined class.\n\tSource tag: Finding-property/Location-property/Brain-laterality/Brain-laterality-right-greater-left\n\t\tSCHEMA_ATTRIBUTE_INVALID: Attribute 'inLibrary' used by 'Finding-property/Location-property/Brain-laterality/Brain-laterality-right-greater-left' was not defined in the schema, or was used outside of it's defined class.\n\tSource tag: Finding-property/Location-property/Brain-laterality/Brain-laterality-right-greater-left/#\n\t\tSCHEMA_ATTRIBUTE_INVALID: Attribute 'inLibrary' used by 'Finding-property/Location-property/Brain-laterality/Brain-laterality-right-greater-left/#' was not defined in the schema, or was used outside of it's defined class.\n\tSource tag: Finding-property/Location-property/Brain-laterality/Brain-laterality-right/#\n\t\tSCHEMA_ATTRIBUTE_INVALID: Attribute 'inLibrary' used by 'Finding-property/Location-property/Brain-laterality/Brain-laterality-right/#' was not defined in the schema, or was used outside of it's defined class.\n\tSource tag: Finding-property/Location-property/Brain-region\n\t\tSCHEMA_ATTRIBUTE_INVALID: Attribute 'inLibrary' used by 'Finding-property/Location-property/Brain-region' was not defined in the schema, or was used outside of it's defined class.\n\tSource tag: Finding-property/Location-property/Brain-region/Brain-region-central\n\t\tSCHEMA_ATTRIBUTE_INVALID: Attribute 'inLibrary' used by 'Finding-property/Location-property/Brain-region/Brain-region-central' was not defined in the schema, or was used outside of it's defined class.\n\tSource tag: Finding-property/Location-property/Brain-region/Brain-region-central/#\n\t\tSCHEMA_ATTRIBUTE_INVALID: Attribute 'inLibrary' used by 'Finding-property/Location-property/Brain-region/Brain-region-central/#' was not defined in the schema, or was used outside of it's defined class.\n\tSource tag: Finding-property/Location-property/Brain-region/Brain-region-frontal\n\t\tSCHEMA_ATTRIBUTE_INVALID: Attribute 'inLibrary' used by 'Finding-property/Location-property/Brain-region/Brain-region-frontal' was not defined in the schema, or was used outside of it's defined class.\n\tSource tag: Finding-property/Location-property/Brain-region/Brain-region-frontal/#\n\t\tSCHEMA_ATTRIBUTE_INVALID: Attribute 'inLibrary' used by 'Finding-property/Location-property/Brain-region/Brain-region-frontal/#' was not defined in the schema, or was used outside of it's defined class.\n\tSource tag: Finding-property/Location-property/Brain-region/Brain-region-occipital\n\t\tSCHEMA_ATTRIBUTE_INVALID: Attribute 'inLibrary' used by 'Finding-property/Location-property/Brain-region/Brain-region-occipital' was not defined in the schema, or was used outside of it's defined class.\n\tSource tag: Finding-property/Location-property/Brain-region/Brain-region-occipital/#\n\t\tSCHEMA_ATTRIBUTE_INVALID: Attribute 'inLibrary' used by 'Finding-property/Location-property/Brain-region/Brain-region-occipital/#' was not defined in the schema, or was used outside of it's defined class.\n\tSource tag: Finding-property/Location-property/Brain-region/Brain-region-parietal\n\t\tSCHEMA_ATTRIBUTE_INVALID: Attribute 'inLibrary' used by 'Finding-property/Location-property/Brain-region/Brain-region-parietal' was not defined in the schema, or was used outside of it's defined class.\n\tSource tag: Finding-property/Location-property/Brain-region/Brain-region-parietal/#\n\t\tSCHEMA_ATTRIBUTE_INVALID: Attribute 'inLibrary' used by 'Finding-property/Location-property/Brain-region/Brain-region-parietal/#' was not defined in the schema, or was used outside of it's defined class.\n\tSource tag: Finding-property/Location-property/Brain-region/Brain-region-temporal\n\t\tSCHEMA_ATTRIBUTE_INVALID: Attribute 'inLibrary' used by 'Finding-property/Location-property/Brain-region/Brain-region-temporal' was not defined in the schema, or was used outside of it's defined class.\n\tSource tag: Finding-property/Location-property/Brain-region/Brain-region-temporal/#\n\t\tSCHEMA_ATTRIBUTE_INVALID: Attribute 'inLibrary' used by 'Finding-property/Location-property/Brain-region/Brain-region-temporal/#' was not defined in the schema, or was used outside of it's defined class.\n\tSource tag: Finding-property/Location-property/Finding-propagation\n\t\tSCHEMA_ATTRIBUTE_INVALID: Attribute 'inLibrary' used by 'Finding-property/Location-property/Finding-propagation' was not defined in the schema, or was used outside of it's defined class.\n\tSource tag: Finding-property/Location-property/Finding-propagation/#\n\t\tSCHEMA_ATTRIBUTE_INVALID: Attribute 'inLibrary' used by 'Finding-property/Location-property/Finding-propagation/#' was not defined in the schema, or was used outside of it's defined class.\n\tSource tag: Finding-property/Location-property/Multifocal-finding\n\t\tSCHEMA_ATTRIBUTE_INVALID: Attribute 'inLibrary' used by 'Finding-property/Location-property/Multifocal-finding' was not defined in the schema, or was used outside of it's defined class.\n\tSource tag: Finding-property/Location-property/Multifocal-finding/#\n\t\tSCHEMA_ATTRIBUTE_INVALID: Attribute 'inLibrary' used by 'Finding-property/Location-property/Multifocal-finding/#' was not defined in the schema, or was used outside of it's defined class.\n\tSource tag: Finding-property/Location-property/Sensors\n\t\tSCHEMA_ATTRIBUTE_INVALID: Attribute 'inLibrary' used by 'Finding-property/Location-property/Sensors' was not defined in the schema, or was used outside of it's defined class.\n\tSource tag: Finding-property/Location-property/Sensors/#\n\t\tSCHEMA_ATTRIBUTE_INVALID: Attribute 'inLibrary' used by 'Finding-property/Location-property/Sensors/#' was not defined in the schema, or was used outside of it's defined class.\n\tSource tag: Finding-property/Modulators-property\n\t\tSCHEMA_ATTRIBUTE_INVALID: Attribute 'inLibrary' used by 'Finding-property/Modulators-property' was not defined in the schema, or was used outside of it's defined class.\n\tSource tag: Finding-property/Modulators-property/Auditive-stimuli-effect\n\t\tSCHEMA_ATTRIBUTE_INVALID: Attribute 'inLibrary' used by 'Finding-property/Modulators-property/Auditive-stimuli-effect' was not defined in the schema, or was used outside of it's defined class.\n\tSource tag: Finding-property/Modulators-property/Cognitive-task-effect\n\t\tSCHEMA_ATTRIBUTE_INVALID: Attribute 'inLibrary' used by 'Finding-property/Modulators-property/Cognitive-task-effect' was not defined in the schema, or was used outside of it's defined class.\n\tSource tag: Finding-property/Modulators-property/Eye-closure-sensitivity\n\t\tSCHEMA_ATTRIBUTE_INVALID: Attribute 'inLibrary' used by 'Finding-property/Modulators-property/Eye-closure-sensitivity' was not defined in the schema, or was used outside of it's defined class.\n\tSource tag: Finding-property/Modulators-property/Eye-closure-sensitivity/#\n\t\tSCHEMA_ATTRIBUTE_INVALID: Attribute 'inLibrary' used by 'Finding-property/Modulators-property/Eye-closure-sensitivity/#' was not defined in the schema, or was used outside of it's defined class.\n\tSource tag: Finding-property/Modulators-property/Eye-opening-passive\n\t\tSCHEMA_ATTRIBUTE_INVALID: Attribute 'inLibrary' used by 'Finding-property/Modulators-property/Eye-opening-passive' was not defined in the schema, or was used outside of it's defined class.\n\tSource tag: Finding-property/Modulators-property/Facilitating-factor\n\t\tSCHEMA_ATTRIBUTE_INVALID: Attribute 'inLibrary' used by 'Finding-property/Modulators-property/Facilitating-factor' was not defined in the schema, or was used outside of it's defined class.\n\tSource tag: Finding-property/Modulators-property/Facilitating-factor/Facilitating-factor-alcohol\n\t\tSCHEMA_ATTRIBUTE_INVALID: Attribute 'inLibrary' used by 'Finding-property/Modulators-property/Facilitating-factor/Facilitating-factor-alcohol' was not defined in the schema, or was used outside of it's defined class.\n\tSource tag: Finding-property/Modulators-property/Facilitating-factor/Facilitating-factor-alcohol/#\n\t\tSCHEMA_ATTRIBUTE_INVALID: Attribute 'inLibrary' used by 'Finding-property/Modulators-property/Facilitating-factor/Facilitating-factor-alcohol/#' was not defined in the schema, or was used outside of it's defined class.\n\tSource tag: Finding-property/Modulators-property/Facilitating-factor/Facilitating-factor-awake\n\t\tSCHEMA_ATTRIBUTE_INVALID: Attribute 'inLibrary' used by 'Finding-property/Modulators-property/Facilitating-factor/Facilitating-factor-awake' was not defined in the schema, or was used outside of it's defined class.\n\tSource tag: Finding-property/Modulators-property/Facilitating-factor/Facilitating-factor-awake/#\n\t\tSCHEMA_ATTRIBUTE_INVALID: Attribute 'inLibrary' used by 'Finding-property/Modulators-property/Facilitating-factor/Facilitating-factor-awake/#' was not defined in the schema, or was used outside of it's defined class.\n\tSource tag: Finding-property/Modulators-property/Facilitating-factor/Facilitating-factor-catamenial\n\t\tSCHEMA_ATTRIBUTE_INVALID: Attribute 'inLibrary' used by 'Finding-property/Modulators-property/Facilitating-factor/Facilitating-factor-catamenial' was not defined in the schema, or was used outside of it's defined class.\n\tSource tag: Finding-property/Modulators-property/Facilitating-factor/Facilitating-factor-catamenial/#\n\t\tSCHEMA_ATTRIBUTE_INVALID: Attribute 'inLibrary' used by 'Finding-property/Modulators-property/Facilitating-factor/Facilitating-factor-catamenial/#' was not defined in the schema, or was used outside of it's defined class.\n\tSource tag: Finding-property/Modulators-property/Facilitating-factor/Facilitating-factor-fever\n\t\tSCHEMA_ATTRIBUTE_INVALID: Attribute 'inLibrary' used by 'Finding-property/Modulators-property/Facilitating-factor/Facilitating-factor-fever' was not defined in the schema, or was used outside of it's defined class.\n\tSource tag: Finding-property/Modulators-property/Facilitating-factor/Facilitating-factor-fever/#\n\t\tSCHEMA_ATTRIBUTE_INVALID: Attribute 'inLibrary' used by 'Finding-property/Modulators-property/Facilitating-factor/Facilitating-factor-fever/#' was not defined in the schema, or was used outside of it's defined class.\n\tSource tag: Finding-property/Modulators-property/Facilitating-factor/Facilitating-factor-other\n\t\tSCHEMA_ATTRIBUTE_INVALID: Attribute 'inLibrary' used by 'Finding-property/Modulators-property/Facilitating-factor/Facilitating-factor-other' was not defined in the schema, or was used outside of it's defined class.\n\tSource tag: Finding-property/Modulators-property/Facilitating-factor/Facilitating-factor-other/#\n\t\tSCHEMA_ATTRIBUTE_INVALID: Attribute 'inLibrary' used by 'Finding-property/Modulators-property/Facilitating-factor/Facilitating-factor-other/#' was not defined in the schema, or was used outside of it's defined class.\n\tSource tag: Finding-property/Modulators-property/Facilitating-factor/Facilitating-factor-sleep\n\t\tSCHEMA_ATTRIBUTE_INVALID: Attribute 'inLibrary' used by 'Finding-property/Modulators-property/Facilitating-factor/Facilitating-factor-sleep' was not defined in the schema, or was used outside of it's defined class.\n\tSource tag: Finding-property/Modulators-property/Facilitating-factor/Facilitating-factor-sleep-deprived\n\t\tSCHEMA_ATTRIBUTE_INVALID: Attribute 'inLibrary' used by 'Finding-property/Modulators-property/Facilitating-factor/Facilitating-factor-sleep-deprived' was not defined in the schema, or was used outside of it's defined class.\n\tSource tag: Finding-property/Modulators-property/Facilitating-factor/Facilitating-factor-sleep-deprived/#\n\t\tSCHEMA_ATTRIBUTE_INVALID: Attribute 'inLibrary' used by 'Finding-property/Modulators-property/Facilitating-factor/Facilitating-factor-sleep-deprived/#' was not defined in the schema, or was used outside of it's defined class.\n\tSource tag: Finding-property/Modulators-property/Facilitating-factor/Facilitating-factor-sleep/#\n\t\tSCHEMA_ATTRIBUTE_INVALID: Attribute 'inLibrary' used by 'Finding-property/Modulators-property/Facilitating-factor/Facilitating-factor-sleep/#' was not defined in the schema, or was used outside of it's defined class.\n\tSource tag: Finding-property/Modulators-property/Intermittent-photic-stimulation-effect\n\t\tSCHEMA_ATTRIBUTE_INVALID: Attribute 'inLibrary' used by 'Finding-property/Modulators-property/Intermittent-photic-stimulation-effect' was not defined in the schema, or was used outside of it's defined class.\n\tSource tag: Finding-property/Modulators-property/Intermittent-photic-stimulation-effect/Activation-of-pre-existing-epileptogenic-area-intermittent-photic-stimulation-effect\n\t\tSCHEMA_ATTRIBUTE_INVALID: Attribute 'inLibrary' used by 'Finding-property/Modulators-property/Intermittent-photic-stimulation-effect/Activation-of-pre-existing-epileptogenic-area-intermittent-photic-stimulation-effect' was not defined in the schema, or was used outside of it's defined class.\n\tSource tag: Finding-property/Modulators-property/Intermittent-photic-stimulation-effect/Activation-of-pre-existing-epileptogenic-area-intermittent-photic-stimulation-effect/#\n\t\tSCHEMA_ATTRIBUTE_INVALID: Attribute 'inLibrary' used by 'Finding-property/Modulators-property/Intermittent-photic-stimulation-effect/Activation-of-pre-existing-epileptogenic-area-intermittent-photic-stimulation-effect/#' was not defined in the schema, or was used outside of it's defined class.\n\tSource tag: Finding-property/Modulators-property/Intermittent-photic-stimulation-effect/Generalized-photoparoxysmal-intermittent-photic-stimulation-response-limited\n\t\tSCHEMA_ATTRIBUTE_INVALID: Attribute 'inLibrary' used by 'Finding-property/Modulators-property/Intermittent-photic-stimulation-effect/Generalized-photoparoxysmal-intermittent-photic-stimulation-response-limited' was not defined in the schema, or was used outside of it's defined class.\n\tSource tag: Finding-property/Modulators-property/Intermittent-photic-stimulation-effect/Generalized-photoparoxysmal-intermittent-photic-stimulation-response-limited/#\n\t\tSCHEMA_ATTRIBUTE_INVALID: Attribute 'inLibrary' used by 'Finding-property/Modulators-property/Intermittent-photic-stimulation-effect/Generalized-photoparoxysmal-intermittent-photic-stimulation-response-limited/#' was not defined in the schema, or was used outside of it's defined class.\n\tSource tag: Finding-property/Modulators-property/Intermittent-photic-stimulation-effect/Generalized-photoparoxysmal-intermittent-photic-stimulation-response-self-sustained\n\t\tSCHEMA_ATTRIBUTE_INVALID: Attribute 'inLibrary' used by 'Finding-property/Modulators-property/Intermittent-photic-stimulation-effect/Generalized-photoparoxysmal-intermittent-photic-stimulation-response-self-sustained' was not defined in the schema, or was used outside of it's defined class.\n\tSource tag: Finding-property/Modulators-property/Intermittent-photic-stimulation-effect/Generalized-photoparoxysmal-intermittent-photic-stimulation-response-self-sustained/#\n\t\tSCHEMA_ATTRIBUTE_INVALID: Attribute 'inLibrary' used by 'Finding-property/Modulators-property/Intermittent-photic-stimulation-effect/Generalized-photoparoxysmal-intermittent-photic-stimulation-response-self-sustained/#' was not defined in the schema, or was used outside of it's defined class.\n\tSource tag: Finding-property/Modulators-property/Intermittent-photic-stimulation-effect/Posterior-stimulus-dependent-intermittent-photic-stimulation-response\n\t\tSCHEMA_ATTRIBUTE_INVALID: Attribute 'inLibrary' used by 'Finding-property/Modulators-property/Intermittent-photic-stimulation-effect/Posterior-stimulus-dependent-intermittent-photic-stimulation-response' was not defined in the schema, or was used outside of it's defined class.\n\tSource tag: Finding-property/Modulators-property/Intermittent-photic-stimulation-effect/Posterior-stimulus-dependent-intermittent-photic-stimulation-response/#\n\t\tSCHEMA_ATTRIBUTE_INVALID: Attribute 'inLibrary' used by 'Finding-property/Modulators-property/Intermittent-photic-stimulation-effect/Posterior-stimulus-dependent-intermittent-photic-stimulation-response/#' was not defined in the schema, or was used outside of it's defined class.\n\tSource tag: Finding-property/Modulators-property/Intermittent-photic-stimulation-effect/Posterior-stimulus-independent-intermittent-photic-stimulation-response-limited\n\t\tSCHEMA_ATTRIBUTE_INVALID: Attribute 'inLibrary' used by 'Finding-property/Modulators-property/Intermittent-photic-stimulation-effect/Posterior-stimulus-independent-intermittent-photic-stimulation-response-limited' was not defined in the schema, or was used outside of it's defined class.\n\tSource tag: Finding-property/Modulators-property/Intermittent-photic-stimulation-effect/Posterior-stimulus-independent-intermittent-photic-stimulation-response-limited/#\n\t\tSCHEMA_ATTRIBUTE_INVALID: Attribute 'inLibrary' used by 'Finding-property/Modulators-property/Intermittent-photic-stimulation-effect/Posterior-stimulus-independent-intermittent-photic-stimulation-response-limited/#' was not defined in the schema, or was used outside of it's defined class.\n\tSource tag: Finding-property/Modulators-property/Intermittent-photic-stimulation-effect/Posterior-stimulus-independent-intermittent-photic-stimulation-response-self-sustained\n\t\tSCHEMA_ATTRIBUTE_INVALID: Attribute 'inLibrary' used by 'Finding-property/Modulators-property/Intermittent-photic-stimulation-effect/Posterior-stimulus-independent-intermittent-photic-stimulation-response-self-sustained' was not defined in the schema, or was used outside of it's defined class.\n\tSource tag: Finding-property/Modulators-property/Intermittent-photic-stimulation-effect/Posterior-stimulus-independent-intermittent-photic-stimulation-response-self-sustained/#\n\t\tSCHEMA_ATTRIBUTE_INVALID: Attribute 'inLibrary' used by 'Finding-property/Modulators-property/Intermittent-photic-stimulation-effect/Posterior-stimulus-independent-intermittent-photic-stimulation-response-self-sustained/#' was not defined in the schema, or was used outside of it's defined class.\n\tSource tag: Finding-property/Modulators-property/Intermittent-photic-stimulation-effect/Unmodified-intermittent-photic-stimulation-effect\n\t\tSCHEMA_ATTRIBUTE_INVALID: Attribute 'inLibrary' used by 'Finding-property/Modulators-property/Intermittent-photic-stimulation-effect/Unmodified-intermittent-photic-stimulation-effect' was not defined in the schema, or was used outside of it's defined class.\n\tSource tag: Finding-property/Modulators-property/Intermittent-photic-stimulation-effect/Unmodified-intermittent-photic-stimulation-effect/#\n\t\tSCHEMA_ATTRIBUTE_INVALID: Attribute 'inLibrary' used by 'Finding-property/Modulators-property/Intermittent-photic-stimulation-effect/Unmodified-intermittent-photic-stimulation-effect/#' was not defined in the schema, or was used outside of it's defined class.\n\tSource tag: Finding-property/Modulators-property/Medication-effect-EEG\n\t\tSCHEMA_ATTRIBUTE_INVALID: Attribute 'inLibrary' used by 'Finding-property/Modulators-property/Medication-effect-EEG' was not defined in the schema, or was used outside of it's defined class.\n\tSource tag: Finding-property/Modulators-property/Medication-effect-clinical\n\t\tSCHEMA_ATTRIBUTE_INVALID: Attribute 'inLibrary' used by 'Finding-property/Modulators-property/Medication-effect-clinical' was not defined in the schema, or was used outside of it's defined class.\n\tSource tag: Finding-property/Modulators-property/Medication-reduction-effect-EEG\n\t\tSCHEMA_ATTRIBUTE_INVALID: Attribute 'inLibrary' used by 'Finding-property/Modulators-property/Medication-reduction-effect-EEG' was not defined in the schema, or was used outside of it's defined class.\n\tSource tag: Finding-property/Modulators-property/Medication-reduction-effect-clinical\n\t\tSCHEMA_ATTRIBUTE_INVALID: Attribute 'inLibrary' used by 'Finding-property/Modulators-property/Medication-reduction-effect-clinical' was not defined in the schema, or was used outside of it's defined class.\n\tSource tag: Finding-property/Modulators-property/Modulators-effect\n\t\tSCHEMA_ATTRIBUTE_INVALID: Attribute 'inLibrary' used by 'Finding-property/Modulators-property/Modulators-effect' was not defined in the schema, or was used outside of it's defined class.\n\tSource tag: Finding-property/Modulators-property/Modulators-effect/Modulators-effect-change-of-patterns\n\t\tSCHEMA_ATTRIBUTE_INVALID: Attribute 'inLibrary' used by 'Finding-property/Modulators-property/Modulators-effect/Modulators-effect-change-of-patterns' was not defined in the schema, or was used outside of it's defined class.\n\tSource tag: Finding-property/Modulators-property/Modulators-effect/Modulators-effect-change-of-patterns/#\n\t\tSCHEMA_ATTRIBUTE_INVALID: Attribute 'inLibrary' used by 'Finding-property/Modulators-property/Modulators-effect/Modulators-effect-change-of-patterns/#' was not defined in the schema, or was used outside of it's defined class.\n\tSource tag: Finding-property/Modulators-property/Modulators-effect/Modulators-effect-continuous-during-NRS\n\t\tSCHEMA_ATTRIBUTE_INVALID: Attribute 'inLibrary' used by 'Finding-property/Modulators-property/Modulators-effect/Modulators-effect-continuous-during-NRS' was not defined in the schema, or was used outside of it's defined class.\n\tSource tag: Finding-property/Modulators-property/Modulators-effect/Modulators-effect-continuous-during-NRS/#\n\t\tSCHEMA_ATTRIBUTE_INVALID: Attribute 'inLibrary' used by 'Finding-property/Modulators-property/Modulators-effect/Modulators-effect-continuous-during-NRS/#' was not defined in the schema, or was used outside of it's defined class.\n\tSource tag: Finding-property/Modulators-property/Modulators-effect/Modulators-effect-only-during\n\t\tSCHEMA_ATTRIBUTE_INVALID: Attribute 'inLibrary' used by 'Finding-property/Modulators-property/Modulators-effect/Modulators-effect-only-during' was not defined in the schema, or was used outside of it's defined class.\n\tSource tag: Finding-property/Modulators-property/Modulators-effect/Modulators-effect-only-during/#\n\t\tSCHEMA_ATTRIBUTE_INVALID: Attribute 'inLibrary' used by 'Finding-property/Modulators-property/Modulators-effect/Modulators-effect-only-during/#' was not defined in the schema, or was used outside of it's defined class.\n\tSource tag: Finding-property/Modulators-property/Modulators-reactivity\n\t\tSCHEMA_ATTRIBUTE_INVALID: Attribute 'inLibrary' used by 'Finding-property/Modulators-property/Modulators-reactivity' was not defined in the schema, or was used outside of it's defined class.\n\tSource tag: Finding-property/Modulators-property/Modulators-reactivity/#\n\t\tSCHEMA_ATTRIBUTE_INVALID: Attribute 'inLibrary' used by 'Finding-property/Modulators-property/Modulators-reactivity/#' was not defined in the schema, or was used outside of it's defined class.\n\tSource tag: Finding-property/Modulators-property/Nociceptive-stimuli-effect\n\t\tSCHEMA_ATTRIBUTE_INVALID: Attribute 'inLibrary' used by 'Finding-property/Modulators-property/Nociceptive-stimuli-effect' was not defined in the schema, or was used outside of it's defined class.\n\tSource tag: Finding-property/Modulators-property/Other-modulators-effect-EEG\n\t\tSCHEMA_ATTRIBUTE_INVALID: Attribute 'inLibrary' used by 'Finding-property/Modulators-property/Other-modulators-effect-EEG' was not defined in the schema, or was used outside of it's defined class.\n\tSource tag: Finding-property/Modulators-property/Other-modulators-effect-EEG/#\n\t\tSCHEMA_ATTRIBUTE_INVALID: Attribute 'inLibrary' used by 'Finding-property/Modulators-property/Other-modulators-effect-EEG/#' was not defined in the schema, or was used outside of it's defined class.\n\tSource tag: Finding-property/Modulators-property/Other-modulators-effect-clinical\n\t\tSCHEMA_ATTRIBUTE_INVALID: Attribute 'inLibrary' used by 'Finding-property/Modulators-property/Other-modulators-effect-clinical' was not defined in the schema, or was used outside of it's defined class.\n\tSource tag: Finding-property/Modulators-property/Other-modulators-effect-clinical/#\n\t\tSCHEMA_ATTRIBUTE_INVALID: Attribute 'inLibrary' used by 'Finding-property/Modulators-property/Other-modulators-effect-clinical/#' was not defined in the schema, or was used outside of it's defined class.\n\tSource tag: Finding-property/Modulators-property/Physical-effort-effect\n\t\tSCHEMA_ATTRIBUTE_INVALID: Attribute 'inLibrary' used by 'Finding-property/Modulators-property/Physical-effort-effect' was not defined in the schema, or was used outside of it's defined class.\n\tSource tag: Finding-property/Modulators-property/Provocative-factor\n\t\tSCHEMA_ATTRIBUTE_INVALID: Attribute 'inLibrary' used by 'Finding-property/Modulators-property/Provocative-factor' was not defined in the schema, or was used outside of it's defined class.\n\tSource tag: Finding-property/Modulators-property/Provocative-factor/Hyperventilation-provoked\n\t\tSCHEMA_ATTRIBUTE_INVALID: Attribute 'inLibrary' used by 'Finding-property/Modulators-property/Provocative-factor/Hyperventilation-provoked' was not defined in the schema, or was used outside of it's defined class.\n\tSource tag: Finding-property/Modulators-property/Provocative-factor/Hyperventilation-provoked/#\n\t\tSCHEMA_ATTRIBUTE_INVALID: Attribute 'inLibrary' used by 'Finding-property/Modulators-property/Provocative-factor/Hyperventilation-provoked/#' was not defined in the schema, or was used outside of it's defined class.\n\tSource tag: Finding-property/Modulators-property/Provocative-factor/Reflex-provoked\n\t\tSCHEMA_ATTRIBUTE_INVALID: Attribute 'inLibrary' used by 'Finding-property/Modulators-property/Provocative-factor/Reflex-provoked' was not defined in the schema, or was used outside of it's defined class.\n\tSource tag: Finding-property/Modulators-property/Provocative-factor/Reflex-provoked/#\n\t\tSCHEMA_ATTRIBUTE_INVALID: Attribute 'inLibrary' used by 'Finding-property/Modulators-property/Provocative-factor/Reflex-provoked/#' was not defined in the schema, or was used outside of it's defined class.\n\tSource tag: Finding-property/Modulators-property/Quality-of-hyperventilation\n\t\tSCHEMA_ATTRIBUTE_INVALID: Attribute 'inLibrary' used by 'Finding-property/Modulators-property/Quality-of-hyperventilation' was not defined in the schema, or was used outside of it's defined class.\n\tSource tag: Finding-property/Modulators-property/Quality-of-hyperventilation/Hyperventilation-excellent-effort\n\t\tSCHEMA_ATTRIBUTE_INVALID: Attribute 'inLibrary' used by 'Finding-property/Modulators-property/Quality-of-hyperventilation/Hyperventilation-excellent-effort' was not defined in the schema, or was used outside of it's defined class.\n\tSource tag: Finding-property/Modulators-property/Quality-of-hyperventilation/Hyperventilation-excellent-effort/#\n\t\tSCHEMA_ATTRIBUTE_INVALID: Attribute 'inLibrary' used by 'Finding-property/Modulators-property/Quality-of-hyperventilation/Hyperventilation-excellent-effort/#' was not defined in the schema, or was used outside of it's defined class.\n\tSource tag: Finding-property/Modulators-property/Quality-of-hyperventilation/Hyperventilation-good-effort\n\t\tSCHEMA_ATTRIBUTE_INVALID: Attribute 'inLibrary' used by 'Finding-property/Modulators-property/Quality-of-hyperventilation/Hyperventilation-good-effort' was not defined in the schema, or was used outside of it's defined class.\n\tSource tag: Finding-property/Modulators-property/Quality-of-hyperventilation/Hyperventilation-good-effort/#\n\t\tSCHEMA_ATTRIBUTE_INVALID: Attribute 'inLibrary' used by 'Finding-property/Modulators-property/Quality-of-hyperventilation/Hyperventilation-good-effort/#' was not defined in the schema, or was used outside of it's defined class.\n\tSource tag: Finding-property/Modulators-property/Quality-of-hyperventilation/Hyperventilation-poor-effort\n\t\tSCHEMA_ATTRIBUTE_INVALID: Attribute 'inLibrary' used by 'Finding-property/Modulators-property/Quality-of-hyperventilation/Hyperventilation-poor-effort' was not defined in the schema, or was used outside of it's defined class.\n\tSource tag: Finding-property/Modulators-property/Quality-of-hyperventilation/Hyperventilation-poor-effort/#\n\t\tSCHEMA_ATTRIBUTE_INVALID: Attribute 'inLibrary' used by 'Finding-property/Modulators-property/Quality-of-hyperventilation/Hyperventilation-poor-effort/#' was not defined in the schema, or was used outside of it's defined class.\n\tSource tag: Finding-property/Modulators-property/Quality-of-hyperventilation/Hyperventilation-refused-procedure\n\t\tSCHEMA_ATTRIBUTE_INVALID: Attribute 'inLibrary' used by 'Finding-property/Modulators-property/Quality-of-hyperventilation/Hyperventilation-refused-procedure' was not defined in the schema, or was used outside of it's defined class.\n\tSource tag: Finding-property/Modulators-property/Quality-of-hyperventilation/Hyperventilation-refused-procedure/#\n\t\tSCHEMA_ATTRIBUTE_INVALID: Attribute 'inLibrary' used by 'Finding-property/Modulators-property/Quality-of-hyperventilation/Hyperventilation-refused-procedure/#' was not defined in the schema, or was used outside of it's defined class.\n\tSource tag: Finding-property/Other-finding-property\n\t\tSCHEMA_ATTRIBUTE_INVALID: Attribute 'inLibrary' used by 'Finding-property/Other-finding-property' was not defined in the schema, or was used outside of it's defined class.\n\tSource tag: Finding-property/Other-finding-property/Artifact-significance-to-recording\n\t\tSCHEMA_ATTRIBUTE_INVALID: Attribute 'inLibrary' used by 'Finding-property/Other-finding-property/Artifact-significance-to-recording' was not defined in the schema, or was used outside of it's defined class.\n\tSource tag: Finding-property/Other-finding-property/Artifact-significance-to-recording/Artifact-does-not-interfere-recording\n\t\tSCHEMA_ATTRIBUTE_INVALID: Attribute 'inLibrary' used by 'Finding-property/Other-finding-property/Artifact-significance-to-recording/Artifact-does-not-interfere-recording' was not defined in the schema, or was used outside of it's defined class.\n\tSource tag: Finding-property/Other-finding-property/Artifact-significance-to-recording/Artifact-does-not-interfere-recording/#\n\t\tSCHEMA_ATTRIBUTE_INVALID: Attribute 'inLibrary' used by 'Finding-property/Other-finding-property/Artifact-significance-to-recording/Artifact-does-not-interfere-recording/#' was not defined in the schema, or was used outside of it's defined class.\n\tSource tag: Finding-property/Other-finding-property/Artifact-significance-to-recording/Recording-not-interpretable-due-to-artifact\n\t\tSCHEMA_ATTRIBUTE_INVALID: Attribute 'inLibrary' used by 'Finding-property/Other-finding-property/Artifact-significance-to-recording/Recording-not-interpretable-due-to-artifact' was not defined in the schema, or was used outside of it's defined class.\n\tSource tag: Finding-property/Other-finding-property/Artifact-significance-to-recording/Recording-not-interpretable-due-to-artifact/#\n\t\tSCHEMA_ATTRIBUTE_INVALID: Attribute 'inLibrary' used by 'Finding-property/Other-finding-property/Artifact-significance-to-recording/Recording-not-interpretable-due-to-artifact/#' was not defined in the schema, or was used outside of it's defined class.\n\tSource tag: Finding-property/Other-finding-property/Artifact-significance-to-recording/Recording-of-reduced-diagnostic-value-due-to-artifact\n\t\tSCHEMA_ATTRIBUTE_INVALID: Attribute 'inLibrary' used by 'Finding-property/Other-finding-property/Artifact-significance-to-recording/Recording-of-reduced-diagnostic-value-due-to-artifact' was not defined in the schema, or was used outside of it's defined class.\n\tSource tag: Finding-property/Other-finding-property/Artifact-significance-to-recording/Recording-of-reduced-diagnostic-value-due-to-artifact/#\n\t\tSCHEMA_ATTRIBUTE_INVALID: Attribute 'inLibrary' used by 'Finding-property/Other-finding-property/Artifact-significance-to-recording/Recording-of-reduced-diagnostic-value-due-to-artifact/#' was not defined in the schema, or was used outside of it's defined class.\n\tSource tag: Finding-property/Other-finding-property/Finding-amplitude\n\t\tSCHEMA_ATTRIBUTE_INVALID: Attribute 'inLibrary' used by 'Finding-property/Other-finding-property/Finding-amplitude' was not defined in the schema, or was used outside of it's defined class.\n\tSource tag: Finding-property/Other-finding-property/Finding-amplitude-asymmetry\n\t\tSCHEMA_ATTRIBUTE_INVALID: Attribute 'inLibrary' used by 'Finding-property/Other-finding-property/Finding-amplitude-asymmetry' was not defined in the schema, or was used outside of it's defined class.\n\tSource tag: Finding-property/Other-finding-property/Finding-amplitude-asymmetry/Finding-amplitude-asymmetry-lower-left\n\t\tSCHEMA_ATTRIBUTE_INVALID: Attribute 'inLibrary' used by 'Finding-property/Other-finding-property/Finding-amplitude-asymmetry/Finding-amplitude-asymmetry-lower-left' was not defined in the schema, or was used outside of it's defined class.\n\tSource tag: Finding-property/Other-finding-property/Finding-amplitude-asymmetry/Finding-amplitude-asymmetry-lower-left/#\n\t\tSCHEMA_ATTRIBUTE_INVALID: Attribute 'inLibrary' used by 'Finding-property/Other-finding-property/Finding-amplitude-asymmetry/Finding-amplitude-asymmetry-lower-left/#' was not defined in the schema, or was used outside of it's defined class.\n\tSource tag: Finding-property/Other-finding-property/Finding-amplitude-asymmetry/Finding-amplitude-asymmetry-lower-right\n\t\tSCHEMA_ATTRIBUTE_INVALID: Attribute 'inLibrary' used by 'Finding-property/Other-finding-property/Finding-amplitude-asymmetry/Finding-amplitude-asymmetry-lower-right' was not defined in the schema, or was used outside of it's defined class.\n\tSource tag: Finding-property/Other-finding-property/Finding-amplitude-asymmetry/Finding-amplitude-asymmetry-lower-right/#\n\t\tSCHEMA_ATTRIBUTE_INVALID: Attribute 'inLibrary' used by 'Finding-property/Other-finding-property/Finding-amplitude-asymmetry/Finding-amplitude-asymmetry-lower-right/#' was not defined in the schema, or was used outside of it's defined class.\n\tSource tag: Finding-property/Other-finding-property/Finding-amplitude-asymmetry/Finding-amplitude-asymmetry-not-possible-to-determine\n\t\tSCHEMA_ATTRIBUTE_INVALID: Attribute 'inLibrary' used by 'Finding-property/Other-finding-property/Finding-amplitude-asymmetry/Finding-amplitude-asymmetry-not-possible-to-determine' was not defined in the schema, or was used outside of it's defined class.\n\tSource tag: Finding-property/Other-finding-property/Finding-amplitude-asymmetry/Finding-amplitude-asymmetry-not-possible-to-determine/#\n\t\tSCHEMA_ATTRIBUTE_INVALID: Attribute 'inLibrary' used by 'Finding-property/Other-finding-property/Finding-amplitude-asymmetry/Finding-amplitude-asymmetry-not-possible-to-determine/#' was not defined in the schema, or was used outside of it's defined class.\n\tSource tag: Finding-property/Other-finding-property/Finding-amplitude/#\n\t\tSCHEMA_ATTRIBUTE_INVALID: Attribute 'inLibrary' used by 'Finding-property/Other-finding-property/Finding-amplitude/#' was not defined in the schema, or was used outside of it's defined class.\n\tSource tag: Finding-property/Other-finding-property/Finding-frequency\n\t\tSCHEMA_ATTRIBUTE_INVALID: Attribute 'inLibrary' used by 'Finding-property/Other-finding-property/Finding-frequency' was not defined in the schema, or was used outside of it's defined class.\n\tSource tag: Finding-property/Other-finding-property/Finding-frequency/#\n\t\tSCHEMA_ATTRIBUTE_INVALID: Attribute 'inLibrary' used by 'Finding-property/Other-finding-property/Finding-frequency/#' was not defined in the schema, or was used outside of it's defined class.\n\tSource tag: Finding-property/Other-finding-property/Finding-significance-to-recording\n\t\tSCHEMA_ATTRIBUTE_INVALID: Attribute 'inLibrary' used by 'Finding-property/Other-finding-property/Finding-significance-to-recording' was not defined in the schema, or was used outside of it's defined class.\n\tSource tag: Finding-property/Other-finding-property/Finding-significance-to-recording/Finding-no-definite-abnormality\n\t\tSCHEMA_ATTRIBUTE_INVALID: Attribute 'inLibrary' used by 'Finding-property/Other-finding-property/Finding-significance-to-recording/Finding-no-definite-abnormality' was not defined in the schema, or was used outside of it's defined class.\n\tSource tag: Finding-property/Other-finding-property/Finding-significance-to-recording/Finding-no-definite-abnormality/#\n\t\tSCHEMA_ATTRIBUTE_INVALID: Attribute 'inLibrary' used by 'Finding-property/Other-finding-property/Finding-significance-to-recording/Finding-no-definite-abnormality/#' was not defined in the schema, or was used outside of it's defined class.\n\tSource tag: Finding-property/Other-finding-property/Finding-significance-to-recording/Finding-significance-not-possible-to-determine\n\t\tSCHEMA_ATTRIBUTE_INVALID: Attribute 'inLibrary' used by 'Finding-property/Other-finding-property/Finding-significance-to-recording/Finding-significance-not-possible-to-determine' was not defined in the schema, or was used outside of it's defined class.\n\tSource tag: Finding-property/Other-finding-property/Finding-significance-to-recording/Finding-significance-not-possible-to-determine/#\n\t\tSCHEMA_ATTRIBUTE_INVALID: Attribute 'inLibrary' used by 'Finding-property/Other-finding-property/Finding-significance-to-recording/Finding-significance-not-possible-to-determine/#' was not defined in the schema, or was used outside of it's defined class.\n\tSource tag: Finding-property/Other-finding-property/Finding-stopped-by\n\t\tSCHEMA_ATTRIBUTE_INVALID: Attribute 'inLibrary' used by 'Finding-property/Other-finding-property/Finding-stopped-by' was not defined in the schema, or was used outside of it's defined class.\n\tSource tag: Finding-property/Other-finding-property/Finding-stopped-by/#\n\t\tSCHEMA_ATTRIBUTE_INVALID: Attribute 'inLibrary' used by 'Finding-property/Other-finding-property/Finding-stopped-by/#' was not defined in the schema, or was used outside of it's defined class.\n\tSource tag: Finding-property/Other-finding-property/Finding-triggered-by\n\t\tSCHEMA_ATTRIBUTE_INVALID: Attribute 'inLibrary' used by 'Finding-property/Other-finding-property/Finding-triggered-by' was not defined in the schema, or was used outside of it's defined class.\n\tSource tag: Finding-property/Other-finding-property/Finding-triggered-by/#\n\t\tSCHEMA_ATTRIBUTE_INVALID: Attribute 'inLibrary' used by 'Finding-property/Other-finding-property/Finding-triggered-by/#' was not defined in the schema, or was used outside of it's defined class.\n\tSource tag: Finding-property/Other-finding-property/Finding-unmodified\n\t\tSCHEMA_ATTRIBUTE_INVALID: Attribute 'inLibrary' used by 'Finding-property/Other-finding-property/Finding-unmodified' was not defined in the schema, or was used outside of it's defined class.\n\tSource tag: Finding-property/Other-finding-property/Finding-unmodified/#\n\t\tSCHEMA_ATTRIBUTE_INVALID: Attribute 'inLibrary' used by 'Finding-property/Other-finding-property/Finding-unmodified/#' was not defined in the schema, or was used outside of it's defined class.\n\tSource tag: Finding-property/Other-finding-property/Property-absence\n\t\tSCHEMA_ATTRIBUTE_INVALID: Attribute 'inLibrary' used by 'Finding-property/Other-finding-property/Property-absence' was not defined in the schema, or was used outside of it's defined class.\n\tSource tag: Finding-property/Other-finding-property/Property-absence/#\n\t\tSCHEMA_ATTRIBUTE_INVALID: Attribute 'inLibrary' used by 'Finding-property/Other-finding-property/Property-absence/#' was not defined in the schema, or was used outside of it's defined class.\n\tSource tag: Finding-property/Other-finding-property/Property-exists\n\t\tSCHEMA_ATTRIBUTE_INVALID: Attribute 'inLibrary' used by 'Finding-property/Other-finding-property/Property-exists' was not defined in the schema, or was used outside of it's defined class.\n\tSource tag: Finding-property/Other-finding-property/Property-exists/#\n\t\tSCHEMA_ATTRIBUTE_INVALID: Attribute 'inLibrary' used by 'Finding-property/Other-finding-property/Property-exists/#' was not defined in the schema, or was used outside of it's defined class.\n\tSource tag: Finding-property/Other-finding-property/Property-not-possible-to-determine\n\t\tSCHEMA_ATTRIBUTE_INVALID: Attribute 'inLibrary' used by 'Finding-property/Other-finding-property/Property-not-possible-to-determine' was not defined in the schema, or was used outside of it's defined class.\n\tSource tag: Finding-property/Other-finding-property/Property-not-possible-to-determine/#\n\t\tSCHEMA_ATTRIBUTE_INVALID: Attribute 'inLibrary' used by 'Finding-property/Other-finding-property/Property-not-possible-to-determine/#' was not defined in the schema, or was used outside of it's defined class.\n\tSource tag: Finding-property/Posterior-dominant-rhythm-property\n\t\tSCHEMA_ATTRIBUTE_INVALID: Attribute 'inLibrary' used by 'Finding-property/Posterior-dominant-rhythm-property' was not defined in the schema, or was used outside of it's defined class.\n\tSource tag: Finding-property/Posterior-dominant-rhythm-property/Absence-of-posterior-dominant-rhythm\n\t\tSCHEMA_ATTRIBUTE_INVALID: Attribute 'inLibrary' used by 'Finding-property/Posterior-dominant-rhythm-property/Absence-of-posterior-dominant-rhythm' was not defined in the schema, or was used outside of it's defined class.\n\tSource tag: Finding-property/Posterior-dominant-rhythm-property/Absence-of-posterior-dominant-rhythm/Absence-of-posterior-dominant-rhythm-artifacts\n\t\tSCHEMA_ATTRIBUTE_INVALID: Attribute 'inLibrary' used by 'Finding-property/Posterior-dominant-rhythm-property/Absence-of-posterior-dominant-rhythm/Absence-of-posterior-dominant-rhythm-artifacts' was not defined in the schema, or was used outside of it's defined class.\n\tSource tag: Finding-property/Posterior-dominant-rhythm-property/Absence-of-posterior-dominant-rhythm/Absence-of-posterior-dominant-rhythm-artifacts/#\n\t\tSCHEMA_ATTRIBUTE_INVALID: Attribute 'inLibrary' used by 'Finding-property/Posterior-dominant-rhythm-property/Absence-of-posterior-dominant-rhythm/Absence-of-posterior-dominant-rhythm-artifacts/#' was not defined in the schema, or was used outside of it's defined class.\n\tSource tag: Finding-property/Posterior-dominant-rhythm-property/Absence-of-posterior-dominant-rhythm/Absence-of-posterior-dominant-rhythm-extreme-low-voltage\n\t\tSCHEMA_ATTRIBUTE_INVALID: Attribute 'inLibrary' used by 'Finding-property/Posterior-dominant-rhythm-property/Absence-of-posterior-dominant-rhythm/Absence-of-posterior-dominant-rhythm-extreme-low-voltage' was not defined in the schema, or was used outside of it's defined class.\n\tSource tag: Finding-property/Posterior-dominant-rhythm-property/Absence-of-posterior-dominant-rhythm/Absence-of-posterior-dominant-rhythm-extreme-low-voltage/#\n\t\tSCHEMA_ATTRIBUTE_INVALID: Attribute 'inLibrary' used by 'Finding-property/Posterior-dominant-rhythm-property/Absence-of-posterior-dominant-rhythm/Absence-of-posterior-dominant-rhythm-extreme-low-voltage/#' was not defined in the schema, or was used outside of it's defined class.\n\tSource tag: Finding-property/Posterior-dominant-rhythm-property/Absence-of-posterior-dominant-rhythm/Absence-of-posterior-dominant-rhythm-eye-closure-could-not-be-achieved\n\t\tSCHEMA_ATTRIBUTE_INVALID: Attribute 'inLibrary' used by 'Finding-property/Posterior-dominant-rhythm-property/Absence-of-posterior-dominant-rhythm/Absence-of-posterior-dominant-rhythm-eye-closure-could-not-be-achieved' was not defined in the schema, or was used outside of it's defined class.\n\tSource tag: Finding-property/Posterior-dominant-rhythm-property/Absence-of-posterior-dominant-rhythm/Absence-of-posterior-dominant-rhythm-eye-closure-could-not-be-achieved/#\n\t\tSCHEMA_ATTRIBUTE_INVALID: Attribute 'inLibrary' used by 'Finding-property/Posterior-dominant-rhythm-property/Absence-of-posterior-dominant-rhythm/Absence-of-posterior-dominant-rhythm-eye-closure-could-not-be-achieved/#' was not defined in the schema, or was used outside of it's defined class.\n\tSource tag: Finding-property/Posterior-dominant-rhythm-property/Absence-of-posterior-dominant-rhythm/Absence-of-posterior-dominant-rhythm-lack-of-awake-period\n\t\tSCHEMA_ATTRIBUTE_INVALID: Attribute 'inLibrary' used by 'Finding-property/Posterior-dominant-rhythm-property/Absence-of-posterior-dominant-rhythm/Absence-of-posterior-dominant-rhythm-lack-of-awake-period' was not defined in the schema, or was used outside of it's defined class.\n\tSource tag: Finding-property/Posterior-dominant-rhythm-property/Absence-of-posterior-dominant-rhythm/Absence-of-posterior-dominant-rhythm-lack-of-awake-period/#\n\t\tSCHEMA_ATTRIBUTE_INVALID: Attribute 'inLibrary' used by 'Finding-property/Posterior-dominant-rhythm-property/Absence-of-posterior-dominant-rhythm/Absence-of-posterior-dominant-rhythm-lack-of-awake-period/#' was not defined in the schema, or was used outside of it's defined class.\n\tSource tag: Finding-property/Posterior-dominant-rhythm-property/Absence-of-posterior-dominant-rhythm/Absence-of-posterior-dominant-rhythm-lack-of-compliance\n\t\tSCHEMA_ATTRIBUTE_INVALID: Attribute 'inLibrary' used by 'Finding-property/Posterior-dominant-rhythm-property/Absence-of-posterior-dominant-rhythm/Absence-of-posterior-dominant-rhythm-lack-of-compliance' was not defined in the schema, or was used outside of it's defined class.\n\tSource tag: Finding-property/Posterior-dominant-rhythm-property/Absence-of-posterior-dominant-rhythm/Absence-of-posterior-dominant-rhythm-lack-of-compliance/#\n\t\tSCHEMA_ATTRIBUTE_INVALID: Attribute 'inLibrary' used by 'Finding-property/Posterior-dominant-rhythm-property/Absence-of-posterior-dominant-rhythm/Absence-of-posterior-dominant-rhythm-lack-of-compliance/#' was not defined in the schema, or was used outside of it's defined class.\n\tSource tag: Finding-property/Posterior-dominant-rhythm-property/Absence-of-posterior-dominant-rhythm/Absence-of-posterior-dominant-rhythm-other-causes\n\t\tSCHEMA_ATTRIBUTE_INVALID: Attribute 'inLibrary' used by 'Finding-property/Posterior-dominant-rhythm-property/Absence-of-posterior-dominant-rhythm/Absence-of-posterior-dominant-rhythm-other-causes' was not defined in the schema, or was used outside of it's defined class.\n\tSource tag: Finding-property/Posterior-dominant-rhythm-property/Absence-of-posterior-dominant-rhythm/Absence-of-posterior-dominant-rhythm-other-causes/#\n\t\tSCHEMA_ATTRIBUTE_INVALID: Attribute 'inLibrary' used by 'Finding-property/Posterior-dominant-rhythm-property/Absence-of-posterior-dominant-rhythm/Absence-of-posterior-dominant-rhythm-other-causes/#' was not defined in the schema, or was used outside of it's defined class.\n\tSource tag: Finding-property/Posterior-dominant-rhythm-property/Posterior-dominant-rhythm-amplitude-range\n\t\tSCHEMA_ATTRIBUTE_INVALID: Attribute 'inLibrary' used by 'Finding-property/Posterior-dominant-rhythm-property/Posterior-dominant-rhythm-amplitude-range' was not defined in the schema, or was used outside of it's defined class.\n\tSource tag: Finding-property/Posterior-dominant-rhythm-property/Posterior-dominant-rhythm-amplitude-range/High-posterior-dominant-rhythm-amplitude-range\n\t\tSCHEMA_ATTRIBUTE_INVALID: Attribute 'inLibrary' used by 'Finding-property/Posterior-dominant-rhythm-property/Posterior-dominant-rhythm-amplitude-range/High-posterior-dominant-rhythm-amplitude-range' was not defined in the schema, or was used outside of it's defined class.\n\tSource tag: Finding-property/Posterior-dominant-rhythm-property/Posterior-dominant-rhythm-amplitude-range/High-posterior-dominant-rhythm-amplitude-range/#\n\t\tSCHEMA_ATTRIBUTE_INVALID: Attribute 'inLibrary' used by 'Finding-property/Posterior-dominant-rhythm-property/Posterior-dominant-rhythm-amplitude-range/High-posterior-dominant-rhythm-amplitude-range/#' was not defined in the schema, or was used outside of it's defined class.\n\tSource tag: Finding-property/Posterior-dominant-rhythm-property/Posterior-dominant-rhythm-amplitude-range/Low-posterior-dominant-rhythm-amplitude-range\n\t\tSCHEMA_ATTRIBUTE_INVALID: Attribute 'inLibrary' used by 'Finding-property/Posterior-dominant-rhythm-property/Posterior-dominant-rhythm-amplitude-range/Low-posterior-dominant-rhythm-amplitude-range' was not defined in the schema, or was used outside of it's defined class.\n\tSource tag: Finding-property/Posterior-dominant-rhythm-property/Posterior-dominant-rhythm-amplitude-range/Low-posterior-dominant-rhythm-amplitude-range/#\n\t\tSCHEMA_ATTRIBUTE_INVALID: Attribute 'inLibrary' used by 'Finding-property/Posterior-dominant-rhythm-property/Posterior-dominant-rhythm-amplitude-range/Low-posterior-dominant-rhythm-amplitude-range/#' was not defined in the schema, or was used outside of it's defined class.\n\tSource tag: Finding-property/Posterior-dominant-rhythm-property/Posterior-dominant-rhythm-amplitude-range/Medium-posterior-dominant-rhythm-amplitude-range\n\t\tSCHEMA_ATTRIBUTE_INVALID: Attribute 'inLibrary' used by 'Finding-property/Posterior-dominant-rhythm-property/Posterior-dominant-rhythm-amplitude-range/Medium-posterior-dominant-rhythm-amplitude-range' was not defined in the schema, or was used outside of it's defined class.\n\tSource tag: Finding-property/Posterior-dominant-rhythm-property/Posterior-dominant-rhythm-amplitude-range/Medium-posterior-dominant-rhythm-amplitude-range/#\n\t\tSCHEMA_ATTRIBUTE_INVALID: Attribute 'inLibrary' used by 'Finding-property/Posterior-dominant-rhythm-property/Posterior-dominant-rhythm-amplitude-range/Medium-posterior-dominant-rhythm-amplitude-range/#' was not defined in the schema, or was used outside of it's defined class.\n\tSource tag: Finding-property/Posterior-dominant-rhythm-property/Posterior-dominant-rhythm-caveat\n\t\tSCHEMA_ATTRIBUTE_INVALID: Attribute 'inLibrary' used by 'Finding-property/Posterior-dominant-rhythm-property/Posterior-dominant-rhythm-caveat' was not defined in the schema, or was used outside of it's defined class.\n\tSource tag: Finding-property/Posterior-dominant-rhythm-property/Posterior-dominant-rhythm-caveat/No-posterior-dominant-rhythm-caveat\n\t\tSCHEMA_ATTRIBUTE_INVALID: Attribute 'inLibrary' used by 'Finding-property/Posterior-dominant-rhythm-property/Posterior-dominant-rhythm-caveat/No-posterior-dominant-rhythm-caveat' was not defined in the schema, or was used outside of it's defined class.\n\tSource tag: Finding-property/Posterior-dominant-rhythm-property/Posterior-dominant-rhythm-caveat/No-posterior-dominant-rhythm-caveat/#\n\t\tSCHEMA_ATTRIBUTE_INVALID: Attribute 'inLibrary' used by 'Finding-property/Posterior-dominant-rhythm-property/Posterior-dominant-rhythm-caveat/No-posterior-dominant-rhythm-caveat/#' was not defined in the schema, or was used outside of it's defined class.\n\tSource tag: Finding-property/Posterior-dominant-rhythm-property/Posterior-dominant-rhythm-caveat/Posterior-dominant-rhythm-caveat-drowsy\n\t\tSCHEMA_ATTRIBUTE_INVALID: Attribute 'inLibrary' used by 'Finding-property/Posterior-dominant-rhythm-property/Posterior-dominant-rhythm-caveat/Posterior-dominant-rhythm-caveat-drowsy' was not defined in the schema, or was used outside of it's defined class.\n\tSource tag: Finding-property/Posterior-dominant-rhythm-property/Posterior-dominant-rhythm-caveat/Posterior-dominant-rhythm-caveat-drowsy/#\n\t\tSCHEMA_ATTRIBUTE_INVALID: Attribute 'inLibrary' used by 'Finding-property/Posterior-dominant-rhythm-property/Posterior-dominant-rhythm-caveat/Posterior-dominant-rhythm-caveat-drowsy/#' was not defined in the schema, or was used outside of it's defined class.\n\tSource tag: Finding-property/Posterior-dominant-rhythm-property/Posterior-dominant-rhythm-caveat/Posterior-dominant-rhythm-caveat-only-following-hyperventilation\n\t\tSCHEMA_ATTRIBUTE_INVALID: Attribute 'inLibrary' used by 'Finding-property/Posterior-dominant-rhythm-property/Posterior-dominant-rhythm-caveat/Posterior-dominant-rhythm-caveat-only-following-hyperventilation' was not defined in the schema, or was used outside of it's defined class.\n\tSource tag: Finding-property/Posterior-dominant-rhythm-property/Posterior-dominant-rhythm-caveat/Posterior-dominant-rhythm-caveat-only-open-eyes-during-the-recording\n\t\tSCHEMA_ATTRIBUTE_INVALID: Attribute 'inLibrary' used by 'Finding-property/Posterior-dominant-rhythm-property/Posterior-dominant-rhythm-caveat/Posterior-dominant-rhythm-caveat-only-open-eyes-during-the-recording' was not defined in the schema, or was used outside of it's defined class.\n\tSource tag: Finding-property/Posterior-dominant-rhythm-property/Posterior-dominant-rhythm-caveat/Posterior-dominant-rhythm-caveat-only-open-eyes-during-the-recording/#\n\t\tSCHEMA_ATTRIBUTE_INVALID: Attribute 'inLibrary' used by 'Finding-property/Posterior-dominant-rhythm-property/Posterior-dominant-rhythm-caveat/Posterior-dominant-rhythm-caveat-only-open-eyes-during-the-recording/#' was not defined in the schema, or was used outside of it's defined class.\n\tSource tag: Finding-property/Posterior-dominant-rhythm-property/Posterior-dominant-rhythm-caveat/Posterior-dominant-rhythm-caveat-sleep-deprived-caveat\n\t\tSCHEMA_ATTRIBUTE_INVALID: Attribute 'inLibrary' used by 'Finding-property/Posterior-dominant-rhythm-property/Posterior-dominant-rhythm-caveat/Posterior-dominant-rhythm-caveat-sleep-deprived-caveat' was not defined in the schema, or was used outside of it's defined class.\n\tSource tag: Finding-property/Posterior-dominant-rhythm-property/Posterior-dominant-rhythm-caveat/Posterior-dominant-rhythm-caveat-sleep-deprived-caveat/#\n\t\tSCHEMA_ATTRIBUTE_INVALID: Attribute 'inLibrary' used by 'Finding-property/Posterior-dominant-rhythm-property/Posterior-dominant-rhythm-caveat/Posterior-dominant-rhythm-caveat-sleep-deprived-caveat/#' was not defined in the schema, or was used outside of it's defined class.\n\tSource tag: Finding-property/Posterior-dominant-rhythm-property/Posterior-dominant-rhythm-eye-opening-reactivity\n\t\tSCHEMA_ATTRIBUTE_INVALID: Attribute 'inLibrary' used by 'Finding-property/Posterior-dominant-rhythm-property/Posterior-dominant-rhythm-eye-opening-reactivity' was not defined in the schema, or was used outside of it's defined class.\n\tSource tag: Finding-property/Posterior-dominant-rhythm-property/Posterior-dominant-rhythm-eye-opening-reactivity/Posterior-dominant-rhythm-eye-opening-reactivity-reduced-both\n\t\tSCHEMA_ATTRIBUTE_INVALID: Attribute 'inLibrary' used by 'Finding-property/Posterior-dominant-rhythm-property/Posterior-dominant-rhythm-eye-opening-reactivity/Posterior-dominant-rhythm-eye-opening-reactivity-reduced-both' was not defined in the schema, or was used outside of it's defined class.\n\tSource tag: Finding-property/Posterior-dominant-rhythm-property/Posterior-dominant-rhythm-eye-opening-reactivity/Posterior-dominant-rhythm-eye-opening-reactivity-reduced-both/#\n\t\tSCHEMA_ATTRIBUTE_INVALID: Attribute 'inLibrary' used by 'Finding-property/Posterior-dominant-rhythm-property/Posterior-dominant-rhythm-eye-opening-reactivity/Posterior-dominant-rhythm-eye-opening-reactivity-reduced-both/#' was not defined in the schema, or was used outside of it's defined class.\n\tSource tag: Finding-property/Posterior-dominant-rhythm-property/Posterior-dominant-rhythm-eye-opening-reactivity/Posterior-dominant-rhythm-eye-opening-reactivity-reduced-left\n\t\tSCHEMA_ATTRIBUTE_INVALID: Attribute 'inLibrary' used by 'Finding-property/Posterior-dominant-rhythm-property/Posterior-dominant-rhythm-eye-opening-reactivity/Posterior-dominant-rhythm-eye-opening-reactivity-reduced-left' was not defined in the schema, or was used outside of it's defined class.\n\tSource tag: Finding-property/Posterior-dominant-rhythm-property/Posterior-dominant-rhythm-eye-opening-reactivity/Posterior-dominant-rhythm-eye-opening-reactivity-reduced-left/#\n\t\tSCHEMA_ATTRIBUTE_INVALID: Attribute 'inLibrary' used by 'Finding-property/Posterior-dominant-rhythm-property/Posterior-dominant-rhythm-eye-opening-reactivity/Posterior-dominant-rhythm-eye-opening-reactivity-reduced-left/#' was not defined in the schema, or was used outside of it's defined class.\n\tSource tag: Finding-property/Posterior-dominant-rhythm-property/Posterior-dominant-rhythm-eye-opening-reactivity/Posterior-dominant-rhythm-eye-opening-reactivity-reduced-right\n\t\tSCHEMA_ATTRIBUTE_INVALID: Attribute 'inLibrary' used by 'Finding-property/Posterior-dominant-rhythm-property/Posterior-dominant-rhythm-eye-opening-reactivity/Posterior-dominant-rhythm-eye-opening-reactivity-reduced-right' was not defined in the schema, or was used outside of it's defined class.\n\tSource tag: Finding-property/Posterior-dominant-rhythm-property/Posterior-dominant-rhythm-eye-opening-reactivity/Posterior-dominant-rhythm-eye-opening-reactivity-reduced-right/#\n\t\tSCHEMA_ATTRIBUTE_INVALID: Attribute 'inLibrary' used by 'Finding-property/Posterior-dominant-rhythm-property/Posterior-dominant-rhythm-eye-opening-reactivity/Posterior-dominant-rhythm-eye-opening-reactivity-reduced-right/#' was not defined in the schema, or was used outside of it's defined class.\n\tSource tag: Finding-property/Posterior-dominant-rhythm-property/Posterior-dominant-rhythm-frequency-asymmetry\n\t\tSCHEMA_ATTRIBUTE_INVALID: Attribute 'inLibrary' used by 'Finding-property/Posterior-dominant-rhythm-property/Posterior-dominant-rhythm-frequency-asymmetry' was not defined in the schema, or was used outside of it's defined class.\n\tSource tag: Finding-property/Posterior-dominant-rhythm-property/Posterior-dominant-rhythm-frequency-asymmetry/Posterior-dominant-rhythm-frequency-asymmetry-lower-left\n\t\tSCHEMA_ATTRIBUTE_INVALID: Attribute 'inLibrary' used by 'Finding-property/Posterior-dominant-rhythm-property/Posterior-dominant-rhythm-frequency-asymmetry/Posterior-dominant-rhythm-frequency-asymmetry-lower-left' was not defined in the schema, or was used outside of it's defined class.\n\tSource tag: Finding-property/Posterior-dominant-rhythm-property/Posterior-dominant-rhythm-frequency-asymmetry/Posterior-dominant-rhythm-frequency-asymmetry-lower-left/#\n\t\tSCHEMA_ATTRIBUTE_INVALID: Attribute 'inLibrary' used by 'Finding-property/Posterior-dominant-rhythm-property/Posterior-dominant-rhythm-frequency-asymmetry/Posterior-dominant-rhythm-frequency-asymmetry-lower-left/#' was not defined in the schema, or was used outside of it's defined class.\n\tSource tag: Finding-property/Posterior-dominant-rhythm-property/Posterior-dominant-rhythm-frequency-asymmetry/Posterior-dominant-rhythm-frequency-asymmetry-lower-right\n\t\tSCHEMA_ATTRIBUTE_INVALID: Attribute 'inLibrary' used by 'Finding-property/Posterior-dominant-rhythm-property/Posterior-dominant-rhythm-frequency-asymmetry/Posterior-dominant-rhythm-frequency-asymmetry-lower-right' was not defined in the schema, or was used outside of it's defined class.\n\tSource tag: Finding-property/Posterior-dominant-rhythm-property/Posterior-dominant-rhythm-frequency-asymmetry/Posterior-dominant-rhythm-frequency-asymmetry-lower-right/#\n\t\tSCHEMA_ATTRIBUTE_INVALID: Attribute 'inLibrary' used by 'Finding-property/Posterior-dominant-rhythm-property/Posterior-dominant-rhythm-frequency-asymmetry/Posterior-dominant-rhythm-frequency-asymmetry-lower-right/#' was not defined in the schema, or was used outside of it's defined class.\n\tSource tag: Finding-property/Posterior-dominant-rhythm-property/Posterior-dominant-rhythm-organization\n\t\tSCHEMA_ATTRIBUTE_INVALID: Attribute 'inLibrary' used by 'Finding-property/Posterior-dominant-rhythm-property/Posterior-dominant-rhythm-organization' was not defined in the schema, or was used outside of it's defined class.\n\tSource tag: Finding-property/Posterior-dominant-rhythm-property/Posterior-dominant-rhythm-organization/Posterior-dominant-rhythm-organization-disorganized\n\t\tSCHEMA_ATTRIBUTE_INVALID: Attribute 'inLibrary' used by 'Finding-property/Posterior-dominant-rhythm-property/Posterior-dominant-rhythm-organization/Posterior-dominant-rhythm-organization-disorganized' was not defined in the schema, or was used outside of it's defined class.\n\tSource tag: Finding-property/Posterior-dominant-rhythm-property/Posterior-dominant-rhythm-organization/Posterior-dominant-rhythm-organization-disorganized/#\n\t\tSCHEMA_ATTRIBUTE_INVALID: Attribute 'inLibrary' used by 'Finding-property/Posterior-dominant-rhythm-property/Posterior-dominant-rhythm-organization/Posterior-dominant-rhythm-organization-disorganized/#' was not defined in the schema, or was used outside of it's defined class.\n\tSource tag: Finding-property/Posterior-dominant-rhythm-property/Posterior-dominant-rhythm-organization/Posterior-dominant-rhythm-organization-markedly-disorganized\n\t\tSCHEMA_ATTRIBUTE_INVALID: Attribute 'inLibrary' used by 'Finding-property/Posterior-dominant-rhythm-property/Posterior-dominant-rhythm-organization/Posterior-dominant-rhythm-organization-markedly-disorganized' was not defined in the schema, or was used outside of it's defined class.\n\tSource tag: Finding-property/Posterior-dominant-rhythm-property/Posterior-dominant-rhythm-organization/Posterior-dominant-rhythm-organization-markedly-disorganized/#\n\t\tSCHEMA_ATTRIBUTE_INVALID: Attribute 'inLibrary' used by 'Finding-property/Posterior-dominant-rhythm-property/Posterior-dominant-rhythm-organization/Posterior-dominant-rhythm-organization-markedly-disorganized/#' was not defined in the schema, or was used outside of it's defined class.\n\tSource tag: Finding-property/Posterior-dominant-rhythm-property/Posterior-dominant-rhythm-organization/Posterior-dominant-rhythm-organization-poorly-organized\n\t\tSCHEMA_ATTRIBUTE_INVALID: Attribute 'inLibrary' used by 'Finding-property/Posterior-dominant-rhythm-property/Posterior-dominant-rhythm-organization/Posterior-dominant-rhythm-organization-poorly-organized' was not defined in the schema, or was used outside of it's defined class.\n\tSource tag: Finding-property/Posterior-dominant-rhythm-property/Posterior-dominant-rhythm-organization/Posterior-dominant-rhythm-organization-poorly-organized/#\n\t\tSCHEMA_ATTRIBUTE_INVALID: Attribute 'inLibrary' used by 'Finding-property/Posterior-dominant-rhythm-property/Posterior-dominant-rhythm-organization/Posterior-dominant-rhythm-organization-poorly-organized/#' was not defined in the schema, or was used outside of it's defined class.\n\tSource tag: Finding-property/Signal-morphology-property\n\t\tSCHEMA_ATTRIBUTE_INVALID: Attribute 'inLibrary' used by 'Finding-property/Signal-morphology-property' was not defined in the schema, or was used outside of it's defined class.\n\tSource tag: Finding-property/Signal-morphology-property/DC-shift-morphology\n\t\tSCHEMA_ATTRIBUTE_INVALID: Attribute 'inLibrary' used by 'Finding-property/Signal-morphology-property/DC-shift-morphology' was not defined in the schema, or was used outside of it's defined class.\n\tSource tag: Finding-property/Signal-morphology-property/DC-shift-morphology/#\n\t\tSCHEMA_ATTRIBUTE_INVALID: Attribute 'inLibrary' used by 'Finding-property/Signal-morphology-property/DC-shift-morphology/#' was not defined in the schema, or was used outside of it's defined class.\n\tSource tag: Finding-property/Signal-morphology-property/Disappearance-of-ongoing-activity-morphology\n\t\tSCHEMA_ATTRIBUTE_INVALID: Attribute 'inLibrary' used by 'Finding-property/Signal-morphology-property/Disappearance-of-ongoing-activity-morphology' was not defined in the schema, or was used outside of it's defined class.\n\tSource tag: Finding-property/Signal-morphology-property/Disappearance-of-ongoing-activity-morphology/#\n\t\tSCHEMA_ATTRIBUTE_INVALID: Attribute 'inLibrary' used by 'Finding-property/Signal-morphology-property/Disappearance-of-ongoing-activity-morphology/#' was not defined in the schema, or was used outside of it's defined class.\n\tSource tag: Finding-property/Signal-morphology-property/Electrodecremental-change-morphology\n\t\tSCHEMA_ATTRIBUTE_INVALID: Attribute 'inLibrary' used by 'Finding-property/Signal-morphology-property/Electrodecremental-change-morphology' was not defined in the schema, or was used outside of it's defined class.\n\tSource tag: Finding-property/Signal-morphology-property/Electrodecremental-change-morphology/#\n\t\tSCHEMA_ATTRIBUTE_INVALID: Attribute 'inLibrary' used by 'Finding-property/Signal-morphology-property/Electrodecremental-change-morphology/#' was not defined in the schema, or was used outside of it's defined class.\n\tSource tag: Finding-property/Signal-morphology-property/Fast-spike-activity-morphology\n\t\tSCHEMA_ATTRIBUTE_INVALID: Attribute 'inLibrary' used by 'Finding-property/Signal-morphology-property/Fast-spike-activity-morphology' was not defined in the schema, or was used outside of it's defined class.\n\tSource tag: Finding-property/Signal-morphology-property/Fast-spike-activity-morphology/#\n\t\tSCHEMA_ATTRIBUTE_INVALID: Attribute 'inLibrary' used by 'Finding-property/Signal-morphology-property/Fast-spike-activity-morphology/#' was not defined in the schema, or was used outside of it's defined class.\n\tSource tag: Finding-property/Signal-morphology-property/Frontal-intermittent-rhythmic-delta-activity-morphology\n\t\tSCHEMA_ATTRIBUTE_INVALID: Attribute 'inLibrary' used by 'Finding-property/Signal-morphology-property/Frontal-intermittent-rhythmic-delta-activity-morphology' was not defined in the schema, or was used outside of it's defined class.\n\tSource tag: Finding-property/Signal-morphology-property/Frontal-intermittent-rhythmic-delta-activity-morphology/#\n\t\tSCHEMA_ATTRIBUTE_INVALID: Attribute 'inLibrary' used by 'Finding-property/Signal-morphology-property/Frontal-intermittent-rhythmic-delta-activity-morphology/#' was not defined in the schema, or was used outside of it's defined class.\n\tSource tag: Finding-property/Signal-morphology-property/High-frequency-oscillation-morphology\n\t\tSCHEMA_ATTRIBUTE_INVALID: Attribute 'inLibrary' used by 'Finding-property/Signal-morphology-property/High-frequency-oscillation-morphology' was not defined in the schema, or was used outside of it's defined class.\n\tSource tag: Finding-property/Signal-morphology-property/High-frequency-oscillation-morphology/#\n\t\tSCHEMA_ATTRIBUTE_INVALID: Attribute 'inLibrary' used by 'Finding-property/Signal-morphology-property/High-frequency-oscillation-morphology/#' was not defined in the schema, or was used outside of it's defined class.\n\tSource tag: Finding-property/Signal-morphology-property/Hypsarrhythmia-classic-morphology\n\t\tSCHEMA_ATTRIBUTE_INVALID: Attribute 'inLibrary' used by 'Finding-property/Signal-morphology-property/Hypsarrhythmia-classic-morphology' was not defined in the schema, or was used outside of it's defined class.\n\tSource tag: Finding-property/Signal-morphology-property/Hypsarrhythmia-classic-morphology/#\n\t\tSCHEMA_ATTRIBUTE_INVALID: Attribute 'inLibrary' used by 'Finding-property/Signal-morphology-property/Hypsarrhythmia-classic-morphology/#' was not defined in the schema, or was used outside of it's defined class.\n\tSource tag: Finding-property/Signal-morphology-property/Hypsarrhythmia-modified-morphology\n\t\tSCHEMA_ATTRIBUTE_INVALID: Attribute 'inLibrary' used by 'Finding-property/Signal-morphology-property/Hypsarrhythmia-modified-morphology' was not defined in the schema, or was used outside of it's defined class.\n\tSource tag: Finding-property/Signal-morphology-property/Hypsarrhythmia-modified-morphology/#\n\t\tSCHEMA_ATTRIBUTE_INVALID: Attribute 'inLibrary' used by 'Finding-property/Signal-morphology-property/Hypsarrhythmia-modified-morphology/#' was not defined in the schema, or was used outside of it's defined class.\n\tSource tag: Finding-property/Signal-morphology-property/Irregular-delta-or-theta-activity-morphology\n\t\tSCHEMA_ATTRIBUTE_INVALID: Attribute 'inLibrary' used by 'Finding-property/Signal-morphology-property/Irregular-delta-or-theta-activity-morphology' was not defined in the schema, or was used outside of it's defined class.\n\tSource tag: Finding-property/Signal-morphology-property/Irregular-delta-or-theta-activity-morphology/#\n\t\tSCHEMA_ATTRIBUTE_INVALID: Attribute 'inLibrary' used by 'Finding-property/Signal-morphology-property/Irregular-delta-or-theta-activity-morphology/#' was not defined in the schema, or was used outside of it's defined class.\n\tSource tag: Finding-property/Signal-morphology-property/Low-voltage-fast-activity-morphology\n\t\tSCHEMA_ATTRIBUTE_INVALID: Attribute 'inLibrary' used by 'Finding-property/Signal-morphology-property/Low-voltage-fast-activity-morphology' was not defined in the schema, or was used outside of it's defined class.\n\tSource tag: Finding-property/Signal-morphology-property/Low-voltage-fast-activity-morphology/#\n\t\tSCHEMA_ATTRIBUTE_INVALID: Attribute 'inLibrary' used by 'Finding-property/Signal-morphology-property/Low-voltage-fast-activity-morphology/#' was not defined in the schema, or was used outside of it's defined class.\n\tSource tag: Finding-property/Signal-morphology-property/Occipital-intermittent-rhythmic-delta-activity-morphology\n\t\tSCHEMA_ATTRIBUTE_INVALID: Attribute 'inLibrary' used by 'Finding-property/Signal-morphology-property/Occipital-intermittent-rhythmic-delta-activity-morphology' was not defined in the schema, or was used outside of it's defined class.\n\tSource tag: Finding-property/Signal-morphology-property/Occipital-intermittent-rhythmic-delta-activity-morphology/#\n\t\tSCHEMA_ATTRIBUTE_INVALID: Attribute 'inLibrary' used by 'Finding-property/Signal-morphology-property/Occipital-intermittent-rhythmic-delta-activity-morphology/#' was not defined in the schema, or was used outside of it's defined class.\n\tSource tag: Finding-property/Signal-morphology-property/Periodic-discharges-morphology\n\t\tSCHEMA_ATTRIBUTE_INVALID: Attribute 'inLibrary' used by 'Finding-property/Signal-morphology-property/Periodic-discharges-morphology' was not defined in the schema, or was used outside of it's defined class.\n\tSource tag: Finding-property/Signal-morphology-property/Periodic-discharges-morphology/Number-of-periodic-discharge-phases\n\t\tSCHEMA_ATTRIBUTE_INVALID: Attribute 'inLibrary' used by 'Finding-property/Signal-morphology-property/Periodic-discharges-morphology/Number-of-periodic-discharge-phases' was not defined in the schema, or was used outside of it's defined class.\n\tSource tag: Finding-property/Signal-morphology-property/Periodic-discharges-morphology/Number-of-periodic-discharge-phases/1-periodic-discharge-phase\n\t\tSCHEMA_ATTRIBUTE_INVALID: Attribute 'inLibrary' used by 'Finding-property/Signal-morphology-property/Periodic-discharges-morphology/Number-of-periodic-discharge-phases/1-periodic-discharge-phase' was not defined in the schema, or was used outside of it's defined class.\n\tSource tag: Finding-property/Signal-morphology-property/Periodic-discharges-morphology/Number-of-periodic-discharge-phases/1-periodic-discharge-phase/#\n\t\tSCHEMA_ATTRIBUTE_INVALID: Attribute 'inLibrary' used by 'Finding-property/Signal-morphology-property/Periodic-discharges-morphology/Number-of-periodic-discharge-phases/1-periodic-discharge-phase/#' was not defined in the schema, or was used outside of it's defined class.\n\tSource tag: Finding-property/Signal-morphology-property/Periodic-discharges-morphology/Number-of-periodic-discharge-phases/2-periodic-discharge-phases\n\t\tSCHEMA_ATTRIBUTE_INVALID: Attribute 'inLibrary' used by 'Finding-property/Signal-morphology-property/Periodic-discharges-morphology/Number-of-periodic-discharge-phases/2-periodic-discharge-phases' was not defined in the schema, or was used outside of it's defined class.\n\tSource tag: Finding-property/Signal-morphology-property/Periodic-discharges-morphology/Number-of-periodic-discharge-phases/2-periodic-discharge-phases/#\n\t\tSCHEMA_ATTRIBUTE_INVALID: Attribute 'inLibrary' used by 'Finding-property/Signal-morphology-property/Periodic-discharges-morphology/Number-of-periodic-discharge-phases/2-periodic-discharge-phases/#' was not defined in the schema, or was used outside of it's defined class.\n\tSource tag: Finding-property/Signal-morphology-property/Periodic-discharges-morphology/Number-of-periodic-discharge-phases/3-periodic-discharge-phases\n\t\tSCHEMA_ATTRIBUTE_INVALID: Attribute 'inLibrary' used by 'Finding-property/Signal-morphology-property/Periodic-discharges-morphology/Number-of-periodic-discharge-phases/3-periodic-discharge-phases' was not defined in the schema, or was used outside of it's defined class.\n\tSource tag: Finding-property/Signal-morphology-property/Periodic-discharges-morphology/Number-of-periodic-discharge-phases/3-periodic-discharge-phases/#\n\t\tSCHEMA_ATTRIBUTE_INVALID: Attribute 'inLibrary' used by 'Finding-property/Signal-morphology-property/Periodic-discharges-morphology/Number-of-periodic-discharge-phases/3-periodic-discharge-phases/#' was not defined in the schema, or was used outside of it's defined class.\n\tSource tag: Finding-property/Signal-morphology-property/Periodic-discharges-morphology/Number-of-periodic-discharge-phases/Greater-than-3-periodic-discharge-phases\n\t\tSCHEMA_ATTRIBUTE_INVALID: Attribute 'inLibrary' used by 'Finding-property/Signal-morphology-property/Periodic-discharges-morphology/Number-of-periodic-discharge-phases/Greater-than-3-periodic-discharge-phases' was not defined in the schema, or was used outside of it's defined class.\n\tSource tag: Finding-property/Signal-morphology-property/Periodic-discharges-morphology/Number-of-periodic-discharge-phases/Greater-than-3-periodic-discharge-phases/#\n\t\tSCHEMA_ATTRIBUTE_INVALID: Attribute 'inLibrary' used by 'Finding-property/Signal-morphology-property/Periodic-discharges-morphology/Number-of-periodic-discharge-phases/Greater-than-3-periodic-discharge-phases/#' was not defined in the schema, or was used outside of it's defined class.\n\tSource tag: Finding-property/Signal-morphology-property/Periodic-discharges-morphology/Periodic-discharge-absolute-amplitude\n\t\tSCHEMA_ATTRIBUTE_INVALID: Attribute 'inLibrary' used by 'Finding-property/Signal-morphology-property/Periodic-discharges-morphology/Periodic-discharge-absolute-amplitude' was not defined in the schema, or was used outside of it's defined class.\n\tSource tag: Finding-property/Signal-morphology-property/Periodic-discharges-morphology/Periodic-discharge-absolute-amplitude/High-periodic-discharge-absolute-amplitude\n\t\tSCHEMA_ATTRIBUTE_INVALID: Attribute 'inLibrary' used by 'Finding-property/Signal-morphology-property/Periodic-discharges-morphology/Periodic-discharge-absolute-amplitude/High-periodic-discharge-absolute-amplitude' was not defined in the schema, or was used outside of it's defined class.\n\tSource tag: Finding-property/Signal-morphology-property/Periodic-discharges-morphology/Periodic-discharge-absolute-amplitude/High-periodic-discharge-absolute-amplitude/#\n\t\tSCHEMA_ATTRIBUTE_INVALID: Attribute 'inLibrary' used by 'Finding-property/Signal-morphology-property/Periodic-discharges-morphology/Periodic-discharge-absolute-amplitude/High-periodic-discharge-absolute-amplitude/#' was not defined in the schema, or was used outside of it's defined class.\n\tSource tag: Finding-property/Signal-morphology-property/Periodic-discharges-morphology/Periodic-discharge-absolute-amplitude/Low-periodic-discharge-absolute-amplitude\n\t\tSCHEMA_ATTRIBUTE_INVALID: Attribute 'inLibrary' used by 'Finding-property/Signal-morphology-property/Periodic-discharges-morphology/Periodic-discharge-absolute-amplitude/Low-periodic-discharge-absolute-amplitude' was not defined in the schema, or was used outside of it's defined class.\n\tSource tag: Finding-property/Signal-morphology-property/Periodic-discharges-morphology/Periodic-discharge-absolute-amplitude/Low-periodic-discharge-absolute-amplitude/#\n\t\tSCHEMA_ATTRIBUTE_INVALID: Attribute 'inLibrary' used by 'Finding-property/Signal-morphology-property/Periodic-discharges-morphology/Periodic-discharge-absolute-amplitude/Low-periodic-discharge-absolute-amplitude/#' was not defined in the schema, or was used outside of it's defined class.\n\tSource tag: Finding-property/Signal-morphology-property/Periodic-discharges-morphology/Periodic-discharge-absolute-amplitude/Medium-periodic-discharge-absolute-amplitude\n\t\tSCHEMA_ATTRIBUTE_INVALID: Attribute 'inLibrary' used by 'Finding-property/Signal-morphology-property/Periodic-discharges-morphology/Periodic-discharge-absolute-amplitude/Medium-periodic-discharge-absolute-amplitude' was not defined in the schema, or was used outside of it's defined class.\n\tSource tag: Finding-property/Signal-morphology-property/Periodic-discharges-morphology/Periodic-discharge-absolute-amplitude/Medium-periodic-discharge-absolute-amplitude/#\n\t\tSCHEMA_ATTRIBUTE_INVALID: Attribute 'inLibrary' used by 'Finding-property/Signal-morphology-property/Periodic-discharges-morphology/Periodic-discharge-absolute-amplitude/Medium-periodic-discharge-absolute-amplitude/#' was not defined in the schema, or was used outside of it's defined class.\n\tSource tag: Finding-property/Signal-morphology-property/Periodic-discharges-morphology/Periodic-discharge-absolute-amplitude/Periodic-discharge-absolute-amplitude-very-low\n\t\tSCHEMA_ATTRIBUTE_INVALID: Attribute 'inLibrary' used by 'Finding-property/Signal-morphology-property/Periodic-discharges-morphology/Periodic-discharge-absolute-amplitude/Periodic-discharge-absolute-amplitude-very-low' was not defined in the schema, or was used outside of it's defined class.\n\tSource tag: Finding-property/Signal-morphology-property/Periodic-discharges-morphology/Periodic-discharge-absolute-amplitude/Periodic-discharge-absolute-amplitude-very-low/#\n\t\tSCHEMA_ATTRIBUTE_INVALID: Attribute 'inLibrary' used by 'Finding-property/Signal-morphology-property/Periodic-discharges-morphology/Periodic-discharge-absolute-amplitude/Periodic-discharge-absolute-amplitude-very-low/#' was not defined in the schema, or was used outside of it's defined class.\n\tSource tag: Finding-property/Signal-morphology-property/Periodic-discharges-morphology/Periodic-discharge-polarity\n\t\tSCHEMA_ATTRIBUTE_INVALID: Attribute 'inLibrary' used by 'Finding-property/Signal-morphology-property/Periodic-discharges-morphology/Periodic-discharge-polarity' was not defined in the schema, or was used outside of it's defined class.\n\tSource tag: Finding-property/Signal-morphology-property/Periodic-discharges-morphology/Periodic-discharge-polarity/Periodic-discharge-negative-polarity\n\t\tSCHEMA_ATTRIBUTE_INVALID: Attribute 'inLibrary' used by 'Finding-property/Signal-morphology-property/Periodic-discharges-morphology/Periodic-discharge-polarity/Periodic-discharge-negative-polarity' was not defined in the schema, or was used outside of it's defined class.\n\tSource tag: Finding-property/Signal-morphology-property/Periodic-discharges-morphology/Periodic-discharge-polarity/Periodic-discharge-negative-polarity/#\n\t\tSCHEMA_ATTRIBUTE_INVALID: Attribute 'inLibrary' used by 'Finding-property/Signal-morphology-property/Periodic-discharges-morphology/Periodic-discharge-polarity/Periodic-discharge-negative-polarity/#' was not defined in the schema, or was used outside of it's defined class.\n\tSource tag: Finding-property/Signal-morphology-property/Periodic-discharges-morphology/Periodic-discharge-polarity/Periodic-discharge-postitive-polarity\n\t\tSCHEMA_ATTRIBUTE_INVALID: Attribute 'inLibrary' used by 'Finding-property/Signal-morphology-property/Periodic-discharges-morphology/Periodic-discharge-polarity/Periodic-discharge-postitive-polarity' was not defined in the schema, or was used outside of it's defined class.\n\tSource tag: Finding-property/Signal-morphology-property/Periodic-discharges-morphology/Periodic-discharge-polarity/Periodic-discharge-postitive-polarity/#\n\t\tSCHEMA_ATTRIBUTE_INVALID: Attribute 'inLibrary' used by 'Finding-property/Signal-morphology-property/Periodic-discharges-morphology/Periodic-discharge-polarity/Periodic-discharge-postitive-polarity/#' was not defined in the schema, or was used outside of it's defined class.\n\tSource tag: Finding-property/Signal-morphology-property/Periodic-discharges-morphology/Periodic-discharge-polarity/Periodic-discharge-unclear-polarity\n\t\tSCHEMA_ATTRIBUTE_INVALID: Attribute 'inLibrary' used by 'Finding-property/Signal-morphology-property/Periodic-discharges-morphology/Periodic-discharge-polarity/Periodic-discharge-unclear-polarity' was not defined in the schema, or was used outside of it's defined class.\n\tSource tag: Finding-property/Signal-morphology-property/Periodic-discharges-morphology/Periodic-discharge-polarity/Periodic-discharge-unclear-polarity/#\n\t\tSCHEMA_ATTRIBUTE_INVALID: Attribute 'inLibrary' used by 'Finding-property/Signal-morphology-property/Periodic-discharges-morphology/Periodic-discharge-polarity/Periodic-discharge-unclear-polarity/#' was not defined in the schema, or was used outside of it's defined class.\n\tSource tag: Finding-property/Signal-morphology-property/Periodic-discharges-morphology/Periodic-discharge-relative-amplitude\n\t\tSCHEMA_ATTRIBUTE_INVALID: Attribute 'inLibrary' used by 'Finding-property/Signal-morphology-property/Periodic-discharges-morphology/Periodic-discharge-relative-amplitude' was not defined in the schema, or was used outside of it's defined class.\n\tSource tag: Finding-property/Signal-morphology-property/Periodic-discharges-morphology/Periodic-discharge-relative-amplitude/Periodic-discharge-relative-amplitude-greater-than-2\n\t\tSCHEMA_ATTRIBUTE_INVALID: Attribute 'inLibrary' used by 'Finding-property/Signal-morphology-property/Periodic-discharges-morphology/Periodic-discharge-relative-amplitude/Periodic-discharge-relative-amplitude-greater-than-2' was not defined in the schema, or was used outside of it's defined class.\n\tSource tag: Finding-property/Signal-morphology-property/Periodic-discharges-morphology/Periodic-discharge-relative-amplitude/Periodic-discharge-relative-amplitude-greater-than-2/#\n\t\tSCHEMA_ATTRIBUTE_INVALID: Attribute 'inLibrary' used by 'Finding-property/Signal-morphology-property/Periodic-discharges-morphology/Periodic-discharge-relative-amplitude/Periodic-discharge-relative-amplitude-greater-than-2/#' was not defined in the schema, or was used outside of it's defined class.\n\tSource tag: Finding-property/Signal-morphology-property/Periodic-discharges-morphology/Periodic-discharge-relative-amplitude/Periodic-discharge-relative-amplitude-less-than-equal-2\n\t\tSCHEMA_ATTRIBUTE_INVALID: Attribute 'inLibrary' used by 'Finding-property/Signal-morphology-property/Periodic-discharges-morphology/Periodic-discharge-relative-amplitude/Periodic-discharge-relative-amplitude-less-than-equal-2' was not defined in the schema, or was used outside of it's defined class.\n\tSource tag: Finding-property/Signal-morphology-property/Periodic-discharges-morphology/Periodic-discharge-relative-amplitude/Periodic-discharge-relative-amplitude-less-than-equal-2/#\n\t\tSCHEMA_ATTRIBUTE_INVALID: Attribute 'inLibrary' used by 'Finding-property/Signal-morphology-property/Periodic-discharges-morphology/Periodic-discharge-relative-amplitude/Periodic-discharge-relative-amplitude-less-than-equal-2/#' was not defined in the schema, or was used outside of it's defined class.\n\tSource tag: Finding-property/Signal-morphology-property/Periodic-discharges-morphology/Periodic-discharge-sharpness\n\t\tSCHEMA_ATTRIBUTE_INVALID: Attribute 'inLibrary' used by 'Finding-property/Signal-morphology-property/Periodic-discharges-morphology/Periodic-discharge-sharpness' was not defined in the schema, or was used outside of it's defined class.\n\tSource tag: Finding-property/Signal-morphology-property/Periodic-discharges-morphology/Periodic-discharge-sharpness/Blunt-periodic-discharge-sharpness\n\t\tSCHEMA_ATTRIBUTE_INVALID: Attribute 'inLibrary' used by 'Finding-property/Signal-morphology-property/Periodic-discharges-morphology/Periodic-discharge-sharpness/Blunt-periodic-discharge-sharpness' was not defined in the schema, or was used outside of it's defined class.\n\tSource tag: Finding-property/Signal-morphology-property/Periodic-discharges-morphology/Periodic-discharge-sharpness/Blunt-periodic-discharge-sharpness/#\n\t\tSCHEMA_ATTRIBUTE_INVALID: Attribute 'inLibrary' used by 'Finding-property/Signal-morphology-property/Periodic-discharges-morphology/Periodic-discharge-sharpness/Blunt-periodic-discharge-sharpness/#' was not defined in the schema, or was used outside of it's defined class.\n\tSource tag: Finding-property/Signal-morphology-property/Periodic-discharges-morphology/Periodic-discharge-sharpness/Sharp-periodic-discharge-sharpness\n\t\tSCHEMA_ATTRIBUTE_INVALID: Attribute 'inLibrary' used by 'Finding-property/Signal-morphology-property/Periodic-discharges-morphology/Periodic-discharge-sharpness/Sharp-periodic-discharge-sharpness' was not defined in the schema, or was used outside of it's defined class.\n\tSource tag: Finding-property/Signal-morphology-property/Periodic-discharges-morphology/Periodic-discharge-sharpness/Sharp-periodic-discharge-sharpness/#\n\t\tSCHEMA_ATTRIBUTE_INVALID: Attribute 'inLibrary' used by 'Finding-property/Signal-morphology-property/Periodic-discharges-morphology/Periodic-discharge-sharpness/Sharp-periodic-discharge-sharpness/#' was not defined in the schema, or was used outside of it's defined class.\n\tSource tag: Finding-property/Signal-morphology-property/Periodic-discharges-morphology/Periodic-discharge-sharpness/Sharply-contoured-periodic-discharge-sharpness\n\t\tSCHEMA_ATTRIBUTE_INVALID: Attribute 'inLibrary' used by 'Finding-property/Signal-morphology-property/Periodic-discharges-morphology/Periodic-discharge-sharpness/Sharply-contoured-periodic-discharge-sharpness' was not defined in the schema, or was used outside of it's defined class.\n\tSource tag: Finding-property/Signal-morphology-property/Periodic-discharges-morphology/Periodic-discharge-sharpness/Sharply-contoured-periodic-discharge-sharpness/#\n\t\tSCHEMA_ATTRIBUTE_INVALID: Attribute 'inLibrary' used by 'Finding-property/Signal-morphology-property/Periodic-discharges-morphology/Periodic-discharge-sharpness/Sharply-contoured-periodic-discharge-sharpness/#' was not defined in the schema, or was used outside of it's defined class.\n\tSource tag: Finding-property/Signal-morphology-property/Periodic-discharges-morphology/Periodic-discharge-sharpness/Spiky-periodic-discharge-sharpness\n\t\tSCHEMA_ATTRIBUTE_INVALID: Attribute 'inLibrary' used by 'Finding-property/Signal-morphology-property/Periodic-discharges-morphology/Periodic-discharge-sharpness/Spiky-periodic-discharge-sharpness' was not defined in the schema, or was used outside of it's defined class.\n\tSource tag: Finding-property/Signal-morphology-property/Periodic-discharges-morphology/Periodic-discharge-sharpness/Spiky-periodic-discharge-sharpness/#\n\t\tSCHEMA_ATTRIBUTE_INVALID: Attribute 'inLibrary' used by 'Finding-property/Signal-morphology-property/Periodic-discharges-morphology/Periodic-discharge-sharpness/Spiky-periodic-discharge-sharpness/#' was not defined in the schema, or was used outside of it's defined class.\n\tSource tag: Finding-property/Signal-morphology-property/Periodic-discharges-morphology/Periodic-discharge-triphasic-morphology\n\t\tSCHEMA_ATTRIBUTE_INVALID: Attribute 'inLibrary' used by 'Finding-property/Signal-morphology-property/Periodic-discharges-morphology/Periodic-discharge-triphasic-morphology' was not defined in the schema, or was used outside of it's defined class.\n\tSource tag: Finding-property/Signal-morphology-property/Periodic-discharges-morphology/Periodic-discharge-triphasic-morphology/#\n\t\tSCHEMA_ATTRIBUTE_INVALID: Attribute 'inLibrary' used by 'Finding-property/Signal-morphology-property/Periodic-discharges-morphology/Periodic-discharge-triphasic-morphology/#' was not defined in the schema, or was used outside of it's defined class.\n\tSource tag: Finding-property/Signal-morphology-property/Periodic-discharges-morphology/Periodic-discharges-superimposed-activity\n\t\tSCHEMA_ATTRIBUTE_INVALID: Attribute 'inLibrary' used by 'Finding-property/Signal-morphology-property/Periodic-discharges-morphology/Periodic-discharges-superimposed-activity' was not defined in the schema, or was used outside of it's defined class.\n\tSource tag: Finding-property/Signal-morphology-property/Periodic-discharges-morphology/Periodic-discharges-superimposed-activity/Periodic-discharges-fast-superimposed-activity\n\t\tSCHEMA_ATTRIBUTE_INVALID: Attribute 'inLibrary' used by 'Finding-property/Signal-morphology-property/Periodic-discharges-morphology/Periodic-discharges-superimposed-activity/Periodic-discharges-fast-superimposed-activity' was not defined in the schema, or was used outside of it's defined class.\n\tSource tag: Finding-property/Signal-morphology-property/Periodic-discharges-morphology/Periodic-discharges-superimposed-activity/Periodic-discharges-fast-superimposed-activity/#\n\t\tSCHEMA_ATTRIBUTE_INVALID: Attribute 'inLibrary' used by 'Finding-property/Signal-morphology-property/Periodic-discharges-morphology/Periodic-discharges-superimposed-activity/Periodic-discharges-fast-superimposed-activity/#' was not defined in the schema, or was used outside of it's defined class.\n\tSource tag: Finding-property/Signal-morphology-property/Periodic-discharges-morphology/Periodic-discharges-superimposed-activity/Periodic-discharges-rhythmic-superimposed-activity\n\t\tSCHEMA_ATTRIBUTE_INVALID: Attribute 'inLibrary' used by 'Finding-property/Signal-morphology-property/Periodic-discharges-morphology/Periodic-discharges-superimposed-activity/Periodic-discharges-rhythmic-superimposed-activity' was not defined in the schema, or was used outside of it's defined class.\n\tSource tag: Finding-property/Signal-morphology-property/Periodic-discharges-morphology/Periodic-discharges-superimposed-activity/Periodic-discharges-rhythmic-superimposed-activity/#\n\t\tSCHEMA_ATTRIBUTE_INVALID: Attribute 'inLibrary' used by 'Finding-property/Signal-morphology-property/Periodic-discharges-morphology/Periodic-discharges-superimposed-activity/Periodic-discharges-rhythmic-superimposed-activity/#' was not defined in the schema, or was used outside of it's defined class.\n\tSource tag: Finding-property/Signal-morphology-property/Polymorphic-delta-activity-morphology\n\t\tSCHEMA_ATTRIBUTE_INVALID: Attribute 'inLibrary' used by 'Finding-property/Signal-morphology-property/Polymorphic-delta-activity-morphology' was not defined in the schema, or was used outside of it's defined class.\n\tSource tag: Finding-property/Signal-morphology-property/Polymorphic-delta-activity-morphology/#\n\t\tSCHEMA_ATTRIBUTE_INVALID: Attribute 'inLibrary' used by 'Finding-property/Signal-morphology-property/Polymorphic-delta-activity-morphology/#' was not defined in the schema, or was used outside of it's defined class.\n\tSource tag: Finding-property/Signal-morphology-property/Polysharp-waves-morphology\n\t\tSCHEMA_ATTRIBUTE_INVALID: Attribute 'inLibrary' used by 'Finding-property/Signal-morphology-property/Polysharp-waves-morphology' was not defined in the schema, or was used outside of it's defined class.\n\tSource tag: Finding-property/Signal-morphology-property/Polysharp-waves-morphology/#\n\t\tSCHEMA_ATTRIBUTE_INVALID: Attribute 'inLibrary' used by 'Finding-property/Signal-morphology-property/Polysharp-waves-morphology/#' was not defined in the schema, or was used outside of it's defined class.\n\tSource tag: Finding-property/Signal-morphology-property/Polyspike-and-slow-wave-morphology\n\t\tSCHEMA_ATTRIBUTE_INVALID: Attribute 'inLibrary' used by 'Finding-property/Signal-morphology-property/Polyspike-and-slow-wave-morphology' was not defined in the schema, or was used outside of it's defined class.\n\tSource tag: Finding-property/Signal-morphology-property/Polyspike-and-slow-wave-morphology/#\n\t\tSCHEMA_ATTRIBUTE_INVALID: Attribute 'inLibrary' used by 'Finding-property/Signal-morphology-property/Polyspike-and-slow-wave-morphology/#' was not defined in the schema, or was used outside of it's defined class.\n\tSource tag: Finding-property/Signal-morphology-property/Polyspikes-morphology\n\t\tSCHEMA_ATTRIBUTE_INVALID: Attribute 'inLibrary' used by 'Finding-property/Signal-morphology-property/Polyspikes-morphology' was not defined in the schema, or was used outside of it's defined class.\n\tSource tag: Finding-property/Signal-morphology-property/Polyspikes-morphology/#\n\t\tSCHEMA_ATTRIBUTE_INVALID: Attribute 'inLibrary' used by 'Finding-property/Signal-morphology-property/Polyspikes-morphology/#' was not defined in the schema, or was used outside of it's defined class.\n\tSource tag: Finding-property/Signal-morphology-property/Rhythmic-activity-morphology\n\t\tSCHEMA_ATTRIBUTE_INVALID: Attribute 'inLibrary' used by 'Finding-property/Signal-morphology-property/Rhythmic-activity-morphology' was not defined in the schema, or was used outside of it's defined class.\n\tSource tag: Finding-property/Signal-morphology-property/Rhythmic-activity-morphology/Alpha-activity-morphology\n\t\tSCHEMA_ATTRIBUTE_INVALID: Attribute 'inLibrary' used by 'Finding-property/Signal-morphology-property/Rhythmic-activity-morphology/Alpha-activity-morphology' was not defined in the schema, or was used outside of it's defined class.\n\tSource tag: Finding-property/Signal-morphology-property/Rhythmic-activity-morphology/Alpha-activity-morphology/#\n\t\tSCHEMA_ATTRIBUTE_INVALID: Attribute 'inLibrary' used by 'Finding-property/Signal-morphology-property/Rhythmic-activity-morphology/Alpha-activity-morphology/#' was not defined in the schema, or was used outside of it's defined class.\n\tSource tag: Finding-property/Signal-morphology-property/Rhythmic-activity-morphology/Beta-activity-morphology\n\t\tSCHEMA_ATTRIBUTE_INVALID: Attribute 'inLibrary' used by 'Finding-property/Signal-morphology-property/Rhythmic-activity-morphology/Beta-activity-morphology' was not defined in the schema, or was used outside of it's defined class.\n\tSource tag: Finding-property/Signal-morphology-property/Rhythmic-activity-morphology/Beta-activity-morphology/#\n\t\tSCHEMA_ATTRIBUTE_INVALID: Attribute 'inLibrary' used by 'Finding-property/Signal-morphology-property/Rhythmic-activity-morphology/Beta-activity-morphology/#' was not defined in the schema, or was used outside of it's defined class.\n\tSource tag: Finding-property/Signal-morphology-property/Rhythmic-activity-morphology/Delta-activity-morphology\n\t\tSCHEMA_ATTRIBUTE_INVALID: Attribute 'inLibrary' used by 'Finding-property/Signal-morphology-property/Rhythmic-activity-morphology/Delta-activity-morphology' was not defined in the schema, or was used outside of it's defined class.\n\tSource tag: Finding-property/Signal-morphology-property/Rhythmic-activity-morphology/Delta-activity-morphology/#\n\t\tSCHEMA_ATTRIBUTE_INVALID: Attribute 'inLibrary' used by 'Finding-property/Signal-morphology-property/Rhythmic-activity-morphology/Delta-activity-morphology/#' was not defined in the schema, or was used outside of it's defined class.\n\tSource tag: Finding-property/Signal-morphology-property/Rhythmic-activity-morphology/Gamma-activity-morphology\n\t\tSCHEMA_ATTRIBUTE_INVALID: Attribute 'inLibrary' used by 'Finding-property/Signal-morphology-property/Rhythmic-activity-morphology/Gamma-activity-morphology' was not defined in the schema, or was used outside of it's defined class.\n\tSource tag: Finding-property/Signal-morphology-property/Rhythmic-activity-morphology/Gamma-activity-morphology/#\n\t\tSCHEMA_ATTRIBUTE_INVALID: Attribute 'inLibrary' used by 'Finding-property/Signal-morphology-property/Rhythmic-activity-morphology/Gamma-activity-morphology/#' was not defined in the schema, or was used outside of it's defined class.\n\tSource tag: Finding-property/Signal-morphology-property/Rhythmic-activity-morphology/Theta-activity-morphology\n\t\tSCHEMA_ATTRIBUTE_INVALID: Attribute 'inLibrary' used by 'Finding-property/Signal-morphology-property/Rhythmic-activity-morphology/Theta-activity-morphology' was not defined in the schema, or was used outside of it's defined class.\n\tSource tag: Finding-property/Signal-morphology-property/Rhythmic-activity-morphology/Theta-activity-morphology/#\n\t\tSCHEMA_ATTRIBUTE_INVALID: Attribute 'inLibrary' used by 'Finding-property/Signal-morphology-property/Rhythmic-activity-morphology/Theta-activity-morphology/#' was not defined in the schema, or was used outside of it's defined class.\n\tSource tag: Finding-property/Signal-morphology-property/Runs-of-rapid-spikes-morphology\n\t\tSCHEMA_ATTRIBUTE_INVALID: Attribute 'inLibrary' used by 'Finding-property/Signal-morphology-property/Runs-of-rapid-spikes-morphology' was not defined in the schema, or was used outside of it's defined class.\n\tSource tag: Finding-property/Signal-morphology-property/Runs-of-rapid-spikes-morphology/#\n\t\tSCHEMA_ATTRIBUTE_INVALID: Attribute 'inLibrary' used by 'Finding-property/Signal-morphology-property/Runs-of-rapid-spikes-morphology/#' was not defined in the schema, or was used outside of it's defined class.\n\tSource tag: Finding-property/Signal-morphology-property/Sharp-and-slow-wave-morphology\n\t\tSCHEMA_ATTRIBUTE_INVALID: Attribute 'inLibrary' used by 'Finding-property/Signal-morphology-property/Sharp-and-slow-wave-morphology' was not defined in the schema, or was used outside of it's defined class.\n\tSource tag: Finding-property/Signal-morphology-property/Sharp-and-slow-wave-morphology/#\n\t\tSCHEMA_ATTRIBUTE_INVALID: Attribute 'inLibrary' used by 'Finding-property/Signal-morphology-property/Sharp-and-slow-wave-morphology/#' was not defined in the schema, or was used outside of it's defined class.\n\tSource tag: Finding-property/Signal-morphology-property/Sharp-wave-morphology\n\t\tSCHEMA_ATTRIBUTE_INVALID: Attribute 'inLibrary' used by 'Finding-property/Signal-morphology-property/Sharp-wave-morphology' was not defined in the schema, or was used outside of it's defined class.\n\tSource tag: Finding-property/Signal-morphology-property/Sharp-wave-morphology/#\n\t\tSCHEMA_ATTRIBUTE_INVALID: Attribute 'inLibrary' used by 'Finding-property/Signal-morphology-property/Sharp-wave-morphology/#' was not defined in the schema, or was used outside of it's defined class.\n\tSource tag: Finding-property/Signal-morphology-property/Slow-sharp-wave-morphology\n\t\tSCHEMA_ATTRIBUTE_INVALID: Attribute 'inLibrary' used by 'Finding-property/Signal-morphology-property/Slow-sharp-wave-morphology' was not defined in the schema, or was used outside of it's defined class.\n\tSource tag: Finding-property/Signal-morphology-property/Slow-sharp-wave-morphology/#\n\t\tSCHEMA_ATTRIBUTE_INVALID: Attribute 'inLibrary' used by 'Finding-property/Signal-morphology-property/Slow-sharp-wave-morphology/#' was not defined in the schema, or was used outside of it's defined class.\n\tSource tag: Finding-property/Signal-morphology-property/Slow-wave-large-amplitude-morphology\n\t\tSCHEMA_ATTRIBUTE_INVALID: Attribute 'inLibrary' used by 'Finding-property/Signal-morphology-property/Slow-wave-large-amplitude-morphology' was not defined in the schema, or was used outside of it's defined class.\n\tSource tag: Finding-property/Signal-morphology-property/Slow-wave-large-amplitude-morphology/#\n\t\tSCHEMA_ATTRIBUTE_INVALID: Attribute 'inLibrary' used by 'Finding-property/Signal-morphology-property/Slow-wave-large-amplitude-morphology/#' was not defined in the schema, or was used outside of it's defined class.\n\tSource tag: Finding-property/Signal-morphology-property/Spike-and-slow-wave-morphology\n\t\tSCHEMA_ATTRIBUTE_INVALID: Attribute 'inLibrary' used by 'Finding-property/Signal-morphology-property/Spike-and-slow-wave-morphology' was not defined in the schema, or was used outside of it's defined class.\n\tSource tag: Finding-property/Signal-morphology-property/Spike-and-slow-wave-morphology/#\n\t\tSCHEMA_ATTRIBUTE_INVALID: Attribute 'inLibrary' used by 'Finding-property/Signal-morphology-property/Spike-and-slow-wave-morphology/#' was not defined in the schema, or was used outside of it's defined class.\n\tSource tag: Finding-property/Signal-morphology-property/Spike-morphology\n\t\tSCHEMA_ATTRIBUTE_INVALID: Attribute 'inLibrary' used by 'Finding-property/Signal-morphology-property/Spike-morphology' was not defined in the schema, or was used outside of it's defined class.\n\tSource tag: Finding-property/Signal-morphology-property/Spike-morphology/#\n\t\tSCHEMA_ATTRIBUTE_INVALID: Attribute 'inLibrary' used by 'Finding-property/Signal-morphology-property/Spike-morphology/#' was not defined in the schema, or was used outside of it's defined class.\n\tSource tag: Finding-property/Signal-morphology-property/Temporal-intermittent-rhythmic-delta-activity-morphology\n\t\tSCHEMA_ATTRIBUTE_INVALID: Attribute 'inLibrary' used by 'Finding-property/Signal-morphology-property/Temporal-intermittent-rhythmic-delta-activity-morphology' was not defined in the schema, or was used outside of it's defined class.\n\tSource tag: Finding-property/Signal-morphology-property/Temporal-intermittent-rhythmic-delta-activity-morphology/#\n\t\tSCHEMA_ATTRIBUTE_INVALID: Attribute 'inLibrary' used by 'Finding-property/Signal-morphology-property/Temporal-intermittent-rhythmic-delta-activity-morphology/#' was not defined in the schema, or was used outside of it's defined class.\n\tSource tag: Finding-property/Source-analysis-property\n\t\tSCHEMA_ATTRIBUTE_INVALID: Attribute 'inLibrary' used by 'Finding-property/Source-analysis-property' was not defined in the schema, or was used outside of it's defined class.\n\tSource tag: Finding-property/Source-analysis-property/Source-analysis-brain-region\n\t\tSCHEMA_ATTRIBUTE_INVALID: Attribute 'inLibrary' used by 'Finding-property/Source-analysis-property/Source-analysis-brain-region' was not defined in the schema, or was used outside of it's defined class.\n\tSource tag: Finding-property/Source-analysis-property/Source-analysis-brain-region/Source-analysis-central-lateral-convexity\n\t\tSCHEMA_ATTRIBUTE_INVALID: Attribute 'inLibrary' used by 'Finding-property/Source-analysis-property/Source-analysis-brain-region/Source-analysis-central-lateral-convexity' was not defined in the schema, or was used outside of it's defined class.\n\tSource tag: Finding-property/Source-analysis-property/Source-analysis-brain-region/Source-analysis-central-mesial\n\t\tSCHEMA_ATTRIBUTE_INVALID: Attribute 'inLibrary' used by 'Finding-property/Source-analysis-property/Source-analysis-brain-region/Source-analysis-central-mesial' was not defined in the schema, or was used outside of it's defined class.\n\tSource tag: Finding-property/Source-analysis-property/Source-analysis-brain-region/Source-analysis-central-opercular\n\t\tSCHEMA_ATTRIBUTE_INVALID: Attribute 'inLibrary' used by 'Finding-property/Source-analysis-property/Source-analysis-brain-region/Source-analysis-central-opercular' was not defined in the schema, or was used outside of it's defined class.\n\tSource tag: Finding-property/Source-analysis-property/Source-analysis-brain-region/Source-analysis-central-sulcus-anterior-surface\n\t\tSCHEMA_ATTRIBUTE_INVALID: Attribute 'inLibrary' used by 'Finding-property/Source-analysis-property/Source-analysis-brain-region/Source-analysis-central-sulcus-anterior-surface' was not defined in the schema, or was used outside of it's defined class.\n\tSource tag: Finding-property/Source-analysis-property/Source-analysis-brain-region/Source-analysis-central-sulcus-posterior-surface\n\t\tSCHEMA_ATTRIBUTE_INVALID: Attribute 'inLibrary' used by 'Finding-property/Source-analysis-property/Source-analysis-brain-region/Source-analysis-central-sulcus-posterior-surface' was not defined in the schema, or was used outside of it's defined class.\n\tSource tag: Finding-property/Source-analysis-property/Source-analysis-brain-region/Source-analysis-frontal-lateral\n\t\tSCHEMA_ATTRIBUTE_INVALID: Attribute 'inLibrary' used by 'Finding-property/Source-analysis-property/Source-analysis-brain-region/Source-analysis-frontal-lateral' was not defined in the schema, or was used outside of it's defined class.\n\tSource tag: Finding-property/Source-analysis-property/Source-analysis-brain-region/Source-analysis-frontal-mesial\n\t\tSCHEMA_ATTRIBUTE_INVALID: Attribute 'inLibrary' used by 'Finding-property/Source-analysis-property/Source-analysis-brain-region/Source-analysis-frontal-mesial' was not defined in the schema, or was used outside of it's defined class.\n\tSource tag: Finding-property/Source-analysis-property/Source-analysis-brain-region/Source-analysis-frontal-orbitofrontal\n\t\tSCHEMA_ATTRIBUTE_INVALID: Attribute 'inLibrary' used by 'Finding-property/Source-analysis-property/Source-analysis-brain-region/Source-analysis-frontal-orbitofrontal' was not defined in the schema, or was used outside of it's defined class.\n\tSource tag: Finding-property/Source-analysis-property/Source-analysis-brain-region/Source-analysis-frontal-perisylvian-superior-surface\n\t\tSCHEMA_ATTRIBUTE_INVALID: Attribute 'inLibrary' used by 'Finding-property/Source-analysis-property/Source-analysis-brain-region/Source-analysis-frontal-perisylvian-superior-surface' was not defined in the schema, or was used outside of it's defined class.\n\tSource tag: Finding-property/Source-analysis-property/Source-analysis-brain-region/Source-analysis-frontal-polar\n\t\tSCHEMA_ATTRIBUTE_INVALID: Attribute 'inLibrary' used by 'Finding-property/Source-analysis-property/Source-analysis-brain-region/Source-analysis-frontal-polar' was not defined in the schema, or was used outside of it's defined class.\n\tSource tag: Finding-property/Source-analysis-property/Source-analysis-brain-region/Source-analysis-insula\n\t\tSCHEMA_ATTRIBUTE_INVALID: Attribute 'inLibrary' used by 'Finding-property/Source-analysis-property/Source-analysis-brain-region/Source-analysis-insula' was not defined in the schema, or was used outside of it's defined class.\n\tSource tag: Finding-property/Source-analysis-property/Source-analysis-brain-region/Source-analysis-occipital-basal\n\t\tSCHEMA_ATTRIBUTE_INVALID: Attribute 'inLibrary' used by 'Finding-property/Source-analysis-property/Source-analysis-brain-region/Source-analysis-occipital-basal' was not defined in the schema, or was used outside of it's defined class.\n\tSource tag: Finding-property/Source-analysis-property/Source-analysis-brain-region/Source-analysis-occipital-lateral\n\t\tSCHEMA_ATTRIBUTE_INVALID: Attribute 'inLibrary' used by 'Finding-property/Source-analysis-property/Source-analysis-brain-region/Source-analysis-occipital-lateral' was not defined in the schema, or was used outside of it's defined class.\n\tSource tag: Finding-property/Source-analysis-property/Source-analysis-brain-region/Source-analysis-occipital-mesial\n\t\tSCHEMA_ATTRIBUTE_INVALID: Attribute 'inLibrary' used by 'Finding-property/Source-analysis-property/Source-analysis-brain-region/Source-analysis-occipital-mesial' was not defined in the schema, or was used outside of it's defined class.\n\tSource tag: Finding-property/Source-analysis-property/Source-analysis-brain-region/Source-analysis-parietal-lateral-convexity\n\t\tSCHEMA_ATTRIBUTE_INVALID: Attribute 'inLibrary' used by 'Finding-property/Source-analysis-property/Source-analysis-brain-region/Source-analysis-parietal-lateral-convexity' was not defined in the schema, or was used outside of it's defined class.\n\tSource tag: Finding-property/Source-analysis-property/Source-analysis-brain-region/Source-analysis-parietal-mesial\n\t\tSCHEMA_ATTRIBUTE_INVALID: Attribute 'inLibrary' used by 'Finding-property/Source-analysis-property/Source-analysis-brain-region/Source-analysis-parietal-mesial' was not defined in the schema, or was used outside of it's defined class.\n\tSource tag: Finding-property/Source-analysis-property/Source-analysis-brain-region/Source-analysis-parietal-opercular\n\t\tSCHEMA_ATTRIBUTE_INVALID: Attribute 'inLibrary' used by 'Finding-property/Source-analysis-property/Source-analysis-brain-region/Source-analysis-parietal-opercular' was not defined in the schema, or was used outside of it's defined class.\n\tSource tag: Finding-property/Source-analysis-property/Source-analysis-brain-region/Source-analysis-temporal-basal\n\t\tSCHEMA_ATTRIBUTE_INVALID: Attribute 'inLibrary' used by 'Finding-property/Source-analysis-property/Source-analysis-brain-region/Source-analysis-temporal-basal' was not defined in the schema, or was used outside of it's defined class.\n\tSource tag: Finding-property/Source-analysis-property/Source-analysis-brain-region/Source-analysis-temporal-lateral-anterior\n\t\tSCHEMA_ATTRIBUTE_INVALID: Attribute 'inLibrary' used by 'Finding-property/Source-analysis-property/Source-analysis-brain-region/Source-analysis-temporal-lateral-anterior' was not defined in the schema, or was used outside of it's defined class.\n\tSource tag: Finding-property/Source-analysis-property/Source-analysis-brain-region/Source-analysis-temporal-lateral-posterior\n\t\tSCHEMA_ATTRIBUTE_INVALID: Attribute 'inLibrary' used by 'Finding-property/Source-analysis-property/Source-analysis-brain-region/Source-analysis-temporal-lateral-posterior' was not defined in the schema, or was used outside of it's defined class.\n\tSource tag: Finding-property/Source-analysis-property/Source-analysis-brain-region/Source-analysis-temporal-perisylvian-inferior-surface\n\t\tSCHEMA_ATTRIBUTE_INVALID: Attribute 'inLibrary' used by 'Finding-property/Source-analysis-property/Source-analysis-brain-region/Source-analysis-temporal-perisylvian-inferior-surface' was not defined in the schema, or was used outside of it's defined class.\n\tSource tag: Finding-property/Source-analysis-property/Source-analysis-brain-region/Source-analysis-temporal-polar\n\t\tSCHEMA_ATTRIBUTE_INVALID: Attribute 'inLibrary' used by 'Finding-property/Source-analysis-property/Source-analysis-brain-region/Source-analysis-temporal-polar' was not defined in the schema, or was used outside of it's defined class.\n\tSource tag: Finding-property/Source-analysis-property/Source-analysis-laterality\n\t\tSCHEMA_ATTRIBUTE_INVALID: Attribute 'inLibrary' used by 'Finding-property/Source-analysis-property/Source-analysis-laterality' was not defined in the schema, or was used outside of it's defined class.\n\tSource tag: Finding-property/Time-related-property\n\t\tSCHEMA_ATTRIBUTE_INVALID: Attribute 'inLibrary' used by 'Finding-property/Time-related-property' was not defined in the schema, or was used outside of it's defined class.\n\tSource tag: Finding-property/Time-related-property/Appearance-mode\n\t\tSCHEMA_ATTRIBUTE_INVALID: Attribute 'inLibrary' used by 'Finding-property/Time-related-property/Appearance-mode' was not defined in the schema, or was used outside of it's defined class.\n\tSource tag: Finding-property/Time-related-property/Appearance-mode/Continuous-appearance-mode\n\t\tSCHEMA_ATTRIBUTE_INVALID: Attribute 'inLibrary' used by 'Finding-property/Time-related-property/Appearance-mode/Continuous-appearance-mode' was not defined in the schema, or was used outside of it's defined class.\n\tSource tag: Finding-property/Time-related-property/Appearance-mode/Continuous-appearance-mode/#\n\t\tSCHEMA_ATTRIBUTE_INVALID: Attribute 'inLibrary' used by 'Finding-property/Time-related-property/Appearance-mode/Continuous-appearance-mode/#' was not defined in the schema, or was used outside of it's defined class.\n\tSource tag: Finding-property/Time-related-property/Appearance-mode/Intermittent-appearance-mode\n\t\tSCHEMA_ATTRIBUTE_INVALID: Attribute 'inLibrary' used by 'Finding-property/Time-related-property/Appearance-mode/Intermittent-appearance-mode' was not defined in the schema, or was used outside of it's defined class.\n\tSource tag: Finding-property/Time-related-property/Appearance-mode/Intermittent-appearance-mode/#\n\t\tSCHEMA_ATTRIBUTE_INVALID: Attribute 'inLibrary' used by 'Finding-property/Time-related-property/Appearance-mode/Intermittent-appearance-mode/#' was not defined in the schema, or was used outside of it's defined class.\n\tSource tag: Finding-property/Time-related-property/Appearance-mode/Periodic-appearance-mode\n\t\tSCHEMA_ATTRIBUTE_INVALID: Attribute 'inLibrary' used by 'Finding-property/Time-related-property/Appearance-mode/Periodic-appearance-mode' was not defined in the schema, or was used outside of it's defined class.\n\tSource tag: Finding-property/Time-related-property/Appearance-mode/Periodic-appearance-mode/#\n\t\tSCHEMA_ATTRIBUTE_INVALID: Attribute 'inLibrary' used by 'Finding-property/Time-related-property/Appearance-mode/Periodic-appearance-mode/#' was not defined in the schema, or was used outside of it's defined class.\n\tSource tag: Finding-property/Time-related-property/Appearance-mode/Random-appearance-mode\n\t\tSCHEMA_ATTRIBUTE_INVALID: Attribute 'inLibrary' used by 'Finding-property/Time-related-property/Appearance-mode/Random-appearance-mode' was not defined in the schema, or was used outside of it's defined class.\n\tSource tag: Finding-property/Time-related-property/Appearance-mode/Random-appearance-mode/#\n\t\tSCHEMA_ATTRIBUTE_INVALID: Attribute 'inLibrary' used by 'Finding-property/Time-related-property/Appearance-mode/Random-appearance-mode/#' was not defined in the schema, or was used outside of it's defined class.\n\tSource tag: Finding-property/Time-related-property/Appearance-mode/Variable-appearance-mode\n\t\tSCHEMA_ATTRIBUTE_INVALID: Attribute 'inLibrary' used by 'Finding-property/Time-related-property/Appearance-mode/Variable-appearance-mode' was not defined in the schema, or was used outside of it's defined class.\n\tSource tag: Finding-property/Time-related-property/Appearance-mode/Variable-appearance-mode/#\n\t\tSCHEMA_ATTRIBUTE_INVALID: Attribute 'inLibrary' used by 'Finding-property/Time-related-property/Appearance-mode/Variable-appearance-mode/#' was not defined in the schema, or was used outside of it's defined class.\n\tSource tag: Finding-property/Time-related-property/Discharge-pattern\n\t\tSCHEMA_ATTRIBUTE_INVALID: Attribute 'inLibrary' used by 'Finding-property/Time-related-property/Discharge-pattern' was not defined in the schema, or was used outside of it's defined class.\n\tSource tag: Finding-property/Time-related-property/Discharge-pattern/Arrhythmic-trains-or-bursts-discharge-pattern\n\t\tSCHEMA_ATTRIBUTE_INVALID: Attribute 'inLibrary' used by 'Finding-property/Time-related-property/Discharge-pattern/Arrhythmic-trains-or-bursts-discharge-pattern' was not defined in the schema, or was used outside of it's defined class.\n\tSource tag: Finding-property/Time-related-property/Discharge-pattern/Arrhythmic-trains-or-bursts-discharge-pattern/#\n\t\tSCHEMA_ATTRIBUTE_INVALID: Attribute 'inLibrary' used by 'Finding-property/Time-related-property/Discharge-pattern/Arrhythmic-trains-or-bursts-discharge-pattern/#' was not defined in the schema, or was used outside of it's defined class.\n\tSource tag: Finding-property/Time-related-property/Discharge-pattern/Fragmented-discharge-pattern\n\t\tSCHEMA_ATTRIBUTE_INVALID: Attribute 'inLibrary' used by 'Finding-property/Time-related-property/Discharge-pattern/Fragmented-discharge-pattern' was not defined in the schema, or was used outside of it's defined class.\n\tSource tag: Finding-property/Time-related-property/Discharge-pattern/Fragmented-discharge-pattern/#\n\t\tSCHEMA_ATTRIBUTE_INVALID: Attribute 'inLibrary' used by 'Finding-property/Time-related-property/Discharge-pattern/Fragmented-discharge-pattern/#' was not defined in the schema, or was used outside of it's defined class.\n\tSource tag: Finding-property/Time-related-property/Discharge-pattern/Rhythmic-trains-or-bursts-discharge-pattern\n\t\tSCHEMA_ATTRIBUTE_INVALID: Attribute 'inLibrary' used by 'Finding-property/Time-related-property/Discharge-pattern/Rhythmic-trains-or-bursts-discharge-pattern' was not defined in the schema, or was used outside of it's defined class.\n\tSource tag: Finding-property/Time-related-property/Discharge-pattern/Rhythmic-trains-or-bursts-discharge-pattern/#\n\t\tSCHEMA_ATTRIBUTE_INVALID: Attribute 'inLibrary' used by 'Finding-property/Time-related-property/Discharge-pattern/Rhythmic-trains-or-bursts-discharge-pattern/#' was not defined in the schema, or was used outside of it's defined class.\n\tSource tag: Finding-property/Time-related-property/Discharge-pattern/Single-discharge-pattern\n\t\tSCHEMA_ATTRIBUTE_INVALID: Attribute 'inLibrary' used by 'Finding-property/Time-related-property/Discharge-pattern/Single-discharge-pattern' was not defined in the schema, or was used outside of it's defined class.\n\tSource tag: Finding-property/Time-related-property/Discharge-pattern/Single-discharge-pattern/#\n\t\tSCHEMA_ATTRIBUTE_INVALID: Attribute 'inLibrary' used by 'Finding-property/Time-related-property/Discharge-pattern/Single-discharge-pattern/#' was not defined in the schema, or was used outside of it's defined class.\n\tSource tag: Finding-property/Time-related-property/Finding-extent\n\t\tSCHEMA_ATTRIBUTE_INVALID: Attribute 'inLibrary' used by 'Finding-property/Time-related-property/Finding-extent' was not defined in the schema, or was used outside of it's defined class.\n\tSource tag: Finding-property/Time-related-property/Finding-extent/#\n\t\tSCHEMA_ATTRIBUTE_INVALID: Attribute 'inLibrary' used by 'Finding-property/Time-related-property/Finding-extent/#' was not defined in the schema, or was used outside of it's defined class.\n\tSource tag: Finding-property/Time-related-property/Finding-incidence\n\t\tSCHEMA_ATTRIBUTE_INVALID: Attribute 'inLibrary' used by 'Finding-property/Time-related-property/Finding-incidence' was not defined in the schema, or was used outside of it's defined class.\n\tSource tag: Finding-property/Time-related-property/Finding-incidence/Abundant-finding-incidence\n\t\tSCHEMA_ATTRIBUTE_INVALID: Attribute 'inLibrary' used by 'Finding-property/Time-related-property/Finding-incidence/Abundant-finding-incidence' was not defined in the schema, or was used outside of it's defined class.\n\tSource tag: Finding-property/Time-related-property/Finding-incidence/Abundant-finding-incidence/#\n\t\tSCHEMA_ATTRIBUTE_INVALID: Attribute 'inLibrary' used by 'Finding-property/Time-related-property/Finding-incidence/Abundant-finding-incidence/#' was not defined in the schema, or was used outside of it's defined class.\n\tSource tag: Finding-property/Time-related-property/Finding-incidence/Frequent-finding-incidence\n\t\tSCHEMA_ATTRIBUTE_INVALID: Attribute 'inLibrary' used by 'Finding-property/Time-related-property/Finding-incidence/Frequent-finding-incidence' was not defined in the schema, or was used outside of it's defined class.\n\tSource tag: Finding-property/Time-related-property/Finding-incidence/Frequent-finding-incidence/#\n\t\tSCHEMA_ATTRIBUTE_INVALID: Attribute 'inLibrary' used by 'Finding-property/Time-related-property/Finding-incidence/Frequent-finding-incidence/#' was not defined in the schema, or was used outside of it's defined class.\n\tSource tag: Finding-property/Time-related-property/Finding-incidence/Occasional-finding-incidence\n\t\tSCHEMA_ATTRIBUTE_INVALID: Attribute 'inLibrary' used by 'Finding-property/Time-related-property/Finding-incidence/Occasional-finding-incidence' was not defined in the schema, or was used outside of it's defined class.\n\tSource tag: Finding-property/Time-related-property/Finding-incidence/Occasional-finding-incidence/#\n\t\tSCHEMA_ATTRIBUTE_INVALID: Attribute 'inLibrary' used by 'Finding-property/Time-related-property/Finding-incidence/Occasional-finding-incidence/#' was not defined in the schema, or was used outside of it's defined class.\n\tSource tag: Finding-property/Time-related-property/Finding-incidence/Only-once-finding-incidence\n\t\tSCHEMA_ATTRIBUTE_INVALID: Attribute 'inLibrary' used by 'Finding-property/Time-related-property/Finding-incidence/Only-once-finding-incidence' was not defined in the schema, or was used outside of it's defined class.\n\tSource tag: Finding-property/Time-related-property/Finding-incidence/Only-once-finding-incidence/#\n\t\tSCHEMA_ATTRIBUTE_INVALID: Attribute 'inLibrary' used by 'Finding-property/Time-related-property/Finding-incidence/Only-once-finding-incidence/#' was not defined in the schema, or was used outside of it's defined class.\n\tSource tag: Finding-property/Time-related-property/Finding-incidence/Rare-finding-incidence\n\t\tSCHEMA_ATTRIBUTE_INVALID: Attribute 'inLibrary' used by 'Finding-property/Time-related-property/Finding-incidence/Rare-finding-incidence' was not defined in the schema, or was used outside of it's defined class.\n\tSource tag: Finding-property/Time-related-property/Finding-incidence/Rare-finding-incidence/#\n\t\tSCHEMA_ATTRIBUTE_INVALID: Attribute 'inLibrary' used by 'Finding-property/Time-related-property/Finding-incidence/Rare-finding-incidence/#' was not defined in the schema, or was used outside of it's defined class.\n\tSource tag: Finding-property/Time-related-property/Finding-incidence/Uncommon-finding-incidence\n\t\tSCHEMA_ATTRIBUTE_INVALID: Attribute 'inLibrary' used by 'Finding-property/Time-related-property/Finding-incidence/Uncommon-finding-incidence' was not defined in the schema, or was used outside of it's defined class.\n\tSource tag: Finding-property/Time-related-property/Finding-incidence/Uncommon-finding-incidence/#\n\t\tSCHEMA_ATTRIBUTE_INVALID: Attribute 'inLibrary' used by 'Finding-property/Time-related-property/Finding-incidence/Uncommon-finding-incidence/#' was not defined in the schema, or was used outside of it's defined class.\n\tSource tag: Finding-property/Time-related-property/Finding-prevalence\n\t\tSCHEMA_ATTRIBUTE_INVALID: Attribute 'inLibrary' used by 'Finding-property/Time-related-property/Finding-prevalence' was not defined in the schema, or was used outside of it's defined class.\n\tSource tag: Finding-property/Time-related-property/Finding-prevalence/Abundant-finding-prevalence\n\t\tSCHEMA_ATTRIBUTE_INVALID: Attribute 'inLibrary' used by 'Finding-property/Time-related-property/Finding-prevalence/Abundant-finding-prevalence' was not defined in the schema, or was used outside of it's defined class.\n\tSource tag: Finding-property/Time-related-property/Finding-prevalence/Abundant-finding-prevalence/#\n\t\tSCHEMA_ATTRIBUTE_INVALID: Attribute 'inLibrary' used by 'Finding-property/Time-related-property/Finding-prevalence/Abundant-finding-prevalence/#' was not defined in the schema, or was used outside of it's defined class.\n\tSource tag: Finding-property/Time-related-property/Finding-prevalence/Continuous-finding-prevalence\n\t\tSCHEMA_ATTRIBUTE_INVALID: Attribute 'inLibrary' used by 'Finding-property/Time-related-property/Finding-prevalence/Continuous-finding-prevalence' was not defined in the schema, or was used outside of it's defined class.\n\tSource tag: Finding-property/Time-related-property/Finding-prevalence/Continuous-finding-prevalence/#\n\t\tSCHEMA_ATTRIBUTE_INVALID: Attribute 'inLibrary' used by 'Finding-property/Time-related-property/Finding-prevalence/Continuous-finding-prevalence/#' was not defined in the schema, or was used outside of it's defined class.\n\tSource tag: Finding-property/Time-related-property/Finding-prevalence/Frequent-finding-prevalence\n\t\tSCHEMA_ATTRIBUTE_INVALID: Attribute 'inLibrary' used by 'Finding-property/Time-related-property/Finding-prevalence/Frequent-finding-prevalence' was not defined in the schema, or was used outside of it's defined class.\n\tSource tag: Finding-property/Time-related-property/Finding-prevalence/Frequent-finding-prevalence/#\n\t\tSCHEMA_ATTRIBUTE_INVALID: Attribute 'inLibrary' used by 'Finding-property/Time-related-property/Finding-prevalence/Frequent-finding-prevalence/#' was not defined in the schema, or was used outside of it's defined class.\n\tSource tag: Finding-property/Time-related-property/Finding-prevalence/Occasional-finding-prevalence\n\t\tSCHEMA_ATTRIBUTE_INVALID: Attribute 'inLibrary' used by 'Finding-property/Time-related-property/Finding-prevalence/Occasional-finding-prevalence' was not defined in the schema, or was used outside of it's defined class.\n\tSource tag: Finding-property/Time-related-property/Finding-prevalence/Occasional-finding-prevalence/#\n\t\tSCHEMA_ATTRIBUTE_INVALID: Attribute 'inLibrary' used by 'Finding-property/Time-related-property/Finding-prevalence/Occasional-finding-prevalence/#' was not defined in the schema, or was used outside of it's defined class.\n\tSource tag: Finding-property/Time-related-property/Finding-prevalence/Rare-finding-prevalence\n\t\tSCHEMA_ATTRIBUTE_INVALID: Attribute 'inLibrary' used by 'Finding-property/Time-related-property/Finding-prevalence/Rare-finding-prevalence' was not defined in the schema, or was used outside of it's defined class.\n\tSource tag: Finding-property/Time-related-property/Finding-prevalence/Rare-finding-prevalence/#\n\t\tSCHEMA_ATTRIBUTE_INVALID: Attribute 'inLibrary' used by 'Finding-property/Time-related-property/Finding-prevalence/Rare-finding-prevalence/#' was not defined in the schema, or was used outside of it's defined class.\n\tSource tag: Finding-property/Time-related-property/Periodic-discharge-time-related-features\n\t\tSCHEMA_ATTRIBUTE_INVALID: Attribute 'inLibrary' used by 'Finding-property/Time-related-property/Periodic-discharge-time-related-features' was not defined in the schema, or was used outside of it's defined class.\n\tSource tag: Finding-property/Time-related-property/Periodic-discharge-time-related-features/Periodic-discharge-duration\n\t\tSCHEMA_ATTRIBUTE_INVALID: Attribute 'inLibrary' used by 'Finding-property/Time-related-property/Periodic-discharge-time-related-features/Periodic-discharge-duration' was not defined in the schema, or was used outside of it's defined class.\n\tSource tag: Finding-property/Time-related-property/Periodic-discharge-time-related-features/Periodic-discharge-duration/Brief-periodic-discharge-duration\n\t\tSCHEMA_ATTRIBUTE_INVALID: Attribute 'inLibrary' used by 'Finding-property/Time-related-property/Periodic-discharge-time-related-features/Periodic-discharge-duration/Brief-periodic-discharge-duration' was not defined in the schema, or was used outside of it's defined class.\n\tSource tag: Finding-property/Time-related-property/Periodic-discharge-time-related-features/Periodic-discharge-duration/Brief-periodic-discharge-duration/#\n\t\tSCHEMA_ATTRIBUTE_INVALID: Attribute 'inLibrary' used by 'Finding-property/Time-related-property/Periodic-discharge-time-related-features/Periodic-discharge-duration/Brief-periodic-discharge-duration/#' was not defined in the schema, or was used outside of it's defined class.\n\tSource tag: Finding-property/Time-related-property/Periodic-discharge-time-related-features/Periodic-discharge-duration/Intermediate-periodic-discharge-duration\n\t\tSCHEMA_ATTRIBUTE_INVALID: Attribute 'inLibrary' used by 'Finding-property/Time-related-property/Periodic-discharge-time-related-features/Periodic-discharge-duration/Intermediate-periodic-discharge-duration' was not defined in the schema, or was used outside of it's defined class.\n\tSource tag: Finding-property/Time-related-property/Periodic-discharge-time-related-features/Periodic-discharge-duration/Intermediate-periodic-discharge-duration/#\n\t\tSCHEMA_ATTRIBUTE_INVALID: Attribute 'inLibrary' used by 'Finding-property/Time-related-property/Periodic-discharge-time-related-features/Periodic-discharge-duration/Intermediate-periodic-discharge-duration/#' was not defined in the schema, or was used outside of it's defined class.\n\tSource tag: Finding-property/Time-related-property/Periodic-discharge-time-related-features/Periodic-discharge-duration/Long-periodic-discharge-duration\n\t\tSCHEMA_ATTRIBUTE_INVALID: Attribute 'inLibrary' used by 'Finding-property/Time-related-property/Periodic-discharge-time-related-features/Periodic-discharge-duration/Long-periodic-discharge-duration' was not defined in the schema, or was used outside of it's defined class.\n\tSource tag: Finding-property/Time-related-property/Periodic-discharge-time-related-features/Periodic-discharge-duration/Long-periodic-discharge-duration/#\n\t\tSCHEMA_ATTRIBUTE_INVALID: Attribute 'inLibrary' used by 'Finding-property/Time-related-property/Periodic-discharge-time-related-features/Periodic-discharge-duration/Long-periodic-discharge-duration/#' was not defined in the schema, or was used outside of it's defined class.\n\tSource tag: Finding-property/Time-related-property/Periodic-discharge-time-related-features/Periodic-discharge-duration/Very-brief-periodic-discharge-duration\n\t\tSCHEMA_ATTRIBUTE_INVALID: Attribute 'inLibrary' used by 'Finding-property/Time-related-property/Periodic-discharge-time-related-features/Periodic-discharge-duration/Very-brief-periodic-discharge-duration' was not defined in the schema, or was used outside of it's defined class.\n\tSource tag: Finding-property/Time-related-property/Periodic-discharge-time-related-features/Periodic-discharge-duration/Very-brief-periodic-discharge-duration/#\n\t\tSCHEMA_ATTRIBUTE_INVALID: Attribute 'inLibrary' used by 'Finding-property/Time-related-property/Periodic-discharge-time-related-features/Periodic-discharge-duration/Very-brief-periodic-discharge-duration/#' was not defined in the schema, or was used outside of it's defined class.\n\tSource tag: Finding-property/Time-related-property/Periodic-discharge-time-related-features/Periodic-discharge-duration/Very-long-periodic-discharge-duration\n\t\tSCHEMA_ATTRIBUTE_INVALID: Attribute 'inLibrary' used by 'Finding-property/Time-related-property/Periodic-discharge-time-related-features/Periodic-discharge-duration/Very-long-periodic-discharge-duration' was not defined in the schema, or was used outside of it's defined class.\n\tSource tag: Finding-property/Time-related-property/Periodic-discharge-time-related-features/Periodic-discharge-duration/Very-long-periodic-discharge-duration/#\n\t\tSCHEMA_ATTRIBUTE_INVALID: Attribute 'inLibrary' used by 'Finding-property/Time-related-property/Periodic-discharge-time-related-features/Periodic-discharge-duration/Very-long-periodic-discharge-duration/#' was not defined in the schema, or was used outside of it's defined class.\n\tSource tag: Finding-property/Time-related-property/Periodic-discharge-time-related-features/Periodic-discharge-dynamics\n\t\tSCHEMA_ATTRIBUTE_INVALID: Attribute 'inLibrary' used by 'Finding-property/Time-related-property/Periodic-discharge-time-related-features/Periodic-discharge-dynamics' was not defined in the schema, or was used outside of it's defined class.\n\tSource tag: Finding-property/Time-related-property/Periodic-discharge-time-related-features/Periodic-discharge-dynamics/Evolving-periodic-discharge-dynamics\n\t\tSCHEMA_ATTRIBUTE_INVALID: Attribute 'inLibrary' used by 'Finding-property/Time-related-property/Periodic-discharge-time-related-features/Periodic-discharge-dynamics/Evolving-periodic-discharge-dynamics' was not defined in the schema, or was used outside of it's defined class.\n\tSource tag: Finding-property/Time-related-property/Periodic-discharge-time-related-features/Periodic-discharge-dynamics/Evolving-periodic-discharge-dynamics/#\n\t\tSCHEMA_ATTRIBUTE_INVALID: Attribute 'inLibrary' used by 'Finding-property/Time-related-property/Periodic-discharge-time-related-features/Periodic-discharge-dynamics/Evolving-periodic-discharge-dynamics/#' was not defined in the schema, or was used outside of it's defined class.\n\tSource tag: Finding-property/Time-related-property/Periodic-discharge-time-related-features/Periodic-discharge-dynamics/Fluctuating-periodic-discharge-dynamics\n\t\tSCHEMA_ATTRIBUTE_INVALID: Attribute 'inLibrary' used by 'Finding-property/Time-related-property/Periodic-discharge-time-related-features/Periodic-discharge-dynamics/Fluctuating-periodic-discharge-dynamics' was not defined in the schema, or was used outside of it's defined class.\n\tSource tag: Finding-property/Time-related-property/Periodic-discharge-time-related-features/Periodic-discharge-dynamics/Fluctuating-periodic-discharge-dynamics/#\n\t\tSCHEMA_ATTRIBUTE_INVALID: Attribute 'inLibrary' used by 'Finding-property/Time-related-property/Periodic-discharge-time-related-features/Periodic-discharge-dynamics/Fluctuating-periodic-discharge-dynamics/#' was not defined in the schema, or was used outside of it's defined class.\n\tSource tag: Finding-property/Time-related-property/Periodic-discharge-time-related-features/Periodic-discharge-dynamics/Static-periodic-discharge-dynamics\n\t\tSCHEMA_ATTRIBUTE_INVALID: Attribute 'inLibrary' used by 'Finding-property/Time-related-property/Periodic-discharge-time-related-features/Periodic-discharge-dynamics/Static-periodic-discharge-dynamics' was not defined in the schema, or was used outside of it's defined class.\n\tSource tag: Finding-property/Time-related-property/Periodic-discharge-time-related-features/Periodic-discharge-dynamics/Static-periodic-discharge-dynamics/#\n\t\tSCHEMA_ATTRIBUTE_INVALID: Attribute 'inLibrary' used by 'Finding-property/Time-related-property/Periodic-discharge-time-related-features/Periodic-discharge-dynamics/Static-periodic-discharge-dynamics/#' was not defined in the schema, or was used outside of it's defined class.\n\tSource tag: Finding-property/Time-related-property/Periodic-discharge-time-related-features/Periodic-discharge-onset\n\t\tSCHEMA_ATTRIBUTE_INVALID: Attribute 'inLibrary' used by 'Finding-property/Time-related-property/Periodic-discharge-time-related-features/Periodic-discharge-onset' was not defined in the schema, or was used outside of it's defined class.\n\tSource tag: Finding-property/Time-related-property/Periodic-discharge-time-related-features/Periodic-discharge-onset/Gradual-periodic-discharge-onset\n\t\tSCHEMA_ATTRIBUTE_INVALID: Attribute 'inLibrary' used by 'Finding-property/Time-related-property/Periodic-discharge-time-related-features/Periodic-discharge-onset/Gradual-periodic-discharge-onset' was not defined in the schema, or was used outside of it's defined class.\n\tSource tag: Finding-property/Time-related-property/Periodic-discharge-time-related-features/Periodic-discharge-onset/Gradual-periodic-discharge-onset/#\n\t\tSCHEMA_ATTRIBUTE_INVALID: Attribute 'inLibrary' used by 'Finding-property/Time-related-property/Periodic-discharge-time-related-features/Periodic-discharge-onset/Gradual-periodic-discharge-onset/#' was not defined in the schema, or was used outside of it's defined class.\n\tSource tag: Finding-property/Time-related-property/Periodic-discharge-time-related-features/Periodic-discharge-onset/Sudden-periodic-discharge-onset\n\t\tSCHEMA_ATTRIBUTE_INVALID: Attribute 'inLibrary' used by 'Finding-property/Time-related-property/Periodic-discharge-time-related-features/Periodic-discharge-onset/Sudden-periodic-discharge-onset' was not defined in the schema, or was used outside of it's defined class.\n\tSource tag: Finding-property/Time-related-property/Periodic-discharge-time-related-features/Periodic-discharge-onset/Sudden-periodic-discharge-onset/#\n\t\tSCHEMA_ATTRIBUTE_INVALID: Attribute 'inLibrary' used by 'Finding-property/Time-related-property/Periodic-discharge-time-related-features/Periodic-discharge-onset/Sudden-periodic-discharge-onset/#' was not defined in the schema, or was used outside of it's defined class.\n\tSource tag: Interictal-finding\n\t\tSCHEMA_ATTRIBUTE_INVALID: Attribute 'inLibrary' used by 'Interictal-finding' was not defined in the schema, or was used outside of it's defined class.\n\tSource tag: Interictal-finding/Abnormal-interictal-rhythmic-activity\n\t\tSCHEMA_ATTRIBUTE_INVALID: Attribute 'inLibrary' used by 'Interictal-finding/Abnormal-interictal-rhythmic-activity' was not defined in the schema, or was used outside of it's defined class.\n\tSource tag: Interictal-finding/Epileptiform-interictal-activity\n\t\tSCHEMA_ATTRIBUTE_INVALID: Attribute 'inLibrary' used by 'Interictal-finding/Epileptiform-interictal-activity' was not defined in the schema, or was used outside of it's defined class.\n\tSource tag: Interictal-finding/Interictal-special-patterns\n\t\tSCHEMA_ATTRIBUTE_INVALID: Attribute 'inLibrary' used by 'Interictal-finding/Interictal-special-patterns' was not defined in the schema, or was used outside of it's defined class.\n\tSource tag: Interictal-finding/Interictal-special-patterns/Extreme-delta-brush\n\t\tSCHEMA_ATTRIBUTE_INVALID: Attribute 'inLibrary' used by 'Interictal-finding/Interictal-special-patterns/Extreme-delta-brush' was not defined in the schema, or was used outside of it's defined class.\n\tSource tag: Interictal-finding/Interictal-special-patterns/Interictal-periodic-discharges\n\t\tSCHEMA_ATTRIBUTE_INVALID: Attribute 'inLibrary' used by 'Interictal-finding/Interictal-special-patterns/Interictal-periodic-discharges' was not defined in the schema, or was used outside of it's defined class.\n\tSource tag: Interictal-finding/Interictal-special-patterns/Interictal-periodic-discharges/Bilateral-independent-periodic-discharges\n\t\tSCHEMA_ATTRIBUTE_INVALID: Attribute 'inLibrary' used by 'Interictal-finding/Interictal-special-patterns/Interictal-periodic-discharges/Bilateral-independent-periodic-discharges' was not defined in the schema, or was used outside of it's defined class.\n\tSource tag: Interictal-finding/Interictal-special-patterns/Interictal-periodic-discharges/Generalized-periodic-discharges\n\t\tSCHEMA_ATTRIBUTE_INVALID: Attribute 'inLibrary' used by 'Interictal-finding/Interictal-special-patterns/Interictal-periodic-discharges/Generalized-periodic-discharges' was not defined in the schema, or was used outside of it's defined class.\n\tSource tag: Interictal-finding/Interictal-special-patterns/Interictal-periodic-discharges/Lateralized-periodic-discharges\n\t\tSCHEMA_ATTRIBUTE_INVALID: Attribute 'inLibrary' used by 'Interictal-finding/Interictal-special-patterns/Interictal-periodic-discharges/Lateralized-periodic-discharges' was not defined in the schema, or was used outside of it's defined class.\n\tSource tag: Interictal-finding/Interictal-special-patterns/Interictal-periodic-discharges/Multifocal-periodic-discharges\n\t\tSCHEMA_ATTRIBUTE_INVALID: Attribute 'inLibrary' used by 'Interictal-finding/Interictal-special-patterns/Interictal-periodic-discharges/Multifocal-periodic-discharges' was not defined in the schema, or was used outside of it's defined class.\n\tSource tag: Modulator\n\t\tSCHEMA_ATTRIBUTE_INVALID: Attribute 'inLibrary' used by 'Modulator' was not defined in the schema, or was used outside of it's defined class.\n\tSource tag: Modulator/Cognitive-task\n\t\tSCHEMA_ATTRIBUTE_INVALID: Attribute 'inLibrary' used by 'Modulator/Cognitive-task' was not defined in the schema, or was used outside of it's defined class.\n\tSource tag: Modulator/Cognitive-task/#\n\t\tSCHEMA_ATTRIBUTE_INVALID: Attribute 'inLibrary' used by 'Modulator/Cognitive-task/#' was not defined in the schema, or was used outside of it's defined class.\n\tSource tag: Modulator/Eye-modulator\n\t\tSCHEMA_ATTRIBUTE_INVALID: Attribute 'inLibrary' used by 'Modulator/Eye-modulator' was not defined in the schema, or was used outside of it's defined class.\n\tSource tag: Modulator/Eye-modulator/Manual-eye-closure\n\t\tSCHEMA_ATTRIBUTE_INVALID: Attribute 'inLibrary' used by 'Modulator/Eye-modulator/Manual-eye-closure' was not defined in the schema, or was used outside of it's defined class.\n\tSource tag: Modulator/Eye-modulator/Manual-eye-closure/#\n\t\tSCHEMA_ATTRIBUTE_INVALID: Attribute 'inLibrary' used by 'Modulator/Eye-modulator/Manual-eye-closure/#' was not defined in the schema, or was used outside of it's defined class.\n\tSource tag: Modulator/Eye-modulator/Manual-eye-opening\n\t\tSCHEMA_ATTRIBUTE_INVALID: Attribute 'inLibrary' used by 'Modulator/Eye-modulator/Manual-eye-opening' was not defined in the schema, or was used outside of it's defined class.\n\tSource tag: Modulator/Eye-modulator/Manual-eye-opening/#\n\t\tSCHEMA_ATTRIBUTE_INVALID: Attribute 'inLibrary' used by 'Modulator/Eye-modulator/Manual-eye-opening/#' was not defined in the schema, or was used outside of it's defined class.\n\tSource tag: Modulator/Hyperventilation\n\t\tSCHEMA_ATTRIBUTE_INVALID: Attribute 'inLibrary' used by 'Modulator/Hyperventilation' was not defined in the schema, or was used outside of it's defined class.\n\tSource tag: Modulator/Hyperventilation/#\n\t\tSCHEMA_ATTRIBUTE_INVALID: Attribute 'inLibrary' used by 'Modulator/Hyperventilation/#' was not defined in the schema, or was used outside of it's defined class.\n\tSource tag: Modulator/Medication-modulator\n\t\tSCHEMA_ATTRIBUTE_INVALID: Attribute 'inLibrary' used by 'Modulator/Medication-modulator' was not defined in the schema, or was used outside of it's defined class.\n\tSource tag: Modulator/Medication-modulator/Medication-administered-during-recording\n\t\tSCHEMA_ATTRIBUTE_INVALID: Attribute 'inLibrary' used by 'Modulator/Medication-modulator/Medication-administered-during-recording' was not defined in the schema, or was used outside of it's defined class.\n\tSource tag: Modulator/Medication-modulator/Medication-administered-during-recording/#\n\t\tSCHEMA_ATTRIBUTE_INVALID: Attribute 'inLibrary' used by 'Modulator/Medication-modulator/Medication-administered-during-recording/#' was not defined in the schema, or was used outside of it's defined class.\n\tSource tag: Modulator/Medication-modulator/Medication-withdrawal-or-reduction-during-recording\n\t\tSCHEMA_ATTRIBUTE_INVALID: Attribute 'inLibrary' used by 'Modulator/Medication-modulator/Medication-withdrawal-or-reduction-during-recording' was not defined in the schema, or was used outside of it's defined class.\n\tSource tag: Modulator/Medication-modulator/Medication-withdrawal-or-reduction-during-recording/#\n\t\tSCHEMA_ATTRIBUTE_INVALID: Attribute 'inLibrary' used by 'Modulator/Medication-modulator/Medication-withdrawal-or-reduction-during-recording/#' was not defined in the schema, or was used outside of it's defined class.\n\tSource tag: Modulator/Other-modulator-or-procedure\n\t\tSCHEMA_ATTRIBUTE_INVALID: Attribute 'inLibrary' used by 'Modulator/Other-modulator-or-procedure' was not defined in the schema, or was used outside of it's defined class.\n\tSource tag: Modulator/Other-modulator-or-procedure/#\n\t\tSCHEMA_ATTRIBUTE_INVALID: Attribute 'inLibrary' used by 'Modulator/Other-modulator-or-procedure/#' was not defined in the schema, or was used outside of it's defined class.\n\tSource tag: Modulator/Physical-effort\n\t\tSCHEMA_ATTRIBUTE_INVALID: Attribute 'inLibrary' used by 'Modulator/Physical-effort' was not defined in the schema, or was used outside of it's defined class.\n\tSource tag: Modulator/Physical-effort/#\n\t\tSCHEMA_ATTRIBUTE_INVALID: Attribute 'inLibrary' used by 'Modulator/Physical-effort/#' was not defined in the schema, or was used outside of it's defined class.\n\tSource tag: Modulator/Sleep-modulator\n\t\tSCHEMA_ATTRIBUTE_INVALID: Attribute 'inLibrary' used by 'Modulator/Sleep-modulator' was not defined in the schema, or was used outside of it's defined class.\n\tSource tag: Modulator/Sleep-modulator/Awakening\n\t\tSCHEMA_ATTRIBUTE_INVALID: Attribute 'inLibrary' used by 'Modulator/Sleep-modulator/Awakening' was not defined in the schema, or was used outside of it's defined class.\n\tSource tag: Modulator/Sleep-modulator/Awakening/#\n\t\tSCHEMA_ATTRIBUTE_INVALID: Attribute 'inLibrary' used by 'Modulator/Sleep-modulator/Awakening/#' was not defined in the schema, or was used outside of it's defined class.\n\tSource tag: Modulator/Sleep-modulator/Drowsiness\n\t\tSCHEMA_ATTRIBUTE_INVALID: Attribute 'inLibrary' used by 'Modulator/Sleep-modulator/Drowsiness' was not defined in the schema, or was used outside of it's defined class.\n\tSource tag: Modulator/Sleep-modulator/Drowsiness/#\n\t\tSCHEMA_ATTRIBUTE_INVALID: Attribute 'inLibrary' used by 'Modulator/Sleep-modulator/Drowsiness/#' was not defined in the schema, or was used outside of it's defined class.\n\tSource tag: Modulator/Sleep-modulator/Induced-sleep\n\t\tSCHEMA_ATTRIBUTE_INVALID: Attribute 'inLibrary' used by 'Modulator/Sleep-modulator/Induced-sleep' was not defined in the schema, or was used outside of it's defined class.\n\tSource tag: Modulator/Sleep-modulator/Induced-sleep/#\n\t\tSCHEMA_ATTRIBUTE_INVALID: Attribute 'inLibrary' used by 'Modulator/Sleep-modulator/Induced-sleep/#' was not defined in the schema, or was used outside of it's defined class.\n\tSource tag: Modulator/Sleep-modulator/Natural-sleep\n\t\tSCHEMA_ATTRIBUTE_INVALID: Attribute 'inLibrary' used by 'Modulator/Sleep-modulator/Natural-sleep' was not defined in the schema, or was used outside of it's defined class.\n\tSource tag: Modulator/Sleep-modulator/Natural-sleep/#\n\t\tSCHEMA_ATTRIBUTE_INVALID: Attribute 'inLibrary' used by 'Modulator/Sleep-modulator/Natural-sleep/#' was not defined in the schema, or was used outside of it's defined class.\n\tSource tag: Modulator/Sleep-modulator/Sleep-deprivation\n\t\tSCHEMA_ATTRIBUTE_INVALID: Attribute 'inLibrary' used by 'Modulator/Sleep-modulator/Sleep-deprivation' was not defined in the schema, or was used outside of it's defined class.\n\tSource tag: Modulator/Sleep-modulator/Sleep-deprivation/#\n\t\tSCHEMA_ATTRIBUTE_INVALID: Attribute 'inLibrary' used by 'Modulator/Sleep-modulator/Sleep-deprivation/#' was not defined in the schema, or was used outside of it's defined class.\n\tSource tag: Modulator/Sleep-modulator/Sleep-following-sleep-deprivation\n\t\tSCHEMA_ATTRIBUTE_INVALID: Attribute 'inLibrary' used by 'Modulator/Sleep-modulator/Sleep-following-sleep-deprivation' was not defined in the schema, or was used outside of it's defined class.\n\tSource tag: Modulator/Sleep-modulator/Sleep-following-sleep-deprivation/#\n\t\tSCHEMA_ATTRIBUTE_INVALID: Attribute 'inLibrary' used by 'Modulator/Sleep-modulator/Sleep-following-sleep-deprivation/#' was not defined in the schema, or was used outside of it's defined class.\n\tSource tag: Modulator/Stimulation-modulator\n\t\tSCHEMA_ATTRIBUTE_INVALID: Attribute 'inLibrary' used by 'Modulator/Stimulation-modulator' was not defined in the schema, or was used outside of it's defined class.\n\tSource tag: Modulator/Stimulation-modulator/Auditory-stimulation\n\t\tSCHEMA_ATTRIBUTE_INVALID: Attribute 'inLibrary' used by 'Modulator/Stimulation-modulator/Auditory-stimulation' was not defined in the schema, or was used outside of it's defined class.\n\tSource tag: Modulator/Stimulation-modulator/Auditory-stimulation/#\n\t\tSCHEMA_ATTRIBUTE_INVALID: Attribute 'inLibrary' used by 'Modulator/Stimulation-modulator/Auditory-stimulation/#' was not defined in the schema, or was used outside of it's defined class.\n\tSource tag: Modulator/Stimulation-modulator/Intermittent-photic-stimulation\n\t\tSCHEMA_ATTRIBUTE_INVALID: Attribute 'inLibrary' used by 'Modulator/Stimulation-modulator/Intermittent-photic-stimulation' was not defined in the schema, or was used outside of it's defined class.\n\tSource tag: Modulator/Stimulation-modulator/Intermittent-photic-stimulation/#\n\t\tSCHEMA_ATTRIBUTE_INVALID: Attribute 'inLibrary' used by 'Modulator/Stimulation-modulator/Intermittent-photic-stimulation/#' was not defined in the schema, or was used outside of it's defined class.\n\tSource tag: Modulator/Stimulation-modulator/Nociceptive-stimulation\n\t\tSCHEMA_ATTRIBUTE_INVALID: Attribute 'inLibrary' used by 'Modulator/Stimulation-modulator/Nociceptive-stimulation' was not defined in the schema, or was used outside of it's defined class.\n\tSource tag: Modulator/Stimulation-modulator/Nociceptive-stimulation/#\n\t\tSCHEMA_ATTRIBUTE_INVALID: Attribute 'inLibrary' used by 'Modulator/Stimulation-modulator/Nociceptive-stimulation/#' was not defined in the schema, or was used outside of it's defined class.\n\tSource tag: Physiologic-pattern\n\t\tSCHEMA_ATTRIBUTE_INVALID: Attribute 'inLibrary' used by 'Physiologic-pattern' was not defined in the schema, or was used outside of it's defined class.\n\tSource tag: Physiologic-pattern/Ciganek-rhythm\n\t\tSCHEMA_ATTRIBUTE_INVALID: Attribute 'inLibrary' used by 'Physiologic-pattern/Ciganek-rhythm' was not defined in the schema, or was used outside of it's defined class.\n\tSource tag: Physiologic-pattern/Diffuse-slowing-hyperventilation\n\t\tSCHEMA_ATTRIBUTE_INVALID: Attribute 'inLibrary' used by 'Physiologic-pattern/Diffuse-slowing-hyperventilation' was not defined in the schema, or was used outside of it's defined class.\n\tSource tag: Physiologic-pattern/Fast-alpha-variant-rhythm\n\t\tSCHEMA_ATTRIBUTE_INVALID: Attribute 'inLibrary' used by 'Physiologic-pattern/Fast-alpha-variant-rhythm' was not defined in the schema, or was used outside of it's defined class.\n\tSource tag: Physiologic-pattern/Lambda-wave\n\t\tSCHEMA_ATTRIBUTE_INVALID: Attribute 'inLibrary' used by 'Physiologic-pattern/Lambda-wave' was not defined in the schema, or was used outside of it's defined class.\n\tSource tag: Physiologic-pattern/Other-physiologic-pattern\n\t\tSCHEMA_ATTRIBUTE_INVALID: Attribute 'inLibrary' used by 'Physiologic-pattern/Other-physiologic-pattern' was not defined in the schema, or was used outside of it's defined class.\n\tSource tag: Physiologic-pattern/Other-physiologic-pattern/#\n\t\tSCHEMA_ATTRIBUTE_INVALID: Attribute 'inLibrary' used by 'Physiologic-pattern/Other-physiologic-pattern/#' was not defined in the schema, or was used outside of it's defined class.\n\tSource tag: Physiologic-pattern/Photic-driving\n\t\tSCHEMA_ATTRIBUTE_INVALID: Attribute 'inLibrary' used by 'Physiologic-pattern/Photic-driving' was not defined in the schema, or was used outside of it's defined class.\n\tSource tag: Physiologic-pattern/Photomyogenic-response\n\t\tSCHEMA_ATTRIBUTE_INVALID: Attribute 'inLibrary' used by 'Physiologic-pattern/Photomyogenic-response' was not defined in the schema, or was used outside of it's defined class.\n\tSource tag: Physiologic-pattern/Posterior-slow-waves-youth\n\t\tSCHEMA_ATTRIBUTE_INVALID: Attribute 'inLibrary' used by 'Physiologic-pattern/Posterior-slow-waves-youth' was not defined in the schema, or was used outside of it's defined class.\n\tSource tag: Physiologic-pattern/Rhythmic-activity-pattern\n\t\tSCHEMA_ATTRIBUTE_INVALID: Attribute 'inLibrary' used by 'Physiologic-pattern/Rhythmic-activity-pattern' was not defined in the schema, or was used outside of it's defined class.\n\tSource tag: Physiologic-pattern/Slow-alpha-variant-rhythm\n\t\tSCHEMA_ATTRIBUTE_INVALID: Attribute 'inLibrary' used by 'Physiologic-pattern/Slow-alpha-variant-rhythm' was not defined in the schema, or was used outside of it's defined class.\n\tSource tag: Polygraphic-channel-finding\n\t\tSCHEMA_ATTRIBUTE_INVALID: Attribute 'inLibrary' used by 'Polygraphic-channel-finding' was not defined in the schema, or was used outside of it's defined class.\n\tSource tag: Polygraphic-channel-finding/ECG-channel-finding\n\t\tSCHEMA_ATTRIBUTE_INVALID: Attribute 'inLibrary' used by 'Polygraphic-channel-finding/ECG-channel-finding' was not defined in the schema, or was used outside of it's defined class.\n\tSource tag: Polygraphic-channel-finding/ECG-channel-finding/ECG-QT-period\n\t\tSCHEMA_ATTRIBUTE_INVALID: Attribute 'inLibrary' used by 'Polygraphic-channel-finding/ECG-channel-finding/ECG-QT-period' was not defined in the schema, or was used outside of it's defined class.\n\tSource tag: Polygraphic-channel-finding/ECG-channel-finding/ECG-QT-period/#\n\t\tSCHEMA_ATTRIBUTE_INVALID: Attribute 'inLibrary' used by 'Polygraphic-channel-finding/ECG-channel-finding/ECG-QT-period/#' was not defined in the schema, or was used outside of it's defined class.\n\tSource tag: Polygraphic-channel-finding/ECG-channel-finding/ECG-feature\n\t\tSCHEMA_ATTRIBUTE_INVALID: Attribute 'inLibrary' used by 'Polygraphic-channel-finding/ECG-channel-finding/ECG-feature' was not defined in the schema, or was used outside of it's defined class.\n\tSource tag: Polygraphic-channel-finding/ECG-channel-finding/ECG-feature/ECG-arrhythmia\n\t\tSCHEMA_ATTRIBUTE_INVALID: Attribute 'inLibrary' used by 'Polygraphic-channel-finding/ECG-channel-finding/ECG-feature/ECG-arrhythmia' was not defined in the schema, or was used outside of it's defined class.\n\tSource tag: Polygraphic-channel-finding/ECG-channel-finding/ECG-feature/ECG-arrhythmia/#\n\t\tSCHEMA_ATTRIBUTE_INVALID: Attribute 'inLibrary' used by 'Polygraphic-channel-finding/ECG-channel-finding/ECG-feature/ECG-arrhythmia/#' was not defined in the schema, or was used outside of it's defined class.\n\tSource tag: Polygraphic-channel-finding/ECG-channel-finding/ECG-feature/ECG-asystolia\n\t\tSCHEMA_ATTRIBUTE_INVALID: Attribute 'inLibrary' used by 'Polygraphic-channel-finding/ECG-channel-finding/ECG-feature/ECG-asystolia' was not defined in the schema, or was used outside of it's defined class.\n\tSource tag: Polygraphic-channel-finding/ECG-channel-finding/ECG-feature/ECG-asystolia/#\n\t\tSCHEMA_ATTRIBUTE_INVALID: Attribute 'inLibrary' used by 'Polygraphic-channel-finding/ECG-channel-finding/ECG-feature/ECG-asystolia/#' was not defined in the schema, or was used outside of it's defined class.\n\tSource tag: Polygraphic-channel-finding/ECG-channel-finding/ECG-feature/ECG-bradycardia\n\t\tSCHEMA_ATTRIBUTE_INVALID: Attribute 'inLibrary' used by 'Polygraphic-channel-finding/ECG-channel-finding/ECG-feature/ECG-bradycardia' was not defined in the schema, or was used outside of it's defined class.\n\tSource tag: Polygraphic-channel-finding/ECG-channel-finding/ECG-feature/ECG-bradycardia/#\n\t\tSCHEMA_ATTRIBUTE_INVALID: Attribute 'inLibrary' used by 'Polygraphic-channel-finding/ECG-channel-finding/ECG-feature/ECG-bradycardia/#' was not defined in the schema, or was used outside of it's defined class.\n\tSource tag: Polygraphic-channel-finding/ECG-channel-finding/ECG-feature/ECG-extrasystole\n\t\tSCHEMA_ATTRIBUTE_INVALID: Attribute 'inLibrary' used by 'Polygraphic-channel-finding/ECG-channel-finding/ECG-feature/ECG-extrasystole' was not defined in the schema, or was used outside of it's defined class.\n\tSource tag: Polygraphic-channel-finding/ECG-channel-finding/ECG-feature/ECG-extrasystole/#\n\t\tSCHEMA_ATTRIBUTE_INVALID: Attribute 'inLibrary' used by 'Polygraphic-channel-finding/ECG-channel-finding/ECG-feature/ECG-extrasystole/#' was not defined in the schema, or was used outside of it's defined class.\n\tSource tag: Polygraphic-channel-finding/ECG-channel-finding/ECG-feature/ECG-sinus-rhythm\n\t\tSCHEMA_ATTRIBUTE_INVALID: Attribute 'inLibrary' used by 'Polygraphic-channel-finding/ECG-channel-finding/ECG-feature/ECG-sinus-rhythm' was not defined in the schema, or was used outside of it's defined class.\n\tSource tag: Polygraphic-channel-finding/ECG-channel-finding/ECG-feature/ECG-sinus-rhythm/#\n\t\tSCHEMA_ATTRIBUTE_INVALID: Attribute 'inLibrary' used by 'Polygraphic-channel-finding/ECG-channel-finding/ECG-feature/ECG-sinus-rhythm/#' was not defined in the schema, or was used outside of it's defined class.\n\tSource tag: Polygraphic-channel-finding/ECG-channel-finding/ECG-feature/ECG-tachycardia\n\t\tSCHEMA_ATTRIBUTE_INVALID: Attribute 'inLibrary' used by 'Polygraphic-channel-finding/ECG-channel-finding/ECG-feature/ECG-tachycardia' was not defined in the schema, or was used outside of it's defined class.\n\tSource tag: Polygraphic-channel-finding/ECG-channel-finding/ECG-feature/ECG-tachycardia/#\n\t\tSCHEMA_ATTRIBUTE_INVALID: Attribute 'inLibrary' used by 'Polygraphic-channel-finding/ECG-channel-finding/ECG-feature/ECG-tachycardia/#' was not defined in the schema, or was used outside of it's defined class.\n\tSource tag: Polygraphic-channel-finding/ECG-channel-finding/ECG-feature/ECG-ventricular-premature-depolarization\n\t\tSCHEMA_ATTRIBUTE_INVALID: Attribute 'inLibrary' used by 'Polygraphic-channel-finding/ECG-channel-finding/ECG-feature/ECG-ventricular-premature-depolarization' was not defined in the schema, or was used outside of it's defined class.\n\tSource tag: Polygraphic-channel-finding/ECG-channel-finding/ECG-feature/ECG-ventricular-premature-depolarization/#\n\t\tSCHEMA_ATTRIBUTE_INVALID: Attribute 'inLibrary' used by 'Polygraphic-channel-finding/ECG-channel-finding/ECG-feature/ECG-ventricular-premature-depolarization/#' was not defined in the schema, or was used outside of it's defined class.\n\tSource tag: Polygraphic-channel-finding/ECG-channel-finding/ECG-feature/Other-ECG-feature\n\t\tSCHEMA_ATTRIBUTE_INVALID: Attribute 'inLibrary' used by 'Polygraphic-channel-finding/ECG-channel-finding/ECG-feature/Other-ECG-feature' was not defined in the schema, or was used outside of it's defined class.\n\tSource tag: Polygraphic-channel-finding/ECG-channel-finding/ECG-feature/Other-ECG-feature/#\n\t\tSCHEMA_ATTRIBUTE_INVALID: Attribute 'inLibrary' used by 'Polygraphic-channel-finding/ECG-channel-finding/ECG-feature/Other-ECG-feature/#' was not defined in the schema, or was used outside of it's defined class.\n\tSource tag: Polygraphic-channel-finding/EMG-channel-finding\n\t\tSCHEMA_ATTRIBUTE_INVALID: Attribute 'inLibrary' used by 'Polygraphic-channel-finding/EMG-channel-finding' was not defined in the schema, or was used outside of it's defined class.\n\tSource tag: Polygraphic-channel-finding/EMG-channel-finding/EMG-feature\n\t\tSCHEMA_ATTRIBUTE_INVALID: Attribute 'inLibrary' used by 'Polygraphic-channel-finding/EMG-channel-finding/EMG-feature' was not defined in the schema, or was used outside of it's defined class.\n\tSource tag: Polygraphic-channel-finding/EMG-channel-finding/EMG-feature/EMG-PLMS\n\t\tSCHEMA_ATTRIBUTE_INVALID: Attribute 'inLibrary' used by 'Polygraphic-channel-finding/EMG-channel-finding/EMG-feature/EMG-PLMS' was not defined in the schema, or was used outside of it's defined class.\n\tSource tag: Polygraphic-channel-finding/EMG-channel-finding/EMG-feature/EMG-asymmetric-activation\n\t\tSCHEMA_ATTRIBUTE_INVALID: Attribute 'inLibrary' used by 'Polygraphic-channel-finding/EMG-channel-finding/EMG-feature/EMG-asymmetric-activation' was not defined in the schema, or was used outside of it's defined class.\n\tSource tag: Polygraphic-channel-finding/EMG-channel-finding/EMG-feature/EMG-asymmetric-activation/EMG-asymmetric-activation-left-first\n\t\tSCHEMA_ATTRIBUTE_INVALID: Attribute 'inLibrary' used by 'Polygraphic-channel-finding/EMG-channel-finding/EMG-feature/EMG-asymmetric-activation/EMG-asymmetric-activation-left-first' was not defined in the schema, or was used outside of it's defined class.\n\tSource tag: Polygraphic-channel-finding/EMG-channel-finding/EMG-feature/EMG-asymmetric-activation/EMG-asymmetric-activation-left-first/#\n\t\tSCHEMA_ATTRIBUTE_INVALID: Attribute 'inLibrary' used by 'Polygraphic-channel-finding/EMG-channel-finding/EMG-feature/EMG-asymmetric-activation/EMG-asymmetric-activation-left-first/#' was not defined in the schema, or was used outside of it's defined class.\n\tSource tag: Polygraphic-channel-finding/EMG-channel-finding/EMG-feature/EMG-asymmetric-activation/EMG-asymmetric-activation-right-first\n\t\tSCHEMA_ATTRIBUTE_INVALID: Attribute 'inLibrary' used by 'Polygraphic-channel-finding/EMG-channel-finding/EMG-feature/EMG-asymmetric-activation/EMG-asymmetric-activation-right-first' was not defined in the schema, or was used outside of it's defined class.\n\tSource tag: Polygraphic-channel-finding/EMG-channel-finding/EMG-feature/EMG-asymmetric-activation/EMG-asymmetric-activation-right-first/#\n\t\tSCHEMA_ATTRIBUTE_INVALID: Attribute 'inLibrary' used by 'Polygraphic-channel-finding/EMG-channel-finding/EMG-feature/EMG-asymmetric-activation/EMG-asymmetric-activation-right-first/#' was not defined in the schema, or was used outside of it's defined class.\n\tSource tag: Polygraphic-channel-finding/EMG-channel-finding/EMG-feature/EMG-myoclonus\n\t\tSCHEMA_ATTRIBUTE_INVALID: Attribute 'inLibrary' used by 'Polygraphic-channel-finding/EMG-channel-finding/EMG-feature/EMG-myoclonus' was not defined in the schema, or was used outside of it's defined class.\n\tSource tag: Polygraphic-channel-finding/EMG-channel-finding/EMG-feature/EMG-myoclonus/EMG-myoclonus-arrhythmic\n\t\tSCHEMA_ATTRIBUTE_INVALID: Attribute 'inLibrary' used by 'Polygraphic-channel-finding/EMG-channel-finding/EMG-feature/EMG-myoclonus/EMG-myoclonus-arrhythmic' was not defined in the schema, or was used outside of it's defined class.\n\tSource tag: Polygraphic-channel-finding/EMG-channel-finding/EMG-feature/EMG-myoclonus/EMG-myoclonus-arrhythmic/#\n\t\tSCHEMA_ATTRIBUTE_INVALID: Attribute 'inLibrary' used by 'Polygraphic-channel-finding/EMG-channel-finding/EMG-feature/EMG-myoclonus/EMG-myoclonus-arrhythmic/#' was not defined in the schema, or was used outside of it's defined class.\n\tSource tag: Polygraphic-channel-finding/EMG-channel-finding/EMG-feature/EMG-myoclonus/EMG-myoclonus-asynchronous\n\t\tSCHEMA_ATTRIBUTE_INVALID: Attribute 'inLibrary' used by 'Polygraphic-channel-finding/EMG-channel-finding/EMG-feature/EMG-myoclonus/EMG-myoclonus-asynchronous' was not defined in the schema, or was used outside of it's defined class.\n\tSource tag: Polygraphic-channel-finding/EMG-channel-finding/EMG-feature/EMG-myoclonus/EMG-myoclonus-asynchronous/#\n\t\tSCHEMA_ATTRIBUTE_INVALID: Attribute 'inLibrary' used by 'Polygraphic-channel-finding/EMG-channel-finding/EMG-feature/EMG-myoclonus/EMG-myoclonus-asynchronous/#' was not defined in the schema, or was used outside of it's defined class.\n\tSource tag: Polygraphic-channel-finding/EMG-channel-finding/EMG-feature/EMG-myoclonus/EMG-myoclonus-rhythmic\n\t\tSCHEMA_ATTRIBUTE_INVALID: Attribute 'inLibrary' used by 'Polygraphic-channel-finding/EMG-channel-finding/EMG-feature/EMG-myoclonus/EMG-myoclonus-rhythmic' was not defined in the schema, or was used outside of it's defined class.\n\tSource tag: Polygraphic-channel-finding/EMG-channel-finding/EMG-feature/EMG-myoclonus/EMG-myoclonus-rhythmic/#\n\t\tSCHEMA_ATTRIBUTE_INVALID: Attribute 'inLibrary' used by 'Polygraphic-channel-finding/EMG-channel-finding/EMG-feature/EMG-myoclonus/EMG-myoclonus-rhythmic/#' was not defined in the schema, or was used outside of it's defined class.\n\tSource tag: Polygraphic-channel-finding/EMG-channel-finding/EMG-feature/EMG-myoclonus/EMG-myoclonus-synchronous\n\t\tSCHEMA_ATTRIBUTE_INVALID: Attribute 'inLibrary' used by 'Polygraphic-channel-finding/EMG-channel-finding/EMG-feature/EMG-myoclonus/EMG-myoclonus-synchronous' was not defined in the schema, or was used outside of it's defined class.\n\tSource tag: Polygraphic-channel-finding/EMG-channel-finding/EMG-feature/EMG-myoclonus/EMG-myoclonus-synchronous/#\n\t\tSCHEMA_ATTRIBUTE_INVALID: Attribute 'inLibrary' used by 'Polygraphic-channel-finding/EMG-channel-finding/EMG-feature/EMG-myoclonus/EMG-myoclonus-synchronous/#' was not defined in the schema, or was used outside of it's defined class.\n\tSource tag: Polygraphic-channel-finding/EMG-channel-finding/EMG-feature/EMG-myoclonus/Negative-myoclonus\n\t\tSCHEMA_ATTRIBUTE_INVALID: Attribute 'inLibrary' used by 'Polygraphic-channel-finding/EMG-channel-finding/EMG-feature/EMG-myoclonus/Negative-myoclonus' was not defined in the schema, or was used outside of it's defined class.\n\tSource tag: Polygraphic-channel-finding/EMG-channel-finding/EMG-feature/EMG-myoclonus/Negative-myoclonus/#\n\t\tSCHEMA_ATTRIBUTE_INVALID: Attribute 'inLibrary' used by 'Polygraphic-channel-finding/EMG-channel-finding/EMG-feature/EMG-myoclonus/Negative-myoclonus/#' was not defined in the schema, or was used outside of it's defined class.\n\tSource tag: Polygraphic-channel-finding/EMG-channel-finding/EMG-feature/EMG-spasm\n\t\tSCHEMA_ATTRIBUTE_INVALID: Attribute 'inLibrary' used by 'Polygraphic-channel-finding/EMG-channel-finding/EMG-feature/EMG-spasm' was not defined in the schema, or was used outside of it's defined class.\n\tSource tag: Polygraphic-channel-finding/EMG-channel-finding/EMG-feature/EMG-spasm/#\n\t\tSCHEMA_ATTRIBUTE_INVALID: Attribute 'inLibrary' used by 'Polygraphic-channel-finding/EMG-channel-finding/EMG-feature/EMG-spasm/#' was not defined in the schema, or was used outside of it's defined class.\n\tSource tag: Polygraphic-channel-finding/EMG-channel-finding/EMG-feature/EMG-tonic-contraction\n\t\tSCHEMA_ATTRIBUTE_INVALID: Attribute 'inLibrary' used by 'Polygraphic-channel-finding/EMG-channel-finding/EMG-feature/EMG-tonic-contraction' was not defined in the schema, or was used outside of it's defined class.\n\tSource tag: Polygraphic-channel-finding/EMG-channel-finding/EMG-feature/EMG-tonic-contraction/#\n\t\tSCHEMA_ATTRIBUTE_INVALID: Attribute 'inLibrary' used by 'Polygraphic-channel-finding/EMG-channel-finding/EMG-feature/EMG-tonic-contraction/#' was not defined in the schema, or was used outside of it's defined class.\n\tSource tag: Polygraphic-channel-finding/EMG-channel-finding/EMG-feature/Other-EMG-features\n\t\tSCHEMA_ATTRIBUTE_INVALID: Attribute 'inLibrary' used by 'Polygraphic-channel-finding/EMG-channel-finding/EMG-feature/Other-EMG-features' was not defined in the schema, or was used outside of it's defined class.\n\tSource tag: Polygraphic-channel-finding/EMG-channel-finding/EMG-feature/Other-EMG-features/#\n\t\tSCHEMA_ATTRIBUTE_INVALID: Attribute 'inLibrary' used by 'Polygraphic-channel-finding/EMG-channel-finding/EMG-feature/Other-EMG-features/#' was not defined in the schema, or was used outside of it's defined class.\n\tSource tag: Polygraphic-channel-finding/EMG-channel-finding/EMG-muscle-name\n\t\tSCHEMA_ATTRIBUTE_INVALID: Attribute 'inLibrary' used by 'Polygraphic-channel-finding/EMG-channel-finding/EMG-muscle-name' was not defined in the schema, or was used outside of it's defined class.\n\tSource tag: Polygraphic-channel-finding/EMG-channel-finding/EMG-muscle-name/#\n\t\tSCHEMA_ATTRIBUTE_INVALID: Attribute 'inLibrary' used by 'Polygraphic-channel-finding/EMG-channel-finding/EMG-muscle-name/#' was not defined in the schema, or was used outside of it's defined class.\n\tSource tag: Polygraphic-channel-finding/EMG-channel-finding/EMG-muscle-side\n\t\tSCHEMA_ATTRIBUTE_INVALID: Attribute 'inLibrary' used by 'Polygraphic-channel-finding/EMG-channel-finding/EMG-muscle-side' was not defined in the schema, or was used outside of it's defined class.\n\tSource tag: Polygraphic-channel-finding/EMG-channel-finding/EMG-muscle-side/EMG-bilateral-muscle\n\t\tSCHEMA_ATTRIBUTE_INVALID: Attribute 'inLibrary' used by 'Polygraphic-channel-finding/EMG-channel-finding/EMG-muscle-side/EMG-bilateral-muscle' was not defined in the schema, or was used outside of it's defined class.\n\tSource tag: Polygraphic-channel-finding/EMG-channel-finding/EMG-muscle-side/EMG-bilateral-muscle/#\n\t\tSCHEMA_ATTRIBUTE_INVALID: Attribute 'inLibrary' used by 'Polygraphic-channel-finding/EMG-channel-finding/EMG-muscle-side/EMG-bilateral-muscle/#' was not defined in the schema, or was used outside of it's defined class.\n\tSource tag: Polygraphic-channel-finding/EMG-channel-finding/EMG-muscle-side/EMG-left-muscle\n\t\tSCHEMA_ATTRIBUTE_INVALID: Attribute 'inLibrary' used by 'Polygraphic-channel-finding/EMG-channel-finding/EMG-muscle-side/EMG-left-muscle' was not defined in the schema, or was used outside of it's defined class.\n\tSource tag: Polygraphic-channel-finding/EMG-channel-finding/EMG-muscle-side/EMG-left-muscle/#\n\t\tSCHEMA_ATTRIBUTE_INVALID: Attribute 'inLibrary' used by 'Polygraphic-channel-finding/EMG-channel-finding/EMG-muscle-side/EMG-left-muscle/#' was not defined in the schema, or was used outside of it's defined class.\n\tSource tag: Polygraphic-channel-finding/EMG-channel-finding/EMG-muscle-side/EMG-right-muscle\n\t\tSCHEMA_ATTRIBUTE_INVALID: Attribute 'inLibrary' used by 'Polygraphic-channel-finding/EMG-channel-finding/EMG-muscle-side/EMG-right-muscle' was not defined in the schema, or was used outside of it's defined class.\n\tSource tag: Polygraphic-channel-finding/EMG-channel-finding/EMG-muscle-side/EMG-right-muscle/#\n\t\tSCHEMA_ATTRIBUTE_INVALID: Attribute 'inLibrary' used by 'Polygraphic-channel-finding/EMG-channel-finding/EMG-muscle-side/EMG-right-muscle/#' was not defined in the schema, or was used outside of it's defined class.\n\tSource tag: Polygraphic-channel-finding/EOG-channel-finding\n\t\tSCHEMA_ATTRIBUTE_INVALID: Attribute 'inLibrary' used by 'Polygraphic-channel-finding/EOG-channel-finding' was not defined in the schema, or was used outside of it's defined class.\n\tSource tag: Polygraphic-channel-finding/EOG-channel-finding/#\n\t\tSCHEMA_ATTRIBUTE_INVALID: Attribute 'inLibrary' used by 'Polygraphic-channel-finding/EOG-channel-finding/#' was not defined in the schema, or was used outside of it's defined class.\n\tSource tag: Polygraphic-channel-finding/Other-polygraphic-channel\n\t\tSCHEMA_ATTRIBUTE_INVALID: Attribute 'inLibrary' used by 'Polygraphic-channel-finding/Other-polygraphic-channel' was not defined in the schema, or was used outside of it's defined class.\n\tSource tag: Polygraphic-channel-finding/Other-polygraphic-channel/#\n\t\tSCHEMA_ATTRIBUTE_INVALID: Attribute 'inLibrary' used by 'Polygraphic-channel-finding/Other-polygraphic-channel/#' was not defined in the schema, or was used outside of it's defined class.\n\tSource tag: Polygraphic-channel-finding/Respiration-channel-finding\n\t\tSCHEMA_ATTRIBUTE_INVALID: Attribute 'inLibrary' used by 'Polygraphic-channel-finding/Respiration-channel-finding' was not defined in the schema, or was used outside of it's defined class.\n\tSource tag: Polygraphic-channel-finding/Respiration-channel-finding/Respiration-feature\n\t\tSCHEMA_ATTRIBUTE_INVALID: Attribute 'inLibrary' used by 'Polygraphic-channel-finding/Respiration-channel-finding/Respiration-feature' was not defined in the schema, or was used outside of it's defined class.\n\tSource tag: Polygraphic-channel-finding/Respiration-channel-finding/Respiration-feature/Apnea-hypopnea-index-respiration\n\t\tSCHEMA_ATTRIBUTE_INVALID: Attribute 'inLibrary' used by 'Polygraphic-channel-finding/Respiration-channel-finding/Respiration-feature/Apnea-hypopnea-index-respiration' was not defined in the schema, or was used outside of it's defined class.\n\tSource tag: Polygraphic-channel-finding/Respiration-channel-finding/Respiration-feature/Apnea-hypopnea-index-respiration/#\n\t\tSCHEMA_ATTRIBUTE_INVALID: Attribute 'inLibrary' used by 'Polygraphic-channel-finding/Respiration-channel-finding/Respiration-feature/Apnea-hypopnea-index-respiration/#' was not defined in the schema, or was used outside of it's defined class.\n\tSource tag: Polygraphic-channel-finding/Respiration-channel-finding/Respiration-feature/Apnoe-respiration\n\t\tSCHEMA_ATTRIBUTE_INVALID: Attribute 'inLibrary' used by 'Polygraphic-channel-finding/Respiration-channel-finding/Respiration-feature/Apnoe-respiration' was not defined in the schema, or was used outside of it's defined class.\n\tSource tag: Polygraphic-channel-finding/Respiration-channel-finding/Respiration-feature/Apnoe-respiration/#\n\t\tSCHEMA_ATTRIBUTE_INVALID: Attribute 'inLibrary' used by 'Polygraphic-channel-finding/Respiration-channel-finding/Respiration-feature/Apnoe-respiration/#' was not defined in the schema, or was used outside of it's defined class.\n\tSource tag: Polygraphic-channel-finding/Respiration-channel-finding/Respiration-feature/Hypopnea-respiration\n\t\tSCHEMA_ATTRIBUTE_INVALID: Attribute 'inLibrary' used by 'Polygraphic-channel-finding/Respiration-channel-finding/Respiration-feature/Hypopnea-respiration' was not defined in the schema, or was used outside of it's defined class.\n\tSource tag: Polygraphic-channel-finding/Respiration-channel-finding/Respiration-feature/Hypopnea-respiration/#\n\t\tSCHEMA_ATTRIBUTE_INVALID: Attribute 'inLibrary' used by 'Polygraphic-channel-finding/Respiration-channel-finding/Respiration-feature/Hypopnea-respiration/#' was not defined in the schema, or was used outside of it's defined class.\n\tSource tag: Polygraphic-channel-finding/Respiration-channel-finding/Respiration-feature/Other-respiration-feature\n\t\tSCHEMA_ATTRIBUTE_INVALID: Attribute 'inLibrary' used by 'Polygraphic-channel-finding/Respiration-channel-finding/Respiration-feature/Other-respiration-feature' was not defined in the schema, or was used outside of it's defined class.\n\tSource tag: Polygraphic-channel-finding/Respiration-channel-finding/Respiration-feature/Other-respiration-feature/#\n\t\tSCHEMA_ATTRIBUTE_INVALID: Attribute 'inLibrary' used by 'Polygraphic-channel-finding/Respiration-channel-finding/Respiration-feature/Other-respiration-feature/#' was not defined in the schema, or was used outside of it's defined class.\n\tSource tag: Polygraphic-channel-finding/Respiration-channel-finding/Respiration-feature/Periodic-respiration\n\t\tSCHEMA_ATTRIBUTE_INVALID: Attribute 'inLibrary' used by 'Polygraphic-channel-finding/Respiration-channel-finding/Respiration-feature/Periodic-respiration' was not defined in the schema, or was used outside of it's defined class.\n\tSource tag: Polygraphic-channel-finding/Respiration-channel-finding/Respiration-feature/Periodic-respiration/#\n\t\tSCHEMA_ATTRIBUTE_INVALID: Attribute 'inLibrary' used by 'Polygraphic-channel-finding/Respiration-channel-finding/Respiration-feature/Periodic-respiration/#' was not defined in the schema, or was used outside of it's defined class.\n\tSource tag: Polygraphic-channel-finding/Respiration-channel-finding/Respiration-feature/Tachypnea-respiration\n\t\tSCHEMA_ATTRIBUTE_INVALID: Attribute 'inLibrary' used by 'Polygraphic-channel-finding/Respiration-channel-finding/Respiration-feature/Tachypnea-respiration' was not defined in the schema, or was used outside of it's defined class.\n\tSource tag: Polygraphic-channel-finding/Respiration-channel-finding/Respiration-feature/Tachypnea-respiration/#\n\t\tSCHEMA_ATTRIBUTE_INVALID: Attribute 'inLibrary' used by 'Polygraphic-channel-finding/Respiration-channel-finding/Respiration-feature/Tachypnea-respiration/#' was not defined in the schema, or was used outside of it's defined class.\n\tSource tag: Polygraphic-channel-finding/Respiration-channel-finding/Respiration-oxygen-saturation\n\t\tSCHEMA_ATTRIBUTE_INVALID: Attribute 'inLibrary' used by 'Polygraphic-channel-finding/Respiration-channel-finding/Respiration-oxygen-saturation' was not defined in the schema, or was used outside of it's defined class.\n\tSource tag: Polygraphic-channel-finding/Respiration-channel-finding/Respiration-oxygen-saturation/#\n\t\tSCHEMA_ATTRIBUTE_INVALID: Attribute 'inLibrary' used by 'Polygraphic-channel-finding/Respiration-channel-finding/Respiration-oxygen-saturation/#' was not defined in the schema, or was used outside of it's defined class.\n\tSource tag: Sleep-and-drowsiness\n\t\tSCHEMA_ATTRIBUTE_INVALID: Attribute 'inLibrary' used by 'Sleep-and-drowsiness' was not defined in the schema, or was used outside of it's defined class.\n\tSource tag: Sleep-and-drowsiness/Arousal-pattern\n\t\tSCHEMA_ATTRIBUTE_INVALID: Attribute 'inLibrary' used by 'Sleep-and-drowsiness/Arousal-pattern' was not defined in the schema, or was used outside of it's defined class.\n\tSource tag: Sleep-and-drowsiness/Frontal-arousal-rhythm\n\t\tSCHEMA_ATTRIBUTE_INVALID: Attribute 'inLibrary' used by 'Sleep-and-drowsiness/Frontal-arousal-rhythm' was not defined in the schema, or was used outside of it's defined class.\n\tSource tag: Sleep-and-drowsiness/Hypnagogic-hypersynchrony\n\t\tSCHEMA_ATTRIBUTE_INVALID: Attribute 'inLibrary' used by 'Sleep-and-drowsiness/Hypnagogic-hypersynchrony' was not defined in the schema, or was used outside of it's defined class.\n\tSource tag: Sleep-and-drowsiness/K-complex\n\t\tSCHEMA_ATTRIBUTE_INVALID: Attribute 'inLibrary' used by 'Sleep-and-drowsiness/K-complex' was not defined in the schema, or was used outside of it's defined class.\n\tSource tag: Sleep-and-drowsiness/Non-reactive-sleep\n\t\tSCHEMA_ATTRIBUTE_INVALID: Attribute 'inLibrary' used by 'Sleep-and-drowsiness/Non-reactive-sleep' was not defined in the schema, or was used outside of it's defined class.\n\tSource tag: Sleep-and-drowsiness/POSTS\n\t\tSCHEMA_ATTRIBUTE_INVALID: Attribute 'inLibrary' used by 'Sleep-and-drowsiness/POSTS' was not defined in the schema, or was used outside of it's defined class.\n\tSource tag: Sleep-and-drowsiness/Saw-tooth-waves\n\t\tSCHEMA_ATTRIBUTE_INVALID: Attribute 'inLibrary' used by 'Sleep-and-drowsiness/Saw-tooth-waves' was not defined in the schema, or was used outside of it's defined class.\n\tSource tag: Sleep-and-drowsiness/Sleep-architecture\n\t\tSCHEMA_ATTRIBUTE_INVALID: Attribute 'inLibrary' used by 'Sleep-and-drowsiness/Sleep-architecture' was not defined in the schema, or was used outside of it's defined class.\n\tSource tag: Sleep-and-drowsiness/Sleep-architecture/Abnormal-sleep-architecture\n\t\tSCHEMA_ATTRIBUTE_INVALID: Attribute 'inLibrary' used by 'Sleep-and-drowsiness/Sleep-architecture/Abnormal-sleep-architecture' was not defined in the schema, or was used outside of it's defined class.\n\tSource tag: Sleep-and-drowsiness/Sleep-architecture/Normal-sleep-architecture\n\t\tSCHEMA_ATTRIBUTE_INVALID: Attribute 'inLibrary' used by 'Sleep-and-drowsiness/Sleep-architecture/Normal-sleep-architecture' was not defined in the schema, or was used outside of it's defined class.\n\tSource tag: Sleep-and-drowsiness/Sleep-spindles\n\t\tSCHEMA_ATTRIBUTE_INVALID: Attribute 'inLibrary' used by 'Sleep-and-drowsiness/Sleep-spindles' was not defined in the schema, or was used outside of it's defined class.\n\tSource tag: Sleep-and-drowsiness/Sleep-stage-reached\n\t\tSCHEMA_ATTRIBUTE_INVALID: Attribute 'inLibrary' used by 'Sleep-and-drowsiness/Sleep-stage-reached' was not defined in the schema, or was used outside of it's defined class.\n\tSource tag: Sleep-and-drowsiness/Sleep-stage-reached/Sleep-stage-N1\n\t\tSCHEMA_ATTRIBUTE_INVALID: Attribute 'inLibrary' used by 'Sleep-and-drowsiness/Sleep-stage-reached/Sleep-stage-N1' was not defined in the schema, or was used outside of it's defined class.\n\tSource tag: Sleep-and-drowsiness/Sleep-stage-reached/Sleep-stage-N1/#\n\t\tSCHEMA_ATTRIBUTE_INVALID: Attribute 'inLibrary' used by 'Sleep-and-drowsiness/Sleep-stage-reached/Sleep-stage-N1/#' was not defined in the schema, or was used outside of it's defined class.\n\tSource tag: Sleep-and-drowsiness/Sleep-stage-reached/Sleep-stage-N2\n\t\tSCHEMA_ATTRIBUTE_INVALID: Attribute 'inLibrary' used by 'Sleep-and-drowsiness/Sleep-stage-reached/Sleep-stage-N2' was not defined in the schema, or was used outside of it's defined class.\n\tSource tag: Sleep-and-drowsiness/Sleep-stage-reached/Sleep-stage-N2/#\n\t\tSCHEMA_ATTRIBUTE_INVALID: Attribute 'inLibrary' used by 'Sleep-and-drowsiness/Sleep-stage-reached/Sleep-stage-N2/#' was not defined in the schema, or was used outside of it's defined class.\n\tSource tag: Sleep-and-drowsiness/Sleep-stage-reached/Sleep-stage-N3\n\t\tSCHEMA_ATTRIBUTE_INVALID: Attribute 'inLibrary' used by 'Sleep-and-drowsiness/Sleep-stage-reached/Sleep-stage-N3' was not defined in the schema, or was used outside of it's defined class.\n\tSource tag: Sleep-and-drowsiness/Sleep-stage-reached/Sleep-stage-N3/#\n\t\tSCHEMA_ATTRIBUTE_INVALID: Attribute 'inLibrary' used by 'Sleep-and-drowsiness/Sleep-stage-reached/Sleep-stage-N3/#' was not defined in the schema, or was used outside of it's defined class.\n\tSource tag: Sleep-and-drowsiness/Sleep-stage-reached/Sleep-stage-REM\n\t\tSCHEMA_ATTRIBUTE_INVALID: Attribute 'inLibrary' used by 'Sleep-and-drowsiness/Sleep-stage-reached/Sleep-stage-REM' was not defined in the schema, or was used outside of it's defined class.\n\tSource tag: Sleep-and-drowsiness/Sleep-stage-reached/Sleep-stage-REM/#\n\t\tSCHEMA_ATTRIBUTE_INVALID: Attribute 'inLibrary' used by 'Sleep-and-drowsiness/Sleep-stage-reached/Sleep-stage-REM/#' was not defined in the schema, or was used outside of it's defined class.\n\tSource tag: Sleep-and-drowsiness/Vertex-wave\n\t\tSCHEMA_ATTRIBUTE_INVALID: Attribute 'inLibrary' used by 'Sleep-and-drowsiness/Vertex-wave' was not defined in the schema, or was used outside of it's defined class.\n\tSource tag: Uncertain-significant-pattern\n\t\tSCHEMA_ATTRIBUTE_INVALID: Attribute 'inLibrary' used by 'Uncertain-significant-pattern' was not defined in the schema, or was used outside of it's defined class.\n\tSource tag: Uncertain-significant-pattern/Breach-rhythm\n\t\tSCHEMA_ATTRIBUTE_INVALID: Attribute 'inLibrary' used by 'Uncertain-significant-pattern/Breach-rhythm' was not defined in the schema, or was used outside of it's defined class.\n\tSource tag: Uncertain-significant-pattern/Fourteen-six-Hz-positive-burst\n\t\tSCHEMA_ATTRIBUTE_INVALID: Attribute 'inLibrary' used by 'Uncertain-significant-pattern/Fourteen-six-Hz-positive-burst' was not defined in the schema, or was used outside of it's defined class.\n\tSource tag: Uncertain-significant-pattern/Needle-like-occipital-spikes-blind\n\t\tSCHEMA_ATTRIBUTE_INVALID: Attribute 'inLibrary' used by 'Uncertain-significant-pattern/Needle-like-occipital-spikes-blind' was not defined in the schema, or was used outside of it's defined class.\n\tSource tag: Uncertain-significant-pattern/Other-uncertain-significant-pattern\n\t\tSCHEMA_ATTRIBUTE_INVALID: Attribute 'inLibrary' used by 'Uncertain-significant-pattern/Other-uncertain-significant-pattern' was not defined in the schema, or was used outside of it's defined class.\n\tSource tag: Uncertain-significant-pattern/Other-uncertain-significant-pattern/#\n\t\tSCHEMA_ATTRIBUTE_INVALID: Attribute 'inLibrary' used by 'Uncertain-significant-pattern/Other-uncertain-significant-pattern/#' was not defined in the schema, or was used outside of it's defined class.\n\tSource tag: Uncertain-significant-pattern/Rhythmic-temporal-theta-burst-drowsiness\n\t\tSCHEMA_ATTRIBUTE_INVALID: Attribute 'inLibrary' used by 'Uncertain-significant-pattern/Rhythmic-temporal-theta-burst-drowsiness' was not defined in the schema, or was used outside of it's defined class.\n\tSource tag: Uncertain-significant-pattern/Rudimentary-spike-wave-complex\n\t\tSCHEMA_ATTRIBUTE_INVALID: Attribute 'inLibrary' used by 'Uncertain-significant-pattern/Rudimentary-spike-wave-complex' was not defined in the schema, or was used outside of it's defined class.\n\tSource tag: Uncertain-significant-pattern/Sharp-transient-pattern\n\t\tSCHEMA_ATTRIBUTE_INVALID: Attribute 'inLibrary' used by 'Uncertain-significant-pattern/Sharp-transient-pattern' was not defined in the schema, or was used outside of it's defined class.\n\tSource tag: Uncertain-significant-pattern/Six-Hz-spike-slow-wave\n\t\tSCHEMA_ATTRIBUTE_INVALID: Attribute 'inLibrary' used by 'Uncertain-significant-pattern/Six-Hz-spike-slow-wave' was not defined in the schema, or was used outside of it's defined class.\n\tSource tag: Uncertain-significant-pattern/Slow-fused-transient\n\t\tSCHEMA_ATTRIBUTE_INVALID: Attribute 'inLibrary' used by 'Uncertain-significant-pattern/Slow-fused-transient' was not defined in the schema, or was used outside of it's defined class.\n\tSource tag: Uncertain-significant-pattern/Small-sharp-spikes\n\t\tSCHEMA_ATTRIBUTE_INVALID: Attribute 'inLibrary' used by 'Uncertain-significant-pattern/Small-sharp-spikes' was not defined in the schema, or was used outside of it's defined class.\n\tSource tag: Uncertain-significant-pattern/Subclinical-rhythmic-EEG-discharge-adults\n\t\tSCHEMA_ATTRIBUTE_INVALID: Attribute 'inLibrary' used by 'Uncertain-significant-pattern/Subclinical-rhythmic-EEG-discharge-adults' was not defined in the schema, or was used outside of it's defined class.\n\tSource tag: Uncertain-significant-pattern/Temporal-slowing-elderly\n\t\tSCHEMA_ATTRIBUTE_INVALID: Attribute 'inLibrary' used by 'Uncertain-significant-pattern/Temporal-slowing-elderly' was not defined in the schema, or was used outside of it's defined class.\n\tSource tag: Uncertain-significant-pattern/Wicket-spikes\n\t\tSCHEMA_ATTRIBUTE_INVALID: Attribute 'inLibrary' used by 'Uncertain-significant-pattern/Wicket-spikes' was not defined in the schema, or was used outside of it's defined class.\nSchema Section: HedSectionKey.UnitClasses\n\tSource tag: accelerationUnits\n\t\tSCHEMA_ATTRIBUTE_INVALID: Attribute 'inLibrary' used by 'accelerationUnits' was not defined in the schema, or was used outside of it's defined class.\n\tSource tag: angleUnits\n\t\tSCHEMA_ATTRIBUTE_INVALID: Attribute 'inLibrary' used by 'angleUnits' was not defined in the schema, or was used outside of it's defined class.\n\tSource tag: areaUnits\n\t\tSCHEMA_ATTRIBUTE_INVALID: Attribute 'inLibrary' used by 'areaUnits' was not defined in the schema, or was used outside of it's defined class.\n\tSource tag: currencyUnits\n\t\tSCHEMA_ATTRIBUTE_INVALID: Attribute 'inLibrary' used by 'currencyUnits' was not defined in the schema, or was used outside of it's defined class.\n\tSource tag: electricPotentialUnits\n\t\tSCHEMA_ATTRIBUTE_INVALID: Attribute 'inLibrary' used by 'electricPotentialUnits' was not defined in the schema, or was used outside of it's defined class.\n\tSource tag: frequencyUnits\n\t\tSCHEMA_ATTRIBUTE_INVALID: Attribute 'inLibrary' used by 'frequencyUnits' was not defined in the schema, or was used outside of it's defined class.\n\tSource tag: intensityUnits\n\t\tSCHEMA_ATTRIBUTE_INVALID: Attribute 'inLibrary' used by 'intensityUnits' was not defined in the schema, or was used outside of it's defined class.\n\tSource tag: jerkUnits\n\t\tSCHEMA_ATTRIBUTE_INVALID: Attribute 'inLibrary' used by 'jerkUnits' was not defined in the schema, or was used outside of it's defined class.\n\tSource tag: magneticFieldUnits\n\t\tSCHEMA_ATTRIBUTE_INVALID: Attribute 'inLibrary' used by 'magneticFieldUnits' was not defined in the schema, or was used outside of it's defined class.\n\tSource tag: memorySizeUnits\n\t\tSCHEMA_ATTRIBUTE_INVALID: Attribute 'inLibrary' used by 'memorySizeUnits' was not defined in the schema, or was used outside of it's defined class.\n\tSource tag: physicalLengthUnits\n\t\tSCHEMA_ATTRIBUTE_INVALID: Attribute 'inLibrary' used by 'physicalLengthUnits' was not defined in the schema, or was used outside of it's defined class.\n\tSource tag: speedUnits\n\t\tSCHEMA_ATTRIBUTE_INVALID: Attribute 'inLibrary' used by 'speedUnits' was not defined in the schema, or was used outside of it's defined class.\n\tSource tag: temperatureUnits\n\t\tSCHEMA_ATTRIBUTE_INVALID: Attribute 'inLibrary' used by 'temperatureUnits' was not defined in the schema, or was used outside of it's defined class.\n\tSource tag: timeUnits\n\t\tSCHEMA_ATTRIBUTE_INVALID: Attribute 'inLibrary' used by 'timeUnits' was not defined in the schema, or was used outside of it's defined class.\n\tSource tag: volumeUnits\n\t\tSCHEMA_ATTRIBUTE_INVALID: Attribute 'inLibrary' used by 'volumeUnits' was not defined in the schema, or was used outside of it's defined class.\n\tSource tag: weightUnits\n\t\tSCHEMA_ATTRIBUTE_INVALID: Attribute 'inLibrary' used by 'weightUnits' was not defined in the schema, or was used outside of it's defined class.\nSchema Section: HedSectionKey.UnitModifiers\n\tSource tag: E\n\t\tSCHEMA_ATTRIBUTE_INVALID: Attribute 'inLibrary' used by 'E' was not defined in the schema, or was used outside of it's defined class.\n\tSource tag: G\n\t\tSCHEMA_ATTRIBUTE_INVALID: Attribute 'inLibrary' used by 'G' was not defined in the schema, or was used outside of it's defined class.\n\tSource tag: M\n\t\tSCHEMA_ATTRIBUTE_INVALID: Attribute 'inLibrary' used by 'M' was not defined in the schema, or was used outside of it's defined class.\n\tSource tag: P\n\t\tSCHEMA_ATTRIBUTE_INVALID: Attribute 'inLibrary' used by 'P' was not defined in the schema, or was used outside of it's defined class.\n\tSource tag: T\n\t\tSCHEMA_ATTRIBUTE_INVALID: Attribute 'inLibrary' used by 'T' was not defined in the schema, or was used outside of it's defined class.\n\tSource tag: Y\n\t\tSCHEMA_ATTRIBUTE_INVALID: Attribute 'inLibrary' used by 'Y' was not defined in the schema, or was used outside of it's defined class.\n\tSource tag: Z\n\t\tSCHEMA_ATTRIBUTE_INVALID: Attribute 'inLibrary' used by 'Z' was not defined in the schema, or was used outside of it's defined class.\n\tSource tag: a\n\t\tSCHEMA_ATTRIBUTE_INVALID: Attribute 'inLibrary' used by 'a' was not defined in the schema, or was used outside of it's defined class.\n\tSource tag: atto\n\t\tSCHEMA_ATTRIBUTE_INVALID: Attribute 'inLibrary' used by 'atto' was not defined in the schema, or was used outside of it's defined class.\n\tSource tag: c\n\t\tSCHEMA_ATTRIBUTE_INVALID: Attribute 'inLibrary' used by 'c' was not defined in the schema, or was used outside of it's defined class.\n\tSource tag: centi\n\t\tSCHEMA_ATTRIBUTE_INVALID: Attribute 'inLibrary' used by 'centi' was not defined in the schema, or was used outside of it's defined class.\n\tSource tag: d\n\t\tSCHEMA_ATTRIBUTE_INVALID: Attribute 'inLibrary' used by 'd' was not defined in the schema, or was used outside of it's defined class.\n\tSource tag: da\n\t\tSCHEMA_ATTRIBUTE_INVALID: Attribute 'inLibrary' used by 'da' was not defined in the schema, or was used outside of it's defined class.\n\tSource tag: deca\n\t\tSCHEMA_ATTRIBUTE_INVALID: Attribute 'inLibrary' used by 'deca' was not defined in the schema, or was used outside of it's defined class.\n\tSource tag: deci\n\t\tSCHEMA_ATTRIBUTE_INVALID: Attribute 'inLibrary' used by 'deci' was not defined in the schema, or was used outside of it's defined class.\n\tSource tag: exa\n\t\tSCHEMA_ATTRIBUTE_INVALID: Attribute 'inLibrary' used by 'exa' was not defined in the schema, or was used outside of it's defined class.\n\tSource tag: f\n\t\tSCHEMA_ATTRIBUTE_INVALID: Attribute 'inLibrary' used by 'f' was not defined in the schema, or was used outside of it's defined class.\n\tSource tag: femto\n\t\tSCHEMA_ATTRIBUTE_INVALID: Attribute 'inLibrary' used by 'femto' was not defined in the schema, or was used outside of it's defined class.\n\tSource tag: giga\n\t\tSCHEMA_ATTRIBUTE_INVALID: Attribute 'inLibrary' used by 'giga' was not defined in the schema, or was used outside of it's defined class.\n\tSource tag: h\n\t\tSCHEMA_ATTRIBUTE_INVALID: Attribute 'inLibrary' used by 'h' was not defined in the schema, or was used outside of it's defined class.\n\tSource tag: hecto\n\t\tSCHEMA_ATTRIBUTE_INVALID: Attribute 'inLibrary' used by 'hecto' was not defined in the schema, or was used outside of it's defined class.\n\tSource tag: k\n\t\tSCHEMA_ATTRIBUTE_INVALID: Attribute 'inLibrary' used by 'k' was not defined in the schema, or was used outside of it's defined class.\n\tSource tag: kilo\n\t\tSCHEMA_ATTRIBUTE_INVALID: Attribute 'inLibrary' used by 'kilo' was not defined in the schema, or was used outside of it's defined class.\n\tSource tag: m\n\t\tSCHEMA_ATTRIBUTE_INVALID: Attribute 'inLibrary' used by 'm' was not defined in the schema, or was used outside of it's defined class.\n\tSource tag: mega\n\t\tSCHEMA_ATTRIBUTE_INVALID: Attribute 'inLibrary' used by 'mega' was not defined in the schema, or was used outside of it's defined class.\n\tSource tag: micro\n\t\tSCHEMA_ATTRIBUTE_INVALID: Attribute 'inLibrary' used by 'micro' was not defined in the schema, or was used outside of it's defined class.\n\tSource tag: milli\n\t\tSCHEMA_ATTRIBUTE_INVALID: Attribute 'inLibrary' used by 'milli' was not defined in the schema, or was used outside of it's defined class.\n\tSource tag: n\n\t\tSCHEMA_ATTRIBUTE_INVALID: Attribute 'inLibrary' used by 'n' was not defined in the schema, or was used outside of it's defined class.\n\tSource tag: nano\n\t\tSCHEMA_ATTRIBUTE_INVALID: Attribute 'inLibrary' used by 'nano' was not defined in the schema, or was used outside of it's defined class.\n\tSource tag: p\n\t\tSCHEMA_ATTRIBUTE_INVALID: Attribute 'inLibrary' used by 'p' was not defined in the schema, or was used outside of it's defined class.\n\tSource tag: peta\n\t\tSCHEMA_ATTRIBUTE_INVALID: Attribute 'inLibrary' used by 'peta' was not defined in the schema, or was used outside of it's defined class.\n\tSource tag: pico\n\t\tSCHEMA_ATTRIBUTE_INVALID: Attribute 'inLibrary' used by 'pico' was not defined in the schema, or was used outside of it's defined class.\n\tSource tag: tera\n\t\tSCHEMA_ATTRIBUTE_INVALID: Attribute 'inLibrary' used by 'tera' was not defined in the schema, or was used outside of it's defined class.\n\tSource tag: u\n\t\tSCHEMA_ATTRIBUTE_INVALID: Attribute 'inLibrary' used by 'u' was not defined in the schema, or was used outside of it's defined class.\n\tSource tag: y\n\t\tSCHEMA_ATTRIBUTE_INVALID: Attribute 'inLibrary' used by 'y' was not defined in the schema, or was used outside of it's defined class.\n\tSource tag: yocto\n\t\tSCHEMA_ATTRIBUTE_INVALID: Attribute 'inLibrary' used by 'yocto' was not defined in the schema, or was used outside of it's defined class.\n\tSource tag: yotta\n\t\tSCHEMA_ATTRIBUTE_INVALID: Attribute 'inLibrary' used by 'yotta' was not defined in the schema, or was used outside of it's defined class.\n\tSource tag: z\n\t\tSCHEMA_ATTRIBUTE_INVALID: Attribute 'inLibrary' used by 'z' was not defined in the schema, or was used outside of it's defined class.\n\tSource tag: zepto\n\t\tSCHEMA_ATTRIBUTE_INVALID: Attribute 'inLibrary' used by 'zepto' was not defined in the schema, or was used outside of it's defined class.\n\tSource tag: zetta\n\t\tSCHEMA_ATTRIBUTE_INVALID: Attribute 'inLibrary' used by 'zetta' was not defined in the schema, or was used outside of it's defined class.\nSchema Section: HedSectionKey.Units\n\tSource tag: $\n\t\tSCHEMA_ATTRIBUTE_INVALID: Attribute 'inLibrary' used by '$' was not defined in the schema, or was used outside of it's defined class.\n\tSource tag: B\n\t\tSCHEMA_ATTRIBUTE_INVALID: Attribute 'inLibrary' used by 'B' was not defined in the schema, or was used outside of it's defined class.\n\tSource tag: Hz\n\t\tSCHEMA_ATTRIBUTE_INVALID: Attribute 'inLibrary' used by 'Hz' was not defined in the schema, or was used outside of it's defined class.\n\tSource tag: T\n\t\tSCHEMA_ATTRIBUTE_INVALID: Attribute 'inLibrary' used by 'T' was not defined in the schema, or was used outside of it's defined class.\n\tSource tag: Volt\n\t\tSCHEMA_ATTRIBUTE_INVALID: Attribute 'inLibrary' used by 'Volt' was not defined in the schema, or was used outside of it's defined class.\n\tSource tag: byte\n\t\tSCHEMA_ATTRIBUTE_INVALID: Attribute 'inLibrary' used by 'byte' was not defined in the schema, or was used outside of it's defined class.\n\tSource tag: candela\n\t\tSCHEMA_ATTRIBUTE_INVALID: Attribute 'inLibrary' used by 'candela' was not defined in the schema, or was used outside of it's defined class.\n\tSource tag: cd\n\t\tSCHEMA_ATTRIBUTE_INVALID: Attribute 'inLibrary' used by 'cd' was not defined in the schema, or was used outside of it's defined class.\n\tSource tag: dB\n\t\tSCHEMA_ATTRIBUTE_INVALID: Attribute 'inLibrary' used by 'dB' was not defined in the schema, or was used outside of it's defined class.\n\tSource tag: day\n\t\tSCHEMA_ATTRIBUTE_INVALID: Attribute 'inLibrary' used by 'day' was not defined in the schema, or was used outside of it's defined class.\n\tSource tag: degree\n\t\tSCHEMA_ATTRIBUTE_INVALID: Attribute 'inLibrary' used by 'degree' was not defined in the schema, or was used outside of it's defined class.\n\tSource tag: degree Celsius\n\t\tSCHEMA_ATTRIBUTE_INVALID: Attribute 'inLibrary' used by 'degree Celsius' was not defined in the schema, or was used outside of it's defined class.\n\tSource tag: dollar\n\t\tSCHEMA_ATTRIBUTE_INVALID: Attribute 'inLibrary' used by 'dollar' was not defined in the schema, or was used outside of it's defined class.\n\tSource tag: euro\n\t\tSCHEMA_ATTRIBUTE_INVALID: Attribute 'inLibrary' used by 'euro' was not defined in the schema, or was used outside of it's defined class.\n\tSource tag: foot\n\t\tSCHEMA_ATTRIBUTE_INVALID: Attribute 'inLibrary' used by 'foot' was not defined in the schema, or was used outside of it's defined class.\n\tSource tag: g\n\t\tSCHEMA_ATTRIBUTE_INVALID: Attribute 'inLibrary' used by 'g' was not defined in the schema, or was used outside of it's defined class.\n\tSource tag: gram\n\t\tSCHEMA_ATTRIBUTE_INVALID: Attribute 'inLibrary' used by 'gram' was not defined in the schema, or was used outside of it's defined class.\n\tSource tag: hertz\n\t\tSCHEMA_ATTRIBUTE_INVALID: Attribute 'inLibrary' used by 'hertz' was not defined in the schema, or was used outside of it's defined class.\n\tSource tag: hour\n\t\tSCHEMA_ATTRIBUTE_INVALID: Attribute 'inLibrary' used by 'hour' was not defined in the schema, or was used outside of it's defined class.\n\tSource tag: inch\n\t\tSCHEMA_ATTRIBUTE_INVALID: Attribute 'inLibrary' used by 'inch' was not defined in the schema, or was used outside of it's defined class.\n\tSource tag: kph\n\t\tSCHEMA_ATTRIBUTE_INVALID: Attribute 'inLibrary' used by 'kph' was not defined in the schema, or was used outside of it's defined class.\n\tSource tag: lb\n\t\tSCHEMA_ATTRIBUTE_INVALID: Attribute 'inLibrary' used by 'lb' was not defined in the schema, or was used outside of it's defined class.\n\tSource tag: m\n\t\tSCHEMA_ATTRIBUTE_INVALID: Attribute 'inLibrary' used by 'm' was not defined in the schema, or was used outside of it's defined class.\n\tSource tag: m-per-s\n\t\tSCHEMA_ATTRIBUTE_INVALID: Attribute 'inLibrary' used by 'm-per-s' was not defined in the schema, or was used outside of it's defined class.\n\tSource tag: m-per-s^2\n\t\tSCHEMA_ATTRIBUTE_INVALID: Attribute 'inLibrary' used by 'm-per-s^2' was not defined in the schema, or was used outside of it's defined class.\n\tSource tag: m-per-s^3\n\t\tSCHEMA_ATTRIBUTE_INVALID: Attribute 'inLibrary' used by 'm-per-s^3' was not defined in the schema, or was used outside of it's defined class.\n\tSource tag: m^2\n\t\tSCHEMA_ATTRIBUTE_INVALID: Attribute 'inLibrary' used by 'm^2' was not defined in the schema, or was used outside of it's defined class.\n\tSource tag: m^3\n\t\tSCHEMA_ATTRIBUTE_INVALID: Attribute 'inLibrary' used by 'm^3' was not defined in the schema, or was used outside of it's defined class.\n\tSource tag: metre\n\t\tSCHEMA_ATTRIBUTE_INVALID: Attribute 'inLibrary' used by 'metre' was not defined in the schema, or was used outside of it's defined class.\n\tSource tag: mile\n\t\tSCHEMA_ATTRIBUTE_INVALID: Attribute 'inLibrary' used by 'mile' was not defined in the schema, or was used outside of it's defined class.\n\tSource tag: minute\n\t\tSCHEMA_ATTRIBUTE_INVALID: Attribute 'inLibrary' used by 'minute' was not defined in the schema, or was used outside of it's defined class.\n\tSource tag: mph\n\t\tSCHEMA_ATTRIBUTE_INVALID: Attribute 'inLibrary' used by 'mph' was not defined in the schema, or was used outside of it's defined class.\n\tSource tag: oC\n\t\tSCHEMA_ATTRIBUTE_INVALID: Attribute 'inLibrary' used by 'oC' was not defined in the schema, or was used outside of it's defined class.\n\tSource tag: point\n\t\tSCHEMA_ATTRIBUTE_INVALID: Attribute 'inLibrary' used by 'point' was not defined in the schema, or was used outside of it's defined class.\n\tSource tag: pound\n\t\tSCHEMA_ATTRIBUTE_INVALID: Attribute 'inLibrary' used by 'pound' was not defined in the schema, or was used outside of it's defined class.\n\tSource tag: rad\n\t\tSCHEMA_ATTRIBUTE_INVALID: Attribute 'inLibrary' used by 'rad' was not defined in the schema, or was used outside of it's defined class.\n\tSource tag: radian\n\t\tSCHEMA_ATTRIBUTE_INVALID: Attribute 'inLibrary' used by 'radian' was not defined in the schema, or was used outside of it's defined class.\n\tSource tag: s\n\t\tSCHEMA_ATTRIBUTE_INVALID: Attribute 'inLibrary' used by 's' was not defined in the schema, or was used outside of it's defined class.\n\tSource tag: second\n\t\tSCHEMA_ATTRIBUTE_INVALID: Attribute 'inLibrary' used by 'second' was not defined in the schema, or was used outside of it's defined class.\n\tSource tag: tesla\n\t\tSCHEMA_ATTRIBUTE_INVALID: Attribute 'inLibrary' used by 'tesla' was not defined in the schema, or was used outside of it's defined class.\n\tSource tag: v\n\t\tSCHEMA_ATTRIBUTE_INVALID: Attribute 'inLibrary' used by 'v' was not defined in the schema, or was used outside of it's defined class.\nSchema Section: HedSectionKey.ValueClasses\n\tSource tag: dateTimeClass\n\t\tSCHEMA_ATTRIBUTE_INVALID: Attribute 'inLibrary' used by 'dateTimeClass' was not defined in the schema, or was used outside of it's defined class.\n\tSource tag: nameClass\n\t\tSCHEMA_ATTRIBUTE_INVALID: Attribute 'inLibrary' used by 'nameClass' was not defined in the schema, or was used outside of it's defined class.\n\tSource tag: numericClass\n\t\tSCHEMA_ATTRIBUTE_INVALID: Attribute 'inLibrary' used by 'numericClass' was not defined in the schema, or was used outside of it's defined class.\n\tSource tag: posixPath\n\t\tSCHEMA_ATTRIBUTE_INVALID: Attribute 'inLibrary' used by 'posixPath' was not defined in the schema, or was used outside of it's defined class.\n\tSource tag: textClass\n\t\tSCHEMA_ATTRIBUTE_INVALID: Attribute 'inLibrary' used by 'textClass' was not defined in the schema, or was used outside of it's defined class.\n" is not false : score_1.0.0 library schema should be valid

======================================================================
FAIL: test_schemas_validate_library_schema_group (tests.test_schemas.Test.test_schemas_validate_library_schema_group)
Test validation of a schema group combining standard and library schemas.
----------------------------------------------------------------------
Traceback (most recent call last):
  File "H:\Repos\hed-web\tests\test_schemas.py", line 232, in test_schemas_validate_library_schema_group
    self.assertFalse(results["data"], "Standard+score schema group should be valid")
AssertionError: "8.2.0,sc:score_1.0.0\nSchema Section: HedSectionKey.Attributes\n\tSource tag: SIUnit\n\t\tSCHEMA_ATTRIBUTE_INVALID: Attribute 'inLibrary' used by 'SIUnit' was not defined in the schema, or was used outside of it's defined class.\n\tSource tag: SIUnitModifier\n\t\tSCHEMA_ATTRIBUTE_INVALID: Attribute 'inLibrary' used by 'SIUnitModifier' was not defined in the schema, or was used outside of it's defined class.\n\tSource tag: SIUnitSymbolModifier\n\t\tSCHEMA_ATTRIBUTE_INVALID: Attribute 'inLibrary' used by 'SIUnitSymbolModifier' was not defined in the schema, or was used outside of it's defined class.\n\tSource tag: allowedCharacter\n\t\tSCHEMA_ATTRIBUTE_INVALID: Attribute 'inLibrary' used by 'allowedCharacter' was not defined in the schema, or was used outside of it's defined class.\n\tSource tag: conversionFactor\n\t\tSCHEMA_ATTRIBUTE_INVALID: Attribute 'inLibrary' used by 'conversionFactor' was not defined in the schema, or was used outside of it's defined class.\n\tSource tag: defaultUnits\n\t\tSCHEMA_ATTRIBUTE_INVALID: Attribute 'inLibrary' used by 'defaultUnits' was not defined in the schema, or was used outside of it's defined class.\n\tSource tag: extensionAllowed\n\t\tSCHEMA_ATTRIBUTE_INVALID: Attribute 'inLibrary' used by 'extensionAllowed' was not defined in the schema, or was used outside of it's defined class.\n\tSource tag: recommended\n\t\tSCHEMA_ATTRIBUTE_INVALID: Attribute 'inLibrary' used by 'recommended' was not defined in the schema, or was used outside of it's defined class.\n\tSource tag: relatedTag\n\t\tSCHEMA_ATTRIBUTE_INVALID: Attribute 'inLibrary' used by 'relatedTag' was not defined in the schema, or was used outside of it's defined class.\n\tSource tag: requireChild\n\t\tSCHEMA_ATTRIBUTE_INVALID: Attribute 'inLibrary' used by 'requireChild' was not defined in the schema, or was used outside of it's defined class.\n\tSource tag: required\n\t\tSCHEMA_ATTRIBUTE_INVALID: Attribute 'inLibrary' used by 'required' was not defined in the schema, or was used outside of it's defined class.\n\tSource tag: suggestedTag\n\t\tSCHEMA_ATTRIBUTE_INVALID: Attribute 'inLibrary' used by 'suggestedTag' was not defined in the schema, or was used outside of it's defined class.\n\tSource tag: tagGroup\n\t\tSCHEMA_ATTRIBUTE_INVALID: Attribute 'inLibrary' used by 'tagGroup' was not defined in the schema, or was used outside of it's defined class.\n\tSource tag: takesValue\n\t\tSCHEMA_ATTRIBUTE_INVALID: Attribute 'inLibrary' used by 'takesValue' was not defined in the schema, or was used outside of it's defined class.\n\tSource tag: topLevelTagGroup\n\t\tSCHEMA_ATTRIBUTE_INVALID: Attribute 'inLibrary' used by 'topLevelTagGroup' was not defined in the schema, or was used outside of it's defined class.\n\tSource tag: unique\n\t\tSCHEMA_ATTRIBUTE_INVALID: Attribute 'inLibrary' used by 'unique' was not defined in the schema, or was used outside of it's defined class.\n\tSource tag: unitClass\n\t\tSCHEMA_ATTRIBUTE_INVALID: Attribute 'inLibrary' used by 'unitClass' was not defined in the schema, or was used outside of it's defined class.\n\tSource tag: unitPrefix\n\t\tSCHEMA_ATTRIBUTE_INVALID: Attribute 'inLibrary' used by 'unitPrefix' was not defined in the schema, or was used outside of it's defined class.\n\tSource tag: unitSymbol\n\t\tSCHEMA_ATTRIBUTE_INVALID: Attribute 'inLibrary' used by 'unitSymbol' was not defined in the schema, or was used outside of it's defined class.\n\tSource tag: valueClass\n\t\tSCHEMA_ATTRIBUTE_INVALID: Attribute 'inLibrary' used by 'valueClass' was not defined in the schema, or was used outside of it's defined class.\nSchema Section: HedSectionKey.Properties\n\tSource tag: boolProperty\n\t\tSCHEMA_ATTRIBUTE_INVALID: Attribute 'inLibrary' used by 'boolProperty' was not defined in the schema, or was used outside of it's defined class.\n\tSource tag: unitClassProperty\n\t\tSCHEMA_ATTRIBUTE_INVALID: Attribute 'inLibrary' used by 'unitClassProperty' was not defined in the schema, or was used outside of it's defined class.\n\tSource tag: unitModifierProperty\n\t\tSCHEMA_ATTRIBUTE_INVALID: Attribute 'inLibrary' used by 'unitModifierProperty' was not defined in the schema, or was used outside of it's defined class.\n\tSource tag: unitProperty\n\t\tSCHEMA_ATTRIBUTE_INVALID: Attribute 'inLibrary' used by 'unitProperty' was not defined in the schema, or was used outside of it's defined class.\n\tSource tag: valueClassProperty\n\t\tSCHEMA_ATTRIBUTE_INVALID: Attribute 'inLibrary' used by 'valueClassProperty' was not defined in the schema, or was used outside of it's defined class.\nSchema Section: HedSectionKey.Tags\n\tSource tag: Artifact\n\t\tSCHEMA_ATTRIBUTE_INVALID: Attribute 'inLibrary' used by 'Artifact' was not defined in the schema, or was used outside of it's defined class.\n\tSource tag: Artifact/Biological-artifact\n\t\tSCHEMA_ATTRIBUTE_INVALID: Attribute 'inLibrary' used by 'Artifact/Biological-artifact' was not defined in the schema, or was used outside of it's defined class.\n\tSource tag: Artifact/Biological-artifact/Chewing-artifact\n\t\tSCHEMA_ATTRIBUTE_INVALID: Attribute 'inLibrary' used by 'Artifact/Biological-artifact/Chewing-artifact' was not defined in the schema, or was used outside of it's defined class.\n\tSource tag: Artifact/Biological-artifact/ECG-artifact\n\t\tSCHEMA_ATTRIBUTE_INVALID: Attribute 'inLibrary' used by 'Artifact/Biological-artifact/ECG-artifact' was not defined in the schema, or was used outside of it's defined class.\n\tSource tag: Artifact/Biological-artifact/EMG-artifact\n\t\tSCHEMA_ATTRIBUTE_INVALID: Attribute 'inLibrary' used by 'Artifact/Biological-artifact/EMG-artifact' was not defined in the schema, or was used outside of it's defined class.\n\tSource tag: Artifact/Biological-artifact/Eye-blink-artifact\n\t\tSCHEMA_ATTRIBUTE_INVALID: Attribute 'inLibrary' used by 'Artifact/Biological-artifact/Eye-blink-artifact' was not defined in the schema, or was used outside of it's defined class.\n\tSource tag: Artifact/Biological-artifact/Eye-movement-horizontal-artifact\n\t\tSCHEMA_ATTRIBUTE_INVALID: Attribute 'inLibrary' used by 'Artifact/Biological-artifact/Eye-movement-horizontal-artifact' was not defined in the schema, or was used outside of it's defined class.\n\tSource tag: Artifact/Biological-artifact/Eye-movement-vertical-artifact\n\t\tSCHEMA_ATTRIBUTE_INVALID: Attribute 'inLibrary' used by 'Artifact/Biological-artifact/Eye-movement-vertical-artifact' was not defined in the schema, or was used outside of it's defined class.\n\tSource tag: Artifact/Biological-artifact/Glossokinetic-artifact\n\t\tSCHEMA_ATTRIBUTE_INVALID: Attribute 'inLibrary' used by 'Artifact/Biological-artifact/Glossokinetic-artifact' was not defined in the schema, or was used outside of it's defined class.\n\tSource tag: Artifact/Biological-artifact/Movement-artifact\n\t\tSCHEMA_ATTRIBUTE_INVALID: Attribute 'inLibrary' used by 'Artifact/Biological-artifact/Movement-artifact' was not defined in the schema, or was used outside of it's defined class.\n\tSource tag: Artifact/Biological-artifact/Nystagmus-artifact\n\t\tSCHEMA_ATTRIBUTE_INVALID: Attribute 'inLibrary' used by 'Artifact/Biological-artifact/Nystagmus-artifact' was not defined in the schema, or was used outside of it's defined class.\n\tSource tag: Artifact/Biological-artifact/Pulse-artifact\n\t\tSCHEMA_ATTRIBUTE_INVALID: Attribute 'inLibrary' used by 'Artifact/Biological-artifact/Pulse-artifact' was not defined in the schema, or was used outside of it's defined class.\n\tSource tag: Artifact/Biological-artifact/Respiration-artifact\n\t\tSCHEMA_ATTRIBUTE_INVALID: Attribute 'inLibrary' used by 'Artifact/Biological-artifact/Respiration-artifact' was not defined in the schema, or was used outside of it's defined class.\n\tSource tag: Artifact/Biological-artifact/Rocking-patting-artifact\n\t\tSCHEMA_ATTRIBUTE_INVALID: Attribute 'inLibrary' used by 'Artifact/Biological-artifact/Rocking-patting-artifact' was not defined in the schema, or was used outside of it's defined class.\n\tSource tag: Artifact/Biological-artifact/Slow-eye-movement-artifact\n\t\tSCHEMA_ATTRIBUTE_INVALID: Attribute 'inLibrary' used by 'Artifact/Biological-artifact/Slow-eye-movement-artifact' was not defined in the schema, or was used outside of it's defined class.\n\tSource tag: Artifact/Biological-artifact/Sucking-artifact\n\t\tSCHEMA_ATTRIBUTE_INVALID: Attribute 'inLibrary' used by 'Artifact/Biological-artifact/Sucking-artifact' was not defined in the schema, or was used outside of it's defined class.\n\tSource tag: Artifact/Biological-artifact/Sweat-artifact\n\t\tSCHEMA_ATTRIBUTE_INVALID: Attribute 'inLibrary' used by 'Artifact/Biological-artifact/Sweat-artifact' was not defined in the schema, or was used outside of it's defined class.\n\tSource tag: Artifact/Non-biological-artifact\n\t\tSCHEMA_ATTRIBUTE_INVALID: Attribute 'inLibrary' used by 'Artifact/Non-biological-artifact' was not defined in the schema, or was used outside of it's defined class.\n\tSource tag: Artifact/Non-biological-artifact/Artificial-ventilation-artifact\n\t\tSCHEMA_ATTRIBUTE_INVALID: Attribute 'inLibrary' used by 'Artifact/Non-biological-artifact/Artificial-ventilation-artifact' was not defined in the schema, or was used outside of it's defined class.\n\tSource tag: Artifact/Non-biological-artifact/Dialysis-artifact\n\t\tSCHEMA_ATTRIBUTE_INVALID: Attribute 'inLibrary' used by 'Artifact/Non-biological-artifact/Dialysis-artifact' was not defined in the schema, or was used outside of it's defined class.\n\tSource tag: Artifact/Non-biological-artifact/Electrode-pops-artifact\n\t\tSCHEMA_ATTRIBUTE_INVALID: Attribute 'inLibrary' used by 'Artifact/Non-biological-artifact/Electrode-pops-artifact' was not defined in the schema, or was used outside of it's defined class.\n\tSource tag: Artifact/Non-biological-artifact/Induction-artifact\n\t\tSCHEMA_ATTRIBUTE_INVALID: Attribute 'inLibrary' used by 'Artifact/Non-biological-artifact/Induction-artifact' was not defined in the schema, or was used outside of it's defined class.\n\tSource tag: Artifact/Non-biological-artifact/Power-supply-artifact\n\t\tSCHEMA_ATTRIBUTE_INVALID: Attribute 'inLibrary' used by 'Artifact/Non-biological-artifact/Power-supply-artifact' was not defined in the schema, or was used outside of it's defined class.\n\tSource tag: Artifact/Non-biological-artifact/Salt-bridge-artifact\n\t\tSCHEMA_ATTRIBUTE_INVALID: Attribute 'inLibrary' used by 'Artifact/Non-biological-artifact/Salt-bridge-artifact' was not defined in the schema, or was used outside of it's defined class.\n\tSource tag: Artifact/Other-artifact\n\t\tSCHEMA_ATTRIBUTE_INVALID: Attribute 'inLibrary' used by 'Artifact/Other-artifact' was not defined in the schema, or was used outside of it's defined class.\n\tSource tag: Artifact/Other-artifact/#\n\t\tSCHEMA_ATTRIBUTE_INVALID: Attribute 'inLibrary' used by 'Artifact/Other-artifact/#' was not defined in the schema, or was used outside of it's defined class.\n\tSource tag: Background-activity\n\t\tSCHEMA_ATTRIBUTE_INVALID: Attribute 'inLibrary' used by 'Background-activity' was not defined in the schema, or was used outside of it's defined class.\n\tSource tag: Background-activity/Background-activity-special-feature\n\t\tSCHEMA_ATTRIBUTE_INVALID: Attribute 'inLibrary' used by 'Background-activity/Background-activity-special-feature' was not defined in the schema, or was used outside of it's defined class.\n\tSource tag: Background-activity/Background-activity-special-feature/Background-activity-suppression\n\t\tSCHEMA_ATTRIBUTE_INVALID: Attribute 'inLibrary' used by 'Background-activity/Background-activity-special-feature/Background-activity-suppression' was not defined in the schema, or was used outside of it's defined class.\n\tSource tag: Background-activity/Background-activity-special-feature/Background-burst-attenuation\n\t\tSCHEMA_ATTRIBUTE_INVALID: Attribute 'inLibrary' used by 'Background-activity/Background-activity-special-feature/Background-burst-attenuation' was not defined in the schema, or was used outside of it's defined class.\n\tSource tag: Background-activity/Background-activity-special-feature/Background-burst-suppression\n\t\tSCHEMA_ATTRIBUTE_INVALID: Attribute 'inLibrary' used by 'Background-activity/Background-activity-special-feature/Background-burst-suppression' was not defined in the schema, or was used outside of it's defined class.\n\tSource tag: Background-activity/Background-activity-special-feature/Continuous-background-activity\n\t\tSCHEMA_ATTRIBUTE_INVALID: Attribute 'inLibrary' used by 'Background-activity/Background-activity-special-feature/Continuous-background-activity' was not defined in the schema, or was used outside of it's defined class.\n\tSource tag: Background-activity/Background-activity-special-feature/Discontinuous-background-activity\n\t\tSCHEMA_ATTRIBUTE_INVALID: Attribute 'inLibrary' used by 'Background-activity/Background-activity-special-feature/Discontinuous-background-activity' was not defined in the schema, or was used outside of it's defined class.\n\tSource tag: Background-activity/Background-activity-special-feature/Electrocerebral-inactivity\n\t\tSCHEMA_ATTRIBUTE_INVALID: Attribute 'inLibrary' used by 'Background-activity/Background-activity-special-feature/Electrocerebral-inactivity' was not defined in the schema, or was used outside of it's defined class.\n\tSource tag: Background-activity/Background-activity-special-feature/Nearly-continuous-background-activity\n\t\tSCHEMA_ATTRIBUTE_INVALID: Attribute 'inLibrary' used by 'Background-activity/Background-activity-special-feature/Nearly-continuous-background-activity' was not defined in the schema, or was used outside of it's defined class.\n\tSource tag: Background-activity/Mu-rhythm\n\t\tSCHEMA_ATTRIBUTE_INVALID: Attribute 'inLibrary' used by 'Background-activity/Mu-rhythm' was not defined in the schema, or was used outside of it's defined class.\n\tSource tag: Background-activity/Other-organized-rhythm\n\t\tSCHEMA_ATTRIBUTE_INVALID: Attribute 'inLibrary' used by 'Background-activity/Other-organized-rhythm' was not defined in the schema, or was used outside of it's defined class.\n\tSource tag: Background-activity/Other-organized-rhythm/#\n\t\tSCHEMA_ATTRIBUTE_INVALID: Attribute 'inLibrary' used by 'Background-activity/Other-organized-rhythm/#' was not defined in the schema, or was used outside of it's defined class.\n\tSource tag: Background-activity/Posterior-dominant-rhythm\n\t\tSCHEMA_ATTRIBUTE_INVALID: Attribute 'inLibrary' used by 'Background-activity/Posterior-dominant-rhythm' was not defined in the schema, or was used outside of it's defined class.\n\tSource tag: Critically-ill-patients-patterns\n\t\tSCHEMA_ATTRIBUTE_INVALID: Attribute 'inLibrary' used by 'Critically-ill-patients-patterns' was not defined in the schema, or was used outside of it's defined class.\n\tSource tag: Critically-ill-patients-patterns/Critically-ill-patients-periodic-discharges\n\t\tSCHEMA_ATTRIBUTE_INVALID: Attribute 'inLibrary' used by 'Critically-ill-patients-patterns/Critically-ill-patients-periodic-discharges' was not defined in the schema, or was used outside of it's defined class.\n\tSource tag: Critically-ill-patients-patterns/Rhythmic-delta-activity\n\t\tSCHEMA_ATTRIBUTE_INVALID: Attribute 'inLibrary' used by 'Critically-ill-patients-patterns/Rhythmic-delta-activity' was not defined in the schema, or was used outside of it's defined class.\n\tSource tag: Critically-ill-patients-patterns/Spike-or-sharp-and-wave\n\t\tSCHEMA_ATTRIBUTE_INVALID: Attribute 'inLibrary' used by 'Critically-ill-patients-patterns/Spike-or-sharp-and-wave' was not defined in the schema, or was used outside of it's defined class.\n\tSource tag: Episode\n\t\tSCHEMA_ATTRIBUTE_INVALID: Attribute 'inLibrary' used by 'Episode' was not defined in the schema, or was used outside of it's defined class.\n\tSource tag: Episode/Cataplexy\n\t\tSCHEMA_ATTRIBUTE_INVALID: Attribute 'inLibrary' used by 'Episode/Cataplexy' was not defined in the schema, or was used outside of it's defined class.\n\tSource tag: Episode/Electrographic-seizure\n\t\tSCHEMA_ATTRIBUTE_INVALID: Attribute 'inLibrary' used by 'Episode/Electrographic-seizure' was not defined in the schema, or was used outside of it's defined class.\n\tSource tag: Episode/Epileptic-seizure\n\t\tSCHEMA_ATTRIBUTE_INVALID: Attribute 'inLibrary' used by 'Episode/Epileptic-seizure' was not defined in the schema, or was used outside of it's defined class.\n\tSource tag: Episode/Epileptic-seizure/Focal-onset-epileptic-seizure\n\t\tSCHEMA_ATTRIBUTE_INVALID: Attribute 'inLibrary' used by 'Episode/Epileptic-seizure/Focal-onset-epileptic-seizure' was not defined in the schema, or was used outside of it's defined class.\n\tSource tag: Episode/Epileptic-seizure/Focal-onset-epileptic-seizure/Aware-focal-onset-epileptic-seizure\n\t\tSCHEMA_ATTRIBUTE_INVALID: Attribute 'inLibrary' used by 'Episode/Epileptic-seizure/Focal-onset-epileptic-seizure/Aware-focal-onset-epileptic-seizure' was not defined in the schema, or was used outside of it's defined class.\n\tSource tag: Episode/Epileptic-seizure/Focal-onset-epileptic-seizure/Awareness-unknown-focal-onset-epileptic-seizure\n\t\tSCHEMA_ATTRIBUTE_INVALID: Attribute 'inLibrary' used by 'Episode/Epileptic-seizure/Focal-onset-epileptic-seizure/Awareness-unknown-focal-onset-epileptic-seizure' was not defined in the schema, or was used outside of it's defined class.\n\tSource tag: Episode/Epileptic-seizure/Focal-onset-epileptic-seizure/Focal-to-bilateral-tonic-clonic-focal-onset-epileptic-seizure\n\t\tSCHEMA_ATTRIBUTE_INVALID: Attribute 'inLibrary' used by 'Episode/Epileptic-seizure/Focal-onset-epileptic-seizure/Focal-to-bilateral-tonic-clonic-focal-onset-epileptic-seizure' was not defined in the schema, or was used outside of it's defined class.\n\tSource tag: Episode/Epileptic-seizure/Focal-onset-epileptic-seizure/Impaired-awareness-focal-onset-epileptic-seizure\n\t\tSCHEMA_ATTRIBUTE_INVALID: Attribute 'inLibrary' used by 'Episode/Epileptic-seizure/Focal-onset-epileptic-seizure/Impaired-awareness-focal-onset-epileptic-seizure' was not defined in the schema, or was used outside of it's defined class.\n\tSource tag: Episode/Epileptic-seizure/Generalized-onset-epileptic-seizure\n\t\tSCHEMA_ATTRIBUTE_INVALID: Attribute 'inLibrary' used by 'Episode/Epileptic-seizure/Generalized-onset-epileptic-seizure' was not defined in the schema, or was used outside of it's defined class.\n\tSource tag: Episode/Epileptic-seizure/Unclassified-epileptic-seizure\n\t\tSCHEMA_ATTRIBUTE_INVALID: Attribute 'inLibrary' used by 'Episode/Epileptic-seizure/Unclassified-epileptic-seizure' was not defined in the schema, or was used outside of it's defined class.\n\tSource tag: Episode/Epileptic-seizure/Unknown-onset-epileptic-seizure\n\t\tSCHEMA_ATTRIBUTE_INVALID: Attribute 'inLibrary' used by 'Episode/Epileptic-seizure/Unknown-onset-epileptic-seizure' was not defined in the schema, or was used outside of it's defined class.\n\tSource tag: Episode/Other-episode\n\t\tSCHEMA_ATTRIBUTE_INVALID: Attribute 'inLibrary' used by 'Episode/Other-episode' was not defined in the schema, or was used outside of it's defined class.\n\tSource tag: Episode/Other-episode/#\n\t\tSCHEMA_ATTRIBUTE_INVALID: Attribute 'inLibrary' used by 'Episode/Other-episode/#' was not defined in the schema, or was used outside of it's defined class.\n\tSource tag: Episode/Paroxysmal-motor-event\n\t\tSCHEMA_ATTRIBUTE_INVALID: Attribute 'inLibrary' used by 'Episode/Paroxysmal-motor-event' was not defined in the schema, or was used outside of it's defined class.\n\tSource tag: Episode/Pediatric-episode\n\t\tSCHEMA_ATTRIBUTE_INVALID: Attribute 'inLibrary' used by 'Episode/Pediatric-episode' was not defined in the schema, or was used outside of it's defined class.\n\tSource tag: Episode/Pediatric-episode/Hyperekplexia\n\t\tSCHEMA_ATTRIBUTE_INVALID: Attribute 'inLibrary' used by 'Episode/Pediatric-episode/Hyperekplexia' was not defined in the schema, or was used outside of it's defined class.\n\tSource tag: Episode/Pediatric-episode/Jactatio-capitis-nocturna\n\t\tSCHEMA_ATTRIBUTE_INVALID: Attribute 'inLibrary' used by 'Episode/Pediatric-episode/Jactatio-capitis-nocturna' was not defined in the schema, or was used outside of it's defined class.\n\tSource tag: Episode/Pediatric-episode/Pavor-nocturnus\n\t\tSCHEMA_ATTRIBUTE_INVALID: Attribute 'inLibrary' used by 'Episode/Pediatric-episode/Pavor-nocturnus' was not defined in the schema, or was used outside of it's defined class.\n\tSource tag: Episode/Pediatric-episode/Pediatric-stereotypical-behavior-episode\n\t\tSCHEMA_ATTRIBUTE_INVALID: Attribute 'inLibrary' used by 'Episode/Pediatric-episode/Pediatric-stereotypical-behavior-episode' was not defined in the schema, or was used outside of it's defined class.\n\tSource tag: Episode/Seizure-PNES\n\t\tSCHEMA_ATTRIBUTE_INVALID: Attribute 'inLibrary' used by 'Episode/Seizure-PNES' was not defined in the schema, or was used outside of it's defined class.\n\tSource tag: Episode/Sleep-related-episode\n\t\tSCHEMA_ATTRIBUTE_INVALID: Attribute 'inLibrary' used by 'Episode/Sleep-related-episode' was not defined in the schema, or was used outside of it's defined class.\n\tSource tag: Episode/Sleep-related-episode/Benign-sleep-myoclonus\n\t\tSCHEMA_ATTRIBUTE_INVALID: Attribute 'inLibrary' used by 'Episode/Sleep-related-episode/Benign-sleep-myoclonus' was not defined in the schema, or was used outside of it's defined class.\n\tSource tag: Episode/Sleep-related-episode/Confusional-awakening\n\t\tSCHEMA_ATTRIBUTE_INVALID: Attribute 'inLibrary' used by 'Episode/Sleep-related-episode/Confusional-awakening' was not defined in the schema, or was used outside of it's defined class.\n\tSource tag: Episode/Sleep-related-episode/REM-sleep-behavioral-disorder\n\t\tSCHEMA_ATTRIBUTE_INVALID: Attribute 'inLibrary' used by 'Episode/Sleep-related-episode/REM-sleep-behavioral-disorder' was not defined in the schema, or was used outside of it's defined class.\n\tSource tag: Episode/Sleep-related-episode/Sleep-periodic-limb-movement\n\t\tSCHEMA_ATTRIBUTE_INVALID: Attribute 'inLibrary' used by 'Episode/Sleep-related-episode/Sleep-periodic-limb-movement' was not defined in the schema, or was used outside of it's defined class.\n\tSource tag: Episode/Sleep-related-episode/Sleep-related-arousal\n\t\tSCHEMA_ATTRIBUTE_INVALID: Attribute 'inLibrary' used by 'Episode/Sleep-related-episode/Sleep-related-arousal' was not defined in the schema, or was used outside of it's defined class.\n\tSource tag: Episode/Sleep-related-episode/Sleep-walking\n\t\tSCHEMA_ATTRIBUTE_INVALID: Attribute 'inLibrary' used by 'Episode/Sleep-related-episode/Sleep-walking' was not defined in the schema, or was used outside of it's defined class.\n\tSource tag: Episode/Subtle-seizure\n\t\tSCHEMA_ATTRIBUTE_INVALID: Attribute 'inLibrary' used by 'Episode/Subtle-seizure' was not defined in the schema, or was used outside of it's defined class.\n\tSource tag: Episode/Syncope\n\t\tSCHEMA_ATTRIBUTE_INVALID: Attribute 'inLibrary' used by 'Episode/Syncope' was not defined in the schema, or was used outside of it's defined class.\n\tSource tag: Finding-property\n\t\tSCHEMA_ATTRIBUTE_INVALID: Attribute 'inLibrary' used by 'Finding-property' was not defined in the schema, or was used outside of it's defined class.\n\tSource tag: Finding-property/Episode-property\n\t\tSCHEMA_ATTRIBUTE_INVALID: Attribute 'inLibrary' used by 'Finding-property/Episode-property' was not defined in the schema, or was used outside of it's defined class.\n\tSource tag: Finding-property/Episode-property/Episode-phase\n\t\tSCHEMA_ATTRIBUTE_INVALID: Attribute 'inLibrary' used by 'Finding-property/Episode-property/Episode-phase' was not defined in the schema, or was used outside of it's defined class.\n\tSource tag: Finding-property/Episode-property/Episode-phase/Episode-phase-initial\n\t\tSCHEMA_ATTRIBUTE_INVALID: Attribute 'inLibrary' used by 'Finding-property/Episode-property/Episode-phase/Episode-phase-initial' was not defined in the schema, or was used outside of it's defined class.\n\tSource tag: Finding-property/Episode-property/Episode-phase/Episode-phase-postictal\n\t\tSCHEMA_ATTRIBUTE_INVALID: Attribute 'inLibrary' used by 'Finding-property/Episode-property/Episode-phase/Episode-phase-postictal' was not defined in the schema, or was used outside of it's defined class.\n\tSource tag: Finding-property/Episode-property/Episode-phase/Episode-phase-subsequent\n\t\tSCHEMA_ATTRIBUTE_INVALID: Attribute 'inLibrary' used by 'Finding-property/Episode-property/Episode-phase/Episode-phase-subsequent' was not defined in the schema, or was used outside of it's defined class.\n\tSource tag: Finding-property/Episode-property/Episode-time-context-property\n\t\tSCHEMA_ATTRIBUTE_INVALID: Attribute 'inLibrary' used by 'Finding-property/Episode-property/Episode-time-context-property' was not defined in the schema, or was used outside of it's defined class.\n\tSource tag: Finding-property/Episode-property/Episode-time-context-property/Clinical-EEG-temporal-relationship\n\t\tSCHEMA_ATTRIBUTE_INVALID: Attribute 'inLibrary' used by 'Finding-property/Episode-property/Episode-time-context-property/Clinical-EEG-temporal-relationship' was not defined in the schema, or was used outside of it's defined class.\n\tSource tag: Finding-property/Episode-property/Episode-time-context-property/Clinical-EEG-temporal-relationship/Clinical-EEG-temporal-relationship-notes\n\t\tSCHEMA_ATTRIBUTE_INVALID: Attribute 'inLibrary' used by 'Finding-property/Episode-property/Episode-time-context-property/Clinical-EEG-temporal-relationship/Clinical-EEG-temporal-relationship-notes' was not defined in the schema, or was used outside of it's defined class.\n\tSource tag: Finding-property/Episode-property/Episode-time-context-property/Clinical-EEG-temporal-relationship/Clinical-EEG-temporal-relationship-notes/#\n\t\tSCHEMA_ATTRIBUTE_INVALID: Attribute 'inLibrary' used by 'Finding-property/Episode-property/Episode-time-context-property/Clinical-EEG-temporal-relationship/Clinical-EEG-temporal-relationship-notes/#' was not defined in the schema, or was used outside of it's defined class.\n\tSource tag: Finding-property/Episode-property/Episode-time-context-property/Clinical-EEG-temporal-relationship/Clinical-start-followed-EEG\n\t\tSCHEMA_ATTRIBUTE_INVALID: Attribute 'inLibrary' used by 'Finding-property/Episode-property/Episode-time-context-property/Clinical-EEG-temporal-relationship/Clinical-start-followed-EEG' was not defined in the schema, or was used outside of it's defined class.\n\tSource tag: Finding-property/Episode-property/Episode-time-context-property/Clinical-EEG-temporal-relationship/Clinical-start-followed-EEG/#\n\t\tSCHEMA_ATTRIBUTE_INVALID: Attribute 'inLibrary' used by 'Finding-property/Episode-property/Episode-time-context-property/Clinical-EEG-temporal-relationship/Clinical-start-followed-EEG/#' was not defined in the schema, or was used outside of it's defined class.\n\tSource tag: Finding-property/Episode-property/Episode-time-context-property/Clinical-EEG-temporal-relationship/EEG-start-followed-clinical\n\t\tSCHEMA_ATTRIBUTE_INVALID: Attribute 'inLibrary' used by 'Finding-property/Episode-property/Episode-time-context-property/Clinical-EEG-temporal-relationship/EEG-start-followed-clinical' was not defined in the schema, or was used outside of it's defined class.\n\tSource tag: Finding-property/Episode-property/Episode-time-context-property/Clinical-EEG-temporal-relationship/EEG-start-followed-clinical/#\n\t\tSCHEMA_ATTRIBUTE_INVALID: Attribute 'inLibrary' used by 'Finding-property/Episode-property/Episode-time-context-property/Clinical-EEG-temporal-relationship/EEG-start-followed-clinical/#' was not defined in the schema, or was used outside of it's defined class.\n\tSource tag: Finding-property/Episode-property/Episode-time-context-property/Clinical-EEG-temporal-relationship/Simultaneous-start-clinical-EEG\n\t\tSCHEMA_ATTRIBUTE_INVALID: Attribute 'inLibrary' used by 'Finding-property/Episode-property/Episode-time-context-property/Clinical-EEG-temporal-relationship/Simultaneous-start-clinical-EEG' was not defined in the schema, or was used outside of it's defined class.\n\tSource tag: Finding-property/Episode-property/Episode-time-context-property/Episode-appearance\n\t\tSCHEMA_ATTRIBUTE_INVALID: Attribute 'inLibrary' used by 'Finding-property/Episode-property/Episode-time-context-property/Episode-appearance' was not defined in the schema, or was used outside of it's defined class.\n\tSource tag: Finding-property/Episode-property/Episode-time-context-property/Episode-appearance/Episode-appearance-interactive\n\t\tSCHEMA_ATTRIBUTE_INVALID: Attribute 'inLibrary' used by 'Finding-property/Episode-property/Episode-time-context-property/Episode-appearance/Episode-appearance-interactive' was not defined in the schema, or was used outside of it's defined class.\n\tSource tag: Finding-property/Episode-property/Episode-time-context-property/Episode-appearance/Episode-appearance-interactive/#\n\t\tSCHEMA_ATTRIBUTE_INVALID: Attribute 'inLibrary' used by 'Finding-property/Episode-property/Episode-time-context-property/Episode-appearance/Episode-appearance-interactive/#' was not defined in the schema, or was used outside of it's defined class.\n\tSource tag: Finding-property/Episode-property/Episode-time-context-property/Episode-appearance/Episode-appearance-spontaneous\n\t\tSCHEMA_ATTRIBUTE_INVALID: Attribute 'inLibrary' used by 'Finding-property/Episode-property/Episode-time-context-property/Episode-appearance/Episode-appearance-spontaneous' was not defined in the schema, or was used outside of it's defined class.\n\tSource tag: Finding-property/Episode-property/Episode-time-context-property/Episode-appearance/Episode-appearance-spontaneous/#\n\t\tSCHEMA_ATTRIBUTE_INVALID: Attribute 'inLibrary' used by 'Finding-property/Episode-property/Episode-time-context-property/Episode-appearance/Episode-appearance-spontaneous/#' was not defined in the schema, or was used outside of it's defined class.\n\tSource tag: Finding-property/Episode-property/Episode-time-context-property/Episode-awareness\n\t\tSCHEMA_ATTRIBUTE_INVALID: Attribute 'inLibrary' used by 'Finding-property/Episode-property/Episode-time-context-property/Episode-awareness' was not defined in the schema, or was used outside of it's defined class.\n\tSource tag: Finding-property/Episode-property/Episode-time-context-property/Episode-awareness/#\n\t\tSCHEMA_ATTRIBUTE_INVALID: Attribute 'inLibrary' used by 'Finding-property/Episode-property/Episode-time-context-property/Episode-awareness/#' was not defined in the schema, or was used outside of it's defined class.\n\tSource tag: Finding-property/Episode-property/Episode-time-context-property/Episode-consciousness\n\t\tSCHEMA_ATTRIBUTE_INVALID: Attribute 'inLibrary' used by 'Finding-property/Episode-property/Episode-time-context-property/Episode-consciousness' was not defined in the schema, or was used outside of it's defined class.\n\tSource tag: Finding-property/Episode-property/Episode-time-context-property/Episode-consciousness/Episode-consciousness-affected\n\t\tSCHEMA_ATTRIBUTE_INVALID: Attribute 'inLibrary' used by 'Finding-property/Episode-property/Episode-time-context-property/Episode-consciousness/Episode-consciousness-affected' was not defined in the schema, or was used outside of it's defined class.\n\tSource tag: Finding-property/Episode-property/Episode-time-context-property/Episode-consciousness/Episode-consciousness-affected/#\n\t\tSCHEMA_ATTRIBUTE_INVALID: Attribute 'inLibrary' used by 'Finding-property/Episode-property/Episode-time-context-property/Episode-consciousness/Episode-consciousness-affected/#' was not defined in the schema, or was used outside of it's defined class.\n\tSource tag: Finding-property/Episode-property/Episode-time-context-property/Episode-consciousness/Episode-consciousness-mildly-affected\n\t\tSCHEMA_ATTRIBUTE_INVALID: Attribute 'inLibrary' used by 'Finding-property/Episode-property/Episode-time-context-property/Episode-consciousness/Episode-consciousness-mildly-affected' was not defined in the schema, or was used outside of it's defined class.\n\tSource tag: Finding-property/Episode-property/Episode-time-context-property/Episode-consciousness/Episode-consciousness-mildly-affected/#\n\t\tSCHEMA_ATTRIBUTE_INVALID: Attribute 'inLibrary' used by 'Finding-property/Episode-property/Episode-time-context-property/Episode-consciousness/Episode-consciousness-mildly-affected/#' was not defined in the schema, or was used outside of it's defined class.\n\tSource tag: Finding-property/Episode-property/Episode-time-context-property/Episode-consciousness/Episode-consciousness-not-affected\n\t\tSCHEMA_ATTRIBUTE_INVALID: Attribute 'inLibrary' used by 'Finding-property/Episode-property/Episode-time-context-property/Episode-consciousness/Episode-consciousness-not-affected' was not defined in the schema, or was used outside of it's defined class.\n\tSource tag: Finding-property/Episode-property/Episode-time-context-property/Episode-consciousness/Episode-consciousness-not-affected/#\n\t\tSCHEMA_ATTRIBUTE_INVALID: Attribute 'inLibrary' used by 'Finding-property/Episode-property/Episode-time-context-property/Episode-consciousness/Episode-consciousness-not-affected/#' was not defined in the schema, or was used outside of it's defined class.\n\tSource tag: Finding-property/Episode-property/Episode-time-context-property/Episode-consciousness/Episode-consciousness-not-tested\n\t\tSCHEMA_ATTRIBUTE_INVALID: Attribute 'inLibrary' used by 'Finding-property/Episode-property/Episode-time-context-property/Episode-consciousness/Episode-consciousness-not-tested' was not defined in the schema, or was used outside of it's defined class.\n\tSource tag: Finding-property/Episode-property/Episode-time-context-property/Episode-consciousness/Episode-consciousness-not-tested/#\n\t\tSCHEMA_ATTRIBUTE_INVALID: Attribute 'inLibrary' used by 'Finding-property/Episode-property/Episode-time-context-property/Episode-consciousness/Episode-consciousness-not-tested/#' was not defined in the schema, or was used outside of it's defined class.\n\tSource tag: Finding-property/Episode-property/Episode-time-context-property/Episode-event-count\n\t\tSCHEMA_ATTRIBUTE_INVALID: Attribute 'inLibrary' used by 'Finding-property/Episode-property/Episode-time-context-property/Episode-event-count' was not defined in the schema, or was used outside of it's defined class.\n\tSource tag: Finding-property/Episode-property/Episode-time-context-property/Episode-event-count/#\n\t\tSCHEMA_ATTRIBUTE_INVALID: Attribute 'inLibrary' used by 'Finding-property/Episode-property/Episode-time-context-property/Episode-event-count/#' was not defined in the schema, or was used outside of it's defined class.\n\tSource tag: Finding-property/Episode-property/Episode-time-context-property/Episode-postictal-phase\n\t\tSCHEMA_ATTRIBUTE_INVALID: Attribute 'inLibrary' used by 'Finding-property/Episode-property/Episode-time-context-property/Episode-postictal-phase' was not defined in the schema, or was used outside of it's defined class.\n\tSource tag: Finding-property/Episode-property/Episode-time-context-property/Episode-postictal-phase/#\n\t\tSCHEMA_ATTRIBUTE_INVALID: Attribute 'inLibrary' used by 'Finding-property/Episode-property/Episode-time-context-property/Episode-postictal-phase/#' was not defined in the schema, or was used outside of it's defined class.\n\tSource tag: Finding-property/Episode-property/Episode-time-context-property/Episode-prodrome\n\t\tSCHEMA_ATTRIBUTE_INVALID: Attribute 'inLibrary' used by 'Finding-property/Episode-property/Episode-time-context-property/Episode-prodrome' was not defined in the schema, or was used outside of it's defined class.\n\tSource tag: Finding-property/Episode-property/Episode-time-context-property/Episode-prodrome/#\n\t\tSCHEMA_ATTRIBUTE_INVALID: Attribute 'inLibrary' used by 'Finding-property/Episode-property/Episode-time-context-property/Episode-prodrome/#' was not defined in the schema, or was used outside of it's defined class.\n\tSource tag: Finding-property/Episode-property/Episode-time-context-property/Episode-responsiveness\n\t\tSCHEMA_ATTRIBUTE_INVALID: Attribute 'inLibrary' used by 'Finding-property/Episode-property/Episode-time-context-property/Episode-responsiveness' was not defined in the schema, or was used outside of it's defined class.\n\tSource tag: Finding-property/Episode-property/Episode-time-context-property/Episode-responsiveness/Episode-responsiveness-affected\n\t\tSCHEMA_ATTRIBUTE_INVALID: Attribute 'inLibrary' used by 'Finding-property/Episode-property/Episode-time-context-property/Episode-responsiveness/Episode-responsiveness-affected' was not defined in the schema, or was used outside of it's defined class.\n\tSource tag: Finding-property/Episode-property/Episode-time-context-property/Episode-responsiveness/Episode-responsiveness-affected/#\n\t\tSCHEMA_ATTRIBUTE_INVALID: Attribute 'inLibrary' used by 'Finding-property/Episode-property/Episode-time-context-property/Episode-responsiveness/Episode-responsiveness-affected/#' was not defined in the schema, or was used outside of it's defined class.\n\tSource tag: Finding-property/Episode-property/Episode-time-context-property/Episode-responsiveness/Episode-responsiveness-preserved\n\t\tSCHEMA_ATTRIBUTE_INVALID: Attribute 'inLibrary' used by 'Finding-property/Episode-property/Episode-time-context-property/Episode-responsiveness/Episode-responsiveness-preserved' was not defined in the schema, or was used outside of it's defined class.\n\tSource tag: Finding-property/Episode-property/Episode-time-context-property/Episode-responsiveness/Episode-responsiveness-preserved/#\n\t\tSCHEMA_ATTRIBUTE_INVALID: Attribute 'inLibrary' used by 'Finding-property/Episode-property/Episode-time-context-property/Episode-responsiveness/Episode-responsiveness-preserved/#' was not defined in the schema, or was used outside of it's defined class.\n\tSource tag: Finding-property/Episode-property/Episode-time-context-property/Episode-tongue-biting\n\t\tSCHEMA_ATTRIBUTE_INVALID: Attribute 'inLibrary' used by 'Finding-property/Episode-property/Episode-time-context-property/Episode-tongue-biting' was not defined in the schema, or was used outside of it's defined class.\n\tSource tag: Finding-property/Episode-property/Episode-time-context-property/Episode-tongue-biting/#\n\t\tSCHEMA_ATTRIBUTE_INVALID: Attribute 'inLibrary' used by 'Finding-property/Episode-property/Episode-time-context-property/Episode-tongue-biting/#' was not defined in the schema, or was used outside of it's defined class.\n\tSource tag: Finding-property/Episode-property/Episode-time-context-property/Seizure-dynamics\n\t\tSCHEMA_ATTRIBUTE_INVALID: Attribute 'inLibrary' used by 'Finding-property/Episode-property/Episode-time-context-property/Seizure-dynamics' was not defined in the schema, or was used outside of it's defined class.\n\tSource tag: Finding-property/Episode-property/Episode-time-context-property/Seizure-dynamics/Seizure-dynamics-evolution-frequency\n\t\tSCHEMA_ATTRIBUTE_INVALID: Attribute 'inLibrary' used by 'Finding-property/Episode-property/Episode-time-context-property/Seizure-dynamics/Seizure-dynamics-evolution-frequency' was not defined in the schema, or was used outside of it's defined class.\n\tSource tag: Finding-property/Episode-property/Episode-time-context-property/Seizure-dynamics/Seizure-dynamics-evolution-frequency/#\n\t\tSCHEMA_ATTRIBUTE_INVALID: Attribute 'inLibrary' used by 'Finding-property/Episode-property/Episode-time-context-property/Seizure-dynamics/Seizure-dynamics-evolution-frequency/#' was not defined in the schema, or was used outside of it's defined class.\n\tSource tag: Finding-property/Episode-property/Episode-time-context-property/Seizure-dynamics/Seizure-dynamics-evolution-location\n\t\tSCHEMA_ATTRIBUTE_INVALID: Attribute 'inLibrary' used by 'Finding-property/Episode-property/Episode-time-context-property/Seizure-dynamics/Seizure-dynamics-evolution-location' was not defined in the schema, or was used outside of it's defined class.\n\tSource tag: Finding-property/Episode-property/Episode-time-context-property/Seizure-dynamics/Seizure-dynamics-evolution-location/#\n\t\tSCHEMA_ATTRIBUTE_INVALID: Attribute 'inLibrary' used by 'Finding-property/Episode-property/Episode-time-context-property/Seizure-dynamics/Seizure-dynamics-evolution-location/#' was not defined in the schema, or was used outside of it's defined class.\n\tSource tag: Finding-property/Episode-property/Episode-time-context-property/Seizure-dynamics/Seizure-dynamics-evolution-morphology\n\t\tSCHEMA_ATTRIBUTE_INVALID: Attribute 'inLibrary' used by 'Finding-property/Episode-property/Episode-time-context-property/Seizure-dynamics/Seizure-dynamics-evolution-morphology' was not defined in the schema, or was used outside of it's defined class.\n\tSource tag: Finding-property/Episode-property/Episode-time-context-property/Seizure-dynamics/Seizure-dynamics-evolution-morphology/#\n\t\tSCHEMA_ATTRIBUTE_INVALID: Attribute 'inLibrary' used by 'Finding-property/Episode-property/Episode-time-context-property/Seizure-dynamics/Seizure-dynamics-evolution-morphology/#' was not defined in the schema, or was used outside of it's defined class.\n\tSource tag: Finding-property/Episode-property/Episode-time-context-property/Seizure-dynamics/Seizure-dynamics-not-possible-to-determine\n\t\tSCHEMA_ATTRIBUTE_INVALID: Attribute 'inLibrary' used by 'Finding-property/Episode-property/Episode-time-context-property/Seizure-dynamics/Seizure-dynamics-not-possible-to-determine' was not defined in the schema, or was used outside of it's defined class.\n\tSource tag: Finding-property/Episode-property/Episode-time-context-property/Seizure-dynamics/Seizure-dynamics-not-possible-to-determine/#\n\t\tSCHEMA_ATTRIBUTE_INVALID: Attribute 'inLibrary' used by 'Finding-property/Episode-property/Episode-time-context-property/Seizure-dynamics/Seizure-dynamics-not-possible-to-determine/#' was not defined in the schema, or was used outside of it's defined class.\n\tSource tag: Finding-property/Episode-property/Episode-time-context-property/State-episode-start\n\t\tSCHEMA_ATTRIBUTE_INVALID: Attribute 'inLibrary' used by 'Finding-property/Episode-property/Episode-time-context-property/State-episode-start' was not defined in the schema, or was used outside of it's defined class.\n\tSource tag: Finding-property/Episode-property/Episode-time-context-property/State-episode-start/Episode-start-from-awake\n\t\tSCHEMA_ATTRIBUTE_INVALID: Attribute 'inLibrary' used by 'Finding-property/Episode-property/Episode-time-context-property/State-episode-start/Episode-start-from-awake' was not defined in the schema, or was used outside of it's defined class.\n\tSource tag: Finding-property/Episode-property/Episode-time-context-property/State-episode-start/Episode-start-from-awake/#\n\t\tSCHEMA_ATTRIBUTE_INVALID: Attribute 'inLibrary' used by 'Finding-property/Episode-property/Episode-time-context-property/State-episode-start/Episode-start-from-awake/#' was not defined in the schema, or was used outside of it's defined class.\n\tSource tag: Finding-property/Episode-property/Episode-time-context-property/State-episode-start/Episode-start-from-sleep\n\t\tSCHEMA_ATTRIBUTE_INVALID: Attribute 'inLibrary' used by 'Finding-property/Episode-property/Episode-time-context-property/State-episode-start/Episode-start-from-sleep' was not defined in the schema, or was used outside of it's defined class.\n\tSource tag: Finding-property/Episode-property/Episode-time-context-property/State-episode-start/Episode-start-from-sleep/#\n\t\tSCHEMA_ATTRIBUTE_INVALID: Attribute 'inLibrary' used by 'Finding-property/Episode-property/Episode-time-context-property/State-episode-start/Episode-start-from-sleep/#' was not defined in the schema, or was used outside of it's defined class.\n\tSource tag: Finding-property/Episode-property/Ictal-EEG-patterns\n\t\tSCHEMA_ATTRIBUTE_INVALID: Attribute 'inLibrary' used by 'Finding-property/Episode-property/Ictal-EEG-patterns' was not defined in the schema, or was used outside of it's defined class.\n\tSource tag: Finding-property/Episode-property/Ictal-EEG-patterns/Ictal-EEG-activity\n\t\tSCHEMA_ATTRIBUTE_INVALID: Attribute 'inLibrary' used by 'Finding-property/Episode-property/Ictal-EEG-patterns/Ictal-EEG-activity' was not defined in the schema, or was used outside of it's defined class.\n\tSource tag: Finding-property/Episode-property/Ictal-EEG-patterns/Ictal-EEG-patterns-obscured-by-artifacts\n\t\tSCHEMA_ATTRIBUTE_INVALID: Attribute 'inLibrary' used by 'Finding-property/Episode-property/Ictal-EEG-patterns/Ictal-EEG-patterns-obscured-by-artifacts' was not defined in the schema, or was used outside of it's defined class.\n\tSource tag: Finding-property/Episode-property/Ictal-EEG-patterns/Ictal-EEG-patterns-obscured-by-artifacts/#\n\t\tSCHEMA_ATTRIBUTE_INVALID: Attribute 'inLibrary' used by 'Finding-property/Episode-property/Ictal-EEG-patterns/Ictal-EEG-patterns-obscured-by-artifacts/#' was not defined in the schema, or was used outside of it's defined class.\n\tSource tag: Finding-property/Episode-property/Ictal-EEG-patterns/Postictal-EEG-activity\n\t\tSCHEMA_ATTRIBUTE_INVALID: Attribute 'inLibrary' used by 'Finding-property/Episode-property/Ictal-EEG-patterns/Postictal-EEG-activity' was not defined in the schema, or was used outside of it's defined class.\n\tSource tag: Finding-property/Episode-property/Polygraphic-channel-relation-to-episode\n\t\tSCHEMA_ATTRIBUTE_INVALID: Attribute 'inLibrary' used by 'Finding-property/Episode-property/Polygraphic-channel-relation-to-episode' was not defined in the schema, or was used outside of it's defined class.\n\tSource tag: Finding-property/Episode-property/Polygraphic-channel-relation-to-episode/Polygraphic-channel-cause-to-episode\n\t\tSCHEMA_ATTRIBUTE_INVALID: Attribute 'inLibrary' used by 'Finding-property/Episode-property/Polygraphic-channel-relation-to-episode/Polygraphic-channel-cause-to-episode' was not defined in the schema, or was used outside of it's defined class.\n\tSource tag: Finding-property/Episode-property/Polygraphic-channel-relation-to-episode/Polygraphic-channel-consequence-of-episode\n\t\tSCHEMA_ATTRIBUTE_INVALID: Attribute 'inLibrary' used by 'Finding-property/Episode-property/Polygraphic-channel-relation-to-episode/Polygraphic-channel-consequence-of-episode' was not defined in the schema, or was used outside of it's defined class.\n\tSource tag: Finding-property/Episode-property/Postictal-semiology-manifestation\n\t\tSCHEMA_ATTRIBUTE_INVALID: Attribute 'inLibrary' used by 'Finding-property/Episode-property/Postictal-semiology-manifestation' was not defined in the schema, or was used outside of it's defined class.\n\tSource tag: Finding-property/Episode-property/Postictal-semiology-manifestation/Postictal-semiology-anterograde-amnesia\n\t\tSCHEMA_ATTRIBUTE_INVALID: Attribute 'inLibrary' used by 'Finding-property/Episode-property/Postictal-semiology-manifestation/Postictal-semiology-anterograde-amnesia' was not defined in the schema, or was used outside of it's defined class.\n\tSource tag: Finding-property/Episode-property/Postictal-semiology-manifestation/Postictal-semiology-aphasia-or-dysphasia\n\t\tSCHEMA_ATTRIBUTE_INVALID: Attribute 'inLibrary' used by 'Finding-property/Episode-property/Postictal-semiology-manifestation/Postictal-semiology-aphasia-or-dysphasia' was not defined in the schema, or was used outside of it's defined class.\n\tSource tag: Finding-property/Episode-property/Postictal-semiology-manifestation/Postictal-semiology-behavioral-change\n\t\tSCHEMA_ATTRIBUTE_INVALID: Attribute 'inLibrary' used by 'Finding-property/Episode-property/Postictal-semiology-manifestation/Postictal-semiology-behavioral-change' was not defined in the schema, or was used outside of it's defined class.\n\tSource tag: Finding-property/Episode-property/Postictal-semiology-manifestation/Postictal-semiology-dysphoria\n\t\tSCHEMA_ATTRIBUTE_INVALID: Attribute 'inLibrary' used by 'Finding-property/Episode-property/Postictal-semiology-manifestation/Postictal-semiology-dysphoria' was not defined in the schema, or was used outside of it's defined class.\n\tSource tag: Finding-property/Episode-property/Postictal-semiology-manifestation/Postictal-semiology-headache\n\t\tSCHEMA_ATTRIBUTE_INVALID: Attribute 'inLibrary' used by 'Finding-property/Episode-property/Postictal-semiology-manifestation/Postictal-semiology-headache' was not defined in the schema, or was used outside of it's defined class.\n\tSource tag: Finding-property/Episode-property/Postictal-semiology-manifestation/Postictal-semiology-hemianopia\n\t\tSCHEMA_ATTRIBUTE_INVALID: Attribute 'inLibrary' used by 'Finding-property/Episode-property/Postictal-semiology-manifestation/Postictal-semiology-hemianopia' was not defined in the schema, or was used outside of it's defined class.\n\tSource tag: Finding-property/Episode-property/Postictal-semiology-manifestation/Postictal-semiology-impaired-cognition\n\t\tSCHEMA_ATTRIBUTE_INVALID: Attribute 'inLibrary' used by 'Finding-property/Episode-property/Postictal-semiology-manifestation/Postictal-semiology-impaired-cognition' was not defined in the schema, or was used outside of it's defined class.\n\tSource tag: Finding-property/Episode-property/Postictal-semiology-manifestation/Postictal-semiology-nose-wiping\n\t\tSCHEMA_ATTRIBUTE_INVALID: Attribute 'inLibrary' used by 'Finding-property/Episode-property/Postictal-semiology-manifestation/Postictal-semiology-nose-wiping' was not defined in the schema, or was used outside of it's defined class.\n\tSource tag: Finding-property/Episode-property/Postictal-semiology-manifestation/Postictal-semiology-other-unilateral-motor-phenomena\n\t\tSCHEMA_ATTRIBUTE_INVALID: Attribute 'inLibrary' used by 'Finding-property/Episode-property/Postictal-semiology-manifestation/Postictal-semiology-other-unilateral-motor-phenomena' was not defined in the schema, or was used outside of it's defined class.\n\tSource tag: Finding-property/Episode-property/Postictal-semiology-manifestation/Postictal-semiology-other-unilateral-motor-phenomena/#\n\t\tSCHEMA_ATTRIBUTE_INVALID: Attribute 'inLibrary' used by 'Finding-property/Episode-property/Postictal-semiology-manifestation/Postictal-semiology-other-unilateral-motor-phenomena/#' was not defined in the schema, or was used outside of it's defined class.\n\tSource tag: Finding-property/Episode-property/Postictal-semiology-manifestation/Postictal-semiology-paresis\n\t\tSCHEMA_ATTRIBUTE_INVALID: Attribute 'inLibrary' used by 'Finding-property/Episode-property/Postictal-semiology-manifestation/Postictal-semiology-paresis' was not defined in the schema, or was used outside of it's defined class.\n\tSource tag: Finding-property/Episode-property/Postictal-semiology-manifestation/Postictal-semiology-quick-recovery-of-consciousness\n\t\tSCHEMA_ATTRIBUTE_INVALID: Attribute 'inLibrary' used by 'Finding-property/Episode-property/Postictal-semiology-manifestation/Postictal-semiology-quick-recovery-of-consciousness' was not defined in the schema, or was used outside of it's defined class.\n\tSource tag: Finding-property/Episode-property/Postictal-semiology-manifestation/Postictal-semiology-retrograde-amnesia\n\t\tSCHEMA_ATTRIBUTE_INVALID: Attribute 'inLibrary' used by 'Finding-property/Episode-property/Postictal-semiology-manifestation/Postictal-semiology-retrograde-amnesia' was not defined in the schema, or was used outside of it's defined class.\n\tSource tag: Finding-property/Episode-property/Postictal-semiology-manifestation/Postictal-semiology-sleep\n\t\tSCHEMA_ATTRIBUTE_INVALID: Attribute 'inLibrary' used by 'Finding-property/Episode-property/Postictal-semiology-manifestation/Postictal-semiology-sleep' was not defined in the schema, or was used outside of it's defined class.\n\tSource tag: Finding-property/Episode-property/Postictal-semiology-manifestation/Postictal-semiology-unconscious\n\t\tSCHEMA_ATTRIBUTE_INVALID: Attribute 'inLibrary' used by 'Finding-property/Episode-property/Postictal-semiology-manifestation/Postictal-semiology-unconscious' was not defined in the schema, or was used outside of it's defined class.\n\tSource tag: Finding-property/Episode-property/Postictal-semiology-manifestation/Postictal-semiology-unilateral-myoclonic-jerks\n\t\tSCHEMA_ATTRIBUTE_INVALID: Attribute 'inLibrary' used by 'Finding-property/Episode-property/Postictal-semiology-manifestation/Postictal-semiology-unilateral-myoclonic-jerks' was not defined in the schema, or was used outside of it's defined class.\n\tSource tag: Finding-property/Episode-property/Seizure-classification\n\t\tSCHEMA_ATTRIBUTE_INVALID: Attribute 'inLibrary' used by 'Finding-property/Episode-property/Seizure-classification' was not defined in the schema, or was used outside of it's defined class.\n\tSource tag: Finding-property/Episode-property/Seizure-classification/Absence-seizure\n\t\tSCHEMA_ATTRIBUTE_INVALID: Attribute 'inLibrary' used by 'Finding-property/Episode-property/Seizure-classification/Absence-seizure' was not defined in the schema, or was used outside of it's defined class.\n\tSource tag: Finding-property/Episode-property/Seizure-classification/Absence-seizure/Atypical-absence-seizure\n\t\tSCHEMA_ATTRIBUTE_INVALID: Attribute 'inLibrary' used by 'Finding-property/Episode-property/Seizure-classification/Absence-seizure/Atypical-absence-seizure' was not defined in the schema, or was used outside of it's defined class.\n\tSource tag: Finding-property/Episode-property/Seizure-classification/Absence-seizure/Eyelid-myoclonia-absence-seizure\n\t\tSCHEMA_ATTRIBUTE_INVALID: Attribute 'inLibrary' used by 'Finding-property/Episode-property/Seizure-classification/Absence-seizure/Eyelid-myoclonia-absence-seizure' was not defined in the schema, or was used outside of it's defined class.\n\tSource tag: Finding-property/Episode-property/Seizure-classification/Absence-seizure/Myoclonic-absence-seizure\n\t\tSCHEMA_ATTRIBUTE_INVALID: Attribute 'inLibrary' used by 'Finding-property/Episode-property/Seizure-classification/Absence-seizure/Myoclonic-absence-seizure' was not defined in the schema, or was used outside of it's defined class.\n\tSource tag: Finding-property/Episode-property/Seizure-classification/Absence-seizure/Typical-absence-seizure\n\t\tSCHEMA_ATTRIBUTE_INVALID: Attribute 'inLibrary' used by 'Finding-property/Episode-property/Seizure-classification/Absence-seizure/Typical-absence-seizure' was not defined in the schema, or was used outside of it's defined class.\n\tSource tag: Finding-property/Episode-property/Seizure-classification/Motor-onset-seizure\n\t\tSCHEMA_ATTRIBUTE_INVALID: Attribute 'inLibrary' used by 'Finding-property/Episode-property/Seizure-classification/Motor-onset-seizure' was not defined in the schema, or was used outside of it's defined class.\n\tSource tag: Finding-property/Episode-property/Seizure-classification/Motor-onset-seizure/Atonic-motor-onset-seizure\n\t\tSCHEMA_ATTRIBUTE_INVALID: Attribute 'inLibrary' used by 'Finding-property/Episode-property/Seizure-classification/Motor-onset-seizure/Atonic-motor-onset-seizure' was not defined in the schema, or was used outside of it's defined class.\n\tSource tag: Finding-property/Episode-property/Seizure-classification/Motor-onset-seizure/Automatism-motor-onset-seizure\n\t\tSCHEMA_ATTRIBUTE_INVALID: Attribute 'inLibrary' used by 'Finding-property/Episode-property/Seizure-classification/Motor-onset-seizure/Automatism-motor-onset-seizure' was not defined in the schema, or was used outside of it's defined class.\n\tSource tag: Finding-property/Episode-property/Seizure-classification/Motor-onset-seizure/Clonic-motor-onset-seizure\n\t\tSCHEMA_ATTRIBUTE_INVALID: Attribute 'inLibrary' used by 'Finding-property/Episode-property/Seizure-classification/Motor-onset-seizure/Clonic-motor-onset-seizure' was not defined in the schema, or was used outside of it's defined class.\n\tSource tag: Finding-property/Episode-property/Seizure-classification/Motor-onset-seizure/Epileptic-spasm-episode\n\t\tSCHEMA_ATTRIBUTE_INVALID: Attribute 'inLibrary' used by 'Finding-property/Episode-property/Seizure-classification/Motor-onset-seizure/Epileptic-spasm-episode' was not defined in the schema, or was used outside of it's defined class.\n\tSource tag: Finding-property/Episode-property/Seizure-classification/Motor-onset-seizure/Hyperkinetic-motor-onset-seizure\n\t\tSCHEMA_ATTRIBUTE_INVALID: Attribute 'inLibrary' used by 'Finding-property/Episode-property/Seizure-classification/Motor-onset-seizure/Hyperkinetic-motor-onset-seizure' was not defined in the schema, or was used outside of it's defined class.\n\tSource tag: Finding-property/Episode-property/Seizure-classification/Motor-onset-seizure/Myoclonic-atonic-motor-onset-seizure\n\t\tSCHEMA_ATTRIBUTE_INVALID: Attribute 'inLibrary' used by 'Finding-property/Episode-property/Seizure-classification/Motor-onset-seizure/Myoclonic-atonic-motor-onset-seizure' was not defined in the schema, or was used outside of it's defined class.\n\tSource tag: Finding-property/Episode-property/Seizure-classification/Motor-onset-seizure/Myoclonic-motor-onset-seizure\n\t\tSCHEMA_ATTRIBUTE_INVALID: Attribute 'inLibrary' used by 'Finding-property/Episode-property/Seizure-classification/Motor-onset-seizure/Myoclonic-motor-onset-seizure' was not defined in the schema, or was used outside of it's defined class.\n\tSource tag: Finding-property/Episode-property/Seizure-classification/Motor-onset-seizure/Myoclonic-tonic-clonic-motor-onset-seizure\n\t\tSCHEMA_ATTRIBUTE_INVALID: Attribute 'inLibrary' used by 'Finding-property/Episode-property/Seizure-classification/Motor-onset-seizure/Myoclonic-tonic-clonic-motor-onset-seizure' was not defined in the schema, or was used outside of it's defined class.\n\tSource tag: Finding-property/Episode-property/Seizure-classification/Motor-onset-seizure/Negative-myoclonic-motor-onset-seizure\n\t\tSCHEMA_ATTRIBUTE_INVALID: Attribute 'inLibrary' used by 'Finding-property/Episode-property/Seizure-classification/Motor-onset-seizure/Negative-myoclonic-motor-onset-seizure' was not defined in the schema, or was used outside of it's defined class.\n\tSource tag: Finding-property/Episode-property/Seizure-classification/Motor-onset-seizure/Tonic-clonic-motor-onset-seizure\n\t\tSCHEMA_ATTRIBUTE_INVALID: Attribute 'inLibrary' used by 'Finding-property/Episode-property/Seizure-classification/Motor-onset-seizure/Tonic-clonic-motor-onset-seizure' was not defined in the schema, or was used outside of it's defined class.\n\tSource tag: Finding-property/Episode-property/Seizure-classification/Motor-onset-seizure/Tonic-motor-onset-seizure\n\t\tSCHEMA_ATTRIBUTE_INVALID: Attribute 'inLibrary' used by 'Finding-property/Episode-property/Seizure-classification/Motor-onset-seizure/Tonic-motor-onset-seizure' was not defined in the schema, or was used outside of it's defined class.\n\tSource tag: Finding-property/Episode-property/Seizure-classification/Nonmotor-onset-seizure\n\t\tSCHEMA_ATTRIBUTE_INVALID: Attribute 'inLibrary' used by 'Finding-property/Episode-property/Seizure-classification/Nonmotor-onset-seizure' was not defined in the schema, or was used outside of it's defined class.\n\tSource tag: Finding-property/Episode-property/Seizure-classification/Nonmotor-onset-seizure/Autonomic-nonmotor-onset-seizure\n\t\tSCHEMA_ATTRIBUTE_INVALID: Attribute 'inLibrary' used by 'Finding-property/Episode-property/Seizure-classification/Nonmotor-onset-seizure/Autonomic-nonmotor-onset-seizure' was not defined in the schema, or was used outside of it's defined class.\n\tSource tag: Finding-property/Episode-property/Seizure-classification/Nonmotor-onset-seizure/Behavior-arrest-nonmotor-onset-seizure\n\t\tSCHEMA_ATTRIBUTE_INVALID: Attribute 'inLibrary' used by 'Finding-property/Episode-property/Seizure-classification/Nonmotor-onset-seizure/Behavior-arrest-nonmotor-onset-seizure' was not defined in the schema, or was used outside of it's defined class.\n\tSource tag: Finding-property/Episode-property/Seizure-classification/Nonmotor-onset-seizure/Cognitive-nonmotor-onset-seizure\n\t\tSCHEMA_ATTRIBUTE_INVALID: Attribute 'inLibrary' used by 'Finding-property/Episode-property/Seizure-classification/Nonmotor-onset-seizure/Cognitive-nonmotor-onset-seizure' was not defined in the schema, or was used outside of it's defined class.\n\tSource tag: Finding-property/Episode-property/Seizure-classification/Nonmotor-onset-seizure/Emotional-nonmotor-onset-seizure\n\t\tSCHEMA_ATTRIBUTE_INVALID: Attribute 'inLibrary' used by 'Finding-property/Episode-property/Seizure-classification/Nonmotor-onset-seizure/Emotional-nonmotor-onset-seizure' was not defined in the schema, or was used outside of it's defined class.\n\tSource tag: Finding-property/Episode-property/Seizure-classification/Nonmotor-onset-seizure/Sensory-nonmotor-onset-seizure\n\t\tSCHEMA_ATTRIBUTE_INVALID: Attribute 'inLibrary' used by 'Finding-property/Episode-property/Seizure-classification/Nonmotor-onset-seizure/Sensory-nonmotor-onset-seizure' was not defined in the schema, or was used outside of it's defined class.\n\tSource tag: Finding-property/Episode-property/Seizure-semiology-manifestation\n\t\tSCHEMA_ATTRIBUTE_INVALID: Attribute 'inLibrary' used by 'Finding-property/Episode-property/Seizure-semiology-manifestation' was not defined in the schema, or was used outside of it's defined class.\n\tSource tag: Finding-property/Episode-property/Seizure-semiology-manifestation/Semiology-manifestation-other\n\t\tSCHEMA_ATTRIBUTE_INVALID: Attribute 'inLibrary' used by 'Finding-property/Episode-property/Seizure-semiology-manifestation/Semiology-manifestation-other' was not defined in the schema, or was used outside of it's defined class.\n\tSource tag: Finding-property/Episode-property/Seizure-semiology-manifestation/Semiology-manifestation-other/#\n\t\tSCHEMA_ATTRIBUTE_INVALID: Attribute 'inLibrary' used by 'Finding-property/Episode-property/Seizure-semiology-manifestation/Semiology-manifestation-other/#' was not defined in the schema, or was used outside of it's defined class.\n\tSource tag: Finding-property/Episode-property/Seizure-semiology-manifestation/Semiology-motor-manifestation\n\t\tSCHEMA_ATTRIBUTE_INVALID: Attribute 'inLibrary' used by 'Finding-property/Episode-property/Seizure-semiology-manifestation/Semiology-motor-manifestation' was not defined in the schema, or was used outside of it's defined class.\n\tSource tag: Finding-property/Episode-property/Seizure-semiology-manifestation/Semiology-motor-manifestation/Semiology-elementary-motor\n\t\tSCHEMA_ATTRIBUTE_INVALID: Attribute 'inLibrary' used by 'Finding-property/Episode-property/Seizure-semiology-manifestation/Semiology-motor-manifestation/Semiology-elementary-motor' was not defined in the schema, or was used outside of it's defined class.\n\tSource tag: Finding-property/Episode-property/Seizure-semiology-manifestation/Semiology-motor-manifestation/Semiology-elementary-motor/Semiology-motor-astatic\n\t\tSCHEMA_ATTRIBUTE_INVALID: Attribute 'inLibrary' used by 'Finding-property/Episode-property/Seizure-semiology-manifestation/Semiology-motor-manifestation/Semiology-elementary-motor/Semiology-motor-astatic' was not defined in the schema, or was used outside of it's defined class.\n\tSource tag: Finding-property/Episode-property/Seizure-semiology-manifestation/Semiology-motor-manifestation/Semiology-elementary-motor/Semiology-motor-atonic\n\t\tSCHEMA_ATTRIBUTE_INVALID: Attribute 'inLibrary' used by 'Finding-property/Episode-property/Seizure-semiology-manifestation/Semiology-motor-manifestation/Semiology-elementary-motor/Semiology-motor-atonic' was not defined in the schema, or was used outside of it's defined class.\n\tSource tag: Finding-property/Episode-property/Seizure-semiology-manifestation/Semiology-motor-manifestation/Semiology-elementary-motor/Semiology-motor-clonic\n\t\tSCHEMA_ATTRIBUTE_INVALID: Attribute 'inLibrary' used by 'Finding-property/Episode-property/Seizure-semiology-manifestation/Semiology-motor-manifestation/Semiology-elementary-motor/Semiology-motor-clonic' was not defined in the schema, or was used outside of it's defined class.\n\tSource tag: Finding-property/Episode-property/Seizure-semiology-manifestation/Semiology-motor-manifestation/Semiology-elementary-motor/Semiology-motor-dystonic\n\t\tSCHEMA_ATTRIBUTE_INVALID: Attribute 'inLibrary' used by 'Finding-property/Episode-property/Seizure-semiology-manifestation/Semiology-motor-manifestation/Semiology-elementary-motor/Semiology-motor-dystonic' was not defined in the schema, or was used outside of it's defined class.\n\tSource tag: Finding-property/Episode-property/Seizure-semiology-manifestation/Semiology-motor-manifestation/Semiology-elementary-motor/Semiology-motor-epileptic-spasm\n\t\tSCHEMA_ATTRIBUTE_INVALID: Attribute 'inLibrary' used by 'Finding-property/Episode-property/Seizure-semiology-manifestation/Semiology-motor-manifestation/Semiology-elementary-motor/Semiology-motor-epileptic-spasm' was not defined in the schema, or was used outside of it's defined class.\n\tSource tag: Finding-property/Episode-property/Seizure-semiology-manifestation/Semiology-motor-manifestation/Semiology-elementary-motor/Semiology-motor-eye-blinking\n\t\tSCHEMA_ATTRIBUTE_INVALID: Attribute 'inLibrary' used by 'Finding-property/Episode-property/Seizure-semiology-manifestation/Semiology-motor-manifestation/Semiology-elementary-motor/Semiology-motor-eye-blinking' was not defined in the schema, or was used outside of it's defined class.\n\tSource tag: Finding-property/Episode-property/Seizure-semiology-manifestation/Semiology-motor-manifestation/Semiology-elementary-motor/Semiology-motor-jacksonian-march\n\t\tSCHEMA_ATTRIBUTE_INVALID: Attribute 'inLibrary' used by 'Finding-property/Episode-property/Seizure-semiology-manifestation/Semiology-motor-manifestation/Semiology-elementary-motor/Semiology-motor-jacksonian-march' was not defined in the schema, or was used outside of it's defined class.\n\tSource tag: Finding-property/Episode-property/Seizure-semiology-manifestation/Semiology-motor-manifestation/Semiology-elementary-motor/Semiology-motor-myoclonic\n\t\tSCHEMA_ATTRIBUTE_INVALID: Attribute 'inLibrary' used by 'Finding-property/Episode-property/Seizure-semiology-manifestation/Semiology-motor-manifestation/Semiology-elementary-motor/Semiology-motor-myoclonic' was not defined in the schema, or was used outside of it's defined class.\n\tSource tag: Finding-property/Episode-property/Seizure-semiology-manifestation/Semiology-motor-manifestation/Semiology-elementary-motor/Semiology-motor-negative-myoclonus\n\t\tSCHEMA_ATTRIBUTE_INVALID: Attribute 'inLibrary' used by 'Finding-property/Episode-property/Seizure-semiology-manifestation/Semiology-motor-manifestation/Semiology-elementary-motor/Semiology-motor-negative-myoclonus' was not defined in the schema, or was used outside of it's defined class.\n\tSource tag: Finding-property/Episode-property/Seizure-semiology-manifestation/Semiology-motor-manifestation/Semiology-elementary-motor/Semiology-motor-other-elementary-motor\n\t\tSCHEMA_ATTRIBUTE_INVALID: Attribute 'inLibrary' used by 'Finding-property/Episode-property/Seizure-semiology-manifestation/Semiology-motor-manifestation/Semiology-elementary-motor/Semiology-motor-other-elementary-motor' was not defined in the schema, or was used outside of it's defined class.\n\tSource tag: Finding-property/Episode-property/Seizure-semiology-manifestation/Semiology-motor-manifestation/Semiology-elementary-motor/Semiology-motor-other-elementary-motor/#\n\t\tSCHEMA_ATTRIBUTE_INVALID: Attribute 'inLibrary' used by 'Finding-property/Episode-property/Seizure-semiology-manifestation/Semiology-motor-manifestation/Semiology-elementary-motor/Semiology-motor-other-elementary-motor/#' was not defined in the schema, or was used outside of it's defined class.\n\tSource tag: Finding-property/Episode-property/Seizure-semiology-manifestation/Semiology-motor-manifestation/Semiology-elementary-motor/Semiology-motor-postural\n\t\tSCHEMA_ATTRIBUTE_INVALID: Attribute 'inLibrary' used by 'Finding-property/Episode-property/Seizure-semiology-manifestation/Semiology-motor-manifestation/Semiology-elementary-motor/Semiology-motor-postural' was not defined in the schema, or was used outside of it's defined class.\n\tSource tag: Finding-property/Episode-property/Seizure-semiology-manifestation/Semiology-motor-manifestation/Semiology-elementary-motor/Semiology-motor-tonic\n\t\tSCHEMA_ATTRIBUTE_INVALID: Attribute 'inLibrary' used by 'Finding-property/Episode-property/Seizure-semiology-manifestation/Semiology-motor-manifestation/Semiology-elementary-motor/Semiology-motor-tonic' was not defined in the schema, or was used outside of it's defined class.\n\tSource tag: Finding-property/Episode-property/Seizure-semiology-manifestation/Semiology-motor-manifestation/Semiology-elementary-motor/Semiology-motor-tonic-clonic\n\t\tSCHEMA_ATTRIBUTE_INVALID: Attribute 'inLibrary' used by 'Finding-property/Episode-property/Seizure-semiology-manifestation/Semiology-motor-manifestation/Semiology-elementary-motor/Semiology-motor-tonic-clonic' was not defined in the schema, or was used outside of it's defined class.\n\tSource tag: Finding-property/Episode-property/Seizure-semiology-manifestation/Semiology-motor-manifestation/Semiology-elementary-motor/Semiology-motor-tonic-clonic/Semiology-motor-tonic-clonic-with-figure-of-four-extension-left-elbow\n\t\tSCHEMA_ATTRIBUTE_INVALID: Attribute 'inLibrary' used by 'Finding-property/Episode-property/Seizure-semiology-manifestation/Semiology-motor-manifestation/Semiology-elementary-motor/Semiology-motor-tonic-clonic/Semiology-motor-tonic-clonic-with-figure-of-four-extension-left-elbow' was not defined in the schema, or was used outside of it's defined class.\n\tSource tag: Finding-property/Episode-property/Seizure-semiology-manifestation/Semiology-motor-manifestation/Semiology-elementary-motor/Semiology-motor-tonic-clonic/Semiology-motor-tonic-clonic-with-figure-of-four-extension-right-elbow\n\t\tSCHEMA_ATTRIBUTE_INVALID: Attribute 'inLibrary' used by 'Finding-property/Episode-property/Seizure-semiology-manifestation/Semiology-motor-manifestation/Semiology-elementary-motor/Semiology-motor-tonic-clonic/Semiology-motor-tonic-clonic-with-figure-of-four-extension-right-elbow' was not defined in the schema, or was used outside of it's defined class.\n\tSource tag: Finding-property/Episode-property/Seizure-semiology-manifestation/Semiology-motor-manifestation/Semiology-elementary-motor/Semiology-motor-tonic-clonic/Semiology-motor-tonic-clonic-without-figure-of-four\n\t\tSCHEMA_ATTRIBUTE_INVALID: Attribute 'inLibrary' used by 'Finding-property/Episode-property/Seizure-semiology-manifestation/Semiology-motor-manifestation/Semiology-elementary-motor/Semiology-motor-tonic-clonic/Semiology-motor-tonic-clonic-without-figure-of-four' was not defined in the schema, or was used outside of it's defined class.\n\tSource tag: Finding-property/Episode-property/Seizure-semiology-manifestation/Semiology-motor-manifestation/Semiology-elementary-motor/Semiology-motor-versive\n\t\tSCHEMA_ATTRIBUTE_INVALID: Attribute 'inLibrary' used by 'Finding-property/Episode-property/Seizure-semiology-manifestation/Semiology-motor-manifestation/Semiology-elementary-motor/Semiology-motor-versive' was not defined in the schema, or was used outside of it's defined class.\n\tSource tag: Finding-property/Episode-property/Seizure-semiology-manifestation/Semiology-motor-manifestation/Semiology-motor-automatisms\n\t\tSCHEMA_ATTRIBUTE_INVALID: Attribute 'inLibrary' used by 'Finding-property/Episode-property/Seizure-semiology-manifestation/Semiology-motor-manifestation/Semiology-motor-automatisms' was not defined in the schema, or was used outside of it's defined class.\n\tSource tag: Finding-property/Episode-property/Seizure-semiology-manifestation/Semiology-motor-manifestation/Semiology-motor-automatisms/Semiology-motor-automatisms-dacrystic\n\t\tSCHEMA_ATTRIBUTE_INVALID: Attribute 'inLibrary' used by 'Finding-property/Episode-property/Seizure-semiology-manifestation/Semiology-motor-manifestation/Semiology-motor-automatisms/Semiology-motor-automatisms-dacrystic' was not defined in the schema, or was used outside of it's defined class.\n\tSource tag: Finding-property/Episode-property/Seizure-semiology-manifestation/Semiology-motor-manifestation/Semiology-motor-automatisms/Semiology-motor-automatisms-dyspraxic\n\t\tSCHEMA_ATTRIBUTE_INVALID: Attribute 'inLibrary' used by 'Finding-property/Episode-property/Seizure-semiology-manifestation/Semiology-motor-manifestation/Semiology-motor-automatisms/Semiology-motor-automatisms-dyspraxic' was not defined in the schema, or was used outside of it's defined class.\n\tSource tag: Finding-property/Episode-property/Seizure-semiology-manifestation/Semiology-motor-manifestation/Semiology-motor-automatisms/Semiology-motor-automatisms-gelastic\n\t\tSCHEMA_ATTRIBUTE_INVALID: Attribute 'inLibrary' used by 'Finding-property/Episode-property/Seizure-semiology-manifestation/Semiology-motor-manifestation/Semiology-motor-automatisms/Semiology-motor-automatisms-gelastic' was not defined in the schema, or was used outside of it's defined class.\n\tSource tag: Finding-property/Episode-property/Seizure-semiology-manifestation/Semiology-motor-manifestation/Semiology-motor-automatisms/Semiology-motor-automatisms-gestural\n\t\tSCHEMA_ATTRIBUTE_INVALID: Attribute 'inLibrary' used by 'Finding-property/Episode-property/Seizure-semiology-manifestation/Semiology-motor-manifestation/Semiology-motor-automatisms/Semiology-motor-automatisms-gestural' was not defined in the schema, or was used outside of it's defined class.\n\tSource tag: Finding-property/Episode-property/Seizure-semiology-manifestation/Semiology-motor-manifestation/Semiology-motor-automatisms/Semiology-motor-automatisms-hypermotor\n\t\tSCHEMA_ATTRIBUTE_INVALID: Attribute 'inLibrary' used by 'Finding-property/Episode-property/Seizure-semiology-manifestation/Semiology-motor-manifestation/Semiology-motor-automatisms/Semiology-motor-automatisms-hypermotor' was not defined in the schema, or was used outside of it's defined class.\n\tSource tag: Finding-property/Episode-property/Seizure-semiology-manifestation/Semiology-motor-manifestation/Semiology-motor-automatisms/Semiology-motor-automatisms-hypokinetic\n\t\tSCHEMA_ATTRIBUTE_INVALID: Attribute 'inLibrary' used by 'Finding-property/Episode-property/Seizure-semiology-manifestation/Semiology-motor-manifestation/Semiology-motor-automatisms/Semiology-motor-automatisms-hypokinetic' was not defined in the schema, or was used outside of it's defined class.\n\tSource tag: Finding-property/Episode-property/Seizure-semiology-manifestation/Semiology-motor-manifestation/Semiology-motor-automatisms/Semiology-motor-automatisms-manual\n\t\tSCHEMA_ATTRIBUTE_INVALID: Attribute 'inLibrary' used by 'Finding-property/Episode-property/Seizure-semiology-manifestation/Semiology-motor-manifestation/Semiology-motor-automatisms/Semiology-motor-automatisms-manual' was not defined in the schema, or was used outside of it's defined class.\n\tSource tag: Finding-property/Episode-property/Seizure-semiology-manifestation/Semiology-motor-manifestation/Semiology-motor-automatisms/Semiology-motor-automatisms-mimetic\n\t\tSCHEMA_ATTRIBUTE_INVALID: Attribute 'inLibrary' used by 'Finding-property/Episode-property/Seizure-semiology-manifestation/Semiology-motor-manifestation/Semiology-motor-automatisms/Semiology-motor-automatisms-mimetic' was not defined in the schema, or was used outside of it's defined class.\n\tSource tag: Finding-property/Episode-property/Seizure-semiology-manifestation/Semiology-motor-manifestation/Semiology-motor-automatisms/Semiology-motor-automatisms-oroalimentary\n\t\tSCHEMA_ATTRIBUTE_INVALID: Attribute 'inLibrary' used by 'Finding-property/Episode-property/Seizure-semiology-manifestation/Semiology-motor-manifestation/Semiology-motor-automatisms/Semiology-motor-automatisms-oroalimentary' was not defined in the schema, or was used outside of it's defined class.\n\tSource tag: Finding-property/Episode-property/Seizure-semiology-manifestation/Semiology-motor-manifestation/Semiology-motor-automatisms/Semiology-motor-automatisms-pedal\n\t\tSCHEMA_ATTRIBUTE_INVALID: Attribute 'inLibrary' used by 'Finding-property/Episode-property/Seizure-semiology-manifestation/Semiology-motor-manifestation/Semiology-motor-automatisms/Semiology-motor-automatisms-pedal' was not defined in the schema, or was used outside of it's defined class.\n\tSource tag: Finding-property/Episode-property/Seizure-semiology-manifestation/Semiology-motor-manifestation/Semiology-motor-automatisms/Semiology-motor-other-automatisms\n\t\tSCHEMA_ATTRIBUTE_INVALID: Attribute 'inLibrary' used by 'Finding-property/Episode-property/Seizure-semiology-manifestation/Semiology-motor-manifestation/Semiology-motor-automatisms/Semiology-motor-other-automatisms' was not defined in the schema, or was used outside of it's defined class.\n\tSource tag: Finding-property/Episode-property/Seizure-semiology-manifestation/Semiology-motor-manifestation/Semiology-motor-automatisms/Semiology-motor-other-automatisms/#\n\t\tSCHEMA_ATTRIBUTE_INVALID: Attribute 'inLibrary' used by 'Finding-property/Episode-property/Seizure-semiology-manifestation/Semiology-motor-manifestation/Semiology-motor-automatisms/Semiology-motor-other-automatisms/#' was not defined in the schema, or was used outside of it's defined class.\n\tSource tag: Finding-property/Episode-property/Seizure-semiology-manifestation/Semiology-motor-manifestation/Semiology-motor-behavioral-arrest\n\t\tSCHEMA_ATTRIBUTE_INVALID: Attribute 'inLibrary' used by 'Finding-property/Episode-property/Seizure-semiology-manifestation/Semiology-motor-manifestation/Semiology-motor-behavioral-arrest' was not defined in the schema, or was used outside of it's defined class.\n\tSource tag: Finding-property/Episode-property/Seizure-semiology-manifestation/Semiology-non-motor-manifestation\n\t\tSCHEMA_ATTRIBUTE_INVALID: Attribute 'inLibrary' used by 'Finding-property/Episode-property/Seizure-semiology-manifestation/Semiology-non-motor-manifestation' was not defined in the schema, or was used outside of it's defined class.\n\tSource tag: Finding-property/Episode-property/Seizure-semiology-manifestation/Semiology-non-motor-manifestation/Semiology-autonomic\n\t\tSCHEMA_ATTRIBUTE_INVALID: Attribute 'inLibrary' used by 'Finding-property/Episode-property/Seizure-semiology-manifestation/Semiology-non-motor-manifestation/Semiology-autonomic' was not defined in the schema, or was used outside of it's defined class.\n\tSource tag: Finding-property/Episode-property/Seizure-semiology-manifestation/Semiology-non-motor-manifestation/Semiology-autonomic/Semiology-autonomic-cardiovascular\n\t\tSCHEMA_ATTRIBUTE_INVALID: Attribute 'inLibrary' used by 'Finding-property/Episode-property/Seizure-semiology-manifestation/Semiology-non-motor-manifestation/Semiology-autonomic/Semiology-autonomic-cardiovascular' was not defined in the schema, or was used outside of it's defined class.\n\tSource tag: Finding-property/Episode-property/Seizure-semiology-manifestation/Semiology-non-motor-manifestation/Semiology-autonomic/Semiology-autonomic-gastrointestinal\n\t\tSCHEMA_ATTRIBUTE_INVALID: Attribute 'inLibrary' used by 'Finding-property/Episode-property/Seizure-semiology-manifestation/Semiology-non-motor-manifestation/Semiology-autonomic/Semiology-autonomic-gastrointestinal' was not defined in the schema, or was used outside of it's defined class.\n\tSource tag: Finding-property/Episode-property/Seizure-semiology-manifestation/Semiology-non-motor-manifestation/Semiology-autonomic/Semiology-autonomic-genital\n\t\tSCHEMA_ATTRIBUTE_INVALID: Attribute 'inLibrary' used by 'Finding-property/Episode-property/Seizure-semiology-manifestation/Semiology-non-motor-manifestation/Semiology-autonomic/Semiology-autonomic-genital' was not defined in the schema, or was used outside of it's defined class.\n\tSource tag: Finding-property/Episode-property/Seizure-semiology-manifestation/Semiology-non-motor-manifestation/Semiology-autonomic/Semiology-autonomic-hypersalivation\n\t\tSCHEMA_ATTRIBUTE_INVALID: Attribute 'inLibrary' used by 'Finding-property/Episode-property/Seizure-semiology-manifestation/Semiology-non-motor-manifestation/Semiology-autonomic/Semiology-autonomic-hypersalivation' was not defined in the schema, or was used outside of it's defined class.\n\tSource tag: Finding-property/Episode-property/Seizure-semiology-manifestation/Semiology-non-motor-manifestation/Semiology-autonomic/Semiology-autonomic-other\n\t\tSCHEMA_ATTRIBUTE_INVALID: Attribute 'inLibrary' used by 'Finding-property/Episode-property/Seizure-semiology-manifestation/Semiology-non-motor-manifestation/Semiology-autonomic/Semiology-autonomic-other' was not defined in the schema, or was used outside of it's defined class.\n\tSource tag: Finding-property/Episode-property/Seizure-semiology-manifestation/Semiology-non-motor-manifestation/Semiology-autonomic/Semiology-autonomic-other/#\n\t\tSCHEMA_ATTRIBUTE_INVALID: Attribute 'inLibrary' used by 'Finding-property/Episode-property/Seizure-semiology-manifestation/Semiology-non-motor-manifestation/Semiology-autonomic/Semiology-autonomic-other/#' was not defined in the schema, or was used outside of it's defined class.\n\tSource tag: Finding-property/Episode-property/Seizure-semiology-manifestation/Semiology-non-motor-manifestation/Semiology-autonomic/Semiology-autonomic-pupillary\n\t\tSCHEMA_ATTRIBUTE_INVALID: Attribute 'inLibrary' used by 'Finding-property/Episode-property/Seizure-semiology-manifestation/Semiology-non-motor-manifestation/Semiology-autonomic/Semiology-autonomic-pupillary' was not defined in the schema, or was used outside of it's defined class.\n\tSource tag: Finding-property/Episode-property/Seizure-semiology-manifestation/Semiology-non-motor-manifestation/Semiology-autonomic/Semiology-autonomic-respiratory-apnoeic\n\t\tSCHEMA_ATTRIBUTE_INVALID: Attribute 'inLibrary' used by 'Finding-property/Episode-property/Seizure-semiology-manifestation/Semiology-non-motor-manifestation/Semiology-autonomic/Semiology-autonomic-respiratory-apnoeic' was not defined in the schema, or was used outside of it's defined class.\n\tSource tag: Finding-property/Episode-property/Seizure-semiology-manifestation/Semiology-non-motor-manifestation/Semiology-autonomic/Semiology-autonomic-sudomotor\n\t\tSCHEMA_ATTRIBUTE_INVALID: Attribute 'inLibrary' used by 'Finding-property/Episode-property/Seizure-semiology-manifestation/Semiology-non-motor-manifestation/Semiology-autonomic/Semiology-autonomic-sudomotor' was not defined in the schema, or was used outside of it's defined class.\n\tSource tag: Finding-property/Episode-property/Seizure-semiology-manifestation/Semiology-non-motor-manifestation/Semiology-autonomic/Semiology-autonomic-thermoregulatory\n\t\tSCHEMA_ATTRIBUTE_INVALID: Attribute 'inLibrary' used by 'Finding-property/Episode-property/Seizure-semiology-manifestation/Semiology-non-motor-manifestation/Semiology-autonomic/Semiology-autonomic-thermoregulatory' was not defined in the schema, or was used outside of it's defined class.\n\tSource tag: Finding-property/Episode-property/Seizure-semiology-manifestation/Semiology-non-motor-manifestation/Semiology-autonomic/Semiology-autonomic-urinary-incontinence\n\t\tSCHEMA_ATTRIBUTE_INVALID: Attribute 'inLibrary' used by 'Finding-property/Episode-property/Seizure-semiology-manifestation/Semiology-non-motor-manifestation/Semiology-autonomic/Semiology-autonomic-urinary-incontinence' was not defined in the schema, or was used outside of it's defined class.\n\tSource tag: Finding-property/Episode-property/Seizure-semiology-manifestation/Semiology-non-motor-manifestation/Semiology-autonomic/Semiology-autonomic-vasomotor\n\t\tSCHEMA_ATTRIBUTE_INVALID: Attribute 'inLibrary' used by 'Finding-property/Episode-property/Seizure-semiology-manifestation/Semiology-non-motor-manifestation/Semiology-autonomic/Semiology-autonomic-vasomotor' was not defined in the schema, or was used outside of it's defined class.\n\tSource tag: Finding-property/Episode-property/Seizure-semiology-manifestation/Semiology-non-motor-manifestation/Semiology-dyscognitive\n\t\tSCHEMA_ATTRIBUTE_INVALID: Attribute 'inLibrary' used by 'Finding-property/Episode-property/Seizure-semiology-manifestation/Semiology-non-motor-manifestation/Semiology-dyscognitive' was not defined in the schema, or was used outside of it's defined class.\n\tSource tag: Finding-property/Episode-property/Seizure-semiology-manifestation/Semiology-non-motor-manifestation/Semiology-experiential\n\t\tSCHEMA_ATTRIBUTE_INVALID: Attribute 'inLibrary' used by 'Finding-property/Episode-property/Seizure-semiology-manifestation/Semiology-non-motor-manifestation/Semiology-experiential' was not defined in the schema, or was used outside of it's defined class.\n\tSource tag: Finding-property/Episode-property/Seizure-semiology-manifestation/Semiology-non-motor-manifestation/Semiology-experiential/Semiology-experiential-affective-emotional\n\t\tSCHEMA_ATTRIBUTE_INVALID: Attribute 'inLibrary' used by 'Finding-property/Episode-property/Seizure-semiology-manifestation/Semiology-non-motor-manifestation/Semiology-experiential/Semiology-experiential-affective-emotional' was not defined in the schema, or was used outside of it's defined class.\n\tSource tag: Finding-property/Episode-property/Seizure-semiology-manifestation/Semiology-non-motor-manifestation/Semiology-experiential/Semiology-experiential-hallucinatory\n\t\tSCHEMA_ATTRIBUTE_INVALID: Attribute 'inLibrary' used by 'Finding-property/Episode-property/Seizure-semiology-manifestation/Semiology-non-motor-manifestation/Semiology-experiential/Semiology-experiential-hallucinatory' was not defined in the schema, or was used outside of it's defined class.\n\tSource tag: Finding-property/Episode-property/Seizure-semiology-manifestation/Semiology-non-motor-manifestation/Semiology-experiential/Semiology-experiential-illusory\n\t\tSCHEMA_ATTRIBUTE_INVALID: Attribute 'inLibrary' used by 'Finding-property/Episode-property/Seizure-semiology-manifestation/Semiology-non-motor-manifestation/Semiology-experiential/Semiology-experiential-illusory' was not defined in the schema, or was used outside of it's defined class.\n\tSource tag: Finding-property/Episode-property/Seizure-semiology-manifestation/Semiology-non-motor-manifestation/Semiology-experiential/Semiology-experiential-mnemonic\n\t\tSCHEMA_ATTRIBUTE_INVALID: Attribute 'inLibrary' used by 'Finding-property/Episode-property/Seizure-semiology-manifestation/Semiology-non-motor-manifestation/Semiology-experiential/Semiology-experiential-mnemonic' was not defined in the schema, or was used outside of it's defined class.\n\tSource tag: Finding-property/Episode-property/Seizure-semiology-manifestation/Semiology-non-motor-manifestation/Semiology-experiential/Semiology-experiential-mnemonic/Semiology-experiential-mnemonic-Deja-vu\n\t\tSCHEMA_ATTRIBUTE_INVALID: Attribute 'inLibrary' used by 'Finding-property/Episode-property/Seizure-semiology-manifestation/Semiology-non-motor-manifestation/Semiology-experiential/Semiology-experiential-mnemonic/Semiology-experiential-mnemonic-Deja-vu' was not defined in the schema, or was used outside of it's defined class.\n\tSource tag: Finding-property/Episode-property/Seizure-semiology-manifestation/Semiology-non-motor-manifestation/Semiology-experiential/Semiology-experiential-mnemonic/Semiology-experiential-mnemonic-Jamais-vu\n\t\tSCHEMA_ATTRIBUTE_INVALID: Attribute 'inLibrary' used by 'Finding-property/Episode-property/Seizure-semiology-manifestation/Semiology-non-motor-manifestation/Semiology-experiential/Semiology-experiential-mnemonic/Semiology-experiential-mnemonic-Jamais-vu' was not defined in the schema, or was used outside of it's defined class.\n\tSource tag: Finding-property/Episode-property/Seizure-semiology-manifestation/Semiology-non-motor-manifestation/Semiology-experiential/Semiology-experiential-other\n\t\tSCHEMA_ATTRIBUTE_INVALID: Attribute 'inLibrary' used by 'Finding-property/Episode-property/Seizure-semiology-manifestation/Semiology-non-motor-manifestation/Semiology-experiential/Semiology-experiential-other' was not defined in the schema, or was used outside of it's defined class.\n\tSource tag: Finding-property/Episode-property/Seizure-semiology-manifestation/Semiology-non-motor-manifestation/Semiology-experiential/Semiology-experiential-other/#\n\t\tSCHEMA_ATTRIBUTE_INVALID: Attribute 'inLibrary' used by 'Finding-property/Episode-property/Seizure-semiology-manifestation/Semiology-non-motor-manifestation/Semiology-experiential/Semiology-experiential-other/#' was not defined in the schema, or was used outside of it's defined class.\n\tSource tag: Finding-property/Episode-property/Seizure-semiology-manifestation/Semiology-non-motor-manifestation/Semiology-language-related\n\t\tSCHEMA_ATTRIBUTE_INVALID: Attribute 'inLibrary' used by 'Finding-property/Episode-property/Seizure-semiology-manifestation/Semiology-non-motor-manifestation/Semiology-language-related' was not defined in the schema, or was used outside of it's defined class.\n\tSource tag: Finding-property/Episode-property/Seizure-semiology-manifestation/Semiology-non-motor-manifestation/Semiology-language-related/Semiology-language-related-aphasia\n\t\tSCHEMA_ATTRIBUTE_INVALID: Attribute 'inLibrary' used by 'Finding-property/Episode-property/Seizure-semiology-manifestation/Semiology-non-motor-manifestation/Semiology-language-related/Semiology-language-related-aphasia' was not defined in the schema, or was used outside of it's defined class.\n\tSource tag: Finding-property/Episode-property/Seizure-semiology-manifestation/Semiology-non-motor-manifestation/Semiology-language-related/Semiology-language-related-dysphasia\n\t\tSCHEMA_ATTRIBUTE_INVALID: Attribute 'inLibrary' used by 'Finding-property/Episode-property/Seizure-semiology-manifestation/Semiology-non-motor-manifestation/Semiology-language-related/Semiology-language-related-dysphasia' was not defined in the schema, or was used outside of it's defined class.\n\tSource tag: Finding-property/Episode-property/Seizure-semiology-manifestation/Semiology-non-motor-manifestation/Semiology-language-related/Semiology-language-related-other\n\t\tSCHEMA_ATTRIBUTE_INVALID: Attribute 'inLibrary' used by 'Finding-property/Episode-property/Seizure-semiology-manifestation/Semiology-non-motor-manifestation/Semiology-language-related/Semiology-language-related-other' was not defined in the schema, or was used outside of it's defined class.\n\tSource tag: Finding-property/Episode-property/Seizure-semiology-manifestation/Semiology-non-motor-manifestation/Semiology-language-related/Semiology-language-related-other/#\n\t\tSCHEMA_ATTRIBUTE_INVALID: Attribute 'inLibrary' used by 'Finding-property/Episode-property/Seizure-semiology-manifestation/Semiology-non-motor-manifestation/Semiology-language-related/Semiology-language-related-other/#' was not defined in the schema, or was used outside of it's defined class.\n\tSource tag: Finding-property/Episode-property/Seizure-semiology-manifestation/Semiology-non-motor-manifestation/Semiology-language-related/Semiology-language-related-verbalization\n\t\tSCHEMA_ATTRIBUTE_INVALID: Attribute 'inLibrary' used by 'Finding-property/Episode-property/Seizure-semiology-manifestation/Semiology-non-motor-manifestation/Semiology-language-related/Semiology-language-related-verbalization' was not defined in the schema, or was used outside of it's defined class.\n\tSource tag: Finding-property/Episode-property/Seizure-semiology-manifestation/Semiology-non-motor-manifestation/Semiology-language-related/Semiology-language-related-vocalization\n\t\tSCHEMA_ATTRIBUTE_INVALID: Attribute 'inLibrary' used by 'Finding-property/Episode-property/Seizure-semiology-manifestation/Semiology-non-motor-manifestation/Semiology-language-related/Semiology-language-related-vocalization' was not defined in the schema, or was used outside of it's defined class.\n\tSource tag: Finding-property/Episode-property/Seizure-semiology-manifestation/Semiology-non-motor-manifestation/Semiology-sensory\n\t\tSCHEMA_ATTRIBUTE_INVALID: Attribute 'inLibrary' used by 'Finding-property/Episode-property/Seizure-semiology-manifestation/Semiology-non-motor-manifestation/Semiology-sensory' was not defined in the schema, or was used outside of it's defined class.\n\tSource tag: Finding-property/Episode-property/Seizure-semiology-manifestation/Semiology-non-motor-manifestation/Semiology-sensory/Semiology-sensory-auditory\n\t\tSCHEMA_ATTRIBUTE_INVALID: Attribute 'inLibrary' used by 'Finding-property/Episode-property/Seizure-semiology-manifestation/Semiology-non-motor-manifestation/Semiology-sensory/Semiology-sensory-auditory' was not defined in the schema, or was used outside of it's defined class.\n\tSource tag: Finding-property/Episode-property/Seizure-semiology-manifestation/Semiology-non-motor-manifestation/Semiology-sensory/Semiology-sensory-autonomic-sensation\n\t\tSCHEMA_ATTRIBUTE_INVALID: Attribute 'inLibrary' used by 'Finding-property/Episode-property/Seizure-semiology-manifestation/Semiology-non-motor-manifestation/Semiology-sensory/Semiology-sensory-autonomic-sensation' was not defined in the schema, or was used outside of it's defined class.\n\tSource tag: Finding-property/Episode-property/Seizure-semiology-manifestation/Semiology-non-motor-manifestation/Semiology-sensory/Semiology-sensory-epigastric\n\t\tSCHEMA_ATTRIBUTE_INVALID: Attribute 'inLibrary' used by 'Finding-property/Episode-property/Seizure-semiology-manifestation/Semiology-non-motor-manifestation/Semiology-sensory/Semiology-sensory-epigastric' was not defined in the schema, or was used outside of it's defined class.\n\tSource tag: Finding-property/Episode-property/Seizure-semiology-manifestation/Semiology-non-motor-manifestation/Semiology-sensory/Semiology-sensory-gustatory\n\t\tSCHEMA_ATTRIBUTE_INVALID: Attribute 'inLibrary' used by 'Finding-property/Episode-property/Seizure-semiology-manifestation/Semiology-non-motor-manifestation/Semiology-sensory/Semiology-sensory-gustatory' was not defined in the schema, or was used outside of it's defined class.\n\tSource tag: Finding-property/Episode-property/Seizure-semiology-manifestation/Semiology-non-motor-manifestation/Semiology-sensory/Semiology-sensory-headache\n\t\tSCHEMA_ATTRIBUTE_INVALID: Attribute 'inLibrary' used by 'Finding-property/Episode-property/Seizure-semiology-manifestation/Semiology-non-motor-manifestation/Semiology-sensory/Semiology-sensory-headache' was not defined in the schema, or was used outside of it's defined class.\n\tSource tag: Finding-property/Episode-property/Seizure-semiology-manifestation/Semiology-non-motor-manifestation/Semiology-sensory/Semiology-sensory-olfactory\n\t\tSCHEMA_ATTRIBUTE_INVALID: Attribute 'inLibrary' used by 'Finding-property/Episode-property/Seizure-semiology-manifestation/Semiology-non-motor-manifestation/Semiology-sensory/Semiology-sensory-olfactory' was not defined in the schema, or was used outside of it's defined class.\n\tSource tag: Finding-property/Episode-property/Seizure-semiology-manifestation/Semiology-non-motor-manifestation/Semiology-sensory/Semiology-sensory-other\n\t\tSCHEMA_ATTRIBUTE_INVALID: Attribute 'inLibrary' used by 'Finding-property/Episode-property/Seizure-semiology-manifestation/Semiology-non-motor-manifestation/Semiology-sensory/Semiology-sensory-other' was not defined in the schema, or was used outside of it's defined class.\n\tSource tag: Finding-property/Episode-property/Seizure-semiology-manifestation/Semiology-non-motor-manifestation/Semiology-sensory/Semiology-sensory-other/#\n\t\tSCHEMA_ATTRIBUTE_INVALID: Attribute 'inLibrary' used by 'Finding-property/Episode-property/Seizure-semiology-manifestation/Semiology-non-motor-manifestation/Semiology-sensory/Semiology-sensory-other/#' was not defined in the schema, or was used outside of it's defined class.\n\tSource tag: Finding-property/Episode-property/Seizure-semiology-manifestation/Semiology-non-motor-manifestation/Semiology-sensory/Semiology-sensory-painful\n\t\tSCHEMA_ATTRIBUTE_INVALID: Attribute 'inLibrary' used by 'Finding-property/Episode-property/Seizure-semiology-manifestation/Semiology-non-motor-manifestation/Semiology-sensory/Semiology-sensory-painful' was not defined in the schema, or was used outside of it's defined class.\n\tSource tag: Finding-property/Episode-property/Seizure-semiology-manifestation/Semiology-non-motor-manifestation/Semiology-sensory/Semiology-sensory-somatosensory\n\t\tSCHEMA_ATTRIBUTE_INVALID: Attribute 'inLibrary' used by 'Finding-property/Episode-property/Seizure-semiology-manifestation/Semiology-non-motor-manifestation/Semiology-sensory/Semiology-sensory-somatosensory' was not defined in the schema, or was used outside of it's defined class.\n\tSource tag: Finding-property/Episode-property/Seizure-semiology-manifestation/Semiology-non-motor-manifestation/Semiology-sensory/Semiology-sensory-visual\n\t\tSCHEMA_ATTRIBUTE_INVALID: Attribute 'inLibrary' used by 'Finding-property/Episode-property/Seizure-semiology-manifestation/Semiology-non-motor-manifestation/Semiology-sensory/Semiology-sensory-visual' was not defined in the schema, or was used outside of it's defined class.\n\tSource tag: Finding-property/Location-property\n\t\tSCHEMA_ATTRIBUTE_INVALID: Attribute 'inLibrary' used by 'Finding-property/Location-property' was not defined in the schema, or was used outside of it's defined class.\n\tSource tag: Finding-property/Location-property/Body-part-location\n\t\tSCHEMA_ATTRIBUTE_INVALID: Attribute 'inLibrary' used by 'Finding-property/Location-property/Body-part-location' was not defined in the schema, or was used outside of it's defined class.\n\tSource tag: Finding-property/Location-property/Body-part-location/Arm-location\n\t\tSCHEMA_ATTRIBUTE_INVALID: Attribute 'inLibrary' used by 'Finding-property/Location-property/Body-part-location/Arm-location' was not defined in the schema, or was used outside of it's defined class.\n\tSource tag: Finding-property/Location-property/Body-part-location/Arm-location/#\n\t\tSCHEMA_ATTRIBUTE_INVALID: Attribute 'inLibrary' used by 'Finding-property/Location-property/Body-part-location/Arm-location/#' was not defined in the schema, or was used outside of it's defined class.\n\tSource tag: Finding-property/Location-property/Body-part-location/Eyelid-location\n\t\tSCHEMA_ATTRIBUTE_INVALID: Attribute 'inLibrary' used by 'Finding-property/Location-property/Body-part-location/Eyelid-location' was not defined in the schema, or was used outside of it's defined class.\n\tSource tag: Finding-property/Location-property/Body-part-location/Eyelid-location/#\n\t\tSCHEMA_ATTRIBUTE_INVALID: Attribute 'inLibrary' used by 'Finding-property/Location-property/Body-part-location/Eyelid-location/#' was not defined in the schema, or was used outside of it's defined class.\n\tSource tag: Finding-property/Location-property/Body-part-location/Face-location\n\t\tSCHEMA_ATTRIBUTE_INVALID: Attribute 'inLibrary' used by 'Finding-property/Location-property/Body-part-location/Face-location' was not defined in the schema, or was used outside of it's defined class.\n\tSource tag: Finding-property/Location-property/Body-part-location/Face-location/#\n\t\tSCHEMA_ATTRIBUTE_INVALID: Attribute 'inLibrary' used by 'Finding-property/Location-property/Body-part-location/Face-location/#' was not defined in the schema, or was used outside of it's defined class.\n\tSource tag: Finding-property/Location-property/Body-part-location/Hemi-location\n\t\tSCHEMA_ATTRIBUTE_INVALID: Attribute 'inLibrary' used by 'Finding-property/Location-property/Body-part-location/Hemi-location' was not defined in the schema, or was used outside of it's defined class.\n\tSource tag: Finding-property/Location-property/Body-part-location/Hemi-location/#\n\t\tSCHEMA_ATTRIBUTE_INVALID: Attribute 'inLibrary' used by 'Finding-property/Location-property/Body-part-location/Hemi-location/#' was not defined in the schema, or was used outside of it's defined class.\n\tSource tag: Finding-property/Location-property/Body-part-location/Leg-location\n\t\tSCHEMA_ATTRIBUTE_INVALID: Attribute 'inLibrary' used by 'Finding-property/Location-property/Body-part-location/Leg-location' was not defined in the schema, or was used outside of it's defined class.\n\tSource tag: Finding-property/Location-property/Body-part-location/Leg-location/#\n\t\tSCHEMA_ATTRIBUTE_INVALID: Attribute 'inLibrary' used by 'Finding-property/Location-property/Body-part-location/Leg-location/#' was not defined in the schema, or was used outside of it's defined class.\n\tSource tag: Finding-property/Location-property/Body-part-location/Trunk-location\n\t\tSCHEMA_ATTRIBUTE_INVALID: Attribute 'inLibrary' used by 'Finding-property/Location-property/Body-part-location/Trunk-location' was not defined in the schema, or was used outside of it's defined class.\n\tSource tag: Finding-property/Location-property/Body-part-location/Trunk-location/#\n\t\tSCHEMA_ATTRIBUTE_INVALID: Attribute 'inLibrary' used by 'Finding-property/Location-property/Body-part-location/Trunk-location/#' was not defined in the schema, or was used outside of it's defined class.\n\tSource tag: Finding-property/Location-property/Body-part-location/Visceral-location\n\t\tSCHEMA_ATTRIBUTE_INVALID: Attribute 'inLibrary' used by 'Finding-property/Location-property/Body-part-location/Visceral-location' was not defined in the schema, or was used outside of it's defined class.\n\tSource tag: Finding-property/Location-property/Body-part-location/Visceral-location/#\n\t\tSCHEMA_ATTRIBUTE_INVALID: Attribute 'inLibrary' used by 'Finding-property/Location-property/Body-part-location/Visceral-location/#' was not defined in the schema, or was used outside of it's defined class.\n\tSource tag: Finding-property/Location-property/Brain-centricity\n\t\tSCHEMA_ATTRIBUTE_INVALID: Attribute 'inLibrary' used by 'Finding-property/Location-property/Brain-centricity' was not defined in the schema, or was used outside of it's defined class.\n\tSource tag: Finding-property/Location-property/Brain-centricity/Brain-centricity-axial\n\t\tSCHEMA_ATTRIBUTE_INVALID: Attribute 'inLibrary' used by 'Finding-property/Location-property/Brain-centricity/Brain-centricity-axial' was not defined in the schema, or was used outside of it's defined class.\n\tSource tag: Finding-property/Location-property/Brain-centricity/Brain-centricity-axial/#\n\t\tSCHEMA_ATTRIBUTE_INVALID: Attribute 'inLibrary' used by 'Finding-property/Location-property/Brain-centricity/Brain-centricity-axial/#' was not defined in the schema, or was used outside of it's defined class.\n\tSource tag: Finding-property/Location-property/Brain-centricity/Brain-centricity-distal-limb\n\t\tSCHEMA_ATTRIBUTE_INVALID: Attribute 'inLibrary' used by 'Finding-property/Location-property/Brain-centricity/Brain-centricity-distal-limb' was not defined in the schema, or was used outside of it's defined class.\n\tSource tag: Finding-property/Location-property/Brain-centricity/Brain-centricity-distal-limb/#\n\t\tSCHEMA_ATTRIBUTE_INVALID: Attribute 'inLibrary' used by 'Finding-property/Location-property/Brain-centricity/Brain-centricity-distal-limb/#' was not defined in the schema, or was used outside of it's defined class.\n\tSource tag: Finding-property/Location-property/Brain-centricity/Brain-centricity-proximal-limb\n\t\tSCHEMA_ATTRIBUTE_INVALID: Attribute 'inLibrary' used by 'Finding-property/Location-property/Brain-centricity/Brain-centricity-proximal-limb' was not defined in the schema, or was used outside of it's defined class.\n\tSource tag: Finding-property/Location-property/Brain-centricity/Brain-centricity-proximal-limb/#\n\t\tSCHEMA_ATTRIBUTE_INVALID: Attribute 'inLibrary' used by 'Finding-property/Location-property/Brain-centricity/Brain-centricity-proximal-limb/#' was not defined in the schema, or was used outside of it's defined class.\n\tSource tag: Finding-property/Location-property/Brain-laterality\n\t\tSCHEMA_ATTRIBUTE_INVALID: Attribute 'inLibrary' used by 'Finding-property/Location-property/Brain-laterality' was not defined in the schema, or was used outside of it's defined class.\n\tSource tag: Finding-property/Location-property/Brain-laterality/Brain-laterality-diffuse-asynchronous\n\t\tSCHEMA_ATTRIBUTE_INVALID: Attribute 'inLibrary' used by 'Finding-property/Location-property/Brain-laterality/Brain-laterality-diffuse-asynchronous' was not defined in the schema, or was used outside of it's defined class.\n\tSource tag: Finding-property/Location-property/Brain-laterality/Brain-laterality-diffuse-asynchronous/#\n\t\tSCHEMA_ATTRIBUTE_INVALID: Attribute 'inLibrary' used by 'Finding-property/Location-property/Brain-laterality/Brain-laterality-diffuse-asynchronous/#' was not defined in the schema, or was used outside of it's defined class.\n\tSource tag: Finding-property/Location-property/Brain-laterality/Brain-laterality-left\n\t\tSCHEMA_ATTRIBUTE_INVALID: Attribute 'inLibrary' used by 'Finding-property/Location-property/Brain-laterality/Brain-laterality-left' was not defined in the schema, or was used outside of it's defined class.\n\tSource tag: Finding-property/Location-property/Brain-laterality/Brain-laterality-left-greater-right\n\t\tSCHEMA_ATTRIBUTE_INVALID: Attribute 'inLibrary' used by 'Finding-property/Location-property/Brain-laterality/Brain-laterality-left-greater-right' was not defined in the schema, or was used outside of it's defined class.\n\tSource tag: Finding-property/Location-property/Brain-laterality/Brain-laterality-left-greater-right/#\n\t\tSCHEMA_ATTRIBUTE_INVALID: Attribute 'inLibrary' used by 'Finding-property/Location-property/Brain-laterality/Brain-laterality-left-greater-right/#' was not defined in the schema, or was used outside of it's defined class.\n\tSource tag: Finding-property/Location-property/Brain-laterality/Brain-laterality-left/#\n\t\tSCHEMA_ATTRIBUTE_INVALID: Attribute 'inLibrary' used by 'Finding-property/Location-property/Brain-laterality/Brain-laterality-left/#' was not defined in the schema, or was used outside of it's defined class.\n\tSource tag: Finding-property/Location-property/Brain-laterality/Brain-laterality-midline\n\t\tSCHEMA_ATTRIBUTE_INVALID: Attribute 'inLibrary' used by 'Finding-property/Location-property/Brain-laterality/Brain-laterality-midline' was not defined in the schema, or was used outside of it's defined class.\n\tSource tag: Finding-property/Location-property/Brain-laterality/Brain-laterality-midline/#\n\t\tSCHEMA_ATTRIBUTE_INVALID: Attribute 'inLibrary' used by 'Finding-property/Location-property/Brain-laterality/Brain-laterality-midline/#' was not defined in the schema, or was used outside of it's defined class.\n\tSource tag: Finding-property/Location-property/Brain-laterality/Brain-laterality-right\n\t\tSCHEMA_ATTRIBUTE_INVALID: Attribute 'inLibrary' used by 'Finding-property/Location-property/Brain-laterality/Brain-laterality-right' was not defined in the schema, or was used outside of it's defined class.\n\tSource tag: Finding-property/Location-property/Brain-laterality/Brain-laterality-right-greater-left\n\t\tSCHEMA_ATTRIBUTE_INVALID: Attribute 'inLibrary' used by 'Finding-property/Location-property/Brain-laterality/Brain-laterality-right-greater-left' was not defined in the schema, or was used outside of it's defined class.\n\tSource tag: Finding-property/Location-property/Brain-laterality/Brain-laterality-right-greater-left/#\n\t\tSCHEMA_ATTRIBUTE_INVALID: Attribute 'inLibrary' used by 'Finding-property/Location-property/Brain-laterality/Brain-laterality-right-greater-left/#' was not defined in the schema, or was used outside of it's defined class.\n\tSource tag: Finding-property/Location-property/Brain-laterality/Brain-laterality-right/#\n\t\tSCHEMA_ATTRIBUTE_INVALID: Attribute 'inLibrary' used by 'Finding-property/Location-property/Brain-laterality/Brain-laterality-right/#' was not defined in the schema, or was used outside of it's defined class.\n\tSource tag: Finding-property/Location-property/Brain-region\n\t\tSCHEMA_ATTRIBUTE_INVALID: Attribute 'inLibrary' used by 'Finding-property/Location-property/Brain-region' was not defined in the schema, or was used outside of it's defined class.\n\tSource tag: Finding-property/Location-property/Brain-region/Brain-region-central\n\t\tSCHEMA_ATTRIBUTE_INVALID: Attribute 'inLibrary' used by 'Finding-property/Location-property/Brain-region/Brain-region-central' was not defined in the schema, or was used outside of it's defined class.\n\tSource tag: Finding-property/Location-property/Brain-region/Brain-region-central/#\n\t\tSCHEMA_ATTRIBUTE_INVALID: Attribute 'inLibrary' used by 'Finding-property/Location-property/Brain-region/Brain-region-central/#' was not defined in the schema, or was used outside of it's defined class.\n\tSource tag: Finding-property/Location-property/Brain-region/Brain-region-frontal\n\t\tSCHEMA_ATTRIBUTE_INVALID: Attribute 'inLibrary' used by 'Finding-property/Location-property/Brain-region/Brain-region-frontal' was not defined in the schema, or was used outside of it's defined class.\n\tSource tag: Finding-property/Location-property/Brain-region/Brain-region-frontal/#\n\t\tSCHEMA_ATTRIBUTE_INVALID: Attribute 'inLibrary' used by 'Finding-property/Location-property/Brain-region/Brain-region-frontal/#' was not defined in the schema, or was used outside of it's defined class.\n\tSource tag: Finding-property/Location-property/Brain-region/Brain-region-occipital\n\t\tSCHEMA_ATTRIBUTE_INVALID: Attribute 'inLibrary' used by 'Finding-property/Location-property/Brain-region/Brain-region-occipital' was not defined in the schema, or was used outside of it's defined class.\n\tSource tag: Finding-property/Location-property/Brain-region/Brain-region-occipital/#\n\t\tSCHEMA_ATTRIBUTE_INVALID: Attribute 'inLibrary' used by 'Finding-property/Location-property/Brain-region/Brain-region-occipital/#' was not defined in the schema, or was used outside of it's defined class.\n\tSource tag: Finding-property/Location-property/Brain-region/Brain-region-parietal\n\t\tSCHEMA_ATTRIBUTE_INVALID: Attribute 'inLibrary' used by 'Finding-property/Location-property/Brain-region/Brain-region-parietal' was not defined in the schema, or was used outside of it's defined class.\n\tSource tag: Finding-property/Location-property/Brain-region/Brain-region-parietal/#\n\t\tSCHEMA_ATTRIBUTE_INVALID: Attribute 'inLibrary' used by 'Finding-property/Location-property/Brain-region/Brain-region-parietal/#' was not defined in the schema, or was used outside of it's defined class.\n\tSource tag: Finding-property/Location-property/Brain-region/Brain-region-temporal\n\t\tSCHEMA_ATTRIBUTE_INVALID: Attribute 'inLibrary' used by 'Finding-property/Location-property/Brain-region/Brain-region-temporal' was not defined in the schema, or was used outside of it's defined class.\n\tSource tag: Finding-property/Location-property/Brain-region/Brain-region-temporal/#\n\t\tSCHEMA_ATTRIBUTE_INVALID: Attribute 'inLibrary' used by 'Finding-property/Location-property/Brain-region/Brain-region-temporal/#' was not defined in the schema, or was used outside of it's defined class.\n\tSource tag: Finding-property/Location-property/Finding-propagation\n\t\tSCHEMA_ATTRIBUTE_INVALID: Attribute 'inLibrary' used by 'Finding-property/Location-property/Finding-propagation' was not defined in the schema, or was used outside of it's defined class.\n\tSource tag: Finding-property/Location-property/Finding-propagation/#\n\t\tSCHEMA_ATTRIBUTE_INVALID: Attribute 'inLibrary' used by 'Finding-property/Location-property/Finding-propagation/#' was not defined in the schema, or was used outside of it's defined class.\n\tSource tag: Finding-property/Location-property/Multifocal-finding\n\t\tSCHEMA_ATTRIBUTE_INVALID: Attribute 'inLibrary' used by 'Finding-property/Location-property/Multifocal-finding' was not defined in the schema, or was used outside of it's defined class.\n\tSource tag: Finding-property/Location-property/Multifocal-finding/#\n\t\tSCHEMA_ATTRIBUTE_INVALID: Attribute 'inLibrary' used by 'Finding-property/Location-property/Multifocal-finding/#' was not defined in the schema, or was used outside of it's defined class.\n\tSource tag: Finding-property/Location-property/Sensors\n\t\tSCHEMA_ATTRIBUTE_INVALID: Attribute 'inLibrary' used by 'Finding-property/Location-property/Sensors' was not defined in the schema, or was used outside of it's defined class.\n\tSource tag: Finding-property/Location-property/Sensors/#\n\t\tSCHEMA_ATTRIBUTE_INVALID: Attribute 'inLibrary' used by 'Finding-property/Location-property/Sensors/#' was not defined in the schema, or was used outside of it's defined class.\n\tSource tag: Finding-property/Modulators-property\n\t\tSCHEMA_ATTRIBUTE_INVALID: Attribute 'inLibrary' used by 'Finding-property/Modulators-property' was not defined in the schema, or was used outside of it's defined class.\n\tSource tag: Finding-property/Modulators-property/Auditive-stimuli-effect\n\t\tSCHEMA_ATTRIBUTE_INVALID: Attribute 'inLibrary' used by 'Finding-property/Modulators-property/Auditive-stimuli-effect' was not defined in the schema, or was used outside of it's defined class.\n\tSource tag: Finding-property/Modulators-property/Cognitive-task-effect\n\t\tSCHEMA_ATTRIBUTE_INVALID: Attribute 'inLibrary' used by 'Finding-property/Modulators-property/Cognitive-task-effect' was not defined in the schema, or was used outside of it's defined class.\n\tSource tag: Finding-property/Modulators-property/Eye-closure-sensitivity\n\t\tSCHEMA_ATTRIBUTE_INVALID: Attribute 'inLibrary' used by 'Finding-property/Modulators-property/Eye-closure-sensitivity' was not defined in the schema, or was used outside of it's defined class.\n\tSource tag: Finding-property/Modulators-property/Eye-closure-sensitivity/#\n\t\tSCHEMA_ATTRIBUTE_INVALID: Attribute 'inLibrary' used by 'Finding-property/Modulators-property/Eye-closure-sensitivity/#' was not defined in the schema, or was used outside of it's defined class.\n\tSource tag: Finding-property/Modulators-property/Eye-opening-passive\n\t\tSCHEMA_ATTRIBUTE_INVALID: Attribute 'inLibrary' used by 'Finding-property/Modulators-property/Eye-opening-passive' was not defined in the schema, or was used outside of it's defined class.\n\tSource tag: Finding-property/Modulators-property/Facilitating-factor\n\t\tSCHEMA_ATTRIBUTE_INVALID: Attribute 'inLibrary' used by 'Finding-property/Modulators-property/Facilitating-factor' was not defined in the schema, or was used outside of it's defined class.\n\tSource tag: Finding-property/Modulators-property/Facilitating-factor/Facilitating-factor-alcohol\n\t\tSCHEMA_ATTRIBUTE_INVALID: Attribute 'inLibrary' used by 'Finding-property/Modulators-property/Facilitating-factor/Facilitating-factor-alcohol' was not defined in the schema, or was used outside of it's defined class.\n\tSource tag: Finding-property/Modulators-property/Facilitating-factor/Facilitating-factor-alcohol/#\n\t\tSCHEMA_ATTRIBUTE_INVALID: Attribute 'inLibrary' used by 'Finding-property/Modulators-property/Facilitating-factor/Facilitating-factor-alcohol/#' was not defined in the schema, or was used outside of it's defined class.\n\tSource tag: Finding-property/Modulators-property/Facilitating-factor/Facilitating-factor-awake\n\t\tSCHEMA_ATTRIBUTE_INVALID: Attribute 'inLibrary' used by 'Finding-property/Modulators-property/Facilitating-factor/Facilitating-factor-awake' was not defined in the schema, or was used outside of it's defined class.\n\tSource tag: Finding-property/Modulators-property/Facilitating-factor/Facilitating-factor-awake/#\n\t\tSCHEMA_ATTRIBUTE_INVALID: Attribute 'inLibrary' used by 'Finding-property/Modulators-property/Facilitating-factor/Facilitating-factor-awake/#' was not defined in the schema, or was used outside of it's defined class.\n\tSource tag: Finding-property/Modulators-property/Facilitating-factor/Facilitating-factor-catamenial\n\t\tSCHEMA_ATTRIBUTE_INVALID: Attribute 'inLibrary' used by 'Finding-property/Modulators-property/Facilitating-factor/Facilitating-factor-catamenial' was not defined in the schema, or was used outside of it's defined class.\n\tSource tag: Finding-property/Modulators-property/Facilitating-factor/Facilitating-factor-catamenial/#\n\t\tSCHEMA_ATTRIBUTE_INVALID: Attribute 'inLibrary' used by 'Finding-property/Modulators-property/Facilitating-factor/Facilitating-factor-catamenial/#' was not defined in the schema, or was used outside of it's defined class.\n\tSource tag: Finding-property/Modulators-property/Facilitating-factor/Facilitating-factor-fever\n\t\tSCHEMA_ATTRIBUTE_INVALID: Attribute 'inLibrary' used by 'Finding-property/Modulators-property/Facilitating-factor/Facilitating-factor-fever' was not defined in the schema, or was used outside of it's defined class.\n\tSource tag: Finding-property/Modulators-property/Facilitating-factor/Facilitating-factor-fever/#\n\t\tSCHEMA_ATTRIBUTE_INVALID: Attribute 'inLibrary' used by 'Finding-property/Modulators-property/Facilitating-factor/Facilitating-factor-fever/#' was not defined in the schema, or was used outside of it's defined class.\n\tSource tag: Finding-property/Modulators-property/Facilitating-factor/Facilitating-factor-other\n\t\tSCHEMA_ATTRIBUTE_INVALID: Attribute 'inLibrary' used by 'Finding-property/Modulators-property/Facilitating-factor/Facilitating-factor-other' was not defined in the schema, or was used outside of it's defined class.\n\tSource tag: Finding-property/Modulators-property/Facilitating-factor/Facilitating-factor-other/#\n\t\tSCHEMA_ATTRIBUTE_INVALID: Attribute 'inLibrary' used by 'Finding-property/Modulators-property/Facilitating-factor/Facilitating-factor-other/#' was not defined in the schema, or was used outside of it's defined class.\n\tSource tag: Finding-property/Modulators-property/Facilitating-factor/Facilitating-factor-sleep\n\t\tSCHEMA_ATTRIBUTE_INVALID: Attribute 'inLibrary' used by 'Finding-property/Modulators-property/Facilitating-factor/Facilitating-factor-sleep' was not defined in the schema, or was used outside of it's defined class.\n\tSource tag: Finding-property/Modulators-property/Facilitating-factor/Facilitating-factor-sleep-deprived\n\t\tSCHEMA_ATTRIBUTE_INVALID: Attribute 'inLibrary' used by 'Finding-property/Modulators-property/Facilitating-factor/Facilitating-factor-sleep-deprived' was not defined in the schema, or was used outside of it's defined class.\n\tSource tag: Finding-property/Modulators-property/Facilitating-factor/Facilitating-factor-sleep-deprived/#\n\t\tSCHEMA_ATTRIBUTE_INVALID: Attribute 'inLibrary' used by 'Finding-property/Modulators-property/Facilitating-factor/Facilitating-factor-sleep-deprived/#' was not defined in the schema, or was used outside of it's defined class.\n\tSource tag: Finding-property/Modulators-property/Facilitating-factor/Facilitating-factor-sleep/#\n\t\tSCHEMA_ATTRIBUTE_INVALID: Attribute 'inLibrary' used by 'Finding-property/Modulators-property/Facilitating-factor/Facilitating-factor-sleep/#' was not defined in the schema, or was used outside of it's defined class.\n\tSource tag: Finding-property/Modulators-property/Intermittent-photic-stimulation-effect\n\t\tSCHEMA_ATTRIBUTE_INVALID: Attribute 'inLibrary' used by 'Finding-property/Modulators-property/Intermittent-photic-stimulation-effect' was not defined in the schema, or was used outside of it's defined class.\n\tSource tag: Finding-property/Modulators-property/Intermittent-photic-stimulation-effect/Activation-of-pre-existing-epileptogenic-area-intermittent-photic-stimulation-effect\n\t\tSCHEMA_ATTRIBUTE_INVALID: Attribute 'inLibrary' used by 'Finding-property/Modulators-property/Intermittent-photic-stimulation-effect/Activation-of-pre-existing-epileptogenic-area-intermittent-photic-stimulation-effect' was not defined in the schema, or was used outside of it's defined class.\n\tSource tag: Finding-property/Modulators-property/Intermittent-photic-stimulation-effect/Activation-of-pre-existing-epileptogenic-area-intermittent-photic-stimulation-effect/#\n\t\tSCHEMA_ATTRIBUTE_INVALID: Attribute 'inLibrary' used by 'Finding-property/Modulators-property/Intermittent-photic-stimulation-effect/Activation-of-pre-existing-epileptogenic-area-intermittent-photic-stimulation-effect/#' was not defined in the schema, or was used outside of it's defined class.\n\tSource tag: Finding-property/Modulators-property/Intermittent-photic-stimulation-effect/Generalized-photoparoxysmal-intermittent-photic-stimulation-response-limited\n\t\tSCHEMA_ATTRIBUTE_INVALID: Attribute 'inLibrary' used by 'Finding-property/Modulators-property/Intermittent-photic-stimulation-effect/Generalized-photoparoxysmal-intermittent-photic-stimulation-response-limited' was not defined in the schema, or was used outside of it's defined class.\n\tSource tag: Finding-property/Modulators-property/Intermittent-photic-stimulation-effect/Generalized-photoparoxysmal-intermittent-photic-stimulation-response-limited/#\n\t\tSCHEMA_ATTRIBUTE_INVALID: Attribute 'inLibrary' used by 'Finding-property/Modulators-property/Intermittent-photic-stimulation-effect/Generalized-photoparoxysmal-intermittent-photic-stimulation-response-limited/#' was not defined in the schema, or was used outside of it's defined class.\n\tSource tag: Finding-property/Modulators-property/Intermittent-photic-stimulation-effect/Generalized-photoparoxysmal-intermittent-photic-stimulation-response-self-sustained\n\t\tSCHEMA_ATTRIBUTE_INVALID: Attribute 'inLibrary' used by 'Finding-property/Modulators-property/Intermittent-photic-stimulation-effect/Generalized-photoparoxysmal-intermittent-photic-stimulation-response-self-sustained' was not defined in the schema, or was used outside of it's defined class.\n\tSource tag: Finding-property/Modulators-property/Intermittent-photic-stimulation-effect/Generalized-photoparoxysmal-intermittent-photic-stimulation-response-self-sustained/#\n\t\tSCHEMA_ATTRIBUTE_INVALID: Attribute 'inLibrary' used by 'Finding-property/Modulators-property/Intermittent-photic-stimulation-effect/Generalized-photoparoxysmal-intermittent-photic-stimulation-response-self-sustained/#' was not defined in the schema, or was used outside of it's defined class.\n\tSource tag: Finding-property/Modulators-property/Intermittent-photic-stimulation-effect/Posterior-stimulus-dependent-intermittent-photic-stimulation-response\n\t\tSCHEMA_ATTRIBUTE_INVALID: Attribute 'inLibrary' used by 'Finding-property/Modulators-property/Intermittent-photic-stimulation-effect/Posterior-stimulus-dependent-intermittent-photic-stimulation-response' was not defined in the schema, or was used outside of it's defined class.\n\tSource tag: Finding-property/Modulators-property/Intermittent-photic-stimulation-effect/Posterior-stimulus-dependent-intermittent-photic-stimulation-response/#\n\t\tSCHEMA_ATTRIBUTE_INVALID: Attribute 'inLibrary' used by 'Finding-property/Modulators-property/Intermittent-photic-stimulation-effect/Posterior-stimulus-dependent-intermittent-photic-stimulation-response/#' was not defined in the schema, or was used outside of it's defined class.\n\tSource tag: Finding-property/Modulators-property/Intermittent-photic-stimulation-effect/Posterior-stimulus-independent-intermittent-photic-stimulation-response-limited\n\t\tSCHEMA_ATTRIBUTE_INVALID: Attribute 'inLibrary' used by 'Finding-property/Modulators-property/Intermittent-photic-stimulation-effect/Posterior-stimulus-independent-intermittent-photic-stimulation-response-limited' was not defined in the schema, or was used outside of it's defined class.\n\tSource tag: Finding-property/Modulators-property/Intermittent-photic-stimulation-effect/Posterior-stimulus-independent-intermittent-photic-stimulation-response-limited/#\n\t\tSCHEMA_ATTRIBUTE_INVALID: Attribute 'inLibrary' used by 'Finding-property/Modulators-property/Intermittent-photic-stimulation-effect/Posterior-stimulus-independent-intermittent-photic-stimulation-response-limited/#' was not defined in the schema, or was used outside of it's defined class.\n\tSource tag: Finding-property/Modulators-property/Intermittent-photic-stimulation-effect/Posterior-stimulus-independent-intermittent-photic-stimulation-response-self-sustained\n\t\tSCHEMA_ATTRIBUTE_INVALID: Attribute 'inLibrary' used by 'Finding-property/Modulators-property/Intermittent-photic-stimulation-effect/Posterior-stimulus-independent-intermittent-photic-stimulation-response-self-sustained' was not defined in the schema, or was used outside of it's defined class.\n\tSource tag: Finding-property/Modulators-property/Intermittent-photic-stimulation-effect/Posterior-stimulus-independent-intermittent-photic-stimulation-response-self-sustained/#\n\t\tSCHEMA_ATTRIBUTE_INVALID: Attribute 'inLibrary' used by 'Finding-property/Modulators-property/Intermittent-photic-stimulation-effect/Posterior-stimulus-independent-intermittent-photic-stimulation-response-self-sustained/#' was not defined in the schema, or was used outside of it's defined class.\n\tSource tag: Finding-property/Modulators-property/Intermittent-photic-stimulation-effect/Unmodified-intermittent-photic-stimulation-effect\n\t\tSCHEMA_ATTRIBUTE_INVALID: Attribute 'inLibrary' used by 'Finding-property/Modulators-property/Intermittent-photic-stimulation-effect/Unmodified-intermittent-photic-stimulation-effect' was not defined in the schema, or was used outside of it's defined class.\n\tSource tag: Finding-property/Modulators-property/Intermittent-photic-stimulation-effect/Unmodified-intermittent-photic-stimulation-effect/#\n\t\tSCHEMA_ATTRIBUTE_INVALID: Attribute 'inLibrary' used by 'Finding-property/Modulators-property/Intermittent-photic-stimulation-effect/Unmodified-intermittent-photic-stimulation-effect/#' was not defined in the schema, or was used outside of it's defined class.\n\tSource tag: Finding-property/Modulators-property/Medication-effect-EEG\n\t\tSCHEMA_ATTRIBUTE_INVALID: Attribute 'inLibrary' used by 'Finding-property/Modulators-property/Medication-effect-EEG' was not defined in the schema, or was used outside of it's defined class.\n\tSource tag: Finding-property/Modulators-property/Medication-effect-clinical\n\t\tSCHEMA_ATTRIBUTE_INVALID: Attribute 'inLibrary' used by 'Finding-property/Modulators-property/Medication-effect-clinical' was not defined in the schema, or was used outside of it's defined class.\n\tSource tag: Finding-property/Modulators-property/Medication-reduction-effect-EEG\n\t\tSCHEMA_ATTRIBUTE_INVALID: Attribute 'inLibrary' used by 'Finding-property/Modulators-property/Medication-reduction-effect-EEG' was not defined in the schema, or was used outside of it's defined class.\n\tSource tag: Finding-property/Modulators-property/Medication-reduction-effect-clinical\n\t\tSCHEMA_ATTRIBUTE_INVALID: Attribute 'inLibrary' used by 'Finding-property/Modulators-property/Medication-reduction-effect-clinical' was not defined in the schema, or was used outside of it's defined class.\n\tSource tag: Finding-property/Modulators-property/Modulators-effect\n\t\tSCHEMA_ATTRIBUTE_INVALID: Attribute 'inLibrary' used by 'Finding-property/Modulators-property/Modulators-effect' was not defined in the schema, or was used outside of it's defined class.\n\tSource tag: Finding-property/Modulators-property/Modulators-effect/Modulators-effect-change-of-patterns\n\t\tSCHEMA_ATTRIBUTE_INVALID: Attribute 'inLibrary' used by 'Finding-property/Modulators-property/Modulators-effect/Modulators-effect-change-of-patterns' was not defined in the schema, or was used outside of it's defined class.\n\tSource tag: Finding-property/Modulators-property/Modulators-effect/Modulators-effect-change-of-patterns/#\n\t\tSCHEMA_ATTRIBUTE_INVALID: Attribute 'inLibrary' used by 'Finding-property/Modulators-property/Modulators-effect/Modulators-effect-change-of-patterns/#' was not defined in the schema, or was used outside of it's defined class.\n\tSource tag: Finding-property/Modulators-property/Modulators-effect/Modulators-effect-continuous-during-NRS\n\t\tSCHEMA_ATTRIBUTE_INVALID: Attribute 'inLibrary' used by 'Finding-property/Modulators-property/Modulators-effect/Modulators-effect-continuous-during-NRS' was not defined in the schema, or was used outside of it's defined class.\n\tSource tag: Finding-property/Modulators-property/Modulators-effect/Modulators-effect-continuous-during-NRS/#\n\t\tSCHEMA_ATTRIBUTE_INVALID: Attribute 'inLibrary' used by 'Finding-property/Modulators-property/Modulators-effect/Modulators-effect-continuous-during-NRS/#' was not defined in the schema, or was used outside of it's defined class.\n\tSource tag: Finding-property/Modulators-property/Modulators-effect/Modulators-effect-only-during\n\t\tSCHEMA_ATTRIBUTE_INVALID: Attribute 'inLibrary' used by 'Finding-property/Modulators-property/Modulators-effect/Modulators-effect-only-during' was not defined in the schema, or was used outside of it's defined class.\n\tSource tag: Finding-property/Modulators-property/Modulators-effect/Modulators-effect-only-during/#\n\t\tSCHEMA_ATTRIBUTE_INVALID: Attribute 'inLibrary' used by 'Finding-property/Modulators-property/Modulators-effect/Modulators-effect-only-during/#' was not defined in the schema, or was used outside of it's defined class.\n\tSource tag: Finding-property/Modulators-property/Modulators-reactivity\n\t\tSCHEMA_ATTRIBUTE_INVALID: Attribute 'inLibrary' used by 'Finding-property/Modulators-property/Modulators-reactivity' was not defined in the schema, or was used outside of it's defined class.\n\tSource tag: Finding-property/Modulators-property/Modulators-reactivity/#\n\t\tSCHEMA_ATTRIBUTE_INVALID: Attribute 'inLibrary' used by 'Finding-property/Modulators-property/Modulators-reactivity/#' was not defined in the schema, or was used outside of it's defined class.\n\tSource tag: Finding-property/Modulators-property/Nociceptive-stimuli-effect\n\t\tSCHEMA_ATTRIBUTE_INVALID: Attribute 'inLibrary' used by 'Finding-property/Modulators-property/Nociceptive-stimuli-effect' was not defined in the schema, or was used outside of it's defined class.\n\tSource tag: Finding-property/Modulators-property/Other-modulators-effect-EEG\n\t\tSCHEMA_ATTRIBUTE_INVALID: Attribute 'inLibrary' used by 'Finding-property/Modulators-property/Other-modulators-effect-EEG' was not defined in the schema, or was used outside of it's defined class.\n\tSource tag: Finding-property/Modulators-property/Other-modulators-effect-EEG/#\n\t\tSCHEMA_ATTRIBUTE_INVALID: Attribute 'inLibrary' used by 'Finding-property/Modulators-property/Other-modulators-effect-EEG/#' was not defined in the schema, or was used outside of it's defined class.\n\tSource tag: Finding-property/Modulators-property/Other-modulators-effect-clinical\n\t\tSCHEMA_ATTRIBUTE_INVALID: Attribute 'inLibrary' used by 'Finding-property/Modulators-property/Other-modulators-effect-clinical' was not defined in the schema, or was used outside of it's defined class.\n\tSource tag: Finding-property/Modulators-property/Other-modulators-effect-clinical/#\n\t\tSCHEMA_ATTRIBUTE_INVALID: Attribute 'inLibrary' used by 'Finding-property/Modulators-property/Other-modulators-effect-clinical/#' was not defined in the schema, or was used outside of it's defined class.\n\tSource tag: Finding-property/Modulators-property/Physical-effort-effect\n\t\tSCHEMA_ATTRIBUTE_INVALID: Attribute 'inLibrary' used by 'Finding-property/Modulators-property/Physical-effort-effect' was not defined in the schema, or was used outside of it's defined class.\n\tSource tag: Finding-property/Modulators-property/Provocative-factor\n\t\tSCHEMA_ATTRIBUTE_INVALID: Attribute 'inLibrary' used by 'Finding-property/Modulators-property/Provocative-factor' was not defined in the schema, or was used outside of it's defined class.\n\tSource tag: Finding-property/Modulators-property/Provocative-factor/Hyperventilation-provoked\n\t\tSCHEMA_ATTRIBUTE_INVALID: Attribute 'inLibrary' used by 'Finding-property/Modulators-property/Provocative-factor/Hyperventilation-provoked' was not defined in the schema, or was used outside of it's defined class.\n\tSource tag: Finding-property/Modulators-property/Provocative-factor/Hyperventilation-provoked/#\n\t\tSCHEMA_ATTRIBUTE_INVALID: Attribute 'inLibrary' used by 'Finding-property/Modulators-property/Provocative-factor/Hyperventilation-provoked/#' was not defined in the schema, or was used outside of it's defined class.\n\tSource tag: Finding-property/Modulators-property/Provocative-factor/Reflex-provoked\n\t\tSCHEMA_ATTRIBUTE_INVALID: Attribute 'inLibrary' used by 'Finding-property/Modulators-property/Provocative-factor/Reflex-provoked' was not defined in the schema, or was used outside of it's defined class.\n\tSource tag: Finding-property/Modulators-property/Provocative-factor/Reflex-provoked/#\n\t\tSCHEMA_ATTRIBUTE_INVALID: Attribute 'inLibrary' used by 'Finding-property/Modulators-property/Provocative-factor/Reflex-provoked/#' was not defined in the schema, or was used outside of it's defined class.\n\tSource tag: Finding-property/Modulators-property/Quality-of-hyperventilation\n\t\tSCHEMA_ATTRIBUTE_INVALID: Attribute 'inLibrary' used by 'Finding-property/Modulators-property/Quality-of-hyperventilation' was not defined in the schema, or was used outside of it's defined class.\n\tSource tag: Finding-property/Modulators-property/Quality-of-hyperventilation/Hyperventilation-excellent-effort\n\t\tSCHEMA_ATTRIBUTE_INVALID: Attribute 'inLibrary' used by 'Finding-property/Modulators-property/Quality-of-hyperventilation/Hyperventilation-excellent-effort' was not defined in the schema, or was used outside of it's defined class.\n\tSource tag: Finding-property/Modulators-property/Quality-of-hyperventilation/Hyperventilation-excellent-effort/#\n\t\tSCHEMA_ATTRIBUTE_INVALID: Attribute 'inLibrary' used by 'Finding-property/Modulators-property/Quality-of-hyperventilation/Hyperventilation-excellent-effort/#' was not defined in the schema, or was used outside of it's defined class.\n\tSource tag: Finding-property/Modulators-property/Quality-of-hyperventilation/Hyperventilation-good-effort\n\t\tSCHEMA_ATTRIBUTE_INVALID: Attribute 'inLibrary' used by 'Finding-property/Modulators-property/Quality-of-hyperventilation/Hyperventilation-good-effort' was not defined in the schema, or was used outside of it's defined class.\n\tSource tag: Finding-property/Modulators-property/Quality-of-hyperventilation/Hyperventilation-good-effort/#\n\t\tSCHEMA_ATTRIBUTE_INVALID: Attribute 'inLibrary' used by 'Finding-property/Modulators-property/Quality-of-hyperventilation/Hyperventilation-good-effort/#' was not defined in the schema, or was used outside of it's defined class.\n\tSource tag: Finding-property/Modulators-property/Quality-of-hyperventilation/Hyperventilation-poor-effort\n\t\tSCHEMA_ATTRIBUTE_INVALID: Attribute 'inLibrary' used by 'Finding-property/Modulators-property/Quality-of-hyperventilation/Hyperventilation-poor-effort' was not defined in the schema, or was used outside of it's defined class.\n\tSource tag: Finding-property/Modulators-property/Quality-of-hyperventilation/Hyperventilation-poor-effort/#\n\t\tSCHEMA_ATTRIBUTE_INVALID: Attribute 'inLibrary' used by 'Finding-property/Modulators-property/Quality-of-hyperventilation/Hyperventilation-poor-effort/#' was not defined in the schema, or was used outside of it's defined class.\n\tSource tag: Finding-property/Modulators-property/Quality-of-hyperventilation/Hyperventilation-refused-procedure\n\t\tSCHEMA_ATTRIBUTE_INVALID: Attribute 'inLibrary' used by 'Finding-property/Modulators-property/Quality-of-hyperventilation/Hyperventilation-refused-procedure' was not defined in the schema, or was used outside of it's defined class.\n\tSource tag: Finding-property/Modulators-property/Quality-of-hyperventilation/Hyperventilation-refused-procedure/#\n\t\tSCHEMA_ATTRIBUTE_INVALID: Attribute 'inLibrary' used by 'Finding-property/Modulators-property/Quality-of-hyperventilation/Hyperventilation-refused-procedure/#' was not defined in the schema, or was used outside of it's defined class.\n\tSource tag: Finding-property/Other-finding-property\n\t\tSCHEMA_ATTRIBUTE_INVALID: Attribute 'inLibrary' used by 'Finding-property/Other-finding-property' was not defined in the schema, or was used outside of it's defined class.\n\tSource tag: Finding-property/Other-finding-property/Artifact-significance-to-recording\n\t\tSCHEMA_ATTRIBUTE_INVALID: Attribute 'inLibrary' used by 'Finding-property/Other-finding-property/Artifact-significance-to-recording' was not defined in the schema, or was used outside of it's defined class.\n\tSource tag: Finding-property/Other-finding-property/Artifact-significance-to-recording/Artifact-does-not-interfere-recording\n\t\tSCHEMA_ATTRIBUTE_INVALID: Attribute 'inLibrary' used by 'Finding-property/Other-finding-property/Artifact-significance-to-recording/Artifact-does-not-interfere-recording' was not defined in the schema, or was used outside of it's defined class.\n\tSource tag: Finding-property/Other-finding-property/Artifact-significance-to-recording/Artifact-does-not-interfere-recording/#\n\t\tSCHEMA_ATTRIBUTE_INVALID: Attribute 'inLibrary' used by 'Finding-property/Other-finding-property/Artifact-significance-to-recording/Artifact-does-not-interfere-recording/#' was not defined in the schema, or was used outside of it's defined class.\n\tSource tag: Finding-property/Other-finding-property/Artifact-significance-to-recording/Recording-not-interpretable-due-to-artifact\n\t\tSCHEMA_ATTRIBUTE_INVALID: Attribute 'inLibrary' used by 'Finding-property/Other-finding-property/Artifact-significance-to-recording/Recording-not-interpretable-due-to-artifact' was not defined in the schema, or was used outside of it's defined class.\n\tSource tag: Finding-property/Other-finding-property/Artifact-significance-to-recording/Recording-not-interpretable-due-to-artifact/#\n\t\tSCHEMA_ATTRIBUTE_INVALID: Attribute 'inLibrary' used by 'Finding-property/Other-finding-property/Artifact-significance-to-recording/Recording-not-interpretable-due-to-artifact/#' was not defined in the schema, or was used outside of it's defined class.\n\tSource tag: Finding-property/Other-finding-property/Artifact-significance-to-recording/Recording-of-reduced-diagnostic-value-due-to-artifact\n\t\tSCHEMA_ATTRIBUTE_INVALID: Attribute 'inLibrary' used by 'Finding-property/Other-finding-property/Artifact-significance-to-recording/Recording-of-reduced-diagnostic-value-due-to-artifact' was not defined in the schema, or was used outside of it's defined class.\n\tSource tag: Finding-property/Other-finding-property/Artifact-significance-to-recording/Recording-of-reduced-diagnostic-value-due-to-artifact/#\n\t\tSCHEMA_ATTRIBUTE_INVALID: Attribute 'inLibrary' used by 'Finding-property/Other-finding-property/Artifact-significance-to-recording/Recording-of-reduced-diagnostic-value-due-to-artifact/#' was not defined in the schema, or was used outside of it's defined class.\n\tSource tag: Finding-property/Other-finding-property/Finding-amplitude\n\t\tSCHEMA_ATTRIBUTE_INVALID: Attribute 'inLibrary' used by 'Finding-property/Other-finding-property/Finding-amplitude' was not defined in the schema, or was used outside of it's defined class.\n\tSource tag: Finding-property/Other-finding-property/Finding-amplitude-asymmetry\n\t\tSCHEMA_ATTRIBUTE_INVALID: Attribute 'inLibrary' used by 'Finding-property/Other-finding-property/Finding-amplitude-asymmetry' was not defined in the schema, or was used outside of it's defined class.\n\tSource tag: Finding-property/Other-finding-property/Finding-amplitude-asymmetry/Finding-amplitude-asymmetry-lower-left\n\t\tSCHEMA_ATTRIBUTE_INVALID: Attribute 'inLibrary' used by 'Finding-property/Other-finding-property/Finding-amplitude-asymmetry/Finding-amplitude-asymmetry-lower-left' was not defined in the schema, or was used outside of it's defined class.\n\tSource tag: Finding-property/Other-finding-property/Finding-amplitude-asymmetry/Finding-amplitude-asymmetry-lower-left/#\n\t\tSCHEMA_ATTRIBUTE_INVALID: Attribute 'inLibrary' used by 'Finding-property/Other-finding-property/Finding-amplitude-asymmetry/Finding-amplitude-asymmetry-lower-left/#' was not defined in the schema, or was used outside of it's defined class.\n\tSource tag: Finding-property/Other-finding-property/Finding-amplitude-asymmetry/Finding-amplitude-asymmetry-lower-right\n\t\tSCHEMA_ATTRIBUTE_INVALID: Attribute 'inLibrary' used by 'Finding-property/Other-finding-property/Finding-amplitude-asymmetry/Finding-amplitude-asymmetry-lower-right' was not defined in the schema, or was used outside of it's defined class.\n\tSource tag: Finding-property/Other-finding-property/Finding-amplitude-asymmetry/Finding-amplitude-asymmetry-lower-right/#\n\t\tSCHEMA_ATTRIBUTE_INVALID: Attribute 'inLibrary' used by 'Finding-property/Other-finding-property/Finding-amplitude-asymmetry/Finding-amplitude-asymmetry-lower-right/#' was not defined in the schema, or was used outside of it's defined class.\n\tSource tag: Finding-property/Other-finding-property/Finding-amplitude-asymmetry/Finding-amplitude-asymmetry-not-possible-to-determine\n\t\tSCHEMA_ATTRIBUTE_INVALID: Attribute 'inLibrary' used by 'Finding-property/Other-finding-property/Finding-amplitude-asymmetry/Finding-amplitude-asymmetry-not-possible-to-determine' was not defined in the schema, or was used outside of it's defined class.\n\tSource tag: Finding-property/Other-finding-property/Finding-amplitude-asymmetry/Finding-amplitude-asymmetry-not-possible-to-determine/#\n\t\tSCHEMA_ATTRIBUTE_INVALID: Attribute 'inLibrary' used by 'Finding-property/Other-finding-property/Finding-amplitude-asymmetry/Finding-amplitude-asymmetry-not-possible-to-determine/#' was not defined in the schema, or was used outside of it's defined class.\n\tSource tag: Finding-property/Other-finding-property/Finding-amplitude/#\n\t\tSCHEMA_ATTRIBUTE_INVALID: Attribute 'inLibrary' used by 'Finding-property/Other-finding-property/Finding-amplitude/#' was not defined in the schema, or was used outside of it's defined class.\n\tSource tag: Finding-property/Other-finding-property/Finding-frequency\n\t\tSCHEMA_ATTRIBUTE_INVALID: Attribute 'inLibrary' used by 'Finding-property/Other-finding-property/Finding-frequency' was not defined in the schema, or was used outside of it's defined class.\n\tSource tag: Finding-property/Other-finding-property/Finding-frequency/#\n\t\tSCHEMA_ATTRIBUTE_INVALID: Attribute 'inLibrary' used by 'Finding-property/Other-finding-property/Finding-frequency/#' was not defined in the schema, or was used outside of it's defined class.\n\tSource tag: Finding-property/Other-finding-property/Finding-significance-to-recording\n\t\tSCHEMA_ATTRIBUTE_INVALID: Attribute 'inLibrary' used by 'Finding-property/Other-finding-property/Finding-significance-to-recording' was not defined in the schema, or was used outside of it's defined class.\n\tSource tag: Finding-property/Other-finding-property/Finding-significance-to-recording/Finding-no-definite-abnormality\n\t\tSCHEMA_ATTRIBUTE_INVALID: Attribute 'inLibrary' used by 'Finding-property/Other-finding-property/Finding-significance-to-recording/Finding-no-definite-abnormality' was not defined in the schema, or was used outside of it's defined class.\n\tSource tag: Finding-property/Other-finding-property/Finding-significance-to-recording/Finding-no-definite-abnormality/#\n\t\tSCHEMA_ATTRIBUTE_INVALID: Attribute 'inLibrary' used by 'Finding-property/Other-finding-property/Finding-significance-to-recording/Finding-no-definite-abnormality/#' was not defined in the schema, or was used outside of it's defined class.\n\tSource tag: Finding-property/Other-finding-property/Finding-significance-to-recording/Finding-significance-not-possible-to-determine\n\t\tSCHEMA_ATTRIBUTE_INVALID: Attribute 'inLibrary' used by 'Finding-property/Other-finding-property/Finding-significance-to-recording/Finding-significance-not-possible-to-determine' was not defined in the schema, or was used outside of it's defined class.\n\tSource tag: Finding-property/Other-finding-property/Finding-significance-to-recording/Finding-significance-not-possible-to-determine/#\n\t\tSCHEMA_ATTRIBUTE_INVALID: Attribute 'inLibrary' used by 'Finding-property/Other-finding-property/Finding-significance-to-recording/Finding-significance-not-possible-to-determine/#' was not defined in the schema, or was used outside of it's defined class.\n\tSource tag: Finding-property/Other-finding-property/Finding-stopped-by\n\t\tSCHEMA_ATTRIBUTE_INVALID: Attribute 'inLibrary' used by 'Finding-property/Other-finding-property/Finding-stopped-by' was not defined in the schema, or was used outside of it's defined class.\n\tSource tag: Finding-property/Other-finding-property/Finding-stopped-by/#\n\t\tSCHEMA_ATTRIBUTE_INVALID: Attribute 'inLibrary' used by 'Finding-property/Other-finding-property/Finding-stopped-by/#' was not defined in the schema, or was used outside of it's defined class.\n\tSource tag: Finding-property/Other-finding-property/Finding-triggered-by\n\t\tSCHEMA_ATTRIBUTE_INVALID: Attribute 'inLibrary' used by 'Finding-property/Other-finding-property/Finding-triggered-by' was not defined in the schema, or was used outside of it's defined class.\n\tSource tag: Finding-property/Other-finding-property/Finding-triggered-by/#\n\t\tSCHEMA_ATTRIBUTE_INVALID: Attribute 'inLibrary' used by 'Finding-property/Other-finding-property/Finding-triggered-by/#' was not defined in the schema, or was used outside of it's defined class.\n\tSource tag: Finding-property/Other-finding-property/Finding-unmodified\n\t\tSCHEMA_ATTRIBUTE_INVALID: Attribute 'inLibrary' used by 'Finding-property/Other-finding-property/Finding-unmodified' was not defined in the schema, or was used outside of it's defined class.\n\tSource tag: Finding-property/Other-finding-property/Finding-unmodified/#\n\t\tSCHEMA_ATTRIBUTE_INVALID: Attribute 'inLibrary' used by 'Finding-property/Other-finding-property/Finding-unmodified/#' was not defined in the schema, or was used outside of it's defined class.\n\tSource tag: Finding-property/Other-finding-property/Property-absence\n\t\tSCHEMA_ATTRIBUTE_INVALID: Attribute 'inLibrary' used by 'Finding-property/Other-finding-property/Property-absence' was not defined in the schema, or was used outside of it's defined class.\n\tSource tag: Finding-property/Other-finding-property/Property-absence/#\n\t\tSCHEMA_ATTRIBUTE_INVALID: Attribute 'inLibrary' used by 'Finding-property/Other-finding-property/Property-absence/#' was not defined in the schema, or was used outside of it's defined class.\n\tSource tag: Finding-property/Other-finding-property/Property-exists\n\t\tSCHEMA_ATTRIBUTE_INVALID: Attribute 'inLibrary' used by 'Finding-property/Other-finding-property/Property-exists' was not defined in the schema, or was used outside of it's defined class.\n\tSource tag: Finding-property/Other-finding-property/Property-exists/#\n\t\tSCHEMA_ATTRIBUTE_INVALID: Attribute 'inLibrary' used by 'Finding-property/Other-finding-property/Property-exists/#' was not defined in the schema, or was used outside of it's defined class.\n\tSource tag: Finding-property/Other-finding-property/Property-not-possible-to-determine\n\t\tSCHEMA_ATTRIBUTE_INVALID: Attribute 'inLibrary' used by 'Finding-property/Other-finding-property/Property-not-possible-to-determine' was not defined in the schema, or was used outside of it's defined class.\n\tSource tag: Finding-property/Other-finding-property/Property-not-possible-to-determine/#\n\t\tSCHEMA_ATTRIBUTE_INVALID: Attribute 'inLibrary' used by 'Finding-property/Other-finding-property/Property-not-possible-to-determine/#' was not defined in the schema, or was used outside of it's defined class.\n\tSource tag: Finding-property/Posterior-dominant-rhythm-property\n\t\tSCHEMA_ATTRIBUTE_INVALID: Attribute 'inLibrary' used by 'Finding-property/Posterior-dominant-rhythm-property' was not defined in the schema, or was used outside of it's defined class.\n\tSource tag: Finding-property/Posterior-dominant-rhythm-property/Absence-of-posterior-dominant-rhythm\n\t\tSCHEMA_ATTRIBUTE_INVALID: Attribute 'inLibrary' used by 'Finding-property/Posterior-dominant-rhythm-property/Absence-of-posterior-dominant-rhythm' was not defined in the schema, or was used outside of it's defined class.\n\tSource tag: Finding-property/Posterior-dominant-rhythm-property/Absence-of-posterior-dominant-rhythm/Absence-of-posterior-dominant-rhythm-artifacts\n\t\tSCHEMA_ATTRIBUTE_INVALID: Attribute 'inLibrary' used by 'Finding-property/Posterior-dominant-rhythm-property/Absence-of-posterior-dominant-rhythm/Absence-of-posterior-dominant-rhythm-artifacts' was not defined in the schema, or was used outside of it's defined class.\n\tSource tag: Finding-property/Posterior-dominant-rhythm-property/Absence-of-posterior-dominant-rhythm/Absence-of-posterior-dominant-rhythm-artifacts/#\n\t\tSCHEMA_ATTRIBUTE_INVALID: Attribute 'inLibrary' used by 'Finding-property/Posterior-dominant-rhythm-property/Absence-of-posterior-dominant-rhythm/Absence-of-posterior-dominant-rhythm-artifacts/#' was not defined in the schema, or was used outside of it's defined class.\n\tSource tag: Finding-property/Posterior-dominant-rhythm-property/Absence-of-posterior-dominant-rhythm/Absence-of-posterior-dominant-rhythm-extreme-low-voltage\n\t\tSCHEMA_ATTRIBUTE_INVALID: Attribute 'inLibrary' used by 'Finding-property/Posterior-dominant-rhythm-property/Absence-of-posterior-dominant-rhythm/Absence-of-posterior-dominant-rhythm-extreme-low-voltage' was not defined in the schema, or was used outside of it's defined class.\n\tSource tag: Finding-property/Posterior-dominant-rhythm-property/Absence-of-posterior-dominant-rhythm/Absence-of-posterior-dominant-rhythm-extreme-low-voltage/#\n\t\tSCHEMA_ATTRIBUTE_INVALID: Attribute 'inLibrary' used by 'Finding-property/Posterior-dominant-rhythm-property/Absence-of-posterior-dominant-rhythm/Absence-of-posterior-dominant-rhythm-extreme-low-voltage/#' was not defined in the schema, or was used outside of it's defined class.\n\tSource tag: Finding-property/Posterior-dominant-rhythm-property/Absence-of-posterior-dominant-rhythm/Absence-of-posterior-dominant-rhythm-eye-closure-could-not-be-achieved\n\t\tSCHEMA_ATTRIBUTE_INVALID: Attribute 'inLibrary' used by 'Finding-property/Posterior-dominant-rhythm-property/Absence-of-posterior-dominant-rhythm/Absence-of-posterior-dominant-rhythm-eye-closure-could-not-be-achieved' was not defined in the schema, or was used outside of it's defined class.\n\tSource tag: Finding-property/Posterior-dominant-rhythm-property/Absence-of-posterior-dominant-rhythm/Absence-of-posterior-dominant-rhythm-eye-closure-could-not-be-achieved/#\n\t\tSCHEMA_ATTRIBUTE_INVALID: Attribute 'inLibrary' used by 'Finding-property/Posterior-dominant-rhythm-property/Absence-of-posterior-dominant-rhythm/Absence-of-posterior-dominant-rhythm-eye-closure-could-not-be-achieved/#' was not defined in the schema, or was used outside of it's defined class.\n\tSource tag: Finding-property/Posterior-dominant-rhythm-property/Absence-of-posterior-dominant-rhythm/Absence-of-posterior-dominant-rhythm-lack-of-awake-period\n\t\tSCHEMA_ATTRIBUTE_INVALID: Attribute 'inLibrary' used by 'Finding-property/Posterior-dominant-rhythm-property/Absence-of-posterior-dominant-rhythm/Absence-of-posterior-dominant-rhythm-lack-of-awake-period' was not defined in the schema, or was used outside of it's defined class.\n\tSource tag: Finding-property/Posterior-dominant-rhythm-property/Absence-of-posterior-dominant-rhythm/Absence-of-posterior-dominant-rhythm-lack-of-awake-period/#\n\t\tSCHEMA_ATTRIBUTE_INVALID: Attribute 'inLibrary' used by 'Finding-property/Posterior-dominant-rhythm-property/Absence-of-posterior-dominant-rhythm/Absence-of-posterior-dominant-rhythm-lack-of-awake-period/#' was not defined in the schema, or was used outside of it's defined class.\n\tSource tag: Finding-property/Posterior-dominant-rhythm-property/Absence-of-posterior-dominant-rhythm/Absence-of-posterior-dominant-rhythm-lack-of-compliance\n\t\tSCHEMA_ATTRIBUTE_INVALID: Attribute 'inLibrary' used by 'Finding-property/Posterior-dominant-rhythm-property/Absence-of-posterior-dominant-rhythm/Absence-of-posterior-dominant-rhythm-lack-of-compliance' was not defined in the schema, or was used outside of it's defined class.\n\tSource tag: Finding-property/Posterior-dominant-rhythm-property/Absence-of-posterior-dominant-rhythm/Absence-of-posterior-dominant-rhythm-lack-of-compliance/#\n\t\tSCHEMA_ATTRIBUTE_INVALID: Attribute 'inLibrary' used by 'Finding-property/Posterior-dominant-rhythm-property/Absence-of-posterior-dominant-rhythm/Absence-of-posterior-dominant-rhythm-lack-of-compliance/#' was not defined in the schema, or was used outside of it's defined class.\n\tSource tag: Finding-property/Posterior-dominant-rhythm-property/Absence-of-posterior-dominant-rhythm/Absence-of-posterior-dominant-rhythm-other-causes\n\t\tSCHEMA_ATTRIBUTE_INVALID: Attribute 'inLibrary' used by 'Finding-property/Posterior-dominant-rhythm-property/Absence-of-posterior-dominant-rhythm/Absence-of-posterior-dominant-rhythm-other-causes' was not defined in the schema, or was used outside of it's defined class.\n\tSource tag: Finding-property/Posterior-dominant-rhythm-property/Absence-of-posterior-dominant-rhythm/Absence-of-posterior-dominant-rhythm-other-causes/#\n\t\tSCHEMA_ATTRIBUTE_INVALID: Attribute 'inLibrary' used by 'Finding-property/Posterior-dominant-rhythm-property/Absence-of-posterior-dominant-rhythm/Absence-of-posterior-dominant-rhythm-other-causes/#' was not defined in the schema, or was used outside of it's defined class.\n\tSource tag: Finding-property/Posterior-dominant-rhythm-property/Posterior-dominant-rhythm-amplitude-range\n\t\tSCHEMA_ATTRIBUTE_INVALID: Attribute 'inLibrary' used by 'Finding-property/Posterior-dominant-rhythm-property/Posterior-dominant-rhythm-amplitude-range' was not defined in the schema, or was used outside of it's defined class.\n\tSource tag: Finding-property/Posterior-dominant-rhythm-property/Posterior-dominant-rhythm-amplitude-range/High-posterior-dominant-rhythm-amplitude-range\n\t\tSCHEMA_ATTRIBUTE_INVALID: Attribute 'inLibrary' used by 'Finding-property/Posterior-dominant-rhythm-property/Posterior-dominant-rhythm-amplitude-range/High-posterior-dominant-rhythm-amplitude-range' was not defined in the schema, or was used outside of it's defined class.\n\tSource tag: Finding-property/Posterior-dominant-rhythm-property/Posterior-dominant-rhythm-amplitude-range/High-posterior-dominant-rhythm-amplitude-range/#\n\t\tSCHEMA_ATTRIBUTE_INVALID: Attribute 'inLibrary' used by 'Finding-property/Posterior-dominant-rhythm-property/Posterior-dominant-rhythm-amplitude-range/High-posterior-dominant-rhythm-amplitude-range/#' was not defined in the schema, or was used outside of it's defined class.\n\tSource tag: Finding-property/Posterior-dominant-rhythm-property/Posterior-dominant-rhythm-amplitude-range/Low-posterior-dominant-rhythm-amplitude-range\n\t\tSCHEMA_ATTRIBUTE_INVALID: Attribute 'inLibrary' used by 'Finding-property/Posterior-dominant-rhythm-property/Posterior-dominant-rhythm-amplitude-range/Low-posterior-dominant-rhythm-amplitude-range' was not defined in the schema, or was used outside of it's defined class.\n\tSource tag: Finding-property/Posterior-dominant-rhythm-property/Posterior-dominant-rhythm-amplitude-range/Low-posterior-dominant-rhythm-amplitude-range/#\n\t\tSCHEMA_ATTRIBUTE_INVALID: Attribute 'inLibrary' used by 'Finding-property/Posterior-dominant-rhythm-property/Posterior-dominant-rhythm-amplitude-range/Low-posterior-dominant-rhythm-amplitude-range/#' was not defined in the schema, or was used outside of it's defined class.\n\tSource tag: Finding-property/Posterior-dominant-rhythm-property/Posterior-dominant-rhythm-amplitude-range/Medium-posterior-dominant-rhythm-amplitude-range\n\t\tSCHEMA_ATTRIBUTE_INVALID: Attribute 'inLibrary' used by 'Finding-property/Posterior-dominant-rhythm-property/Posterior-dominant-rhythm-amplitude-range/Medium-posterior-dominant-rhythm-amplitude-range' was not defined in the schema, or was used outside of it's defined class.\n\tSource tag: Finding-property/Posterior-dominant-rhythm-property/Posterior-dominant-rhythm-amplitude-range/Medium-posterior-dominant-rhythm-amplitude-range/#\n\t\tSCHEMA_ATTRIBUTE_INVALID: Attribute 'inLibrary' used by 'Finding-property/Posterior-dominant-rhythm-property/Posterior-dominant-rhythm-amplitude-range/Medium-posterior-dominant-rhythm-amplitude-range/#' was not defined in the schema, or was used outside of it's defined class.\n\tSource tag: Finding-property/Posterior-dominant-rhythm-property/Posterior-dominant-rhythm-caveat\n\t\tSCHEMA_ATTRIBUTE_INVALID: Attribute 'inLibrary' used by 'Finding-property/Posterior-dominant-rhythm-property/Posterior-dominant-rhythm-caveat' was not defined in the schema, or was used outside of it's defined class.\n\tSource tag: Finding-property/Posterior-dominant-rhythm-property/Posterior-dominant-rhythm-caveat/No-posterior-dominant-rhythm-caveat\n\t\tSCHEMA_ATTRIBUTE_INVALID: Attribute 'inLibrary' used by 'Finding-property/Posterior-dominant-rhythm-property/Posterior-dominant-rhythm-caveat/No-posterior-dominant-rhythm-caveat' was not defined in the schema, or was used outside of it's defined class.\n\tSource tag: Finding-property/Posterior-dominant-rhythm-property/Posterior-dominant-rhythm-caveat/No-posterior-dominant-rhythm-caveat/#\n\t\tSCHEMA_ATTRIBUTE_INVALID: Attribute 'inLibrary' used by 'Finding-property/Posterior-dominant-rhythm-property/Posterior-dominant-rhythm-caveat/No-posterior-dominant-rhythm-caveat/#' was not defined in the schema, or was used outside of it's defined class.\n\tSource tag: Finding-property/Posterior-dominant-rhythm-property/Posterior-dominant-rhythm-caveat/Posterior-dominant-rhythm-caveat-drowsy\n\t\tSCHEMA_ATTRIBUTE_INVALID: Attribute 'inLibrary' used by 'Finding-property/Posterior-dominant-rhythm-property/Posterior-dominant-rhythm-caveat/Posterior-dominant-rhythm-caveat-drowsy' was not defined in the schema, or was used outside of it's defined class.\n\tSource tag: Finding-property/Posterior-dominant-rhythm-property/Posterior-dominant-rhythm-caveat/Posterior-dominant-rhythm-caveat-drowsy/#\n\t\tSCHEMA_ATTRIBUTE_INVALID: Attribute 'inLibrary' used by 'Finding-property/Posterior-dominant-rhythm-property/Posterior-dominant-rhythm-caveat/Posterior-dominant-rhythm-caveat-drowsy/#' was not defined in the schema, or was used outside of it's defined class.\n\tSource tag: Finding-property/Posterior-dominant-rhythm-property/Posterior-dominant-rhythm-caveat/Posterior-dominant-rhythm-caveat-only-following-hyperventilation\n\t\tSCHEMA_ATTRIBUTE_INVALID: Attribute 'inLibrary' used by 'Finding-property/Posterior-dominant-rhythm-property/Posterior-dominant-rhythm-caveat/Posterior-dominant-rhythm-caveat-only-following-hyperventilation' was not defined in the schema, or was used outside of it's defined class.\n\tSource tag: Finding-property/Posterior-dominant-rhythm-property/Posterior-dominant-rhythm-caveat/Posterior-dominant-rhythm-caveat-only-open-eyes-during-the-recording\n\t\tSCHEMA_ATTRIBUTE_INVALID: Attribute 'inLibrary' used by 'Finding-property/Posterior-dominant-rhythm-property/Posterior-dominant-rhythm-caveat/Posterior-dominant-rhythm-caveat-only-open-eyes-during-the-recording' was not defined in the schema, or was used outside of it's defined class.\n\tSource tag: Finding-property/Posterior-dominant-rhythm-property/Posterior-dominant-rhythm-caveat/Posterior-dominant-rhythm-caveat-only-open-eyes-during-the-recording/#\n\t\tSCHEMA_ATTRIBUTE_INVALID: Attribute 'inLibrary' used by 'Finding-property/Posterior-dominant-rhythm-property/Posterior-dominant-rhythm-caveat/Posterior-dominant-rhythm-caveat-only-open-eyes-during-the-recording/#' was not defined in the schema, or was used outside of it's defined class.\n\tSource tag: Finding-property/Posterior-dominant-rhythm-property/Posterior-dominant-rhythm-caveat/Posterior-dominant-rhythm-caveat-sleep-deprived-caveat\n\t\tSCHEMA_ATTRIBUTE_INVALID: Attribute 'inLibrary' used by 'Finding-property/Posterior-dominant-rhythm-property/Posterior-dominant-rhythm-caveat/Posterior-dominant-rhythm-caveat-sleep-deprived-caveat' was not defined in the schema, or was used outside of it's defined class.\n\tSource tag: Finding-property/Posterior-dominant-rhythm-property/Posterior-dominant-rhythm-caveat/Posterior-dominant-rhythm-caveat-sleep-deprived-caveat/#\n\t\tSCHEMA_ATTRIBUTE_INVALID: Attribute 'inLibrary' used by 'Finding-property/Posterior-dominant-rhythm-property/Posterior-dominant-rhythm-caveat/Posterior-dominant-rhythm-caveat-sleep-deprived-caveat/#' was not defined in the schema, or was used outside of it's defined class.\n\tSource tag: Finding-property/Posterior-dominant-rhythm-property/Posterior-dominant-rhythm-eye-opening-reactivity\n\t\tSCHEMA_ATTRIBUTE_INVALID: Attribute 'inLibrary' used by 'Finding-property/Posterior-dominant-rhythm-property/Posterior-dominant-rhythm-eye-opening-reactivity' was not defined in the schema, or was used outside of it's defined class.\n\tSource tag: Finding-property/Posterior-dominant-rhythm-property/Posterior-dominant-rhythm-eye-opening-reactivity/Posterior-dominant-rhythm-eye-opening-reactivity-reduced-both\n\t\tSCHEMA_ATTRIBUTE_INVALID: Attribute 'inLibrary' used by 'Finding-property/Posterior-dominant-rhythm-property/Posterior-dominant-rhythm-eye-opening-reactivity/Posterior-dominant-rhythm-eye-opening-reactivity-reduced-both' was not defined in the schema, or was used outside of it's defined class.\n\tSource tag: Finding-property/Posterior-dominant-rhythm-property/Posterior-dominant-rhythm-eye-opening-reactivity/Posterior-dominant-rhythm-eye-opening-reactivity-reduced-both/#\n\t\tSCHEMA_ATTRIBUTE_INVALID: Attribute 'inLibrary' used by 'Finding-property/Posterior-dominant-rhythm-property/Posterior-dominant-rhythm-eye-opening-reactivity/Posterior-dominant-rhythm-eye-opening-reactivity-reduced-both/#' was not defined in the schema, or was used outside of it's defined class.\n\tSource tag: Finding-property/Posterior-dominant-rhythm-property/Posterior-dominant-rhythm-eye-opening-reactivity/Posterior-dominant-rhythm-eye-opening-reactivity-reduced-left\n\t\tSCHEMA_ATTRIBUTE_INVALID: Attribute 'inLibrary' used by 'Finding-property/Posterior-dominant-rhythm-property/Posterior-dominant-rhythm-eye-opening-reactivity/Posterior-dominant-rhythm-eye-opening-reactivity-reduced-left' was not defined in the schema, or was used outside of it's defined class.\n\tSource tag: Finding-property/Posterior-dominant-rhythm-property/Posterior-dominant-rhythm-eye-opening-reactivity/Posterior-dominant-rhythm-eye-opening-reactivity-reduced-left/#\n\t\tSCHEMA_ATTRIBUTE_INVALID: Attribute 'inLibrary' used by 'Finding-property/Posterior-dominant-rhythm-property/Posterior-dominant-rhythm-eye-opening-reactivity/Posterior-dominant-rhythm-eye-opening-reactivity-reduced-left/#' was not defined in the schema, or was used outside of it's defined class.\n\tSource tag: Finding-property/Posterior-dominant-rhythm-property/Posterior-dominant-rhythm-eye-opening-reactivity/Posterior-dominant-rhythm-eye-opening-reactivity-reduced-right\n\t\tSCHEMA_ATTRIBUTE_INVALID: Attribute 'inLibrary' used by 'Finding-property/Posterior-dominant-rhythm-property/Posterior-dominant-rhythm-eye-opening-reactivity/Posterior-dominant-rhythm-eye-opening-reactivity-reduced-right' was not defined in the schema, or was used outside of it's defined class.\n\tSource tag: Finding-property/Posterior-dominant-rhythm-property/Posterior-dominant-rhythm-eye-opening-reactivity/Posterior-dominant-rhythm-eye-opening-reactivity-reduced-right/#\n\t\tSCHEMA_ATTRIBUTE_INVALID: Attribute 'inLibrary' used by 'Finding-property/Posterior-dominant-rhythm-property/Posterior-dominant-rhythm-eye-opening-reactivity/Posterior-dominant-rhythm-eye-opening-reactivity-reduced-right/#' was not defined in the schema, or was used outside of it's defined class.\n\tSource tag: Finding-property/Posterior-dominant-rhythm-property/Posterior-dominant-rhythm-frequency-asymmetry\n\t\tSCHEMA_ATTRIBUTE_INVALID: Attribute 'inLibrary' used by 'Finding-property/Posterior-dominant-rhythm-property/Posterior-dominant-rhythm-frequency-asymmetry' was not defined in the schema, or was used outside of it's defined class.\n\tSource tag: Finding-property/Posterior-dominant-rhythm-property/Posterior-dominant-rhythm-frequency-asymmetry/Posterior-dominant-rhythm-frequency-asymmetry-lower-left\n\t\tSCHEMA_ATTRIBUTE_INVALID: Attribute 'inLibrary' used by 'Finding-property/Posterior-dominant-rhythm-property/Posterior-dominant-rhythm-frequency-asymmetry/Posterior-dominant-rhythm-frequency-asymmetry-lower-left' was not defined in the schema, or was used outside of it's defined class.\n\tSource tag: Finding-property/Posterior-dominant-rhythm-property/Posterior-dominant-rhythm-frequency-asymmetry/Posterior-dominant-rhythm-frequency-asymmetry-lower-left/#\n\t\tSCHEMA_ATTRIBUTE_INVALID: Attribute 'inLibrary' used by 'Finding-property/Posterior-dominant-rhythm-property/Posterior-dominant-rhythm-frequency-asymmetry/Posterior-dominant-rhythm-frequency-asymmetry-lower-left/#' was not defined in the schema, or was used outside of it's defined class.\n\tSource tag: Finding-property/Posterior-dominant-rhythm-property/Posterior-dominant-rhythm-frequency-asymmetry/Posterior-dominant-rhythm-frequency-asymmetry-lower-right\n\t\tSCHEMA_ATTRIBUTE_INVALID: Attribute 'inLibrary' used by 'Finding-property/Posterior-dominant-rhythm-property/Posterior-dominant-rhythm-frequency-asymmetry/Posterior-dominant-rhythm-frequency-asymmetry-lower-right' was not defined in the schema, or was used outside of it's defined class.\n\tSource tag: Finding-property/Posterior-dominant-rhythm-property/Posterior-dominant-rhythm-frequency-asymmetry/Posterior-dominant-rhythm-frequency-asymmetry-lower-right/#\n\t\tSCHEMA_ATTRIBUTE_INVALID: Attribute 'inLibrary' used by 'Finding-property/Posterior-dominant-rhythm-property/Posterior-dominant-rhythm-frequency-asymmetry/Posterior-dominant-rhythm-frequency-asymmetry-lower-right/#' was not defined in the schema, or was used outside of it's defined class.\n\tSource tag: Finding-property/Posterior-dominant-rhythm-property/Posterior-dominant-rhythm-organization\n\t\tSCHEMA_ATTRIBUTE_INVALID: Attribute 'inLibrary' used by 'Finding-property/Posterior-dominant-rhythm-property/Posterior-dominant-rhythm-organization' was not defined in the schema, or was used outside of it's defined class.\n\tSource tag: Finding-property/Posterior-dominant-rhythm-property/Posterior-dominant-rhythm-organization/Posterior-dominant-rhythm-organization-disorganized\n\t\tSCHEMA_ATTRIBUTE_INVALID: Attribute 'inLibrary' used by 'Finding-property/Posterior-dominant-rhythm-property/Posterior-dominant-rhythm-organization/Posterior-dominant-rhythm-organization-disorganized' was not defined in the schema, or was used outside of it's defined class.\n\tSource tag: Finding-property/Posterior-dominant-rhythm-property/Posterior-dominant-rhythm-organization/Posterior-dominant-rhythm-organization-disorganized/#\n\t\tSCHEMA_ATTRIBUTE_INVALID: Attribute 'inLibrary' used by 'Finding-property/Posterior-dominant-rhythm-property/Posterior-dominant-rhythm-organization/Posterior-dominant-rhythm-organization-disorganized/#' was not defined in the schema, or was used outside of it's defined class.\n\tSource tag: Finding-property/Posterior-dominant-rhythm-property/Posterior-dominant-rhythm-organization/Posterior-dominant-rhythm-organization-markedly-disorganized\n\t\tSCHEMA_ATTRIBUTE_INVALID: Attribute 'inLibrary' used by 'Finding-property/Posterior-dominant-rhythm-property/Posterior-dominant-rhythm-organization/Posterior-dominant-rhythm-organization-markedly-disorganized' was not defined in the schema, or was used outside of it's defined class.\n\tSource tag: Finding-property/Posterior-dominant-rhythm-property/Posterior-dominant-rhythm-organization/Posterior-dominant-rhythm-organization-markedly-disorganized/#\n\t\tSCHEMA_ATTRIBUTE_INVALID: Attribute 'inLibrary' used by 'Finding-property/Posterior-dominant-rhythm-property/Posterior-dominant-rhythm-organization/Posterior-dominant-rhythm-organization-markedly-disorganized/#' was not defined in the schema, or was used outside of it's defined class.\n\tSource tag: Finding-property/Posterior-dominant-rhythm-property/Posterior-dominant-rhythm-organization/Posterior-dominant-rhythm-organization-poorly-organized\n\t\tSCHEMA_ATTRIBUTE_INVALID: Attribute 'inLibrary' used by 'Finding-property/Posterior-dominant-rhythm-property/Posterior-dominant-rhythm-organization/Posterior-dominant-rhythm-organization-poorly-organized' was not defined in the schema, or was used outside of it's defined class.\n\tSource tag: Finding-property/Posterior-dominant-rhythm-property/Posterior-dominant-rhythm-organization/Posterior-dominant-rhythm-organization-poorly-organized/#\n\t\tSCHEMA_ATTRIBUTE_INVALID: Attribute 'inLibrary' used by 'Finding-property/Posterior-dominant-rhythm-property/Posterior-dominant-rhythm-organization/Posterior-dominant-rhythm-organization-poorly-organized/#' was not defined in the schema, or was used outside of it's defined class.\n\tSource tag: Finding-property/Signal-morphology-property\n\t\tSCHEMA_ATTRIBUTE_INVALID: Attribute 'inLibrary' used by 'Finding-property/Signal-morphology-property' was not defined in the schema, or was used outside of it's defined class.\n\tSource tag: Finding-property/Signal-morphology-property/DC-shift-morphology\n\t\tSCHEMA_ATTRIBUTE_INVALID: Attribute 'inLibrary' used by 'Finding-property/Signal-morphology-property/DC-shift-morphology' was not defined in the schema, or was used outside of it's defined class.\n\tSource tag: Finding-property/Signal-morphology-property/DC-shift-morphology/#\n\t\tSCHEMA_ATTRIBUTE_INVALID: Attribute 'inLibrary' used by 'Finding-property/Signal-morphology-property/DC-shift-morphology/#' was not defined in the schema, or was used outside of it's defined class.\n\tSource tag: Finding-property/Signal-morphology-property/Disappearance-of-ongoing-activity-morphology\n\t\tSCHEMA_ATTRIBUTE_INVALID: Attribute 'inLibrary' used by 'Finding-property/Signal-morphology-property/Disappearance-of-ongoing-activity-morphology' was not defined in the schema, or was used outside of it's defined class.\n\tSource tag: Finding-property/Signal-morphology-property/Disappearance-of-ongoing-activity-morphology/#\n\t\tSCHEMA_ATTRIBUTE_INVALID: Attribute 'inLibrary' used by 'Finding-property/Signal-morphology-property/Disappearance-of-ongoing-activity-morphology/#' was not defined in the schema, or was used outside of it's defined class.\n\tSource tag: Finding-property/Signal-morphology-property/Electrodecremental-change-morphology\n\t\tSCHEMA_ATTRIBUTE_INVALID: Attribute 'inLibrary' used by 'Finding-property/Signal-morphology-property/Electrodecremental-change-morphology' was not defined in the schema, or was used outside of it's defined class.\n\tSource tag: Finding-property/Signal-morphology-property/Electrodecremental-change-morphology/#\n\t\tSCHEMA_ATTRIBUTE_INVALID: Attribute 'inLibrary' used by 'Finding-property/Signal-morphology-property/Electrodecremental-change-morphology/#' was not defined in the schema, or was used outside of it's defined class.\n\tSource tag: Finding-property/Signal-morphology-property/Fast-spike-activity-morphology\n\t\tSCHEMA_ATTRIBUTE_INVALID: Attribute 'inLibrary' used by 'Finding-property/Signal-morphology-property/Fast-spike-activity-morphology' was not defined in the schema, or was used outside of it's defined class.\n\tSource tag: Finding-property/Signal-morphology-property/Fast-spike-activity-morphology/#\n\t\tSCHEMA_ATTRIBUTE_INVALID: Attribute 'inLibrary' used by 'Finding-property/Signal-morphology-property/Fast-spike-activity-morphology/#' was not defined in the schema, or was used outside of it's defined class.\n\tSource tag: Finding-property/Signal-morphology-property/Frontal-intermittent-rhythmic-delta-activity-morphology\n\t\tSCHEMA_ATTRIBUTE_INVALID: Attribute 'inLibrary' used by 'Finding-property/Signal-morphology-property/Frontal-intermittent-rhythmic-delta-activity-morphology' was not defined in the schema, or was used outside of it's defined class.\n\tSource tag: Finding-property/Signal-morphology-property/Frontal-intermittent-rhythmic-delta-activity-morphology/#\n\t\tSCHEMA_ATTRIBUTE_INVALID: Attribute 'inLibrary' used by 'Finding-property/Signal-morphology-property/Frontal-intermittent-rhythmic-delta-activity-morphology/#' was not defined in the schema, or was used outside of it's defined class.\n\tSource tag: Finding-property/Signal-morphology-property/High-frequency-oscillation-morphology\n\t\tSCHEMA_ATTRIBUTE_INVALID: Attribute 'inLibrary' used by 'Finding-property/Signal-morphology-property/High-frequency-oscillation-morphology' was not defined in the schema, or was used outside of it's defined class.\n\tSource tag: Finding-property/Signal-morphology-property/High-frequency-oscillation-morphology/#\n\t\tSCHEMA_ATTRIBUTE_INVALID: Attribute 'inLibrary' used by 'Finding-property/Signal-morphology-property/High-frequency-oscillation-morphology/#' was not defined in the schema, or was used outside of it's defined class.\n\tSource tag: Finding-property/Signal-morphology-property/Hypsarrhythmia-classic-morphology\n\t\tSCHEMA_ATTRIBUTE_INVALID: Attribute 'inLibrary' used by 'Finding-property/Signal-morphology-property/Hypsarrhythmia-classic-morphology' was not defined in the schema, or was used outside of it's defined class.\n\tSource tag: Finding-property/Signal-morphology-property/Hypsarrhythmia-classic-morphology/#\n\t\tSCHEMA_ATTRIBUTE_INVALID: Attribute 'inLibrary' used by 'Finding-property/Signal-morphology-property/Hypsarrhythmia-classic-morphology/#' was not defined in the schema, or was used outside of it's defined class.\n\tSource tag: Finding-property/Signal-morphology-property/Hypsarrhythmia-modified-morphology\n\t\tSCHEMA_ATTRIBUTE_INVALID: Attribute 'inLibrary' used by 'Finding-property/Signal-morphology-property/Hypsarrhythmia-modified-morphology' was not defined in the schema, or was used outside of it's defined class.\n\tSource tag: Finding-property/Signal-morphology-property/Hypsarrhythmia-modified-morphology/#\n\t\tSCHEMA_ATTRIBUTE_INVALID: Attribute 'inLibrary' used by 'Finding-property/Signal-morphology-property/Hypsarrhythmia-modified-morphology/#' was not defined in the schema, or was used outside of it's defined class.\n\tSource tag: Finding-property/Signal-morphology-property/Irregular-delta-or-theta-activity-morphology\n\t\tSCHEMA_ATTRIBUTE_INVALID: Attribute 'inLibrary' used by 'Finding-property/Signal-morphology-property/Irregular-delta-or-theta-activity-morphology' was not defined in the schema, or was used outside of it's defined class.\n\tSource tag: Finding-property/Signal-morphology-property/Irregular-delta-or-theta-activity-morphology/#\n\t\tSCHEMA_ATTRIBUTE_INVALID: Attribute 'inLibrary' used by 'Finding-property/Signal-morphology-property/Irregular-delta-or-theta-activity-morphology/#' was not defined in the schema, or was used outside of it's defined class.\n\tSource tag: Finding-property/Signal-morphology-property/Low-voltage-fast-activity-morphology\n\t\tSCHEMA_ATTRIBUTE_INVALID: Attribute 'inLibrary' used by 'Finding-property/Signal-morphology-property/Low-voltage-fast-activity-morphology' was not defined in the schema, or was used outside of it's defined class.\n\tSource tag: Finding-property/Signal-morphology-property/Low-voltage-fast-activity-morphology/#\n\t\tSCHEMA_ATTRIBUTE_INVALID: Attribute 'inLibrary' used by 'Finding-property/Signal-morphology-property/Low-voltage-fast-activity-morphology/#' was not defined in the schema, or was used outside of it's defined class.\n\tSource tag: Finding-property/Signal-morphology-property/Occipital-intermittent-rhythmic-delta-activity-morphology\n\t\tSCHEMA_ATTRIBUTE_INVALID: Attribute 'inLibrary' used by 'Finding-property/Signal-morphology-property/Occipital-intermittent-rhythmic-delta-activity-morphology' was not defined in the schema, or was used outside of it's defined class.\n\tSource tag: Finding-property/Signal-morphology-property/Occipital-intermittent-rhythmic-delta-activity-morphology/#\n\t\tSCHEMA_ATTRIBUTE_INVALID: Attribute 'inLibrary' used by 'Finding-property/Signal-morphology-property/Occipital-intermittent-rhythmic-delta-activity-morphology/#' was not defined in the schema, or was used outside of it's defined class.\n\tSource tag: Finding-property/Signal-morphology-property/Periodic-discharges-morphology\n\t\tSCHEMA_ATTRIBUTE_INVALID: Attribute 'inLibrary' used by 'Finding-property/Signal-morphology-property/Periodic-discharges-morphology' was not defined in the schema, or was used outside of it's defined class.\n\tSource tag: Finding-property/Signal-morphology-property/Periodic-discharges-morphology/Number-of-periodic-discharge-phases\n\t\tSCHEMA_ATTRIBUTE_INVALID: Attribute 'inLibrary' used by 'Finding-property/Signal-morphology-property/Periodic-discharges-morphology/Number-of-periodic-discharge-phases' was not defined in the schema, or was used outside of it's defined class.\n\tSource tag: Finding-property/Signal-morphology-property/Periodic-discharges-morphology/Number-of-periodic-discharge-phases/1-periodic-discharge-phase\n\t\tSCHEMA_ATTRIBUTE_INVALID: Attribute 'inLibrary' used by 'Finding-property/Signal-morphology-property/Periodic-discharges-morphology/Number-of-periodic-discharge-phases/1-periodic-discharge-phase' was not defined in the schema, or was used outside of it's defined class.\n\tSource tag: Finding-property/Signal-morphology-property/Periodic-discharges-morphology/Number-of-periodic-discharge-phases/1-periodic-discharge-phase/#\n\t\tSCHEMA_ATTRIBUTE_INVALID: Attribute 'inLibrary' used by 'Finding-property/Signal-morphology-property/Periodic-discharges-morphology/Number-of-periodic-discharge-phases/1-periodic-discharge-phase/#' was not defined in the schema, or was used outside of it's defined class.\n\tSource tag: Finding-property/Signal-morphology-property/Periodic-discharges-morphology/Number-of-periodic-discharge-phases/2-periodic-discharge-phases\n\t\tSCHEMA_ATTRIBUTE_INVALID: Attribute 'inLibrary' used by 'Finding-property/Signal-morphology-property/Periodic-discharges-morphology/Number-of-periodic-discharge-phases/2-periodic-discharge-phases' was not defined in the schema, or was used outside of it's defined class.\n\tSource tag: Finding-property/Signal-morphology-property/Periodic-discharges-morphology/Number-of-periodic-discharge-phases/2-periodic-discharge-phases/#\n\t\tSCHEMA_ATTRIBUTE_INVALID: Attribute 'inLibrary' used by 'Finding-property/Signal-morphology-property/Periodic-discharges-morphology/Number-of-periodic-discharge-phases/2-periodic-discharge-phases/#' was not defined in the schema, or was used outside of it's defined class.\n\tSource tag: Finding-property/Signal-morphology-property/Periodic-discharges-morphology/Number-of-periodic-discharge-phases/3-periodic-discharge-phases\n\t\tSCHEMA_ATTRIBUTE_INVALID: Attribute 'inLibrary' used by 'Finding-property/Signal-morphology-property/Periodic-discharges-morphology/Number-of-periodic-discharge-phases/3-periodic-discharge-phases' was not defined in the schema, or was used outside of it's defined class.\n\tSource tag: Finding-property/Signal-morphology-property/Periodic-discharges-morphology/Number-of-periodic-discharge-phases/3-periodic-discharge-phases/#\n\t\tSCHEMA_ATTRIBUTE_INVALID: Attribute 'inLibrary' used by 'Finding-property/Signal-morphology-property/Periodic-discharges-morphology/Number-of-periodic-discharge-phases/3-periodic-discharge-phases/#' was not defined in the schema, or was used outside of it's defined class.\n\tSource tag: Finding-property/Signal-morphology-property/Periodic-discharges-morphology/Number-of-periodic-discharge-phases/Greater-than-3-periodic-discharge-phases\n\t\tSCHEMA_ATTRIBUTE_INVALID: Attribute 'inLibrary' used by 'Finding-property/Signal-morphology-property/Periodic-discharges-morphology/Number-of-periodic-discharge-phases/Greater-than-3-periodic-discharge-phases' was not defined in the schema, or was used outside of it's defined class.\n\tSource tag: Finding-property/Signal-morphology-property/Periodic-discharges-morphology/Number-of-periodic-discharge-phases/Greater-than-3-periodic-discharge-phases/#\n\t\tSCHEMA_ATTRIBUTE_INVALID: Attribute 'inLibrary' used by 'Finding-property/Signal-morphology-property/Periodic-discharges-morphology/Number-of-periodic-discharge-phases/Greater-than-3-periodic-discharge-phases/#' was not defined in the schema, or was used outside of it's defined class.\n\tSource tag: Finding-property/Signal-morphology-property/Periodic-discharges-morphology/Periodic-discharge-absolute-amplitude\n\t\tSCHEMA_ATTRIBUTE_INVALID: Attribute 'inLibrary' used by 'Finding-property/Signal-morphology-property/Periodic-discharges-morphology/Periodic-discharge-absolute-amplitude' was not defined in the schema, or was used outside of it's defined class.\n\tSource tag: Finding-property/Signal-morphology-property/Periodic-discharges-morphology/Periodic-discharge-absolute-amplitude/High-periodic-discharge-absolute-amplitude\n\t\tSCHEMA_ATTRIBUTE_INVALID: Attribute 'inLibrary' used by 'Finding-property/Signal-morphology-property/Periodic-discharges-morphology/Periodic-discharge-absolute-amplitude/High-periodic-discharge-absolute-amplitude' was not defined in the schema, or was used outside of it's defined class.\n\tSource tag: Finding-property/Signal-morphology-property/Periodic-discharges-morphology/Periodic-discharge-absolute-amplitude/High-periodic-discharge-absolute-amplitude/#\n\t\tSCHEMA_ATTRIBUTE_INVALID: Attribute 'inLibrary' used by 'Finding-property/Signal-morphology-property/Periodic-discharges-morphology/Periodic-discharge-absolute-amplitude/High-periodic-discharge-absolute-amplitude/#' was not defined in the schema, or was used outside of it's defined class.\n\tSource tag: Finding-property/Signal-morphology-property/Periodic-discharges-morphology/Periodic-discharge-absolute-amplitude/Low-periodic-discharge-absolute-amplitude\n\t\tSCHEMA_ATTRIBUTE_INVALID: Attribute 'inLibrary' used by 'Finding-property/Signal-morphology-property/Periodic-discharges-morphology/Periodic-discharge-absolute-amplitude/Low-periodic-discharge-absolute-amplitude' was not defined in the schema, or was used outside of it's defined class.\n\tSource tag: Finding-property/Signal-morphology-property/Periodic-discharges-morphology/Periodic-discharge-absolute-amplitude/Low-periodic-discharge-absolute-amplitude/#\n\t\tSCHEMA_ATTRIBUTE_INVALID: Attribute 'inLibrary' used by 'Finding-property/Signal-morphology-property/Periodic-discharges-morphology/Periodic-discharge-absolute-amplitude/Low-periodic-discharge-absolute-amplitude/#' was not defined in the schema, or was used outside of it's defined class.\n\tSource tag: Finding-property/Signal-morphology-property/Periodic-discharges-morphology/Periodic-discharge-absolute-amplitude/Medium-periodic-discharge-absolute-amplitude\n\t\tSCHEMA_ATTRIBUTE_INVALID: Attribute 'inLibrary' used by 'Finding-property/Signal-morphology-property/Periodic-discharges-morphology/Periodic-discharge-absolute-amplitude/Medium-periodic-discharge-absolute-amplitude' was not defined in the schema, or was used outside of it's defined class.\n\tSource tag: Finding-property/Signal-morphology-property/Periodic-discharges-morphology/Periodic-discharge-absolute-amplitude/Medium-periodic-discharge-absolute-amplitude/#\n\t\tSCHEMA_ATTRIBUTE_INVALID: Attribute 'inLibrary' used by 'Finding-property/Signal-morphology-property/Periodic-discharges-morphology/Periodic-discharge-absolute-amplitude/Medium-periodic-discharge-absolute-amplitude/#' was not defined in the schema, or was used outside of it's defined class.\n\tSource tag: Finding-property/Signal-morphology-property/Periodic-discharges-morphology/Periodic-discharge-absolute-amplitude/Periodic-discharge-absolute-amplitude-very-low\n\t\tSCHEMA_ATTRIBUTE_INVALID: Attribute 'inLibrary' used by 'Finding-property/Signal-morphology-property/Periodic-discharges-morphology/Periodic-discharge-absolute-amplitude/Periodic-discharge-absolute-amplitude-very-low' was not defined in the schema, or was used outside of it's defined class.\n\tSource tag: Finding-property/Signal-morphology-property/Periodic-discharges-morphology/Periodic-discharge-absolute-amplitude/Periodic-discharge-absolute-amplitude-very-low/#\n\t\tSCHEMA_ATTRIBUTE_INVALID: Attribute 'inLibrary' used by 'Finding-property/Signal-morphology-property/Periodic-discharges-morphology/Periodic-discharge-absolute-amplitude/Periodic-discharge-absolute-amplitude-very-low/#' was not defined in the schema, or was used outside of it's defined class.\n\tSource tag: Finding-property/Signal-morphology-property/Periodic-discharges-morphology/Periodic-discharge-polarity\n\t\tSCHEMA_ATTRIBUTE_INVALID: Attribute 'inLibrary' used by 'Finding-property/Signal-morphology-property/Periodic-discharges-morphology/Periodic-discharge-polarity' was not defined in the schema, or was used outside of it's defined class.\n\tSource tag: Finding-property/Signal-morphology-property/Periodic-discharges-morphology/Periodic-discharge-polarity/Periodic-discharge-negative-polarity\n\t\tSCHEMA_ATTRIBUTE_INVALID: Attribute 'inLibrary' used by 'Finding-property/Signal-morphology-property/Periodic-discharges-morphology/Periodic-discharge-polarity/Periodic-discharge-negative-polarity' was not defined in the schema, or was used outside of it's defined class.\n\tSource tag: Finding-property/Signal-morphology-property/Periodic-discharges-morphology/Periodic-discharge-polarity/Periodic-discharge-negative-polarity/#\n\t\tSCHEMA_ATTRIBUTE_INVALID: Attribute 'inLibrary' used by 'Finding-property/Signal-morphology-property/Periodic-discharges-morphology/Periodic-discharge-polarity/Periodic-discharge-negative-polarity/#' was not defined in the schema, or was used outside of it's defined class.\n\tSource tag: Finding-property/Signal-morphology-property/Periodic-discharges-morphology/Periodic-discharge-polarity/Periodic-discharge-postitive-polarity\n\t\tSCHEMA_ATTRIBUTE_INVALID: Attribute 'inLibrary' used by 'Finding-property/Signal-morphology-property/Periodic-discharges-morphology/Periodic-discharge-polarity/Periodic-discharge-postitive-polarity' was not defined in the schema, or was used outside of it's defined class.\n\tSource tag: Finding-property/Signal-morphology-property/Periodic-discharges-morphology/Periodic-discharge-polarity/Periodic-discharge-postitive-polarity/#\n\t\tSCHEMA_ATTRIBUTE_INVALID: Attribute 'inLibrary' used by 'Finding-property/Signal-morphology-property/Periodic-discharges-morphology/Periodic-discharge-polarity/Periodic-discharge-postitive-polarity/#' was not defined in the schema, or was used outside of it's defined class.\n\tSource tag: Finding-property/Signal-morphology-property/Periodic-discharges-morphology/Periodic-discharge-polarity/Periodic-discharge-unclear-polarity\n\t\tSCHEMA_ATTRIBUTE_INVALID: Attribute 'inLibrary' used by 'Finding-property/Signal-morphology-property/Periodic-discharges-morphology/Periodic-discharge-polarity/Periodic-discharge-unclear-polarity' was not defined in the schema, or was used outside of it's defined class.\n\tSource tag: Finding-property/Signal-morphology-property/Periodic-discharges-morphology/Periodic-discharge-polarity/Periodic-discharge-unclear-polarity/#\n\t\tSCHEMA_ATTRIBUTE_INVALID: Attribute 'inLibrary' used by 'Finding-property/Signal-morphology-property/Periodic-discharges-morphology/Periodic-discharge-polarity/Periodic-discharge-unclear-polarity/#' was not defined in the schema, or was used outside of it's defined class.\n\tSource tag: Finding-property/Signal-morphology-property/Periodic-discharges-morphology/Periodic-discharge-relative-amplitude\n\t\tSCHEMA_ATTRIBUTE_INVALID: Attribute 'inLibrary' used by 'Finding-property/Signal-morphology-property/Periodic-discharges-morphology/Periodic-discharge-relative-amplitude' was not defined in the schema, or was used outside of it's defined class.\n\tSource tag: Finding-property/Signal-morphology-property/Periodic-discharges-morphology/Periodic-discharge-relative-amplitude/Periodic-discharge-relative-amplitude-greater-than-2\n\t\tSCHEMA_ATTRIBUTE_INVALID: Attribute 'inLibrary' used by 'Finding-property/Signal-morphology-property/Periodic-discharges-morphology/Periodic-discharge-relative-amplitude/Periodic-discharge-relative-amplitude-greater-than-2' was not defined in the schema, or was used outside of it's defined class.\n\tSource tag: Finding-property/Signal-morphology-property/Periodic-discharges-morphology/Periodic-discharge-relative-amplitude/Periodic-discharge-relative-amplitude-greater-than-2/#\n\t\tSCHEMA_ATTRIBUTE_INVALID: Attribute 'inLibrary' used by 'Finding-property/Signal-morphology-property/Periodic-discharges-morphology/Periodic-discharge-relative-amplitude/Periodic-discharge-relative-amplitude-greater-than-2/#' was not defined in the schema, or was used outside of it's defined class.\n\tSource tag: Finding-property/Signal-morphology-property/Periodic-discharges-morphology/Periodic-discharge-relative-amplitude/Periodic-discharge-relative-amplitude-less-than-equal-2\n\t\tSCHEMA_ATTRIBUTE_INVALID: Attribute 'inLibrary' used by 'Finding-property/Signal-morphology-property/Periodic-discharges-morphology/Periodic-discharge-relative-amplitude/Periodic-discharge-relative-amplitude-less-than-equal-2' was not defined in the schema, or was used outside of it's defined class.\n\tSource tag: Finding-property/Signal-morphology-property/Periodic-discharges-morphology/Periodic-discharge-relative-amplitude/Periodic-discharge-relative-amplitude-less-than-equal-2/#\n\t\tSCHEMA_ATTRIBUTE_INVALID: Attribute 'inLibrary' used by 'Finding-property/Signal-morphology-property/Periodic-discharges-morphology/Periodic-discharge-relative-amplitude/Periodic-discharge-relative-amplitude-less-than-equal-2/#' was not defined in the schema, or was used outside of it's defined class.\n\tSource tag: Finding-property/Signal-morphology-property/Periodic-discharges-morphology/Periodic-discharge-sharpness\n\t\tSCHEMA_ATTRIBUTE_INVALID: Attribute 'inLibrary' used by 'Finding-property/Signal-morphology-property/Periodic-discharges-morphology/Periodic-discharge-sharpness' was not defined in the schema, or was used outside of it's defined class.\n\tSource tag: Finding-property/Signal-morphology-property/Periodic-discharges-morphology/Periodic-discharge-sharpness/Blunt-periodic-discharge-sharpness\n\t\tSCHEMA_ATTRIBUTE_INVALID: Attribute 'inLibrary' used by 'Finding-property/Signal-morphology-property/Periodic-discharges-morphology/Periodic-discharge-sharpness/Blunt-periodic-discharge-sharpness' was not defined in the schema, or was used outside of it's defined class.\n\tSource tag: Finding-property/Signal-morphology-property/Periodic-discharges-morphology/Periodic-discharge-sharpness/Blunt-periodic-discharge-sharpness/#\n\t\tSCHEMA_ATTRIBUTE_INVALID: Attribute 'inLibrary' used by 'Finding-property/Signal-morphology-property/Periodic-discharges-morphology/Periodic-discharge-sharpness/Blunt-periodic-discharge-sharpness/#' was not defined in the schema, or was used outside of it's defined class.\n\tSource tag: Finding-property/Signal-morphology-property/Periodic-discharges-morphology/Periodic-discharge-sharpness/Sharp-periodic-discharge-sharpness\n\t\tSCHEMA_ATTRIBUTE_INVALID: Attribute 'inLibrary' used by 'Finding-property/Signal-morphology-property/Periodic-discharges-morphology/Periodic-discharge-sharpness/Sharp-periodic-discharge-sharpness' was not defined in the schema, or was used outside of it's defined class.\n\tSource tag: Finding-property/Signal-morphology-property/Periodic-discharges-morphology/Periodic-discharge-sharpness/Sharp-periodic-discharge-sharpness/#\n\t\tSCHEMA_ATTRIBUTE_INVALID: Attribute 'inLibrary' used by 'Finding-property/Signal-morphology-property/Periodic-discharges-morphology/Periodic-discharge-sharpness/Sharp-periodic-discharge-sharpness/#' was not defined in the schema, or was used outside of it's defined class.\n\tSource tag: Finding-property/Signal-morphology-property/Periodic-discharges-morphology/Periodic-discharge-sharpness/Sharply-contoured-periodic-discharge-sharpness\n\t\tSCHEMA_ATTRIBUTE_INVALID: Attribute 'inLibrary' used by 'Finding-property/Signal-morphology-property/Periodic-discharges-morphology/Periodic-discharge-sharpness/Sharply-contoured-periodic-discharge-sharpness' was not defined in the schema, or was used outside of it's defined class.\n\tSource tag: Finding-property/Signal-morphology-property/Periodic-discharges-morphology/Periodic-discharge-sharpness/Sharply-contoured-periodic-discharge-sharpness/#\n\t\tSCHEMA_ATTRIBUTE_INVALID: Attribute 'inLibrary' used by 'Finding-property/Signal-morphology-property/Periodic-discharges-morphology/Periodic-discharge-sharpness/Sharply-contoured-periodic-discharge-sharpness/#' was not defined in the schema, or was used outside of it's defined class.\n\tSource tag: Finding-property/Signal-morphology-property/Periodic-discharges-morphology/Periodic-discharge-sharpness/Spiky-periodic-discharge-sharpness\n\t\tSCHEMA_ATTRIBUTE_INVALID: Attribute 'inLibrary' used by 'Finding-property/Signal-morphology-property/Periodic-discharges-morphology/Periodic-discharge-sharpness/Spiky-periodic-discharge-sharpness' was not defined in the schema, or was used outside of it's defined class.\n\tSource tag: Finding-property/Signal-morphology-property/Periodic-discharges-morphology/Periodic-discharge-sharpness/Spiky-periodic-discharge-sharpness/#\n\t\tSCHEMA_ATTRIBUTE_INVALID: Attribute 'inLibrary' used by 'Finding-property/Signal-morphology-property/Periodic-discharges-morphology/Periodic-discharge-sharpness/Spiky-periodic-discharge-sharpness/#' was not defined in the schema, or was used outside of it's defined class.\n\tSource tag: Finding-property/Signal-morphology-property/Periodic-discharges-morphology/Periodic-discharge-triphasic-morphology\n\t\tSCHEMA_ATTRIBUTE_INVALID: Attribute 'inLibrary' used by 'Finding-property/Signal-morphology-property/Periodic-discharges-morphology/Periodic-discharge-triphasic-morphology' was not defined in the schema, or was used outside of it's defined class.\n\tSource tag: Finding-property/Signal-morphology-property/Periodic-discharges-morphology/Periodic-discharge-triphasic-morphology/#\n\t\tSCHEMA_ATTRIBUTE_INVALID: Attribute 'inLibrary' used by 'Finding-property/Signal-morphology-property/Periodic-discharges-morphology/Periodic-discharge-triphasic-morphology/#' was not defined in the schema, or was used outside of it's defined class.\n\tSource tag: Finding-property/Signal-morphology-property/Periodic-discharges-morphology/Periodic-discharges-superimposed-activity\n\t\tSCHEMA_ATTRIBUTE_INVALID: Attribute 'inLibrary' used by 'Finding-property/Signal-morphology-property/Periodic-discharges-morphology/Periodic-discharges-superimposed-activity' was not defined in the schema, or was used outside of it's defined class.\n\tSource tag: Finding-property/Signal-morphology-property/Periodic-discharges-morphology/Periodic-discharges-superimposed-activity/Periodic-discharges-fast-superimposed-activity\n\t\tSCHEMA_ATTRIBUTE_INVALID: Attribute 'inLibrary' used by 'Finding-property/Signal-morphology-property/Periodic-discharges-morphology/Periodic-discharges-superimposed-activity/Periodic-discharges-fast-superimposed-activity' was not defined in the schema, or was used outside of it's defined class.\n\tSource tag: Finding-property/Signal-morphology-property/Periodic-discharges-morphology/Periodic-discharges-superimposed-activity/Periodic-discharges-fast-superimposed-activity/#\n\t\tSCHEMA_ATTRIBUTE_INVALID: Attribute 'inLibrary' used by 'Finding-property/Signal-morphology-property/Periodic-discharges-morphology/Periodic-discharges-superimposed-activity/Periodic-discharges-fast-superimposed-activity/#' was not defined in the schema, or was used outside of it's defined class.\n\tSource tag: Finding-property/Signal-morphology-property/Periodic-discharges-morphology/Periodic-discharges-superimposed-activity/Periodic-discharges-rhythmic-superimposed-activity\n\t\tSCHEMA_ATTRIBUTE_INVALID: Attribute 'inLibrary' used by 'Finding-property/Signal-morphology-property/Periodic-discharges-morphology/Periodic-discharges-superimposed-activity/Periodic-discharges-rhythmic-superimposed-activity' was not defined in the schema, or was used outside of it's defined class.\n\tSource tag: Finding-property/Signal-morphology-property/Periodic-discharges-morphology/Periodic-discharges-superimposed-activity/Periodic-discharges-rhythmic-superimposed-activity/#\n\t\tSCHEMA_ATTRIBUTE_INVALID: Attribute 'inLibrary' used by 'Finding-property/Signal-morphology-property/Periodic-discharges-morphology/Periodic-discharges-superimposed-activity/Periodic-discharges-rhythmic-superimposed-activity/#' was not defined in the schema, or was used outside of it's defined class.\n\tSource tag: Finding-property/Signal-morphology-property/Polymorphic-delta-activity-morphology\n\t\tSCHEMA_ATTRIBUTE_INVALID: Attribute 'inLibrary' used by 'Finding-property/Signal-morphology-property/Polymorphic-delta-activity-morphology' was not defined in the schema, or was used outside of it's defined class.\n\tSource tag: Finding-property/Signal-morphology-property/Polymorphic-delta-activity-morphology/#\n\t\tSCHEMA_ATTRIBUTE_INVALID: Attribute 'inLibrary' used by 'Finding-property/Signal-morphology-property/Polymorphic-delta-activity-morphology/#' was not defined in the schema, or was used outside of it's defined class.\n\tSource tag: Finding-property/Signal-morphology-property/Polysharp-waves-morphology\n\t\tSCHEMA_ATTRIBUTE_INVALID: Attribute 'inLibrary' used by 'Finding-property/Signal-morphology-property/Polysharp-waves-morphology' was not defined in the schema, or was used outside of it's defined class.\n\tSource tag: Finding-property/Signal-morphology-property/Polysharp-waves-morphology/#\n\t\tSCHEMA_ATTRIBUTE_INVALID: Attribute 'inLibrary' used by 'Finding-property/Signal-morphology-property/Polysharp-waves-morphology/#' was not defined in the schema, or was used outside of it's defined class.\n\tSource tag: Finding-property/Signal-morphology-property/Polyspike-and-slow-wave-morphology\n\t\tSCHEMA_ATTRIBUTE_INVALID: Attribute 'inLibrary' used by 'Finding-property/Signal-morphology-property/Polyspike-and-slow-wave-morphology' was not defined in the schema, or was used outside of it's defined class.\n\tSource tag: Finding-property/Signal-morphology-property/Polyspike-and-slow-wave-morphology/#\n\t\tSCHEMA_ATTRIBUTE_INVALID: Attribute 'inLibrary' used by 'Finding-property/Signal-morphology-property/Polyspike-and-slow-wave-morphology/#' was not defined in the schema, or was used outside of it's defined class.\n\tSource tag: Finding-property/Signal-morphology-property/Polyspikes-morphology\n\t\tSCHEMA_ATTRIBUTE_INVALID: Attribute 'inLibrary' used by 'Finding-property/Signal-morphology-property/Polyspikes-morphology' was not defined in the schema, or was used outside of it's defined class.\n\tSource tag: Finding-property/Signal-morphology-property/Polyspikes-morphology/#\n\t\tSCHEMA_ATTRIBUTE_INVALID: Attribute 'inLibrary' used by 'Finding-property/Signal-morphology-property/Polyspikes-morphology/#' was not defined in the schema, or was used outside of it's defined class.\n\tSource tag: Finding-property/Signal-morphology-property/Rhythmic-activity-morphology\n\t\tSCHEMA_ATTRIBUTE_INVALID: Attribute 'inLibrary' used by 'Finding-property/Signal-morphology-property/Rhythmic-activity-morphology' was not defined in the schema, or was used outside of it's defined class.\n\tSource tag: Finding-property/Signal-morphology-property/Rhythmic-activity-morphology/Alpha-activity-morphology\n\t\tSCHEMA_ATTRIBUTE_INVALID: Attribute 'inLibrary' used by 'Finding-property/Signal-morphology-property/Rhythmic-activity-morphology/Alpha-activity-morphology' was not defined in the schema, or was used outside of it's defined class.\n\tSource tag: Finding-property/Signal-morphology-property/Rhythmic-activity-morphology/Alpha-activity-morphology/#\n\t\tSCHEMA_ATTRIBUTE_INVALID: Attribute 'inLibrary' used by 'Finding-property/Signal-morphology-property/Rhythmic-activity-morphology/Alpha-activity-morphology/#' was not defined in the schema, or was used outside of it's defined class.\n\tSource tag: Finding-property/Signal-morphology-property/Rhythmic-activity-morphology/Beta-activity-morphology\n\t\tSCHEMA_ATTRIBUTE_INVALID: Attribute 'inLibrary' used by 'Finding-property/Signal-morphology-property/Rhythmic-activity-morphology/Beta-activity-morphology' was not defined in the schema, or was used outside of it's defined class.\n\tSource tag: Finding-property/Signal-morphology-property/Rhythmic-activity-morphology/Beta-activity-morphology/#\n\t\tSCHEMA_ATTRIBUTE_INVALID: Attribute 'inLibrary' used by 'Finding-property/Signal-morphology-property/Rhythmic-activity-morphology/Beta-activity-morphology/#' was not defined in the schema, or was used outside of it's defined class.\n\tSource tag: Finding-property/Signal-morphology-property/Rhythmic-activity-morphology/Delta-activity-morphology\n\t\tSCHEMA_ATTRIBUTE_INVALID: Attribute 'inLibrary' used by 'Finding-property/Signal-morphology-property/Rhythmic-activity-morphology/Delta-activity-morphology' was not defined in the schema, or was used outside of it's defined class.\n\tSource tag: Finding-property/Signal-morphology-property/Rhythmic-activity-morphology/Delta-activity-morphology/#\n\t\tSCHEMA_ATTRIBUTE_INVALID: Attribute 'inLibrary' used by 'Finding-property/Signal-morphology-property/Rhythmic-activity-morphology/Delta-activity-morphology/#' was not defined in the schema, or was used outside of it's defined class.\n\tSource tag: Finding-property/Signal-morphology-property/Rhythmic-activity-morphology/Gamma-activity-morphology\n\t\tSCHEMA_ATTRIBUTE_INVALID: Attribute 'inLibrary' used by 'Finding-property/Signal-morphology-property/Rhythmic-activity-morphology/Gamma-activity-morphology' was not defined in the schema, or was used outside of it's defined class.\n\tSource tag: Finding-property/Signal-morphology-property/Rhythmic-activity-morphology/Gamma-activity-morphology/#\n\t\tSCHEMA_ATTRIBUTE_INVALID: Attribute 'inLibrary' used by 'Finding-property/Signal-morphology-property/Rhythmic-activity-morphology/Gamma-activity-morphology/#' was not defined in the schema, or was used outside of it's defined class.\n\tSource tag: Finding-property/Signal-morphology-property/Rhythmic-activity-morphology/Theta-activity-morphology\n\t\tSCHEMA_ATTRIBUTE_INVALID: Attribute 'inLibrary' used by 'Finding-property/Signal-morphology-property/Rhythmic-activity-morphology/Theta-activity-morphology' was not defined in the schema, or was used outside of it's defined class.\n\tSource tag: Finding-property/Signal-morphology-property/Rhythmic-activity-morphology/Theta-activity-morphology/#\n\t\tSCHEMA_ATTRIBUTE_INVALID: Attribute 'inLibrary' used by 'Finding-property/Signal-morphology-property/Rhythmic-activity-morphology/Theta-activity-morphology/#' was not defined in the schema, or was used outside of it's defined class.\n\tSource tag: Finding-property/Signal-morphology-property/Runs-of-rapid-spikes-morphology\n\t\tSCHEMA_ATTRIBUTE_INVALID: Attribute 'inLibrary' used by 'Finding-property/Signal-morphology-property/Runs-of-rapid-spikes-morphology' was not defined in the schema, or was used outside of it's defined class.\n\tSource tag: Finding-property/Signal-morphology-property/Runs-of-rapid-spikes-morphology/#\n\t\tSCHEMA_ATTRIBUTE_INVALID: Attribute 'inLibrary' used by 'Finding-property/Signal-morphology-property/Runs-of-rapid-spikes-morphology/#' was not defined in the schema, or was used outside of it's defined class.\n\tSource tag: Finding-property/Signal-morphology-property/Sharp-and-slow-wave-morphology\n\t\tSCHEMA_ATTRIBUTE_INVALID: Attribute 'inLibrary' used by 'Finding-property/Signal-morphology-property/Sharp-and-slow-wave-morphology' was not defined in the schema, or was used outside of it's defined class.\n\tSource tag: Finding-property/Signal-morphology-property/Sharp-and-slow-wave-morphology/#\n\t\tSCHEMA_ATTRIBUTE_INVALID: Attribute 'inLibrary' used by 'Finding-property/Signal-morphology-property/Sharp-and-slow-wave-morphology/#' was not defined in the schema, or was used outside of it's defined class.\n\tSource tag: Finding-property/Signal-morphology-property/Sharp-wave-morphology\n\t\tSCHEMA_ATTRIBUTE_INVALID: Attribute 'inLibrary' used by 'Finding-property/Signal-morphology-property/Sharp-wave-morphology' was not defined in the schema, or was used outside of it's defined class.\n\tSource tag: Finding-property/Signal-morphology-property/Sharp-wave-morphology/#\n\t\tSCHEMA_ATTRIBUTE_INVALID: Attribute 'inLibrary' used by 'Finding-property/Signal-morphology-property/Sharp-wave-morphology/#' was not defined in the schema, or was used outside of it's defined class.\n\tSource tag: Finding-property/Signal-morphology-property/Slow-sharp-wave-morphology\n\t\tSCHEMA_ATTRIBUTE_INVALID: Attribute 'inLibrary' used by 'Finding-property/Signal-morphology-property/Slow-sharp-wave-morphology' was not defined in the schema, or was used outside of it's defined class.\n\tSource tag: Finding-property/Signal-morphology-property/Slow-sharp-wave-morphology/#\n\t\tSCHEMA_ATTRIBUTE_INVALID: Attribute 'inLibrary' used by 'Finding-property/Signal-morphology-property/Slow-sharp-wave-morphology/#' was not defined in the schema, or was used outside of it's defined class.\n\tSource tag: Finding-property/Signal-morphology-property/Slow-wave-large-amplitude-morphology\n\t\tSCHEMA_ATTRIBUTE_INVALID: Attribute 'inLibrary' used by 'Finding-property/Signal-morphology-property/Slow-wave-large-amplitude-morphology' was not defined in the schema, or was used outside of it's defined class.\n\tSource tag: Finding-property/Signal-morphology-property/Slow-wave-large-amplitude-morphology/#\n\t\tSCHEMA_ATTRIBUTE_INVALID: Attribute 'inLibrary' used by 'Finding-property/Signal-morphology-property/Slow-wave-large-amplitude-morphology/#' was not defined in the schema, or was used outside of it's defined class.\n\tSource tag: Finding-property/Signal-morphology-property/Spike-and-slow-wave-morphology\n\t\tSCHEMA_ATTRIBUTE_INVALID: Attribute 'inLibrary' used by 'Finding-property/Signal-morphology-property/Spike-and-slow-wave-morphology' was not defined in the schema, or was used outside of it's defined class.\n\tSource tag: Finding-property/Signal-morphology-property/Spike-and-slow-wave-morphology/#\n\t\tSCHEMA_ATTRIBUTE_INVALID: Attribute 'inLibrary' used by 'Finding-property/Signal-morphology-property/Spike-and-slow-wave-morphology/#' was not defined in the schema, or was used outside of it's defined class.\n\tSource tag: Finding-property/Signal-morphology-property/Spike-morphology\n\t\tSCHEMA_ATTRIBUTE_INVALID: Attribute 'inLibrary' used by 'Finding-property/Signal-morphology-property/Spike-morphology' was not defined in the schema, or was used outside of it's defined class.\n\tSource tag: Finding-property/Signal-morphology-property/Spike-morphology/#\n\t\tSCHEMA_ATTRIBUTE_INVALID: Attribute 'inLibrary' used by 'Finding-property/Signal-morphology-property/Spike-morphology/#' was not defined in the schema, or was used outside of it's defined class.\n\tSource tag: Finding-property/Signal-morphology-property/Temporal-intermittent-rhythmic-delta-activity-morphology\n\t\tSCHEMA_ATTRIBUTE_INVALID: Attribute 'inLibrary' used by 'Finding-property/Signal-morphology-property/Temporal-intermittent-rhythmic-delta-activity-morphology' was not defined in the schema, or was used outside of it's defined class.\n\tSource tag: Finding-property/Signal-morphology-property/Temporal-intermittent-rhythmic-delta-activity-morphology/#\n\t\tSCHEMA_ATTRIBUTE_INVALID: Attribute 'inLibrary' used by 'Finding-property/Signal-morphology-property/Temporal-intermittent-rhythmic-delta-activity-morphology/#' was not defined in the schema, or was used outside of it's defined class.\n\tSource tag: Finding-property/Source-analysis-property\n\t\tSCHEMA_ATTRIBUTE_INVALID: Attribute 'inLibrary' used by 'Finding-property/Source-analysis-property' was not defined in the schema, or was used outside of it's defined class.\n\tSource tag: Finding-property/Source-analysis-property/Source-analysis-brain-region\n\t\tSCHEMA_ATTRIBUTE_INVALID: Attribute 'inLibrary' used by 'Finding-property/Source-analysis-property/Source-analysis-brain-region' was not defined in the schema, or was used outside of it's defined class.\n\tSource tag: Finding-property/Source-analysis-property/Source-analysis-brain-region/Source-analysis-central-lateral-convexity\n\t\tSCHEMA_ATTRIBUTE_INVALID: Attribute 'inLibrary' used by 'Finding-property/Source-analysis-property/Source-analysis-brain-region/Source-analysis-central-lateral-convexity' was not defined in the schema, or was used outside of it's defined class.\n\tSource tag: Finding-property/Source-analysis-property/Source-analysis-brain-region/Source-analysis-central-mesial\n\t\tSCHEMA_ATTRIBUTE_INVALID: Attribute 'inLibrary' used by 'Finding-property/Source-analysis-property/Source-analysis-brain-region/Source-analysis-central-mesial' was not defined in the schema, or was used outside of it's defined class.\n\tSource tag: Finding-property/Source-analysis-property/Source-analysis-brain-region/Source-analysis-central-opercular\n\t\tSCHEMA_ATTRIBUTE_INVALID: Attribute 'inLibrary' used by 'Finding-property/Source-analysis-property/Source-analysis-brain-region/Source-analysis-central-opercular' was not defined in the schema, or was used outside of it's defined class.\n\tSource tag: Finding-property/Source-analysis-property/Source-analysis-brain-region/Source-analysis-central-sulcus-anterior-surface\n\t\tSCHEMA_ATTRIBUTE_INVALID: Attribute 'inLibrary' used by 'Finding-property/Source-analysis-property/Source-analysis-brain-region/Source-analysis-central-sulcus-anterior-surface' was not defined in the schema, or was used outside of it's defined class.\n\tSource tag: Finding-property/Source-analysis-property/Source-analysis-brain-region/Source-analysis-central-sulcus-posterior-surface\n\t\tSCHEMA_ATTRIBUTE_INVALID: Attribute 'inLibrary' used by 'Finding-property/Source-analysis-property/Source-analysis-brain-region/Source-analysis-central-sulcus-posterior-surface' was not defined in the schema, or was used outside of it's defined class.\n\tSource tag: Finding-property/Source-analysis-property/Source-analysis-brain-region/Source-analysis-frontal-lateral\n\t\tSCHEMA_ATTRIBUTE_INVALID: Attribute 'inLibrary' used by 'Finding-property/Source-analysis-property/Source-analysis-brain-region/Source-analysis-frontal-lateral' was not defined in the schema, or was used outside of it's defined class.\n\tSource tag: Finding-property/Source-analysis-property/Source-analysis-brain-region/Source-analysis-frontal-mesial\n\t\tSCHEMA_ATTRIBUTE_INVALID: Attribute 'inLibrary' used by 'Finding-property/Source-analysis-property/Source-analysis-brain-region/Source-analysis-frontal-mesial' was not defined in the schema, or was used outside of it's defined class.\n\tSource tag: Finding-property/Source-analysis-property/Source-analysis-brain-region/Source-analysis-frontal-orbitofrontal\n\t\tSCHEMA_ATTRIBUTE_INVALID: Attribute 'inLibrary' used by 'Finding-property/Source-analysis-property/Source-analysis-brain-region/Source-analysis-frontal-orbitofrontal' was not defined in the schema, or was used outside of it's defined class.\n\tSource tag: Finding-property/Source-analysis-property/Source-analysis-brain-region/Source-analysis-frontal-perisylvian-superior-surface\n\t\tSCHEMA_ATTRIBUTE_INVALID: Attribute 'inLibrary' used by 'Finding-property/Source-analysis-property/Source-analysis-brain-region/Source-analysis-frontal-perisylvian-superior-surface' was not defined in the schema, or was used outside of it's defined class.\n\tSource tag: Finding-property/Source-analysis-property/Source-analysis-brain-region/Source-analysis-frontal-polar\n\t\tSCHEMA_ATTRIBUTE_INVALID: Attribute 'inLibrary' used by 'Finding-property/Source-analysis-property/Source-analysis-brain-region/Source-analysis-frontal-polar' was not defined in the schema, or was used outside of it's defined class.\n\tSource tag: Finding-property/Source-analysis-property/Source-analysis-brain-region/Source-analysis-insula\n\t\tSCHEMA_ATTRIBUTE_INVALID: Attribute 'inLibrary' used by 'Finding-property/Source-analysis-property/Source-analysis-brain-region/Source-analysis-insula' was not defined in the schema, or was used outside of it's defined class.\n\tSource tag: Finding-property/Source-analysis-property/Source-analysis-brain-region/Source-analysis-occipital-basal\n\t\tSCHEMA_ATTRIBUTE_INVALID: Attribute 'inLibrary' used by 'Finding-property/Source-analysis-property/Source-analysis-brain-region/Source-analysis-occipital-basal' was not defined in the schema, or was used outside of it's defined class.\n\tSource tag: Finding-property/Source-analysis-property/Source-analysis-brain-region/Source-analysis-occipital-lateral\n\t\tSCHEMA_ATTRIBUTE_INVALID: Attribute 'inLibrary' used by 'Finding-property/Source-analysis-property/Source-analysis-brain-region/Source-analysis-occipital-lateral' was not defined in the schema, or was used outside of it's defined class.\n\tSource tag: Finding-property/Source-analysis-property/Source-analysis-brain-region/Source-analysis-occipital-mesial\n\t\tSCHEMA_ATTRIBUTE_INVALID: Attribute 'inLibrary' used by 'Finding-property/Source-analysis-property/Source-analysis-brain-region/Source-analysis-occipital-mesial' was not defined in the schema, or was used outside of it's defined class.\n\tSource tag: Finding-property/Source-analysis-property/Source-analysis-brain-region/Source-analysis-parietal-lateral-convexity\n\t\tSCHEMA_ATTRIBUTE_INVALID: Attribute 'inLibrary' used by 'Finding-property/Source-analysis-property/Source-analysis-brain-region/Source-analysis-parietal-lateral-convexity' was not defined in the schema, or was used outside of it's defined class.\n\tSource tag: Finding-property/Source-analysis-property/Source-analysis-brain-region/Source-analysis-parietal-mesial\n\t\tSCHEMA_ATTRIBUTE_INVALID: Attribute 'inLibrary' used by 'Finding-property/Source-analysis-property/Source-analysis-brain-region/Source-analysis-parietal-mesial' was not defined in the schema, or was used outside of it's defined class.\n\tSource tag: Finding-property/Source-analysis-property/Source-analysis-brain-region/Source-analysis-parietal-opercular\n\t\tSCHEMA_ATTRIBUTE_INVALID: Attribute 'inLibrary' used by 'Finding-property/Source-analysis-property/Source-analysis-brain-region/Source-analysis-parietal-opercular' was not defined in the schema, or was used outside of it's defined class.\n\tSource tag: Finding-property/Source-analysis-property/Source-analysis-brain-region/Source-analysis-temporal-basal\n\t\tSCHEMA_ATTRIBUTE_INVALID: Attribute 'inLibrary' used by 'Finding-property/Source-analysis-property/Source-analysis-brain-region/Source-analysis-temporal-basal' was not defined in the schema, or was used outside of it's defined class.\n\tSource tag: Finding-property/Source-analysis-property/Source-analysis-brain-region/Source-analysis-temporal-lateral-anterior\n\t\tSCHEMA_ATTRIBUTE_INVALID: Attribute 'inLibrary' used by 'Finding-property/Source-analysis-property/Source-analysis-brain-region/Source-analysis-temporal-lateral-anterior' was not defined in the schema, or was used outside of it's defined class.\n\tSource tag: Finding-property/Source-analysis-property/Source-analysis-brain-region/Source-analysis-temporal-lateral-posterior\n\t\tSCHEMA_ATTRIBUTE_INVALID: Attribute 'inLibrary' used by 'Finding-property/Source-analysis-property/Source-analysis-brain-region/Source-analysis-temporal-lateral-posterior' was not defined in the schema, or was used outside of it's defined class.\n\tSource tag: Finding-property/Source-analysis-property/Source-analysis-brain-region/Source-analysis-temporal-perisylvian-inferior-surface\n\t\tSCHEMA_ATTRIBUTE_INVALID: Attribute 'inLibrary' used by 'Finding-property/Source-analysis-property/Source-analysis-brain-region/Source-analysis-temporal-perisylvian-inferior-surface' was not defined in the schema, or was used outside of it's defined class.\n\tSource tag: Finding-property/Source-analysis-property/Source-analysis-brain-region/Source-analysis-temporal-polar\n\t\tSCHEMA_ATTRIBUTE_INVALID: Attribute 'inLibrary' used by 'Finding-property/Source-analysis-property/Source-analysis-brain-region/Source-analysis-temporal-polar' was not defined in the schema, or was used outside of it's defined class.\n\tSource tag: Finding-property/Source-analysis-property/Source-analysis-laterality\n\t\tSCHEMA_ATTRIBUTE_INVALID: Attribute 'inLibrary' used by 'Finding-property/Source-analysis-property/Source-analysis-laterality' was not defined in the schema, or was used outside of it's defined class.\n\tSource tag: Finding-property/Time-related-property\n\t\tSCHEMA_ATTRIBUTE_INVALID: Attribute 'inLibrary' used by 'Finding-property/Time-related-property' was not defined in the schema, or was used outside of it's defined class.\n\tSource tag: Finding-property/Time-related-property/Appearance-mode\n\t\tSCHEMA_ATTRIBUTE_INVALID: Attribute 'inLibrary' used by 'Finding-property/Time-related-property/Appearance-mode' was not defined in the schema, or was used outside of it's defined class.\n\tSource tag: Finding-property/Time-related-property/Appearance-mode/Continuous-appearance-mode\n\t\tSCHEMA_ATTRIBUTE_INVALID: Attribute 'inLibrary' used by 'Finding-property/Time-related-property/Appearance-mode/Continuous-appearance-mode' was not defined in the schema, or was used outside of it's defined class.\n\tSource tag: Finding-property/Time-related-property/Appearance-mode/Continuous-appearance-mode/#\n\t\tSCHEMA_ATTRIBUTE_INVALID: Attribute 'inLibrary' used by 'Finding-property/Time-related-property/Appearance-mode/Continuous-appearance-mode/#' was not defined in the schema, or was used outside of it's defined class.\n\tSource tag: Finding-property/Time-related-property/Appearance-mode/Intermittent-appearance-mode\n\t\tSCHEMA_ATTRIBUTE_INVALID: Attribute 'inLibrary' used by 'Finding-property/Time-related-property/Appearance-mode/Intermittent-appearance-mode' was not defined in the schema, or was used outside of it's defined class.\n\tSource tag: Finding-property/Time-related-property/Appearance-mode/Intermittent-appearance-mode/#\n\t\tSCHEMA_ATTRIBUTE_INVALID: Attribute 'inLibrary' used by 'Finding-property/Time-related-property/Appearance-mode/Intermittent-appearance-mode/#' was not defined in the schema, or was used outside of it's defined class.\n\tSource tag: Finding-property/Time-related-property/Appearance-mode/Periodic-appearance-mode\n\t\tSCHEMA_ATTRIBUTE_INVALID: Attribute 'inLibrary' used by 'Finding-property/Time-related-property/Appearance-mode/Periodic-appearance-mode' was not defined in the schema, or was used outside of it's defined class.\n\tSource tag: Finding-property/Time-related-property/Appearance-mode/Periodic-appearance-mode/#\n\t\tSCHEMA_ATTRIBUTE_INVALID: Attribute 'inLibrary' used by 'Finding-property/Time-related-property/Appearance-mode/Periodic-appearance-mode/#' was not defined in the schema, or was used outside of it's defined class.\n\tSource tag: Finding-property/Time-related-property/Appearance-mode/Random-appearance-mode\n\t\tSCHEMA_ATTRIBUTE_INVALID: Attribute 'inLibrary' used by 'Finding-property/Time-related-property/Appearance-mode/Random-appearance-mode' was not defined in the schema, or was used outside of it's defined class.\n\tSource tag: Finding-property/Time-related-property/Appearance-mode/Random-appearance-mode/#\n\t\tSCHEMA_ATTRIBUTE_INVALID: Attribute 'inLibrary' used by 'Finding-property/Time-related-property/Appearance-mode/Random-appearance-mode/#' was not defined in the schema, or was used outside of it's defined class.\n\tSource tag: Finding-property/Time-related-property/Appearance-mode/Variable-appearance-mode\n\t\tSCHEMA_ATTRIBUTE_INVALID: Attribute 'inLibrary' used by 'Finding-property/Time-related-property/Appearance-mode/Variable-appearance-mode' was not defined in the schema, or was used outside of it's defined class.\n\tSource tag: Finding-property/Time-related-property/Appearance-mode/Variable-appearance-mode/#\n\t\tSCHEMA_ATTRIBUTE_INVALID: Attribute 'inLibrary' used by 'Finding-property/Time-related-property/Appearance-mode/Variable-appearance-mode/#' was not defined in the schema, or was used outside of it's defined class.\n\tSource tag: Finding-property/Time-related-property/Discharge-pattern\n\t\tSCHEMA_ATTRIBUTE_INVALID: Attribute 'inLibrary' used by 'Finding-property/Time-related-property/Discharge-pattern' was not defined in the schema, or was used outside of it's defined class.\n\tSource tag: Finding-property/Time-related-property/Discharge-pattern/Arrhythmic-trains-or-bursts-discharge-pattern\n\t\tSCHEMA_ATTRIBUTE_INVALID: Attribute 'inLibrary' used by 'Finding-property/Time-related-property/Discharge-pattern/Arrhythmic-trains-or-bursts-discharge-pattern' was not defined in the schema, or was used outside of it's defined class.\n\tSource tag: Finding-property/Time-related-property/Discharge-pattern/Arrhythmic-trains-or-bursts-discharge-pattern/#\n\t\tSCHEMA_ATTRIBUTE_INVALID: Attribute 'inLibrary' used by 'Finding-property/Time-related-property/Discharge-pattern/Arrhythmic-trains-or-bursts-discharge-pattern/#' was not defined in the schema, or was used outside of it's defined class.\n\tSource tag: Finding-property/Time-related-property/Discharge-pattern/Fragmented-discharge-pattern\n\t\tSCHEMA_ATTRIBUTE_INVALID: Attribute 'inLibrary' used by 'Finding-property/Time-related-property/Discharge-pattern/Fragmented-discharge-pattern' was not defined in the schema, or was used outside of it's defined class.\n\tSource tag: Finding-property/Time-related-property/Discharge-pattern/Fragmented-discharge-pattern/#\n\t\tSCHEMA_ATTRIBUTE_INVALID: Attribute 'inLibrary' used by 'Finding-property/Time-related-property/Discharge-pattern/Fragmented-discharge-pattern/#' was not defined in the schema, or was used outside of it's defined class.\n\tSource tag: Finding-property/Time-related-property/Discharge-pattern/Rhythmic-trains-or-bursts-discharge-pattern\n\t\tSCHEMA_ATTRIBUTE_INVALID: Attribute 'inLibrary' used by 'Finding-property/Time-related-property/Discharge-pattern/Rhythmic-trains-or-bursts-discharge-pattern' was not defined in the schema, or was used outside of it's defined class.\n\tSource tag: Finding-property/Time-related-property/Discharge-pattern/Rhythmic-trains-or-bursts-discharge-pattern/#\n\t\tSCHEMA_ATTRIBUTE_INVALID: Attribute 'inLibrary' used by 'Finding-property/Time-related-property/Discharge-pattern/Rhythmic-trains-or-bursts-discharge-pattern/#' was not defined in the schema, or was used outside of it's defined class.\n\tSource tag: Finding-property/Time-related-property/Discharge-pattern/Single-discharge-pattern\n\t\tSCHEMA_ATTRIBUTE_INVALID: Attribute 'inLibrary' used by 'Finding-property/Time-related-property/Discharge-pattern/Single-discharge-pattern' was not defined in the schema, or was used outside of it's defined class.\n\tSource tag: Finding-property/Time-related-property/Discharge-pattern/Single-discharge-pattern/#\n\t\tSCHEMA_ATTRIBUTE_INVALID: Attribute 'inLibrary' used by 'Finding-property/Time-related-property/Discharge-pattern/Single-discharge-pattern/#' was not defined in the schema, or was used outside of it's defined class.\n\tSource tag: Finding-property/Time-related-property/Finding-extent\n\t\tSCHEMA_ATTRIBUTE_INVALID: Attribute 'inLibrary' used by 'Finding-property/Time-related-property/Finding-extent' was not defined in the schema, or was used outside of it's defined class.\n\tSource tag: Finding-property/Time-related-property/Finding-extent/#\n\t\tSCHEMA_ATTRIBUTE_INVALID: Attribute 'inLibrary' used by 'Finding-property/Time-related-property/Finding-extent/#' was not defined in the schema, or was used outside of it's defined class.\n\tSource tag: Finding-property/Time-related-property/Finding-incidence\n\t\tSCHEMA_ATTRIBUTE_INVALID: Attribute 'inLibrary' used by 'Finding-property/Time-related-property/Finding-incidence' was not defined in the schema, or was used outside of it's defined class.\n\tSource tag: Finding-property/Time-related-property/Finding-incidence/Abundant-finding-incidence\n\t\tSCHEMA_ATTRIBUTE_INVALID: Attribute 'inLibrary' used by 'Finding-property/Time-related-property/Finding-incidence/Abundant-finding-incidence' was not defined in the schema, or was used outside of it's defined class.\n\tSource tag: Finding-property/Time-related-property/Finding-incidence/Abundant-finding-incidence/#\n\t\tSCHEMA_ATTRIBUTE_INVALID: Attribute 'inLibrary' used by 'Finding-property/Time-related-property/Finding-incidence/Abundant-finding-incidence/#' was not defined in the schema, or was used outside of it's defined class.\n\tSource tag: Finding-property/Time-related-property/Finding-incidence/Frequent-finding-incidence\n\t\tSCHEMA_ATTRIBUTE_INVALID: Attribute 'inLibrary' used by 'Finding-property/Time-related-property/Finding-incidence/Frequent-finding-incidence' was not defined in the schema, or was used outside of it's defined class.\n\tSource tag: Finding-property/Time-related-property/Finding-incidence/Frequent-finding-incidence/#\n\t\tSCHEMA_ATTRIBUTE_INVALID: Attribute 'inLibrary' used by 'Finding-property/Time-related-property/Finding-incidence/Frequent-finding-incidence/#' was not defined in the schema, or was used outside of it's defined class.\n\tSource tag: Finding-property/Time-related-property/Finding-incidence/Occasional-finding-incidence\n\t\tSCHEMA_ATTRIBUTE_INVALID: Attribute 'inLibrary' used by 'Finding-property/Time-related-property/Finding-incidence/Occasional-finding-incidence' was not defined in the schema, or was used outside of it's defined class.\n\tSource tag: Finding-property/Time-related-property/Finding-incidence/Occasional-finding-incidence/#\n\t\tSCHEMA_ATTRIBUTE_INVALID: Attribute 'inLibrary' used by 'Finding-property/Time-related-property/Finding-incidence/Occasional-finding-incidence/#' was not defined in the schema, or was used outside of it's defined class.\n\tSource tag: Finding-property/Time-related-property/Finding-incidence/Only-once-finding-incidence\n\t\tSCHEMA_ATTRIBUTE_INVALID: Attribute 'inLibrary' used by 'Finding-property/Time-related-property/Finding-incidence/Only-once-finding-incidence' was not defined in the schema, or was used outside of it's defined class.\n\tSource tag: Finding-property/Time-related-property/Finding-incidence/Only-once-finding-incidence/#\n\t\tSCHEMA_ATTRIBUTE_INVALID: Attribute 'inLibrary' used by 'Finding-property/Time-related-property/Finding-incidence/Only-once-finding-incidence/#' was not defined in the schema, or was used outside of it's defined class.\n\tSource tag: Finding-property/Time-related-property/Finding-incidence/Rare-finding-incidence\n\t\tSCHEMA_ATTRIBUTE_INVALID: Attribute 'inLibrary' used by 'Finding-property/Time-related-property/Finding-incidence/Rare-finding-incidence' was not defined in the schema, or was used outside of it's defined class.\n\tSource tag: Finding-property/Time-related-property/Finding-incidence/Rare-finding-incidence/#\n\t\tSCHEMA_ATTRIBUTE_INVALID: Attribute 'inLibrary' used by 'Finding-property/Time-related-property/Finding-incidence/Rare-finding-incidence/#' was not defined in the schema, or was used outside of it's defined class.\n\tSource tag: Finding-property/Time-related-property/Finding-incidence/Uncommon-finding-incidence\n\t\tSCHEMA_ATTRIBUTE_INVALID: Attribute 'inLibrary' used by 'Finding-property/Time-related-property/Finding-incidence/Uncommon-finding-incidence' was not defined in the schema, or was used outside of it's defined class.\n\tSource tag: Finding-property/Time-related-property/Finding-incidence/Uncommon-finding-incidence/#\n\t\tSCHEMA_ATTRIBUTE_INVALID: Attribute 'inLibrary' used by 'Finding-property/Time-related-property/Finding-incidence/Uncommon-finding-incidence/#' was not defined in the schema, or was used outside of it's defined class.\n\tSource tag: Finding-property/Time-related-property/Finding-prevalence\n\t\tSCHEMA_ATTRIBUTE_INVALID: Attribute 'inLibrary' used by 'Finding-property/Time-related-property/Finding-prevalence' was not defined in the schema, or was used outside of it's defined class.\n\tSource tag: Finding-property/Time-related-property/Finding-prevalence/Abundant-finding-prevalence\n\t\tSCHEMA_ATTRIBUTE_INVALID: Attribute 'inLibrary' used by 'Finding-property/Time-related-property/Finding-prevalence/Abundant-finding-prevalence' was not defined in the schema, or was used outside of it's defined class.\n\tSource tag: Finding-property/Time-related-property/Finding-prevalence/Abundant-finding-prevalence/#\n\t\tSCHEMA_ATTRIBUTE_INVALID: Attribute 'inLibrary' used by 'Finding-property/Time-related-property/Finding-prevalence/Abundant-finding-prevalence/#' was not defined in the schema, or was used outside of it's defined class.\n\tSource tag: Finding-property/Time-related-property/Finding-prevalence/Continuous-finding-prevalence\n\t\tSCHEMA_ATTRIBUTE_INVALID: Attribute 'inLibrary' used by 'Finding-property/Time-related-property/Finding-prevalence/Continuous-finding-prevalence' was not defined in the schema, or was used outside of it's defined class.\n\tSource tag: Finding-property/Time-related-property/Finding-prevalence/Continuous-finding-prevalence/#\n\t\tSCHEMA_ATTRIBUTE_INVALID: Attribute 'inLibrary' used by 'Finding-property/Time-related-property/Finding-prevalence/Continuous-finding-prevalence/#' was not defined in the schema, or was used outside of it's defined class.\n\tSource tag: Finding-property/Time-related-property/Finding-prevalence/Frequent-finding-prevalence\n\t\tSCHEMA_ATTRIBUTE_INVALID: Attribute 'inLibrary' used by 'Finding-property/Time-related-property/Finding-prevalence/Frequent-finding-prevalence' was not defined in the schema, or was used outside of it's defined class.\n\tSource tag: Finding-property/Time-related-property/Finding-prevalence/Frequent-finding-prevalence/#\n\t\tSCHEMA_ATTRIBUTE_INVALID: Attribute 'inLibrary' used by 'Finding-property/Time-related-property/Finding-prevalence/Frequent-finding-prevalence/#' was not defined in the schema, or was used outside of it's defined class.\n\tSource tag: Finding-property/Time-related-property/Finding-prevalence/Occasional-finding-prevalence\n\t\tSCHEMA_ATTRIBUTE_INVALID: Attribute 'inLibrary' used by 'Finding-property/Time-related-property/Finding-prevalence/Occasional-finding-prevalence' was not defined in the schema, or was used outside of it's defined class.\n\tSource tag: Finding-property/Time-related-property/Finding-prevalence/Occasional-finding-prevalence/#\n\t\tSCHEMA_ATTRIBUTE_INVALID: Attribute 'inLibrary' used by 'Finding-property/Time-related-property/Finding-prevalence/Occasional-finding-prevalence/#' was not defined in the schema, or was used outside of it's defined class.\n\tSource tag: Finding-property/Time-related-property/Finding-prevalence/Rare-finding-prevalence\n\t\tSCHEMA_ATTRIBUTE_INVALID: Attribute 'inLibrary' used by 'Finding-property/Time-related-property/Finding-prevalence/Rare-finding-prevalence' was not defined in the schema, or was used outside of it's defined class.\n\tSource tag: Finding-property/Time-related-property/Finding-prevalence/Rare-finding-prevalence/#\n\t\tSCHEMA_ATTRIBUTE_INVALID: Attribute 'inLibrary' used by 'Finding-property/Time-related-property/Finding-prevalence/Rare-finding-prevalence/#' was not defined in the schema, or was used outside of it's defined class.\n\tSource tag: Finding-property/Time-related-property/Periodic-discharge-time-related-features\n\t\tSCHEMA_ATTRIBUTE_INVALID: Attribute 'inLibrary' used by 'Finding-property/Time-related-property/Periodic-discharge-time-related-features' was not defined in the schema, or was used outside of it's defined class.\n\tSource tag: Finding-property/Time-related-property/Periodic-discharge-time-related-features/Periodic-discharge-duration\n\t\tSCHEMA_ATTRIBUTE_INVALID: Attribute 'inLibrary' used by 'Finding-property/Time-related-property/Periodic-discharge-time-related-features/Periodic-discharge-duration' was not defined in the schema, or was used outside of it's defined class.\n\tSource tag: Finding-property/Time-related-property/Periodic-discharge-time-related-features/Periodic-discharge-duration/Brief-periodic-discharge-duration\n\t\tSCHEMA_ATTRIBUTE_INVALID: Attribute 'inLibrary' used by 'Finding-property/Time-related-property/Periodic-discharge-time-related-features/Periodic-discharge-duration/Brief-periodic-discharge-duration' was not defined in the schema, or was used outside of it's defined class.\n\tSource tag: Finding-property/Time-related-property/Periodic-discharge-time-related-features/Periodic-discharge-duration/Brief-periodic-discharge-duration/#\n\t\tSCHEMA_ATTRIBUTE_INVALID: Attribute 'inLibrary' used by 'Finding-property/Time-related-property/Periodic-discharge-time-related-features/Periodic-discharge-duration/Brief-periodic-discharge-duration/#' was not defined in the schema, or was used outside of it's defined class.\n\tSource tag: Finding-property/Time-related-property/Periodic-discharge-time-related-features/Periodic-discharge-duration/Intermediate-periodic-discharge-duration\n\t\tSCHEMA_ATTRIBUTE_INVALID: Attribute 'inLibrary' used by 'Finding-property/Time-related-property/Periodic-discharge-time-related-features/Periodic-discharge-duration/Intermediate-periodic-discharge-duration' was not defined in the schema, or was used outside of it's defined class.\n\tSource tag: Finding-property/Time-related-property/Periodic-discharge-time-related-features/Periodic-discharge-duration/Intermediate-periodic-discharge-duration/#\n\t\tSCHEMA_ATTRIBUTE_INVALID: Attribute 'inLibrary' used by 'Finding-property/Time-related-property/Periodic-discharge-time-related-features/Periodic-discharge-duration/Intermediate-periodic-discharge-duration/#' was not defined in the schema, or was used outside of it's defined class.\n\tSource tag: Finding-property/Time-related-property/Periodic-discharge-time-related-features/Periodic-discharge-duration/Long-periodic-discharge-duration\n\t\tSCHEMA_ATTRIBUTE_INVALID: Attribute 'inLibrary' used by 'Finding-property/Time-related-property/Periodic-discharge-time-related-features/Periodic-discharge-duration/Long-periodic-discharge-duration' was not defined in the schema, or was used outside of it's defined class.\n\tSource tag: Finding-property/Time-related-property/Periodic-discharge-time-related-features/Periodic-discharge-duration/Long-periodic-discharge-duration/#\n\t\tSCHEMA_ATTRIBUTE_INVALID: Attribute 'inLibrary' used by 'Finding-property/Time-related-property/Periodic-discharge-time-related-features/Periodic-discharge-duration/Long-periodic-discharge-duration/#' was not defined in the schema, or was used outside of it's defined class.\n\tSource tag: Finding-property/Time-related-property/Periodic-discharge-time-related-features/Periodic-discharge-duration/Very-brief-periodic-discharge-duration\n\t\tSCHEMA_ATTRIBUTE_INVALID: Attribute 'inLibrary' used by 'Finding-property/Time-related-property/Periodic-discharge-time-related-features/Periodic-discharge-duration/Very-brief-periodic-discharge-duration' was not defined in the schema, or was used outside of it's defined class.\n\tSource tag: Finding-property/Time-related-property/Periodic-discharge-time-related-features/Periodic-discharge-duration/Very-brief-periodic-discharge-duration/#\n\t\tSCHEMA_ATTRIBUTE_INVALID: Attribute 'inLibrary' used by 'Finding-property/Time-related-property/Periodic-discharge-time-related-features/Periodic-discharge-duration/Very-brief-periodic-discharge-duration/#' was not defined in the schema, or was used outside of it's defined class.\n\tSource tag: Finding-property/Time-related-property/Periodic-discharge-time-related-features/Periodic-discharge-duration/Very-long-periodic-discharge-duration\n\t\tSCHEMA_ATTRIBUTE_INVALID: Attribute 'inLibrary' used by 'Finding-property/Time-related-property/Periodic-discharge-time-related-features/Periodic-discharge-duration/Very-long-periodic-discharge-duration' was not defined in the schema, or was used outside of it's defined class.\n\tSource tag: Finding-property/Time-related-property/Periodic-discharge-time-related-features/Periodic-discharge-duration/Very-long-periodic-discharge-duration/#\n\t\tSCHEMA_ATTRIBUTE_INVALID: Attribute 'inLibrary' used by 'Finding-property/Time-related-property/Periodic-discharge-time-related-features/Periodic-discharge-duration/Very-long-periodic-discharge-duration/#' was not defined in the schema, or was used outside of it's defined class.\n\tSource tag: Finding-property/Time-related-property/Periodic-discharge-time-related-features/Periodic-discharge-dynamics\n\t\tSCHEMA_ATTRIBUTE_INVALID: Attribute 'inLibrary' used by 'Finding-property/Time-related-property/Periodic-discharge-time-related-features/Periodic-discharge-dynamics' was not defined in the schema, or was used outside of it's defined class.\n\tSource tag: Finding-property/Time-related-property/Periodic-discharge-time-related-features/Periodic-discharge-dynamics/Evolving-periodic-discharge-dynamics\n\t\tSCHEMA_ATTRIBUTE_INVALID: Attribute 'inLibrary' used by 'Finding-property/Time-related-property/Periodic-discharge-time-related-features/Periodic-discharge-dynamics/Evolving-periodic-discharge-dynamics' was not defined in the schema, or was used outside of it's defined class.\n\tSource tag: Finding-property/Time-related-property/Periodic-discharge-time-related-features/Periodic-discharge-dynamics/Evolving-periodic-discharge-dynamics/#\n\t\tSCHEMA_ATTRIBUTE_INVALID: Attribute 'inLibrary' used by 'Finding-property/Time-related-property/Periodic-discharge-time-related-features/Periodic-discharge-dynamics/Evolving-periodic-discharge-dynamics/#' was not defined in the schema, or was used outside of it's defined class.\n\tSource tag: Finding-property/Time-related-property/Periodic-discharge-time-related-features/Periodic-discharge-dynamics/Fluctuating-periodic-discharge-dynamics\n\t\tSCHEMA_ATTRIBUTE_INVALID: Attribute 'inLibrary' used by 'Finding-property/Time-related-property/Periodic-discharge-time-related-features/Periodic-discharge-dynamics/Fluctuating-periodic-discharge-dynamics' was not defined in the schema, or was used outside of it's defined class.\n\tSource tag: Finding-property/Time-related-property/Periodic-discharge-time-related-features/Periodic-discharge-dynamics/Fluctuating-periodic-discharge-dynamics/#\n\t\tSCHEMA_ATTRIBUTE_INVALID: Attribute 'inLibrary' used by 'Finding-property/Time-related-property/Periodic-discharge-time-related-features/Periodic-discharge-dynamics/Fluctuating-periodic-discharge-dynamics/#' was not defined in the schema, or was used outside of it's defined class.\n\tSource tag: Finding-property/Time-related-property/Periodic-discharge-time-related-features/Periodic-discharge-dynamics/Static-periodic-discharge-dynamics\n\t\tSCHEMA_ATTRIBUTE_INVALID: Attribute 'inLibrary' used by 'Finding-property/Time-related-property/Periodic-discharge-time-related-features/Periodic-discharge-dynamics/Static-periodic-discharge-dynamics' was not defined in the schema, or was used outside of it's defined class.\n\tSource tag: Finding-property/Time-related-property/Periodic-discharge-time-related-features/Periodic-discharge-dynamics/Static-periodic-discharge-dynamics/#\n\t\tSCHEMA_ATTRIBUTE_INVALID: Attribute 'inLibrary' used by 'Finding-property/Time-related-property/Periodic-discharge-time-related-features/Periodic-discharge-dynamics/Static-periodic-discharge-dynamics/#' was not defined in the schema, or was used outside of it's defined class.\n\tSource tag: Finding-property/Time-related-property/Periodic-discharge-time-related-features/Periodic-discharge-onset\n\t\tSCHEMA_ATTRIBUTE_INVALID: Attribute 'inLibrary' used by 'Finding-property/Time-related-property/Periodic-discharge-time-related-features/Periodic-discharge-onset' was not defined in the schema, or was used outside of it's defined class.\n\tSource tag: Finding-property/Time-related-property/Periodic-discharge-time-related-features/Periodic-discharge-onset/Gradual-periodic-discharge-onset\n\t\tSCHEMA_ATTRIBUTE_INVALID: Attribute 'inLibrary' used by 'Finding-property/Time-related-property/Periodic-discharge-time-related-features/Periodic-discharge-onset/Gradual-periodic-discharge-onset' was not defined in the schema, or was used outside of it's defined class.\n\tSource tag: Finding-property/Time-related-property/Periodic-discharge-time-related-features/Periodic-discharge-onset/Gradual-periodic-discharge-onset/#\n\t\tSCHEMA_ATTRIBUTE_INVALID: Attribute 'inLibrary' used by 'Finding-property/Time-related-property/Periodic-discharge-time-related-features/Periodic-discharge-onset/Gradual-periodic-discharge-onset/#' was not defined in the schema, or was used outside of it's defined class.\n\tSource tag: Finding-property/Time-related-property/Periodic-discharge-time-related-features/Periodic-discharge-onset/Sudden-periodic-discharge-onset\n\t\tSCHEMA_ATTRIBUTE_INVALID: Attribute 'inLibrary' used by 'Finding-property/Time-related-property/Periodic-discharge-time-related-features/Periodic-discharge-onset/Sudden-periodic-discharge-onset' was not defined in the schema, or was used outside of it's defined class.\n\tSource tag: Finding-property/Time-related-property/Periodic-discharge-time-related-features/Periodic-discharge-onset/Sudden-periodic-discharge-onset/#\n\t\tSCHEMA_ATTRIBUTE_INVALID: Attribute 'inLibrary' used by 'Finding-property/Time-related-property/Periodic-discharge-time-related-features/Periodic-discharge-onset/Sudden-periodic-discharge-onset/#' was not defined in the schema, or was used outside of it's defined class.\n\tSource tag: Interictal-finding\n\t\tSCHEMA_ATTRIBUTE_INVALID: Attribute 'inLibrary' used by 'Interictal-finding' was not defined in the schema, or was used outside of it's defined class.\n\tSource tag: Interictal-finding/Abnormal-interictal-rhythmic-activity\n\t\tSCHEMA_ATTRIBUTE_INVALID: Attribute 'inLibrary' used by 'Interictal-finding/Abnormal-interictal-rhythmic-activity' was not defined in the schema, or was used outside of it's defined class.\n\tSource tag: Interictal-finding/Epileptiform-interictal-activity\n\t\tSCHEMA_ATTRIBUTE_INVALID: Attribute 'inLibrary' used by 'Interictal-finding/Epileptiform-interictal-activity' was not defined in the schema, or was used outside of it's defined class.\n\tSource tag: Interictal-finding/Interictal-special-patterns\n\t\tSCHEMA_ATTRIBUTE_INVALID: Attribute 'inLibrary' used by 'Interictal-finding/Interictal-special-patterns' was not defined in the schema, or was used outside of it's defined class.\n\tSource tag: Interictal-finding/Interictal-special-patterns/Extreme-delta-brush\n\t\tSCHEMA_ATTRIBUTE_INVALID: Attribute 'inLibrary' used by 'Interictal-finding/Interictal-special-patterns/Extreme-delta-brush' was not defined in the schema, or was used outside of it's defined class.\n\tSource tag: Interictal-finding/Interictal-special-patterns/Interictal-periodic-discharges\n\t\tSCHEMA_ATTRIBUTE_INVALID: Attribute 'inLibrary' used by 'Interictal-finding/Interictal-special-patterns/Interictal-periodic-discharges' was not defined in the schema, or was used outside of it's defined class.\n\tSource tag: Interictal-finding/Interictal-special-patterns/Interictal-periodic-discharges/Bilateral-independent-periodic-discharges\n\t\tSCHEMA_ATTRIBUTE_INVALID: Attribute 'inLibrary' used by 'Interictal-finding/Interictal-special-patterns/Interictal-periodic-discharges/Bilateral-independent-periodic-discharges' was not defined in the schema, or was used outside of it's defined class.\n\tSource tag: Interictal-finding/Interictal-special-patterns/Interictal-periodic-discharges/Generalized-periodic-discharges\n\t\tSCHEMA_ATTRIBUTE_INVALID: Attribute 'inLibrary' used by 'Interictal-finding/Interictal-special-patterns/Interictal-periodic-discharges/Generalized-periodic-discharges' was not defined in the schema, or was used outside of it's defined class.\n\tSource tag: Interictal-finding/Interictal-special-patterns/Interictal-periodic-discharges/Lateralized-periodic-discharges\n\t\tSCHEMA_ATTRIBUTE_INVALID: Attribute 'inLibrary' used by 'Interictal-finding/Interictal-special-patterns/Interictal-periodic-discharges/Lateralized-periodic-discharges' was not defined in the schema, or was used outside of it's defined class.\n\tSource tag: Interictal-finding/Interictal-special-patterns/Interictal-periodic-discharges/Multifocal-periodic-discharges\n\t\tSCHEMA_ATTRIBUTE_INVALID: Attribute 'inLibrary' used by 'Interictal-finding/Interictal-special-patterns/Interictal-periodic-discharges/Multifocal-periodic-discharges' was not defined in the schema, or was used outside of it's defined class.\n\tSource tag: Modulator\n\t\tSCHEMA_ATTRIBUTE_INVALID: Attribute 'inLibrary' used by 'Modulator' was not defined in the schema, or was used outside of it's defined class.\n\tSource tag: Modulator/Cognitive-task\n\t\tSCHEMA_ATTRIBUTE_INVALID: Attribute 'inLibrary' used by 'Modulator/Cognitive-task' was not defined in the schema, or was used outside of it's defined class.\n\tSource tag: Modulator/Cognitive-task/#\n\t\tSCHEMA_ATTRIBUTE_INVALID: Attribute 'inLibrary' used by 'Modulator/Cognitive-task/#' was not defined in the schema, or was used outside of it's defined class.\n\tSource tag: Modulator/Eye-modulator\n\t\tSCHEMA_ATTRIBUTE_INVALID: Attribute 'inLibrary' used by 'Modulator/Eye-modulator' was not defined in the schema, or was used outside of it's defined class.\n\tSource tag: Modulator/Eye-modulator/Manual-eye-closure\n\t\tSCHEMA_ATTRIBUTE_INVALID: Attribute 'inLibrary' used by 'Modulator/Eye-modulator/Manual-eye-closure' was not defined in the schema, or was used outside of it's defined class.\n\tSource tag: Modulator/Eye-modulator/Manual-eye-closure/#\n\t\tSCHEMA_ATTRIBUTE_INVALID: Attribute 'inLibrary' used by 'Modulator/Eye-modulator/Manual-eye-closure/#' was not defined in the schema, or was used outside of it's defined class.\n\tSource tag: Modulator/Eye-modulator/Manual-eye-opening\n\t\tSCHEMA_ATTRIBUTE_INVALID: Attribute 'inLibrary' used by 'Modulator/Eye-modulator/Manual-eye-opening' was not defined in the schema, or was used outside of it's defined class.\n\tSource tag: Modulator/Eye-modulator/Manual-eye-opening/#\n\t\tSCHEMA_ATTRIBUTE_INVALID: Attribute 'inLibrary' used by 'Modulator/Eye-modulator/Manual-eye-opening/#' was not defined in the schema, or was used outside of it's defined class.\n\tSource tag: Modulator/Hyperventilation\n\t\tSCHEMA_ATTRIBUTE_INVALID: Attribute 'inLibrary' used by 'Modulator/Hyperventilation' was not defined in the schema, or was used outside of it's defined class.\n\tSource tag: Modulator/Hyperventilation/#\n\t\tSCHEMA_ATTRIBUTE_INVALID: Attribute 'inLibrary' used by 'Modulator/Hyperventilation/#' was not defined in the schema, or was used outside of it's defined class.\n\tSource tag: Modulator/Medication-modulator\n\t\tSCHEMA_ATTRIBUTE_INVALID: Attribute 'inLibrary' used by 'Modulator/Medication-modulator' was not defined in the schema, or was used outside of it's defined class.\n\tSource tag: Modulator/Medication-modulator/Medication-administered-during-recording\n\t\tSCHEMA_ATTRIBUTE_INVALID: Attribute 'inLibrary' used by 'Modulator/Medication-modulator/Medication-administered-during-recording' was not defined in the schema, or was used outside of it's defined class.\n\tSource tag: Modulator/Medication-modulator/Medication-administered-during-recording/#\n\t\tSCHEMA_ATTRIBUTE_INVALID: Attribute 'inLibrary' used by 'Modulator/Medication-modulator/Medication-administered-during-recording/#' was not defined in the schema, or was used outside of it's defined class.\n\tSource tag: Modulator/Medication-modulator/Medication-withdrawal-or-reduction-during-recording\n\t\tSCHEMA_ATTRIBUTE_INVALID: Attribute 'inLibrary' used by 'Modulator/Medication-modulator/Medication-withdrawal-or-reduction-during-recording' was not defined in the schema, or was used outside of it's defined class.\n\tSource tag: Modulator/Medication-modulator/Medication-withdrawal-or-reduction-during-recording/#\n\t\tSCHEMA_ATTRIBUTE_INVALID: Attribute 'inLibrary' used by 'Modulator/Medication-modulator/Medication-withdrawal-or-reduction-during-recording/#' was not defined in the schema, or was used outside of it's defined class.\n\tSource tag: Modulator/Other-modulator-or-procedure\n\t\tSCHEMA_ATTRIBUTE_INVALID: Attribute 'inLibrary' used by 'Modulator/Other-modulator-or-procedure' was not defined in the schema, or was used outside of it's defined class.\n\tSource tag: Modulator/Other-modulator-or-procedure/#\n\t\tSCHEMA_ATTRIBUTE_INVALID: Attribute 'inLibrary' used by 'Modulator/Other-modulator-or-procedure/#' was not defined in the schema, or was used outside of it's defined class.\n\tSource tag: Modulator/Physical-effort\n\t\tSCHEMA_ATTRIBUTE_INVALID: Attribute 'inLibrary' used by 'Modulator/Physical-effort' was not defined in the schema, or was used outside of it's defined class.\n\tSource tag: Modulator/Physical-effort/#\n\t\tSCHEMA_ATTRIBUTE_INVALID: Attribute 'inLibrary' used by 'Modulator/Physical-effort/#' was not defined in the schema, or was used outside of it's defined class.\n\tSource tag: Modulator/Sleep-modulator\n\t\tSCHEMA_ATTRIBUTE_INVALID: Attribute 'inLibrary' used by 'Modulator/Sleep-modulator' was not defined in the schema, or was used outside of it's defined class.\n\tSource tag: Modulator/Sleep-modulator/Awakening\n\t\tSCHEMA_ATTRIBUTE_INVALID: Attribute 'inLibrary' used by 'Modulator/Sleep-modulator/Awakening' was not defined in the schema, or was used outside of it's defined class.\n\tSource tag: Modulator/Sleep-modulator/Awakening/#\n\t\tSCHEMA_ATTRIBUTE_INVALID: Attribute 'inLibrary' used by 'Modulator/Sleep-modulator/Awakening/#' was not defined in the schema, or was used outside of it's defined class.\n\tSource tag: Modulator/Sleep-modulator/Drowsiness\n\t\tSCHEMA_ATTRIBUTE_INVALID: Attribute 'inLibrary' used by 'Modulator/Sleep-modulator/Drowsiness' was not defined in the schema, or was used outside of it's defined class.\n\tSource tag: Modulator/Sleep-modulator/Drowsiness/#\n\t\tSCHEMA_ATTRIBUTE_INVALID: Attribute 'inLibrary' used by 'Modulator/Sleep-modulator/Drowsiness/#' was not defined in the schema, or was used outside of it's defined class.\n\tSource tag: Modulator/Sleep-modulator/Induced-sleep\n\t\tSCHEMA_ATTRIBUTE_INVALID: Attribute 'inLibrary' used by 'Modulator/Sleep-modulator/Induced-sleep' was not defined in the schema, or was used outside of it's defined class.\n\tSource tag: Modulator/Sleep-modulator/Induced-sleep/#\n\t\tSCHEMA_ATTRIBUTE_INVALID: Attribute 'inLibrary' used by 'Modulator/Sleep-modulator/Induced-sleep/#' was not defined in the schema, or was used outside of it's defined class.\n\tSource tag: Modulator/Sleep-modulator/Natural-sleep\n\t\tSCHEMA_ATTRIBUTE_INVALID: Attribute 'inLibrary' used by 'Modulator/Sleep-modulator/Natural-sleep' was not defined in the schema, or was used outside of it's defined class.\n\tSource tag: Modulator/Sleep-modulator/Natural-sleep/#\n\t\tSCHEMA_ATTRIBUTE_INVALID: Attribute 'inLibrary' used by 'Modulator/Sleep-modulator/Natural-sleep/#' was not defined in the schema, or was used outside of it's defined class.\n\tSource tag: Modulator/Sleep-modulator/Sleep-deprivation\n\t\tSCHEMA_ATTRIBUTE_INVALID: Attribute 'inLibrary' used by 'Modulator/Sleep-modulator/Sleep-deprivation' was not defined in the schema, or was used outside of it's defined class.\n\tSource tag: Modulator/Sleep-modulator/Sleep-deprivation/#\n\t\tSCHEMA_ATTRIBUTE_INVALID: Attribute 'inLibrary' used by 'Modulator/Sleep-modulator/Sleep-deprivation/#' was not defined in the schema, or was used outside of it's defined class.\n\tSource tag: Modulator/Sleep-modulator/Sleep-following-sleep-deprivation\n\t\tSCHEMA_ATTRIBUTE_INVALID: Attribute 'inLibrary' used by 'Modulator/Sleep-modulator/Sleep-following-sleep-deprivation' was not defined in the schema, or was used outside of it's defined class.\n\tSource tag: Modulator/Sleep-modulator/Sleep-following-sleep-deprivation/#\n\t\tSCHEMA_ATTRIBUTE_INVALID: Attribute 'inLibrary' used by 'Modulator/Sleep-modulator/Sleep-following-sleep-deprivation/#' was not defined in the schema, or was used outside of it's defined class.\n\tSource tag: Modulator/Stimulation-modulator\n\t\tSCHEMA_ATTRIBUTE_INVALID: Attribute 'inLibrary' used by 'Modulator/Stimulation-modulator' was not defined in the schema, or was used outside of it's defined class.\n\tSource tag: Modulator/Stimulation-modulator/Auditory-stimulation\n\t\tSCHEMA_ATTRIBUTE_INVALID: Attribute 'inLibrary' used by 'Modulator/Stimulation-modulator/Auditory-stimulation' was not defined in the schema, or was used outside of it's defined class.\n\tSource tag: Modulator/Stimulation-modulator/Auditory-stimulation/#\n\t\tSCHEMA_ATTRIBUTE_INVALID: Attribute 'inLibrary' used by 'Modulator/Stimulation-modulator/Auditory-stimulation/#' was not defined in the schema, or was used outside of it's defined class.\n\tSource tag: Modulator/Stimulation-modulator/Intermittent-photic-stimulation\n\t\tSCHEMA_ATTRIBUTE_INVALID: Attribute 'inLibrary' used by 'Modulator/Stimulation-modulator/Intermittent-photic-stimulation' was not defined in the schema, or was used outside of it's defined class.\n\tSource tag: Modulator/Stimulation-modulator/Intermittent-photic-stimulation/#\n\t\tSCHEMA_ATTRIBUTE_INVALID: Attribute 'inLibrary' used by 'Modulator/Stimulation-modulator/Intermittent-photic-stimulation/#' was not defined in the schema, or was used outside of it's defined class.\n\tSource tag: Modulator/Stimulation-modulator/Nociceptive-stimulation\n\t\tSCHEMA_ATTRIBUTE_INVALID: Attribute 'inLibrary' used by 'Modulator/Stimulation-modulator/Nociceptive-stimulation' was not defined in the schema, or was used outside of it's defined class.\n\tSource tag: Modulator/Stimulation-modulator/Nociceptive-stimulation/#\n\t\tSCHEMA_ATTRIBUTE_INVALID: Attribute 'inLibrary' used by 'Modulator/Stimulation-modulator/Nociceptive-stimulation/#' was not defined in the schema, or was used outside of it's defined class.\n\tSource tag: Physiologic-pattern\n\t\tSCHEMA_ATTRIBUTE_INVALID: Attribute 'inLibrary' used by 'Physiologic-pattern' was not defined in the schema, or was used outside of it's defined class.\n\tSource tag: Physiologic-pattern/Ciganek-rhythm\n\t\tSCHEMA_ATTRIBUTE_INVALID: Attribute 'inLibrary' used by 'Physiologic-pattern/Ciganek-rhythm' was not defined in the schema, or was used outside of it's defined class.\n\tSource tag: Physiologic-pattern/Diffuse-slowing-hyperventilation\n\t\tSCHEMA_ATTRIBUTE_INVALID: Attribute 'inLibrary' used by 'Physiologic-pattern/Diffuse-slowing-hyperventilation' was not defined in the schema, or was used outside of it's defined class.\n\tSource tag: Physiologic-pattern/Fast-alpha-variant-rhythm\n\t\tSCHEMA_ATTRIBUTE_INVALID: Attribute 'inLibrary' used by 'Physiologic-pattern/Fast-alpha-variant-rhythm' was not defined in the schema, or was used outside of it's defined class.\n\tSource tag: Physiologic-pattern/Lambda-wave\n\t\tSCHEMA_ATTRIBUTE_INVALID: Attribute 'inLibrary' used by 'Physiologic-pattern/Lambda-wave' was not defined in the schema, or was used outside of it's defined class.\n\tSource tag: Physiologic-pattern/Other-physiologic-pattern\n\t\tSCHEMA_ATTRIBUTE_INVALID: Attribute 'inLibrary' used by 'Physiologic-pattern/Other-physiologic-pattern' was not defined in the schema, or was used outside of it's defined class.\n\tSource tag: Physiologic-pattern/Other-physiologic-pattern/#\n\t\tSCHEMA_ATTRIBUTE_INVALID: Attribute 'inLibrary' used by 'Physiologic-pattern/Other-physiologic-pattern/#' was not defined in the schema, or was used outside of it's defined class.\n\tSource tag: Physiologic-pattern/Photic-driving\n\t\tSCHEMA_ATTRIBUTE_INVALID: Attribute 'inLibrary' used by 'Physiologic-pattern/Photic-driving' was not defined in the schema, or was used outside of it's defined class.\n\tSource tag: Physiologic-pattern/Photomyogenic-response\n\t\tSCHEMA_ATTRIBUTE_INVALID: Attribute 'inLibrary' used by 'Physiologic-pattern/Photomyogenic-response' was not defined in the schema, or was used outside of it's defined class.\n\tSource tag: Physiologic-pattern/Posterior-slow-waves-youth\n\t\tSCHEMA_ATTRIBUTE_INVALID: Attribute 'inLibrary' used by 'Physiologic-pattern/Posterior-slow-waves-youth' was not defined in the schema, or was used outside of it's defined class.\n\tSource tag: Physiologic-pattern/Rhythmic-activity-pattern\n\t\tSCHEMA_ATTRIBUTE_INVALID: Attribute 'inLibrary' used by 'Physiologic-pattern/Rhythmic-activity-pattern' was not defined in the schema, or was used outside of it's defined class.\n\tSource tag: Physiologic-pattern/Slow-alpha-variant-rhythm\n\t\tSCHEMA_ATTRIBUTE_INVALID: Attribute 'inLibrary' used by 'Physiologic-pattern/Slow-alpha-variant-rhythm' was not defined in the schema, or was used outside of it's defined class.\n\tSource tag: Polygraphic-channel-finding\n\t\tSCHEMA_ATTRIBUTE_INVALID: Attribute 'inLibrary' used by 'Polygraphic-channel-finding' was not defined in the schema, or was used outside of it's defined class.\n\tSource tag: Polygraphic-channel-finding/ECG-channel-finding\n\t\tSCHEMA_ATTRIBUTE_INVALID: Attribute 'inLibrary' used by 'Polygraphic-channel-finding/ECG-channel-finding' was not defined in the schema, or was used outside of it's defined class.\n\tSource tag: Polygraphic-channel-finding/ECG-channel-finding/ECG-QT-period\n\t\tSCHEMA_ATTRIBUTE_INVALID: Attribute 'inLibrary' used by 'Polygraphic-channel-finding/ECG-channel-finding/ECG-QT-period' was not defined in the schema, or was used outside of it's defined class.\n\tSource tag: Polygraphic-channel-finding/ECG-channel-finding/ECG-QT-period/#\n\t\tSCHEMA_ATTRIBUTE_INVALID: Attribute 'inLibrary' used by 'Polygraphic-channel-finding/ECG-channel-finding/ECG-QT-period/#' was not defined in the schema, or was used outside of it's defined class.\n\tSource tag: Polygraphic-channel-finding/ECG-channel-finding/ECG-feature\n\t\tSCHEMA_ATTRIBUTE_INVALID: Attribute 'inLibrary' used by 'Polygraphic-channel-finding/ECG-channel-finding/ECG-feature' was not defined in the schema, or was used outside of it's defined class.\n\tSource tag: Polygraphic-channel-finding/ECG-channel-finding/ECG-feature/ECG-arrhythmia\n\t\tSCHEMA_ATTRIBUTE_INVALID: Attribute 'inLibrary' used by 'Polygraphic-channel-finding/ECG-channel-finding/ECG-feature/ECG-arrhythmia' was not defined in the schema, or was used outside of it's defined class.\n\tSource tag: Polygraphic-channel-finding/ECG-channel-finding/ECG-feature/ECG-arrhythmia/#\n\t\tSCHEMA_ATTRIBUTE_INVALID: Attribute 'inLibrary' used by 'Polygraphic-channel-finding/ECG-channel-finding/ECG-feature/ECG-arrhythmia/#' was not defined in the schema, or was used outside of it's defined class.\n\tSource tag: Polygraphic-channel-finding/ECG-channel-finding/ECG-feature/ECG-asystolia\n\t\tSCHEMA_ATTRIBUTE_INVALID: Attribute 'inLibrary' used by 'Polygraphic-channel-finding/ECG-channel-finding/ECG-feature/ECG-asystolia' was not defined in the schema, or was used outside of it's defined class.\n\tSource tag: Polygraphic-channel-finding/ECG-channel-finding/ECG-feature/ECG-asystolia/#\n\t\tSCHEMA_ATTRIBUTE_INVALID: Attribute 'inLibrary' used by 'Polygraphic-channel-finding/ECG-channel-finding/ECG-feature/ECG-asystolia/#' was not defined in the schema, or was used outside of it's defined class.\n\tSource tag: Polygraphic-channel-finding/ECG-channel-finding/ECG-feature/ECG-bradycardia\n\t\tSCHEMA_ATTRIBUTE_INVALID: Attribute 'inLibrary' used by 'Polygraphic-channel-finding/ECG-channel-finding/ECG-feature/ECG-bradycardia' was not defined in the schema, or was used outside of it's defined class.\n\tSource tag: Polygraphic-channel-finding/ECG-channel-finding/ECG-feature/ECG-bradycardia/#\n\t\tSCHEMA_ATTRIBUTE_INVALID: Attribute 'inLibrary' used by 'Polygraphic-channel-finding/ECG-channel-finding/ECG-feature/ECG-bradycardia/#' was not defined in the schema, or was used outside of it's defined class.\n\tSource tag: Polygraphic-channel-finding/ECG-channel-finding/ECG-feature/ECG-extrasystole\n\t\tSCHEMA_ATTRIBUTE_INVALID: Attribute 'inLibrary' used by 'Polygraphic-channel-finding/ECG-channel-finding/ECG-feature/ECG-extrasystole' was not defined in the schema, or was used outside of it's defined class.\n\tSource tag: Polygraphic-channel-finding/ECG-channel-finding/ECG-feature/ECG-extrasystole/#\n\t\tSCHEMA_ATTRIBUTE_INVALID: Attribute 'inLibrary' used by 'Polygraphic-channel-finding/ECG-channel-finding/ECG-feature/ECG-extrasystole/#' was not defined in the schema, or was used outside of it's defined class.\n\tSource tag: Polygraphic-channel-finding/ECG-channel-finding/ECG-feature/ECG-sinus-rhythm\n\t\tSCHEMA_ATTRIBUTE_INVALID: Attribute 'inLibrary' used by 'Polygraphic-channel-finding/ECG-channel-finding/ECG-feature/ECG-sinus-rhythm' was not defined in the schema, or was used outside of it's defined class.\n\tSource tag: Polygraphic-channel-finding/ECG-channel-finding/ECG-feature/ECG-sinus-rhythm/#\n\t\tSCHEMA_ATTRIBUTE_INVALID: Attribute 'inLibrary' used by 'Polygraphic-channel-finding/ECG-channel-finding/ECG-feature/ECG-sinus-rhythm/#' was not defined in the schema, or was used outside of it's defined class.\n\tSource tag: Polygraphic-channel-finding/ECG-channel-finding/ECG-feature/ECG-tachycardia\n\t\tSCHEMA_ATTRIBUTE_INVALID: Attribute 'inLibrary' used by 'Polygraphic-channel-finding/ECG-channel-finding/ECG-feature/ECG-tachycardia' was not defined in the schema, or was used outside of it's defined class.\n\tSource tag: Polygraphic-channel-finding/ECG-channel-finding/ECG-feature/ECG-tachycardia/#\n\t\tSCHEMA_ATTRIBUTE_INVALID: Attribute 'inLibrary' used by 'Polygraphic-channel-finding/ECG-channel-finding/ECG-feature/ECG-tachycardia/#' was not defined in the schema, or was used outside of it's defined class.\n\tSource tag: Polygraphic-channel-finding/ECG-channel-finding/ECG-feature/ECG-ventricular-premature-depolarization\n\t\tSCHEMA_ATTRIBUTE_INVALID: Attribute 'inLibrary' used by 'Polygraphic-channel-finding/ECG-channel-finding/ECG-feature/ECG-ventricular-premature-depolarization' was not defined in the schema, or was used outside of it's defined class.\n\tSource tag: Polygraphic-channel-finding/ECG-channel-finding/ECG-feature/ECG-ventricular-premature-depolarization/#\n\t\tSCHEMA_ATTRIBUTE_INVALID: Attribute 'inLibrary' used by 'Polygraphic-channel-finding/ECG-channel-finding/ECG-feature/ECG-ventricular-premature-depolarization/#' was not defined in the schema, or was used outside of it's defined class.\n\tSource tag: Polygraphic-channel-finding/ECG-channel-finding/ECG-feature/Other-ECG-feature\n\t\tSCHEMA_ATTRIBUTE_INVALID: Attribute 'inLibrary' used by 'Polygraphic-channel-finding/ECG-channel-finding/ECG-feature/Other-ECG-feature' was not defined in the schema, or was used outside of it's defined class.\n\tSource tag: Polygraphic-channel-finding/ECG-channel-finding/ECG-feature/Other-ECG-feature/#\n\t\tSCHEMA_ATTRIBUTE_INVALID: Attribute 'inLibrary' used by 'Polygraphic-channel-finding/ECG-channel-finding/ECG-feature/Other-ECG-feature/#' was not defined in the schema, or was used outside of it's defined class.\n\tSource tag: Polygraphic-channel-finding/EMG-channel-finding\n\t\tSCHEMA_ATTRIBUTE_INVALID: Attribute 'inLibrary' used by 'Polygraphic-channel-finding/EMG-channel-finding' was not defined in the schema, or was used outside of it's defined class.\n\tSource tag: Polygraphic-channel-finding/EMG-channel-finding/EMG-feature\n\t\tSCHEMA_ATTRIBUTE_INVALID: Attribute 'inLibrary' used by 'Polygraphic-channel-finding/EMG-channel-finding/EMG-feature' was not defined in the schema, or was used outside of it's defined class.\n\tSource tag: Polygraphic-channel-finding/EMG-channel-finding/EMG-feature/EMG-PLMS\n\t\tSCHEMA_ATTRIBUTE_INVALID: Attribute 'inLibrary' used by 'Polygraphic-channel-finding/EMG-channel-finding/EMG-feature/EMG-PLMS' was not defined in the schema, or was used outside of it's defined class.\n\tSource tag: Polygraphic-channel-finding/EMG-channel-finding/EMG-feature/EMG-asymmetric-activation\n\t\tSCHEMA_ATTRIBUTE_INVALID: Attribute 'inLibrary' used by 'Polygraphic-channel-finding/EMG-channel-finding/EMG-feature/EMG-asymmetric-activation' was not defined in the schema, or was used outside of it's defined class.\n\tSource tag: Polygraphic-channel-finding/EMG-channel-finding/EMG-feature/EMG-asymmetric-activation/EMG-asymmetric-activation-left-first\n\t\tSCHEMA_ATTRIBUTE_INVALID: Attribute 'inLibrary' used by 'Polygraphic-channel-finding/EMG-channel-finding/EMG-feature/EMG-asymmetric-activation/EMG-asymmetric-activation-left-first' was not defined in the schema, or was used outside of it's defined class.\n\tSource tag: Polygraphic-channel-finding/EMG-channel-finding/EMG-feature/EMG-asymmetric-activation/EMG-asymmetric-activation-left-first/#\n\t\tSCHEMA_ATTRIBUTE_INVALID: Attribute 'inLibrary' used by 'Polygraphic-channel-finding/EMG-channel-finding/EMG-feature/EMG-asymmetric-activation/EMG-asymmetric-activation-left-first/#' was not defined in the schema, or was used outside of it's defined class.\n\tSource tag: Polygraphic-channel-finding/EMG-channel-finding/EMG-feature/EMG-asymmetric-activation/EMG-asymmetric-activation-right-first\n\t\tSCHEMA_ATTRIBUTE_INVALID: Attribute 'inLibrary' used by 'Polygraphic-channel-finding/EMG-channel-finding/EMG-feature/EMG-asymmetric-activation/EMG-asymmetric-activation-right-first' was not defined in the schema, or was used outside of it's defined class.\n\tSource tag: Polygraphic-channel-finding/EMG-channel-finding/EMG-feature/EMG-asymmetric-activation/EMG-asymmetric-activation-right-first/#\n\t\tSCHEMA_ATTRIBUTE_INVALID: Attribute 'inLibrary' used by 'Polygraphic-channel-finding/EMG-channel-finding/EMG-feature/EMG-asymmetric-activation/EMG-asymmetric-activation-right-first/#' was not defined in the schema, or was used outside of it's defined class.\n\tSource tag: Polygraphic-channel-finding/EMG-channel-finding/EMG-feature/EMG-myoclonus\n\t\tSCHEMA_ATTRIBUTE_INVALID: Attribute 'inLibrary' used by 'Polygraphic-channel-finding/EMG-channel-finding/EMG-feature/EMG-myoclonus' was not defined in the schema, or was used outside of it's defined class.\n\tSource tag: Polygraphic-channel-finding/EMG-channel-finding/EMG-feature/EMG-myoclonus/EMG-myoclonus-arrhythmic\n\t\tSCHEMA_ATTRIBUTE_INVALID: Attribute 'inLibrary' used by 'Polygraphic-channel-finding/EMG-channel-finding/EMG-feature/EMG-myoclonus/EMG-myoclonus-arrhythmic' was not defined in the schema, or was used outside of it's defined class.\n\tSource tag: Polygraphic-channel-finding/EMG-channel-finding/EMG-feature/EMG-myoclonus/EMG-myoclonus-arrhythmic/#\n\t\tSCHEMA_ATTRIBUTE_INVALID: Attribute 'inLibrary' used by 'Polygraphic-channel-finding/EMG-channel-finding/EMG-feature/EMG-myoclonus/EMG-myoclonus-arrhythmic/#' was not defined in the schema, or was used outside of it's defined class.\n\tSource tag: Polygraphic-channel-finding/EMG-channel-finding/EMG-feature/EMG-myoclonus/EMG-myoclonus-asynchronous\n\t\tSCHEMA_ATTRIBUTE_INVALID: Attribute 'inLibrary' used by 'Polygraphic-channel-finding/EMG-channel-finding/EMG-feature/EMG-myoclonus/EMG-myoclonus-asynchronous' was not defined in the schema, or was used outside of it's defined class.\n\tSource tag: Polygraphic-channel-finding/EMG-channel-finding/EMG-feature/EMG-myoclonus/EMG-myoclonus-asynchronous/#\n\t\tSCHEMA_ATTRIBUTE_INVALID: Attribute 'inLibrary' used by 'Polygraphic-channel-finding/EMG-channel-finding/EMG-feature/EMG-myoclonus/EMG-myoclonus-asynchronous/#' was not defined in the schema, or was used outside of it's defined class.\n\tSource tag: Polygraphic-channel-finding/EMG-channel-finding/EMG-feature/EMG-myoclonus/EMG-myoclonus-rhythmic\n\t\tSCHEMA_ATTRIBUTE_INVALID: Attribute 'inLibrary' used by 'Polygraphic-channel-finding/EMG-channel-finding/EMG-feature/EMG-myoclonus/EMG-myoclonus-rhythmic' was not defined in the schema, or was used outside of it's defined class.\n\tSource tag: Polygraphic-channel-finding/EMG-channel-finding/EMG-feature/EMG-myoclonus/EMG-myoclonus-rhythmic/#\n\t\tSCHEMA_ATTRIBUTE_INVALID: Attribute 'inLibrary' used by 'Polygraphic-channel-finding/EMG-channel-finding/EMG-feature/EMG-myoclonus/EMG-myoclonus-rhythmic/#' was not defined in the schema, or was used outside of it's defined class.\n\tSource tag: Polygraphic-channel-finding/EMG-channel-finding/EMG-feature/EMG-myoclonus/EMG-myoclonus-synchronous\n\t\tSCHEMA_ATTRIBUTE_INVALID: Attribute 'inLibrary' used by 'Polygraphic-channel-finding/EMG-channel-finding/EMG-feature/EMG-myoclonus/EMG-myoclonus-synchronous' was not defined in the schema, or was used outside of it's defined class.\n\tSource tag: Polygraphic-channel-finding/EMG-channel-finding/EMG-feature/EMG-myoclonus/EMG-myoclonus-synchronous/#\n\t\tSCHEMA_ATTRIBUTE_INVALID: Attribute 'inLibrary' used by 'Polygraphic-channel-finding/EMG-channel-finding/EMG-feature/EMG-myoclonus/EMG-myoclonus-synchronous/#' was not defined in the schema, or was used outside of it's defined class.\n\tSource tag: Polygraphic-channel-finding/EMG-channel-finding/EMG-feature/EMG-myoclonus/Negative-myoclonus\n\t\tSCHEMA_ATTRIBUTE_INVALID: Attribute 'inLibrary' used by 'Polygraphic-channel-finding/EMG-channel-finding/EMG-feature/EMG-myoclonus/Negative-myoclonus' was not defined in the schema, or was used outside of it's defined class.\n\tSource tag: Polygraphic-channel-finding/EMG-channel-finding/EMG-feature/EMG-myoclonus/Negative-myoclonus/#\n\t\tSCHEMA_ATTRIBUTE_INVALID: Attribute 'inLibrary' used by 'Polygraphic-channel-finding/EMG-channel-finding/EMG-feature/EMG-myoclonus/Negative-myoclonus/#' was not defined in the schema, or was used outside of it's defined class.\n\tSource tag: Polygraphic-channel-finding/EMG-channel-finding/EMG-feature/EMG-spasm\n\t\tSCHEMA_ATTRIBUTE_INVALID: Attribute 'inLibrary' used by 'Polygraphic-channel-finding/EMG-channel-finding/EMG-feature/EMG-spasm' was not defined in the schema, or was used outside of it's defined class.\n\tSource tag: Polygraphic-channel-finding/EMG-channel-finding/EMG-feature/EMG-spasm/#\n\t\tSCHEMA_ATTRIBUTE_INVALID: Attribute 'inLibrary' used by 'Polygraphic-channel-finding/EMG-channel-finding/EMG-feature/EMG-spasm/#' was not defined in the schema, or was used outside of it's defined class.\n\tSource tag: Polygraphic-channel-finding/EMG-channel-finding/EMG-feature/EMG-tonic-contraction\n\t\tSCHEMA_ATTRIBUTE_INVALID: Attribute 'inLibrary' used by 'Polygraphic-channel-finding/EMG-channel-finding/EMG-feature/EMG-tonic-contraction' was not defined in the schema, or was used outside of it's defined class.\n\tSource tag: Polygraphic-channel-finding/EMG-channel-finding/EMG-feature/EMG-tonic-contraction/#\n\t\tSCHEMA_ATTRIBUTE_INVALID: Attribute 'inLibrary' used by 'Polygraphic-channel-finding/EMG-channel-finding/EMG-feature/EMG-tonic-contraction/#' was not defined in the schema, or was used outside of it's defined class.\n\tSource tag: Polygraphic-channel-finding/EMG-channel-finding/EMG-feature/Other-EMG-features\n\t\tSCHEMA_ATTRIBUTE_INVALID: Attribute 'inLibrary' used by 'Polygraphic-channel-finding/EMG-channel-finding/EMG-feature/Other-EMG-features' was not defined in the schema, or was used outside of it's defined class.\n\tSource tag: Polygraphic-channel-finding/EMG-channel-finding/EMG-feature/Other-EMG-features/#\n\t\tSCHEMA_ATTRIBUTE_INVALID: Attribute 'inLibrary' used by 'Polygraphic-channel-finding/EMG-channel-finding/EMG-feature/Other-EMG-features/#' was not defined in the schema, or was used outside of it's defined class.\n\tSource tag: Polygraphic-channel-finding/EMG-channel-finding/EMG-muscle-name\n\t\tSCHEMA_ATTRIBUTE_INVALID: Attribute 'inLibrary' used by 'Polygraphic-channel-finding/EMG-channel-finding/EMG-muscle-name' was not defined in the schema, or was used outside of it's defined class.\n\tSource tag: Polygraphic-channel-finding/EMG-channel-finding/EMG-muscle-name/#\n\t\tSCHEMA_ATTRIBUTE_INVALID: Attribute 'inLibrary' used by 'Polygraphic-channel-finding/EMG-channel-finding/EMG-muscle-name/#' was not defined in the schema, or was used outside of it's defined class.\n\tSource tag: Polygraphic-channel-finding/EMG-channel-finding/EMG-muscle-side\n\t\tSCHEMA_ATTRIBUTE_INVALID: Attribute 'inLibrary' used by 'Polygraphic-channel-finding/EMG-channel-finding/EMG-muscle-side' was not defined in the schema, or was used outside of it's defined class.\n\tSource tag: Polygraphic-channel-finding/EMG-channel-finding/EMG-muscle-side/EMG-bilateral-muscle\n\t\tSCHEMA_ATTRIBUTE_INVALID: Attribute 'inLibrary' used by 'Polygraphic-channel-finding/EMG-channel-finding/EMG-muscle-side/EMG-bilateral-muscle' was not defined in the schema, or was used outside of it's defined class.\n\tSource tag: Polygraphic-channel-finding/EMG-channel-finding/EMG-muscle-side/EMG-bilateral-muscle/#\n\t\tSCHEMA_ATTRIBUTE_INVALID: Attribute 'inLibrary' used by 'Polygraphic-channel-finding/EMG-channel-finding/EMG-muscle-side/EMG-bilateral-muscle/#' was not defined in the schema, or was used outside of it's defined class.\n\tSource tag: Polygraphic-channel-finding/EMG-channel-finding/EMG-muscle-side/EMG-left-muscle\n\t\tSCHEMA_ATTRIBUTE_INVALID: Attribute 'inLibrary' used by 'Polygraphic-channel-finding/EMG-channel-finding/EMG-muscle-side/EMG-left-muscle' was not defined in the schema, or was used outside of it's defined class.\n\tSource tag: Polygraphic-channel-finding/EMG-channel-finding/EMG-muscle-side/EMG-left-muscle/#\n\t\tSCHEMA_ATTRIBUTE_INVALID: Attribute 'inLibrary' used by 'Polygraphic-channel-finding/EMG-channel-finding/EMG-muscle-side/EMG-left-muscle/#' was not defined in the schema, or was used outside of it's defined class.\n\tSource tag: Polygraphic-channel-finding/EMG-channel-finding/EMG-muscle-side/EMG-right-muscle\n\t\tSCHEMA_ATTRIBUTE_INVALID: Attribute 'inLibrary' used by 'Polygraphic-channel-finding/EMG-channel-finding/EMG-muscle-side/EMG-right-muscle' was not defined in the schema, or was used outside of it's defined class.\n\tSource tag: Polygraphic-channel-finding/EMG-channel-finding/EMG-muscle-side/EMG-right-muscle/#\n\t\tSCHEMA_ATTRIBUTE_INVALID: Attribute 'inLibrary' used by 'Polygraphic-channel-finding/EMG-channel-finding/EMG-muscle-side/EMG-right-muscle/#' was not defined in the schema, or was used outside of it's defined class.\n\tSource tag: Polygraphic-channel-finding/EOG-channel-finding\n\t\tSCHEMA_ATTRIBUTE_INVALID: Attribute 'inLibrary' used by 'Polygraphic-channel-finding/EOG-channel-finding' was not defined in the schema, or was used outside of it's defined class.\n\tSource tag: Polygraphic-channel-finding/EOG-channel-finding/#\n\t\tSCHEMA_ATTRIBUTE_INVALID: Attribute 'inLibrary' used by 'Polygraphic-channel-finding/EOG-channel-finding/#' was not defined in the schema, or was used outside of it's defined class.\n\tSource tag: Polygraphic-channel-finding/Other-polygraphic-channel\n\t\tSCHEMA_ATTRIBUTE_INVALID: Attribute 'inLibrary' used by 'Polygraphic-channel-finding/Other-polygraphic-channel' was not defined in the schema, or was used outside of it's defined class.\n\tSource tag: Polygraphic-channel-finding/Other-polygraphic-channel/#\n\t\tSCHEMA_ATTRIBUTE_INVALID: Attribute 'inLibrary' used by 'Polygraphic-channel-finding/Other-polygraphic-channel/#' was not defined in the schema, or was used outside of it's defined class.\n\tSource tag: Polygraphic-channel-finding/Respiration-channel-finding\n\t\tSCHEMA_ATTRIBUTE_INVALID: Attribute 'inLibrary' used by 'Polygraphic-channel-finding/Respiration-channel-finding' was not defined in the schema, or was used outside of it's defined class.\n\tSource tag: Polygraphic-channel-finding/Respiration-channel-finding/Respiration-feature\n\t\tSCHEMA_ATTRIBUTE_INVALID: Attribute 'inLibrary' used by 'Polygraphic-channel-finding/Respiration-channel-finding/Respiration-feature' was not defined in the schema, or was used outside of it's defined class.\n\tSource tag: Polygraphic-channel-finding/Respiration-channel-finding/Respiration-feature/Apnea-hypopnea-index-respiration\n\t\tSCHEMA_ATTRIBUTE_INVALID: Attribute 'inLibrary' used by 'Polygraphic-channel-finding/Respiration-channel-finding/Respiration-feature/Apnea-hypopnea-index-respiration' was not defined in the schema, or was used outside of it's defined class.\n\tSource tag: Polygraphic-channel-finding/Respiration-channel-finding/Respiration-feature/Apnea-hypopnea-index-respiration/#\n\t\tSCHEMA_ATTRIBUTE_INVALID: Attribute 'inLibrary' used by 'Polygraphic-channel-finding/Respiration-channel-finding/Respiration-feature/Apnea-hypopnea-index-respiration/#' was not defined in the schema, or was used outside of it's defined class.\n\tSource tag: Polygraphic-channel-finding/Respiration-channel-finding/Respiration-feature/Apnoe-respiration\n\t\tSCHEMA_ATTRIBUTE_INVALID: Attribute 'inLibrary' used by 'Polygraphic-channel-finding/Respiration-channel-finding/Respiration-feature/Apnoe-respiration' was not defined in the schema, or was used outside of it's defined class.\n\tSource tag: Polygraphic-channel-finding/Respiration-channel-finding/Respiration-feature/Apnoe-respiration/#\n\t\tSCHEMA_ATTRIBUTE_INVALID: Attribute 'inLibrary' used by 'Polygraphic-channel-finding/Respiration-channel-finding/Respiration-feature/Apnoe-respiration/#' was not defined in the schema, or was used outside of it's defined class.\n\tSource tag: Polygraphic-channel-finding/Respiration-channel-finding/Respiration-feature/Hypopnea-respiration\n\t\tSCHEMA_ATTRIBUTE_INVALID: Attribute 'inLibrary' used by 'Polygraphic-channel-finding/Respiration-channel-finding/Respiration-feature/Hypopnea-respiration' was not defined in the schema, or was used outside of it's defined class.\n\tSource tag: Polygraphic-channel-finding/Respiration-channel-finding/Respiration-feature/Hypopnea-respiration/#\n\t\tSCHEMA_ATTRIBUTE_INVALID: Attribute 'inLibrary' used by 'Polygraphic-channel-finding/Respiration-channel-finding/Respiration-feature/Hypopnea-respiration/#' was not defined in the schema, or was used outside of it's defined class.\n\tSource tag: Polygraphic-channel-finding/Respiration-channel-finding/Respiration-feature/Other-respiration-feature\n\t\tSCHEMA_ATTRIBUTE_INVALID: Attribute 'inLibrary' used by 'Polygraphic-channel-finding/Respiration-channel-finding/Respiration-feature/Other-respiration-feature' was not defined in the schema, or was used outside of it's defined class.\n\tSource tag: Polygraphic-channel-finding/Respiration-channel-finding/Respiration-feature/Other-respiration-feature/#\n\t\tSCHEMA_ATTRIBUTE_INVALID: Attribute 'inLibrary' used by 'Polygraphic-channel-finding/Respiration-channel-finding/Respiration-feature/Other-respiration-feature/#' was not defined in the schema, or was used outside of it's defined class.\n\tSource tag: Polygraphic-channel-finding/Respiration-channel-finding/Respiration-feature/Periodic-respiration\n\t\tSCHEMA_ATTRIBUTE_INVALID: Attribute 'inLibrary' used by 'Polygraphic-channel-finding/Respiration-channel-finding/Respiration-feature/Periodic-respiration' was not defined in the schema, or was used outside of it's defined class.\n\tSource tag: Polygraphic-channel-finding/Respiration-channel-finding/Respiration-feature/Periodic-respiration/#\n\t\tSCHEMA_ATTRIBUTE_INVALID: Attribute 'inLibrary' used by 'Polygraphic-channel-finding/Respiration-channel-finding/Respiration-feature/Periodic-respiration/#' was not defined in the schema, or was used outside of it's defined class.\n\tSource tag: Polygraphic-channel-finding/Respiration-channel-finding/Respiration-feature/Tachypnea-respiration\n\t\tSCHEMA_ATTRIBUTE_INVALID: Attribute 'inLibrary' used by 'Polygraphic-channel-finding/Respiration-channel-finding/Respiration-feature/Tachypnea-respiration' was not defined in the schema, or was used outside of it's defined class.\n\tSource tag: Polygraphic-channel-finding/Respiration-channel-finding/Respiration-feature/Tachypnea-respiration/#\n\t\tSCHEMA_ATTRIBUTE_INVALID: Attribute 'inLibrary' used by 'Polygraphic-channel-finding/Respiration-channel-finding/Respiration-feature/Tachypnea-respiration/#' was not defined in the schema, or was used outside of it's defined class.\n\tSource tag: Polygraphic-channel-finding/Respiration-channel-finding/Respiration-oxygen-saturation\n\t\tSCHEMA_ATTRIBUTE_INVALID: Attribute 'inLibrary' used by 'Polygraphic-channel-finding/Respiration-channel-finding/Respiration-oxygen-saturation' was not defined in the schema, or was used outside of it's defined class.\n\tSource tag: Polygraphic-channel-finding/Respiration-channel-finding/Respiration-oxygen-saturation/#\n\t\tSCHEMA_ATTRIBUTE_INVALID: Attribute 'inLibrary' used by 'Polygraphic-channel-finding/Respiration-channel-finding/Respiration-oxygen-saturation/#' was not defined in the schema, or was used outside of it's defined class.\n\tSource tag: Sleep-and-drowsiness\n\t\tSCHEMA_ATTRIBUTE_INVALID: Attribute 'inLibrary' used by 'Sleep-and-drowsiness' was not defined in the schema, or was used outside of it's defined class.\n\tSource tag: Sleep-and-drowsiness/Arousal-pattern\n\t\tSCHEMA_ATTRIBUTE_INVALID: Attribute 'inLibrary' used by 'Sleep-and-drowsiness/Arousal-pattern' was not defined in the schema, or was used outside of it's defined class.\n\tSource tag: Sleep-and-drowsiness/Frontal-arousal-rhythm\n\t\tSCHEMA_ATTRIBUTE_INVALID: Attribute 'inLibrary' used by 'Sleep-and-drowsiness/Frontal-arousal-rhythm' was not defined in the schema, or was used outside of it's defined class.\n\tSource tag: Sleep-and-drowsiness/Hypnagogic-hypersynchrony\n\t\tSCHEMA_ATTRIBUTE_INVALID: Attribute 'inLibrary' used by 'Sleep-and-drowsiness/Hypnagogic-hypersynchrony' was not defined in the schema, or was used outside of it's defined class.\n\tSource tag: Sleep-and-drowsiness/K-complex\n\t\tSCHEMA_ATTRIBUTE_INVALID: Attribute 'inLibrary' used by 'Sleep-and-drowsiness/K-complex' was not defined in the schema, or was used outside of it's defined class.\n\tSource tag: Sleep-and-drowsiness/Non-reactive-sleep\n\t\tSCHEMA_ATTRIBUTE_INVALID: Attribute 'inLibrary' used by 'Sleep-and-drowsiness/Non-reactive-sleep' was not defined in the schema, or was used outside of it's defined class.\n\tSource tag: Sleep-and-drowsiness/POSTS\n\t\tSCHEMA_ATTRIBUTE_INVALID: Attribute 'inLibrary' used by 'Sleep-and-drowsiness/POSTS' was not defined in the schema, or was used outside of it's defined class.\n\tSource tag: Sleep-and-drowsiness/Saw-tooth-waves\n\t\tSCHEMA_ATTRIBUTE_INVALID: Attribute 'inLibrary' used by 'Sleep-and-drowsiness/Saw-tooth-waves' was not defined in the schema, or was used outside of it's defined class.\n\tSource tag: Sleep-and-drowsiness/Sleep-architecture\n\t\tSCHEMA_ATTRIBUTE_INVALID: Attribute 'inLibrary' used by 'Sleep-and-drowsiness/Sleep-architecture' was not defined in the schema, or was used outside of it's defined class.\n\tSource tag: Sleep-and-drowsiness/Sleep-architecture/Abnormal-sleep-architecture\n\t\tSCHEMA_ATTRIBUTE_INVALID: Attribute 'inLibrary' used by 'Sleep-and-drowsiness/Sleep-architecture/Abnormal-sleep-architecture' was not defined in the schema, or was used outside of it's defined class.\n\tSource tag: Sleep-and-drowsiness/Sleep-architecture/Normal-sleep-architecture\n\t\tSCHEMA_ATTRIBUTE_INVALID: Attribute 'inLibrary' used by 'Sleep-and-drowsiness/Sleep-architecture/Normal-sleep-architecture' was not defined in the schema, or was used outside of it's defined class.\n\tSource tag: Sleep-and-drowsiness/Sleep-spindles\n\t\tSCHEMA_ATTRIBUTE_INVALID: Attribute 'inLibrary' used by 'Sleep-and-drowsiness/Sleep-spindles' was not defined in the schema, or was used outside of it's defined class.\n\tSource tag: Sleep-and-drowsiness/Sleep-stage-reached\n\t\tSCHEMA_ATTRIBUTE_INVALID: Attribute 'inLibrary' used by 'Sleep-and-drowsiness/Sleep-stage-reached' was not defined in the schema, or was used outside of it's defined class.\n\tSource tag: Sleep-and-drowsiness/Sleep-stage-reached/Sleep-stage-N1\n\t\tSCHEMA_ATTRIBUTE_INVALID: Attribute 'inLibrary' used by 'Sleep-and-drowsiness/Sleep-stage-reached/Sleep-stage-N1' was not defined in the schema, or was used outside of it's defined class.\n\tSource tag: Sleep-and-drowsiness/Sleep-stage-reached/Sleep-stage-N1/#\n\t\tSCHEMA_ATTRIBUTE_INVALID: Attribute 'inLibrary' used by 'Sleep-and-drowsiness/Sleep-stage-reached/Sleep-stage-N1/#' was not defined in the schema, or was used outside of it's defined class.\n\tSource tag: Sleep-and-drowsiness/Sleep-stage-reached/Sleep-stage-N2\n\t\tSCHEMA_ATTRIBUTE_INVALID: Attribute 'inLibrary' used by 'Sleep-and-drowsiness/Sleep-stage-reached/Sleep-stage-N2' was not defined in the schema, or was used outside of it's defined class.\n\tSource tag: Sleep-and-drowsiness/Sleep-stage-reached/Sleep-stage-N2/#\n\t\tSCHEMA_ATTRIBUTE_INVALID: Attribute 'inLibrary' used by 'Sleep-and-drowsiness/Sleep-stage-reached/Sleep-stage-N2/#' was not defined in the schema, or was used outside of it's defined class.\n\tSource tag: Sleep-and-drowsiness/Sleep-stage-reached/Sleep-stage-N3\n\t\tSCHEMA_ATTRIBUTE_INVALID: Attribute 'inLibrary' used by 'Sleep-and-drowsiness/Sleep-stage-reached/Sleep-stage-N3' was not defined in the schema, or was used outside of it's defined class.\n\tSource tag: Sleep-and-drowsiness/Sleep-stage-reached/Sleep-stage-N3/#\n\t\tSCHEMA_ATTRIBUTE_INVALID: Attribute 'inLibrary' used by 'Sleep-and-drowsiness/Sleep-stage-reached/Sleep-stage-N3/#' was not defined in the schema, or was used outside of it's defined class.\n\tSource tag: Sleep-and-drowsiness/Sleep-stage-reached/Sleep-stage-REM\n\t\tSCHEMA_ATTRIBUTE_INVALID: Attribute 'inLibrary' used by 'Sleep-and-drowsiness/Sleep-stage-reached/Sleep-stage-REM' was not defined in the schema, or was used outside of it's defined class.\n\tSource tag: Sleep-and-drowsiness/Sleep-stage-reached/Sleep-stage-REM/#\n\t\tSCHEMA_ATTRIBUTE_INVALID: Attribute 'inLibrary' used by 'Sleep-and-drowsiness/Sleep-stage-reached/Sleep-stage-REM/#' was not defined in the schema, or was used outside of it's defined class.\n\tSource tag: Sleep-and-drowsiness/Vertex-wave\n\t\tSCHEMA_ATTRIBUTE_INVALID: Attribute 'inLibrary' used by 'Sleep-and-drowsiness/Vertex-wave' was not defined in the schema, or was used outside of it's defined class.\n\tSource tag: Uncertain-significant-pattern\n\t\tSCHEMA_ATTRIBUTE_INVALID: Attribute 'inLibrary' used by 'Uncertain-significant-pattern' was not defined in the schema, or was used outside of it's defined class.\n\tSource tag: Uncertain-significant-pattern/Breach-rhythm\n\t\tSCHEMA_ATTRIBUTE_INVALID: Attribute 'inLibrary' used by 'Uncertain-significant-pattern/Breach-rhythm' was not defined in the schema, or was used outside of it's defined class.\n\tSource tag: Uncertain-significant-pattern/Fourteen-six-Hz-positive-burst\n\t\tSCHEMA_ATTRIBUTE_INVALID: Attribute 'inLibrary' used by 'Uncertain-significant-pattern/Fourteen-six-Hz-positive-burst' was not defined in the schema, or was used outside of it's defined class.\n\tSource tag: Uncertain-significant-pattern/Needle-like-occipital-spikes-blind\n\t\tSCHEMA_ATTRIBUTE_INVALID: Attribute 'inLibrary' used by 'Uncertain-significant-pattern/Needle-like-occipital-spikes-blind' was not defined in the schema, or was used outside of it's defined class.\n\tSource tag: Uncertain-significant-pattern/Other-uncertain-significant-pattern\n\t\tSCHEMA_ATTRIBUTE_INVALID: Attribute 'inLibrary' used by 'Uncertain-significant-pattern/Other-uncertain-significant-pattern' was not defined in the schema, or was used outside of it's defined class.\n\tSource tag: Uncertain-significant-pattern/Other-uncertain-significant-pattern/#\n\t\tSCHEMA_ATTRIBUTE_INVALID: Attribute 'inLibrary' used by 'Uncertain-significant-pattern/Other-uncertain-significant-pattern/#' was not defined in the schema, or was used outside of it's defined class.\n\tSource tag: Uncertain-significant-pattern/Rhythmic-temporal-theta-burst-drowsiness\n\t\tSCHEMA_ATTRIBUTE_INVALID: Attribute 'inLibrary' used by 'Uncertain-significant-pattern/Rhythmic-temporal-theta-burst-drowsiness' was not defined in the schema, or was used outside of it's defined class.\n\tSource tag: Uncertain-significant-pattern/Rudimentary-spike-wave-complex\n\t\tSCHEMA_ATTRIBUTE_INVALID: Attribute 'inLibrary' used by 'Uncertain-significant-pattern/Rudimentary-spike-wave-complex' was not defined in the schema, or was used outside of it's defined class.\n\tSource tag: Uncertain-significant-pattern/Sharp-transient-pattern\n\t\tSCHEMA_ATTRIBUTE_INVALID: Attribute 'inLibrary' used by 'Uncertain-significant-pattern/Sharp-transient-pattern' was not defined in the schema, or was used outside of it's defined class.\n\tSource tag: Uncertain-significant-pattern/Six-Hz-spike-slow-wave\n\t\tSCHEMA_ATTRIBUTE_INVALID: Attribute 'inLibrary' used by 'Uncertain-significant-pattern/Six-Hz-spike-slow-wave' was not defined in the schema, or was used outside of it's defined class.\n\tSource tag: Uncertain-significant-pattern/Slow-fused-transient\n\t\tSCHEMA_ATTRIBUTE_INVALID: Attribute 'inLibrary' used by 'Uncertain-significant-pattern/Slow-fused-transient' was not defined in the schema, or was used outside of it's defined class.\n\tSource tag: Uncertain-significant-pattern/Small-sharp-spikes\n\t\tSCHEMA_ATTRIBUTE_INVALID: Attribute 'inLibrary' used by 'Uncertain-significant-pattern/Small-sharp-spikes' was not defined in the schema, or was used outside of it's defined class.\n\tSource tag: Uncertain-significant-pattern/Subclinical-rhythmic-EEG-discharge-adults\n\t\tSCHEMA_ATTRIBUTE_INVALID: Attribute 'inLibrary' used by 'Uncertain-significant-pattern/Subclinical-rhythmic-EEG-discharge-adults' was not defined in the schema, or was used outside of it's defined class.\n\tSource tag: Uncertain-significant-pattern/Temporal-slowing-elderly\n\t\tSCHEMA_ATTRIBUTE_INVALID: Attribute 'inLibrary' used by 'Uncertain-significant-pattern/Temporal-slowing-elderly' was not defined in the schema, or was used outside of it's defined class.\n\tSource tag: Uncertain-significant-pattern/Wicket-spikes\n\t\tSCHEMA_ATTRIBUTE_INVALID: Attribute 'inLibrary' used by 'Uncertain-significant-pattern/Wicket-spikes' was not defined in the schema, or was used outside of it's defined class.\nSchema Section: HedSectionKey.UnitClasses\n\tSource tag: accelerationUnits\n\t\tSCHEMA_ATTRIBUTE_INVALID: Attribute 'inLibrary' used by 'accelerationUnits' was not defined in the schema, or was used outside of it's defined class.\n\tSource tag: angleUnits\n\t\tSCHEMA_ATTRIBUTE_INVALID: Attribute 'inLibrary' used by 'angleUnits' was not defined in the schema, or was used outside of it's defined class.\n\tSource tag: areaUnits\n\t\tSCHEMA_ATTRIBUTE_INVALID: Attribute 'inLibrary' used by 'areaUnits' was not defined in the schema, or was used outside of it's defined class.\n\tSource tag: currencyUnits\n\t\tSCHEMA_ATTRIBUTE_INVALID: Attribute 'inLibrary' used by 'currencyUnits' was not defined in the schema, or was used outside of it's defined class.\n\tSource tag: electricPotentialUnits\n\t\tSCHEMA_ATTRIBUTE_INVALID: Attribute 'inLibrary' used by 'electricPotentialUnits' was not defined in the schema, or was used outside of it's defined class.\n\tSource tag: frequencyUnits\n\t\tSCHEMA_ATTRIBUTE_INVALID: Attribute 'inLibrary' used by 'frequencyUnits' was not defined in the schema, or was used outside of it's defined class.\n\tSource tag: intensityUnits\n\t\tSCHEMA_ATTRIBUTE_INVALID: Attribute 'inLibrary' used by 'intensityUnits' was not defined in the schema, or was used outside of it's defined class.\n\tSource tag: jerkUnits\n\t\tSCHEMA_ATTRIBUTE_INVALID: Attribute 'inLibrary' used by 'jerkUnits' was not defined in the schema, or was used outside of it's defined class.\n\tSource tag: magneticFieldUnits\n\t\tSCHEMA_ATTRIBUTE_INVALID: Attribute 'inLibrary' used by 'magneticFieldUnits' was not defined in the schema, or was used outside of it's defined class.\n\tSource tag: memorySizeUnits\n\t\tSCHEMA_ATTRIBUTE_INVALID: Attribute 'inLibrary' used by 'memorySizeUnits' was not defined in the schema, or was used outside of it's defined class.\n\tSource tag: physicalLengthUnits\n\t\tSCHEMA_ATTRIBUTE_INVALID: Attribute 'inLibrary' used by 'physicalLengthUnits' was not defined in the schema, or was used outside of it's defined class.\n\tSource tag: speedUnits\n\t\tSCHEMA_ATTRIBUTE_INVALID: Attribute 'inLibrary' used by 'speedUnits' was not defined in the schema, or was used outside of it's defined class.\n\tSource tag: temperatureUnits\n\t\tSCHEMA_ATTRIBUTE_INVALID: Attribute 'inLibrary' used by 'temperatureUnits' was not defined in the schema, or was used outside of it's defined class.\n\tSource tag: timeUnits\n\t\tSCHEMA_ATTRIBUTE_INVALID: Attribute 'inLibrary' used by 'timeUnits' was not defined in the schema, or was used outside of it's defined class.\n\tSource tag: volumeUnits\n\t\tSCHEMA_ATTRIBUTE_INVALID: Attribute 'inLibrary' used by 'volumeUnits' was not defined in the schema, or was used outside of it's defined class.\n\tSource tag: weightUnits\n\t\tSCHEMA_ATTRIBUTE_INVALID: Attribute 'inLibrary' used by 'weightUnits' was not defined in the schema, or was used outside of it's defined class.\nSchema Section: HedSectionKey.UnitModifiers\n\tSource tag: E\n\t\tSCHEMA_ATTRIBUTE_INVALID: Attribute 'inLibrary' used by 'E' was not defined in the schema, or was used outside of it's defined class.\n\tSource tag: G\n\t\tSCHEMA_ATTRIBUTE_INVALID: Attribute 'inLibrary' used by 'G' was not defined in the schema, or was used outside of it's defined class.\n\tSource tag: M\n\t\tSCHEMA_ATTRIBUTE_INVALID: Attribute 'inLibrary' used by 'M' was not defined in the schema, or was used outside of it's defined class.\n\tSource tag: P\n\t\tSCHEMA_ATTRIBUTE_INVALID: Attribute 'inLibrary' used by 'P' was not defined in the schema, or was used outside of it's defined class.\n\tSource tag: T\n\t\tSCHEMA_ATTRIBUTE_INVALID: Attribute 'inLibrary' used by 'T' was not defined in the schema, or was used outside of it's defined class.\n\tSource tag: Y\n\t\tSCHEMA_ATTRIBUTE_INVALID: Attribute 'inLibrary' used by 'Y' was not defined in the schema, or was used outside of it's defined class.\n\tSource tag: Z\n\t\tSCHEMA_ATTRIBUTE_INVALID: Attribute 'inLibrary' used by 'Z' was not defined in the schema, or was used outside of it's defined class.\n\tSource tag: a\n\t\tSCHEMA_ATTRIBUTE_INVALID: Attribute 'inLibrary' used by 'a' was not defined in the schema, or was used outside of it's defined class.\n\tSource tag: atto\n\t\tSCHEMA_ATTRIBUTE_INVALID: Attribute 'inLibrary' used by 'atto' was not defined in the schema, or was used outside of it's defined class.\n\tSource tag: c\n\t\tSCHEMA_ATTRIBUTE_INVALID: Attribute 'inLibrary' used by 'c' was not defined in the schema, or was used outside of it's defined class.\n\tSource tag: centi\n\t\tSCHEMA_ATTRIBUTE_INVALID: Attribute 'inLibrary' used by 'centi' was not defined in the schema, or was used outside of it's defined class.\n\tSource tag: d\n\t\tSCHEMA_ATTRIBUTE_INVALID: Attribute 'inLibrary' used by 'd' was not defined in the schema, or was used outside of it's defined class.\n\tSource tag: da\n\t\tSCHEMA_ATTRIBUTE_INVALID: Attribute 'inLibrary' used by 'da' was not defined in the schema, or was used outside of it's defined class.\n\tSource tag: deca\n\t\tSCHEMA_ATTRIBUTE_INVALID: Attribute 'inLibrary' used by 'deca' was not defined in the schema, or was used outside of it's defined class.\n\tSource tag: deci\n\t\tSCHEMA_ATTRIBUTE_INVALID: Attribute 'inLibrary' used by 'deci' was not defined in the schema, or was used outside of it's defined class.\n\tSource tag: exa\n\t\tSCHEMA_ATTRIBUTE_INVALID: Attribute 'inLibrary' used by 'exa' was not defined in the schema, or was used outside of it's defined class.\n\tSource tag: f\n\t\tSCHEMA_ATTRIBUTE_INVALID: Attribute 'inLibrary' used by 'f' was not defined in the schema, or was used outside of it's defined class.\n\tSource tag: femto\n\t\tSCHEMA_ATTRIBUTE_INVALID: Attribute 'inLibrary' used by 'femto' was not defined in the schema, or was used outside of it's defined class.\n\tSource tag: giga\n\t\tSCHEMA_ATTRIBUTE_INVALID: Attribute 'inLibrary' used by 'giga' was not defined in the schema, or was used outside of it's defined class.\n\tSource tag: h\n\t\tSCHEMA_ATTRIBUTE_INVALID: Attribute 'inLibrary' used by 'h' was not defined in the schema, or was used outside of it's defined class.\n\tSource tag: hecto\n\t\tSCHEMA_ATTRIBUTE_INVALID: Attribute 'inLibrary' used by 'hecto' was not defined in the schema, or was used outside of it's defined class.\n\tSource tag: k\n\t\tSCHEMA_ATTRIBUTE_INVALID: Attribute 'inLibrary' used by 'k' was not defined in the schema, or was used outside of it's defined class.\n\tSource tag: kilo\n\t\tSCHEMA_ATTRIBUTE_INVALID: Attribute 'inLibrary' used by 'kilo' was not defined in the schema, or was used outside of it's defined class.\n\tSource tag: m\n\t\tSCHEMA_ATTRIBUTE_INVALID: Attribute 'inLibrary' used by 'm' was not defined in the schema, or was used outside of it's defined class.\n\tSource tag: mega\n\t\tSCHEMA_ATTRIBUTE_INVALID: Attribute 'inLibrary' used by 'mega' was not defined in the schema, or was used outside of it's defined class.\n\tSource tag: micro\n\t\tSCHEMA_ATTRIBUTE_INVALID: Attribute 'inLibrary' used by 'micro' was not defined in the schema, or was used outside of it's defined class.\n\tSource tag: milli\n\t\tSCHEMA_ATTRIBUTE_INVALID: Attribute 'inLibrary' used by 'milli' was not defined in the schema, or was used outside of it's defined class.\n\tSource tag: n\n\t\tSCHEMA_ATTRIBUTE_INVALID: Attribute 'inLibrary' used by 'n' was not defined in the schema, or was used outside of it's defined class.\n\tSource tag: nano\n\t\tSCHEMA_ATTRIBUTE_INVALID: Attribute 'inLibrary' used by 'nano' was not defined in the schema, or was used outside of it's defined class.\n\tSource tag: p\n\t\tSCHEMA_ATTRIBUTE_INVALID: Attribute 'inLibrary' used by 'p' was not defined in the schema, or was used outside of it's defined class.\n\tSource tag: peta\n\t\tSCHEMA_ATTRIBUTE_INVALID: Attribute 'inLibrary' used by 'peta' was not defined in the schema, or was used outside of it's defined class.\n\tSource tag: pico\n\t\tSCHEMA_ATTRIBUTE_INVALID: Attribute 'inLibrary' used by 'pico' was not defined in the schema, or was used outside of it's defined class.\n\tSource tag: tera\n\t\tSCHEMA_ATTRIBUTE_INVALID: Attribute 'inLibrary' used by 'tera' was not defined in the schema, or was used outside of it's defined class.\n\tSource tag: u\n\t\tSCHEMA_ATTRIBUTE_INVALID: Attribute 'inLibrary' used by 'u' was not defined in the schema, or was used outside of it's defined class.\n\tSource tag: y\n\t\tSCHEMA_ATTRIBUTE_INVALID: Attribute 'inLibrary' used by 'y' was not defined in the schema, or was used outside of it's defined class.\n\tSource tag: yocto\n\t\tSCHEMA_ATTRIBUTE_INVALID: Attribute 'inLibrary' used by 'yocto' was not defined in the schema, or was used outside of it's defined class.\n\tSource tag: yotta\n\t\tSCHEMA_ATTRIBUTE_INVALID: Attribute 'inLibrary' used by 'yotta' was not defined in the schema, or was used outside of it's defined class.\n\tSource tag: z\n\t\tSCHEMA_ATTRIBUTE_INVALID: Attribute 'inLibrary' used by 'z' was not defined in the schema, or was used outside of it's defined class.\n\tSource tag: zepto\n\t\tSCHEMA_ATTRIBUTE_INVALID: Attribute 'inLibrary' used by 'zepto' was not defined in the schema, or was used outside of it's defined class.\n\tSource tag: zetta\n\t\tSCHEMA_ATTRIBUTE_INVALID: Attribute 'inLibrary' used by 'zetta' was not defined in the schema, or was used outside of it's defined class.\nSchema Section: HedSectionKey.Units\n\tSource tag: $\n\t\tSCHEMA_ATTRIBUTE_INVALID: Attribute 'inLibrary' used by '$' was not defined in the schema, or was used outside of it's defined class.\n\tSource tag: B\n\t\tSCHEMA_ATTRIBUTE_INVALID: Attribute 'inLibrary' used by 'B' was not defined in the schema, or was used outside of it's defined class.\n\tSource tag: Hz\n\t\tSCHEMA_ATTRIBUTE_INVALID: Attribute 'inLibrary' used by 'Hz' was not defined in the schema, or was used outside of it's defined class.\n\tSource tag: T\n\t\tSCHEMA_ATTRIBUTE_INVALID: Attribute 'inLibrary' used by 'T' was not defined in the schema, or was used outside of it's defined class.\n\tSource tag: Volt\n\t\tSCHEMA_ATTRIBUTE_INVALID: Attribute 'inLibrary' used by 'Volt' was not defined in the schema, or was used outside of it's defined class.\n\tSource tag: byte\n\t\tSCHEMA_ATTRIBUTE_INVALID: Attribute 'inLibrary' used by 'byte' was not defined in the schema, or was used outside of it's defined class.\n\tSource tag: candela\n\t\tSCHEMA_ATTRIBUTE_INVALID: Attribute 'inLibrary' used by 'candela' was not defined in the schema, or was used outside of it's defined class.\n\tSource tag: cd\n\t\tSCHEMA_ATTRIBUTE_INVALID: Attribute 'inLibrary' used by 'cd' was not defined in the schema, or was used outside of it's defined class.\n\tSource tag: dB\n\t\tSCHEMA_ATTRIBUTE_INVALID: Attribute 'inLibrary' used by 'dB' was not defined in the schema, or was used outside of it's defined class.\n\tSource tag: day\n\t\tSCHEMA_ATTRIBUTE_INVALID: Attribute 'inLibrary' used by 'day' was not defined in the schema, or was used outside of it's defined class.\n\tSource tag: degree\n\t\tSCHEMA_ATTRIBUTE_INVALID: Attribute 'inLibrary' used by 'degree' was not defined in the schema, or was used outside of it's defined class.\n\tSource tag: degree Celsius\n\t\tSCHEMA_ATTRIBUTE_INVALID: Attribute 'inLibrary' used by 'degree Celsius' was not defined in the schema, or was used outside of it's defined class.\n\tSource tag: dollar\n\t\tSCHEMA_ATTRIBUTE_INVALID: Attribute 'inLibrary' used by 'dollar' was not defined in the schema, or was used outside of it's defined class.\n\tSource tag: euro\n\t\tSCHEMA_ATTRIBUTE_INVALID: Attribute 'inLibrary' used by 'euro' was not defined in the schema, or was used outside of it's defined class.\n\tSource tag: foot\n\t\tSCHEMA_ATTRIBUTE_INVALID: Attribute 'inLibrary' used by 'foot' was not defined in the schema, or was used outside of it's defined class.\n\tSource tag: g\n\t\tSCHEMA_ATTRIBUTE_INVALID: Attribute 'inLibrary' used by 'g' was not defined in the schema, or was used outside of it's defined class.\n\tSource tag: gram\n\t\tSCHEMA_ATTRIBUTE_INVALID: Attribute 'inLibrary' used by 'gram' was not defined in the schema, or was used outside of it's defined class.\n\tSource tag: hertz\n\t\tSCHEMA_ATTRIBUTE_INVALID: Attribute 'inLibrary' used by 'hertz' was not defined in the schema, or was used outside of it's defined class.\n\tSource tag: hour\n\t\tSCHEMA_ATTRIBUTE_INVALID: Attribute 'inLibrary' used by 'hour' was not defined in the schema, or was used outside of it's defined class.\n\tSource tag: inch\n\t\tSCHEMA_ATTRIBUTE_INVALID: Attribute 'inLibrary' used by 'inch' was not defined in the schema, or was used outside of it's defined class.\n\tSource tag: kph\n\t\tSCHEMA_ATTRIBUTE_INVALID: Attribute 'inLibrary' used by 'kph' was not defined in the schema, or was used outside of it's defined class.\n\tSource tag: lb\n\t\tSCHEMA_ATTRIBUTE_INVALID: Attribute 'inLibrary' used by 'lb' was not defined in the schema, or was used outside of it's defined class.\n\tSource tag: m\n\t\tSCHEMA_ATTRIBUTE_INVALID: Attribute 'inLibrary' used by 'm' was not defined in the schema, or was used outside of it's defined class.\n\tSource tag: m-per-s\n\t\tSCHEMA_ATTRIBUTE_INVALID: Attribute 'inLibrary' used by 'm-per-s' was not defined in the schema, or was used outside of it's defined class.\n\tSource tag: m-per-s^2\n\t\tSCHEMA_ATTRIBUTE_INVALID: Attribute 'inLibrary' used by 'm-per-s^2' was not defined in the schema, or was used outside of it's defined class.\n\tSource tag: m-per-s^3\n\t\tSCHEMA_ATTRIBUTE_INVALID: Attribute 'inLibrary' used by 'm-per-s^3' was not defined in the schema, or was used outside of it's defined class.\n\tSource tag: m^2\n\t\tSCHEMA_ATTRIBUTE_INVALID: Attribute 'inLibrary' used by 'm^2' was not defined in the schema, or was used outside of it's defined class.\n\tSource tag: m^3\n\t\tSCHEMA_ATTRIBUTE_INVALID: Attribute 'inLibrary' used by 'm^3' was not defined in the schema, or was used outside of it's defined class.\n\tSource tag: metre\n\t\tSCHEMA_ATTRIBUTE_INVALID: Attribute 'inLibrary' used by 'metre' was not defined in the schema, or was used outside of it's defined class.\n\tSource tag: mile\n\t\tSCHEMA_ATTRIBUTE_INVALID: Attribute 'inLibrary' used by 'mile' was not defined in the schema, or was used outside of it's defined class.\n\tSource tag: minute\n\t\tSCHEMA_ATTRIBUTE_INVALID: Attribute 'inLibrary' used by 'minute' was not defined in the schema, or was used outside of it's defined class.\n\tSource tag: mph\n\t\tSCHEMA_ATTRIBUTE_INVALID: Attribute 'inLibrary' used by 'mph' was not defined in the schema, or was used outside of it's defined class.\n\tSource tag: oC\n\t\tSCHEMA_ATTRIBUTE_INVALID: Attribute 'inLibrary' used by 'oC' was not defined in the schema, or was used outside of it's defined class.\n\tSource tag: point\n\t\tSCHEMA_ATTRIBUTE_INVALID: Attribute 'inLibrary' used by 'point' was not defined in the schema, or was used outside of it's defined class.\n\tSource tag: pound\n\t\tSCHEMA_ATTRIBUTE_INVALID: Attribute 'inLibrary' used by 'pound' was not defined in the schema, or was used outside of it's defined class.\n\tSource tag: rad\n\t\tSCHEMA_ATTRIBUTE_INVALID: Attribute 'inLibrary' used by 'rad' was not defined in the schema, or was used outside of it's defined class.\n\tSource tag: radian\n\t\tSCHEMA_ATTRIBUTE_INVALID: Attribute 'inLibrary' used by 'radian' was not defined in the schema, or was used outside of it's defined class.\n\tSource tag: s\n\t\tSCHEMA_ATTRIBUTE_INVALID: Attribute 'inLibrary' used by 's' was not defined in the schema, or was used outside of it's defined class.\n\tSource tag: second\n\t\tSCHEMA_ATTRIBUTE_INVALID: Attribute 'inLibrary' used by 'second' was not defined in the schema, or was used outside of it's defined class.\n\tSource tag: tesla\n\t\tSCHEMA_ATTRIBUTE_INVALID: Attribute 'inLibrary' used by 'tesla' was not defined in the schema, or was used outside of it's defined class.\n\tSource tag: v\n\t\tSCHEMA_ATTRIBUTE_INVALID: Attribute 'inLibrary' used by 'v' was not defined in the schema, or was used outside of it's defined class.\nSchema Section: HedSectionKey.ValueClasses\n\tSource tag: dateTimeClass\n\t\tSCHEMA_ATTRIBUTE_INVALID: Attribute 'inLibrary' used by 'dateTimeClass' was not defined in the schema, or was used outside of it's defined class.\n\tSource tag: nameClass\n\t\tSCHEMA_ATTRIBUTE_INVALID: Attribute 'inLibrary' used by 'nameClass' was not defined in the schema, or was used outside of it's defined class.\n\tSource tag: numericClass\n\t\tSCHEMA_ATTRIBUTE_INVALID: Attribute 'inLibrary' used by 'numericClass' was not defined in the schema, or was used outside of it's defined class.\n\tSource tag: posixPath\n\t\tSCHEMA_ATTRIBUTE_INVALID: Attribute 'inLibrary' used by 'posixPath' was not defined in the schema, or was used outside of it's defined class.\n\tSource tag: textClass\n\t\tSCHEMA_ATTRIBUTE_INVALID: Attribute 'inLibrary' used by 'textClass' was not defined in the schema, or was used outside of it's defined class.\n" is not false : Standard+score schema group should be valid

----------------------------------------------------------------------
Ran 28 tests in 3.131s

FAILED (failures=2)
